Java HotSpot(TM) 64-Bit Server VM (25.211-b12) for windows-amd64 JRE (1.8.0_211-b12), built on Apr  1 2019 20:53:26 by "java_re" with MS VC++ 10.0 (VS2010)
Memory: 4k page, physical 16640612k(9206444k free), swap 16640612k(7431312k free)
CommandLine flags: -XX:InitialHeapSize=536870912 -XX:MaxHeapSize=536870912 -XX:+PrintGC -XX:+PrintGCDateStamps -XX:+PrintGCDetails -XX:+PrintGCTimeStamps -XX:+UseCompressedClassPointers -XX:+UseCompressedOops -XX:-UseLargePagesIndividualAllocation -XX:+UseSerialGC 
2020-10-27T21:11:18.753+0800: 0.236: [GC (Allocation Failure) 2020-10-27T21:11:18.753+0800: 0.236: [DefNew: 139776K->17471K(157248K), 0.0202548 secs] 139776K->47147K(506816K), 0.0204019 secs] [Times: user=0.00 sys=0.02, real=0.02 secs] 
2020-10-27T21:11:18.875+0800: 0.359: [GC (Allocation Failure) 2020-10-27T21:11:18.875+0800: 0.359: [DefNew: 157247K->17470K(157248K), 0.0243239 secs] 186923K->87457K(506816K), 0.0243751 secs] [Times: user=0.00 sys=0.02, real=0.02 secs] 
2020-10-27T21:11:19.021+0800: 0.505: [GC (Allocation Failure) 2020-10-27T21:11:19.021+0800: 0.505: [DefNew: 157246K->17469K(157248K), 0.0198076 secs] 227233K->128979K(506816K), 0.0198468 secs] [Times: user=0.02 sys=0.00, real=0.02 secs] 
2020-10-27T21:11:19.147+0800: 0.630: [GC (Allocation Failure) 2020-10-27T21:11:19.147+0800: 0.631: [DefNew: 157108K->17471K(157248K), 0.0191333 secs] 268617K->169143K(506816K), 0.0191847 secs] [Times: user=0.02 sys=0.00, real=0.02 secs] 
2020-10-27T21:11:19.263+0800: 0.748: [GC (Allocation Failure) 2020-10-27T21:11:19.263+0800: 0.748: [DefNew: 157247K->17472K(157248K), 0.0199957 secs] 308919K->211168K(506816K), 0.0200470 secs] [Times: user=0.02 sys=0.00, real=0.02 secs] 
2020-10-27T21:11:19.375+0800: 0.859: [GC (Allocation Failure) 2020-10-27T21:11:19.375+0800: 0.859: [DefNew: 157248K->17471K(157248K), 0.0179615 secs] 350944K->249493K(506816K), 0.0180136 secs] [Times: user=0.00 sys=0.02, real=0.02 secs] 
2020-10-27T21:11:19.463+0800: 0.947: [GC (Allocation Failure) 2020-10-27T21:11:19.463+0800: 0.947: [DefNew: 157247K->17471K(157248K), 0.0203369 secs] 389269K->292209K(506816K), 0.0203898 secs] [Times: user=0.03 sys=0.00, real=0.02 secs] 
2020-10-27T21:11:19.585+0800: 1.068: [GC (Allocation Failure) 2020-10-27T21:11:19.585+0800: 1.068: [DefNew: 157247K->17468K(157248K), 0.0183986 secs] 431985K->327985K(506816K), 0.0184557 secs] [Times: user=0.01 sys=0.00, real=0.02 secs] 
2020-10-27T21:11:19.713+0800: 1.197: [GC (Allocation Failure) 2020-10-27T21:11:19.713+0800: 1.197: [DefNew: 157244K->157244K(157248K), 0.0000129 secs]2020-10-27T21:11:19.713+0800: 1.197: [Tenured: 310516K->181011K(349568K), 0.0199278 secs] 467761K->181011K(506816K), [Metaspace: 2700K->2700K(1056768K)], 0.0200069 secs] [Times: user=0.03 sys=0.00, real=0.02 secs] 
2020-10-27T21:11:19.814+0800: 1.298: [GC (Allocation Failure) 2020-10-27T21:11:19.814+0800: 1.298: [DefNew: 139776K->17471K(157248K), 0.0053084 secs] 320787K->223533K(506816K), 0.0053633 secs] [Times: user=0.00 sys=0.00, real=0.01 secs] 
2020-10-27T21:11:19.923+0800: 1.406: [GC (Allocation Failure) 2020-10-27T21:11:19.923+0800: 1.406: [DefNew: 157247K->17471K(157248K), 0.0068667 secs] 363309K->261610K(506816K), 0.0069171 secs] [Times: user=0.00 sys=0.00, real=0.01 secs] 
2020-10-27T21:11:20.025+0800: 1.509: [GC (Allocation Failure) 2020-10-27T21:11:20.025+0800: 1.509: [DefNew: 157247K->17470K(157248K), 0.0075951 secs] 401386K->300910K(506816K), 0.0076488 secs] [Times: user=0.02 sys=0.00, real=0.01 secs] 
2020-10-27T21:11:20.155+0800: 1.639: [GC (Allocation Failure) 2020-10-27T21:11:20.155+0800: 1.639: [DefNew: 157246K->17467K(157248K), 0.0118650 secs] 440686K->335021K(506816K), 0.0119242 secs] [Times: user=0.00 sys=0.00, real=0.01 secs] 
2020-10-27T21:11:20.265+0800: 1.748: [GC (Allocation Failure) 2020-10-27T21:11:20.265+0800: 1.748: [DefNew: 157243K->157243K(157248K), 0.0000131 secs]2020-10-27T21:11:20.265+0800: 1.748: [Tenured: 317554K->186980K(349568K), 0.0233089 secs] 474797K->186980K(506816K), [Metaspace: 2700K->2700K(1056768K)], 0.0233856 secs] [Times: user=0.01 sys=0.00, real=0.02 secs] 
2020-10-27T21:11:20.393+0800: 1.877: [GC (Allocation Failure) 2020-10-27T21:11:20.393+0800: 1.877: [DefNew: 139776K->17470K(157248K), 0.0058722 secs] 326756K->234015K(506816K), 0.0059276 secs] [Times: user=0.00 sys=0.00, real=0.01 secs] 
2020-10-27T21:11:20.488+0800: 1.972: [GC (Allocation Failure) 2020-10-27T21:11:20.488+0800: 1.972: [DefNew: 157246K->17470K(157248K), 0.0065563 secs] 373791K->269673K(506816K), 0.0066036 secs] [Times: user=0.00 sys=0.00, real=0.01 secs] 
2020-10-27T21:11:20.622+0800: 2.106: [GC (Allocation Failure) 2020-10-27T21:11:20.622+0800: 2.106: [DefNew: 157246K->17471K(157248K), 0.0076007 secs] 409449K->311507K(506816K), 0.0076853 secs] [Times: user=0.00 sys=0.00, real=0.01 secs] 
2020-10-27T21:11:20.730+0800: 2.213: [GC (Allocation Failure) 2020-10-27T21:11:20.730+0800: 2.213: [DefNew: 156998K->17469K(157248K), 0.0130993 secs] 451035K->354240K(506816K), 0.0131553 secs] [Times: user=0.02 sys=0.00, real=0.01 secs] 
2020-10-27T21:11:20.839+0800: 2.323: [GC (Allocation Failure) 2020-10-27T21:11:20.839+0800: 2.323: [DefNew: 157199K->157199K(157248K), 0.0000132 secs]2020-10-27T21:11:20.839+0800: 2.323: [Tenured: 336770K->211762K(349568K), 0.0240217 secs] 493969K->211762K(506816K), [Metaspace: 2700K->2700K(1056768K)], 0.0241036 secs] [Times: user=0.03 sys=0.00, real=0.02 secs] 
2020-10-27T21:11:20.980+0800: 2.464: [GC (Allocation Failure) 2020-10-27T21:11:20.980+0800: 2.464: [DefNew: 139776K->17469K(157248K), 0.0058854 secs] 351538K->257837K(506816K), 0.0059408 secs] [Times: user=0.02 sys=0.00, real=0.01 secs] 
2020-10-27T21:11:21.048+0800: 2.531: [GC (Allocation Failure) 2020-10-27T21:11:21.048+0800: 2.531: [DefNew: 157033K->17470K(157248K), 0.0071002 secs] 397401K->294769K(506816K), 0.0071578 secs] [Times: user=0.00 sys=0.00, real=0.01 secs] 
2020-10-27T21:11:21.149+0800: 2.633: [GC (Allocation Failure) 2020-10-27T21:11:21.149+0800: 2.633: [DefNew: 157246K->17471K(157248K), 0.0072791 secs] 434545K->331574K(506816K), 0.0073346 secs] [Times: user=0.02 sys=0.00, real=0.01 secs] 
2020-10-27T21:11:21.268+0800: 2.752: [GC (Allocation Failure) 2020-10-27T21:11:21.268+0800: 2.752: [DefNew: 157247K->157247K(157248K), 0.0000131 secs]2020-10-27T21:11:21.268+0800: 2.752: [Tenured: 314102K->193787K(349568K), 0.0250446 secs] 471350K->193787K(506816K), [Metaspace: 2700K->2700K(1056768K)], 0.0251270 secs] [Times: user=0.03 sys=0.00, real=0.03 secs] 
2020-10-27T21:11:21.397+0800: 2.880: [GC (Allocation Failure) 2020-10-27T21:11:21.397+0800: 2.880: [DefNew: 139776K->17471K(157248K), 0.0056329 secs] 333563K->236915K(506816K), 0.0056913 secs] [Times: user=0.00 sys=0.00, real=0.00 secs] 
2020-10-27T21:11:21.521+0800: 3.005: [GC (Allocation Failure) 2020-10-27T21:11:21.521+0800: 3.005: [DefNew: 157247K->17472K(157248K), 0.0070771 secs] 376691K->277388K(506816K), 0.0071253 secs] [Times: user=0.02 sys=0.00, real=0.01 secs] 
2020-10-27T21:11:21.610+0800: 3.094: [GC (Allocation Failure) 2020-10-27T21:11:21.610+0800: 3.094: [DefNew: 157248K->17467K(157248K), 0.0070688 secs] 417164K->314029K(506816K), 0.0071241 secs] [Times: user=0.00 sys=0.00, real=0.01 secs] 
2020-10-27T21:11:21.726+0800: 3.210: [GC (Allocation Failure) 2020-10-27T21:11:21.726+0800: 3.210: [DefNew: 157243K->17471K(157248K), 0.0070520 secs] 453805K->351808K(506816K), 0.0071061 secs] [Times: user=0.02 sys=0.00, real=0.01 secs] 
2020-10-27T21:11:21.815+0800: 3.299: [GC (Allocation Failure) 2020-10-27T21:11:21.815+0800: 3.299: [DefNew: 157247K->157247K(157248K), 0.0000132 secs]2020-10-27T21:11:21.815+0800: 3.299: [Tenured: 334336K->201823K(349568K), 0.0233127 secs] 491584K->201823K(506816K), [Metaspace: 2700K->2700K(1056768K)], 0.0233920 secs] [Times: user=0.02 sys=0.00, real=0.02 secs] 
2020-10-27T21:11:21.923+0800: 3.407: [GC (Allocation Failure) 2020-10-27T21:11:21.923+0800: 3.407: [DefNew: 139650K->17469K(157248K), 0.0051430 secs] 341474K->242990K(506816K), 0.0051974 secs] [Times: user=0.00 sys=0.00, real=0.00 secs] 
2020-10-27T21:11:22.043+0800: 3.527: [GC (Allocation Failure) 2020-10-27T21:11:22.043+0800: 3.527: [DefNew: 157245K->17470K(157248K), 0.0080978 secs] 382766K->281533K(506816K), 0.0081560 secs] [Times: user=0.00 sys=0.00, real=0.01 secs] 
2020-10-27T21:11:22.154+0800: 3.638: [GC (Allocation Failure) 2020-10-27T21:11:22.154+0800: 3.638: [DefNew: 157246K->17469K(157248K), 0.0073014 secs] 421309K->322282K(506816K), 0.0073552 secs] [Times: user=0.00 sys=0.00, real=0.01 secs] 
2020-10-27T21:11:22.249+0800: 3.733: [GC (Allocation Failure) 2020-10-27T21:11:22.249+0800: 3.733: [DefNew: 157245K->157245K(157248K), 0.0000134 secs]2020-10-27T21:11:22.249+0800: 3.733: [Tenured: 304813K->192790K(349568K), 0.0227351 secs] 462058K->192790K(506816K), [Metaspace: 2700K->2700K(1056768K)], 0.0228106 secs] [Times: user=0.02 sys=0.00, real=0.02 secs] 
2020-10-27T21:11:22.366+0800: 3.850: [GC (Allocation Failure) 2020-10-27T21:11:22.366+0800: 3.850: [DefNew: 139776K->17471K(157248K), 0.0048240 secs] 332566K->232734K(506816K), 0.0048768 secs] [Times: user=0.01 sys=0.00, real=0.01 secs] 
2020-10-27T21:11:22.475+0800: 3.959: [GC (Allocation Failure) 2020-10-27T21:11:22.475+0800: 3.959: [DefNew: 157247K->17472K(157248K), 0.0074165 secs] 372510K->276204K(506816K), 0.0074679 secs] [Times: user=0.02 sys=0.00, real=0.01 secs] 
2020-10-27T21:11:22.604+0800: 4.087: [GC (Allocation Failure) 2020-10-27T21:11:22.604+0800: 4.087: [DefNew: 157248K->17470K(157248K), 0.0071409 secs] 415980K->316769K(506816K), 0.0071890 secs] [Times: user=0.01 sys=0.00, real=0.01 secs] 
2020-10-27T21:11:22.682+0800: 4.166: [GC (Allocation Failure) 2020-10-27T21:11:22.682+0800: 4.166: [DefNew: 157246K->157246K(157248K), 0.0000135 secs]2020-10-27T21:11:22.682+0800: 4.166: [Tenured: 299299K->203662K(349568K), 0.0230923 secs] 456545K->203662K(506816K), [Metaspace: 2700K->2700K(1056768K)], 0.0231734 secs] [Times: user=0.03 sys=0.00, real=0.02 secs] 
2020-10-27T21:11:22.812+0800: 4.296: [GC (Allocation Failure) 2020-10-27T21:11:22.812+0800: 4.296: [DefNew: 139776K->17471K(157248K), 0.0079742 secs] 343438K->242600K(506816K), 0.0080742 secs] [Times: user=0.00 sys=0.00, real=0.01 secs] 
2020-10-27T21:11:22.944+0800: 4.427: [GC (Allocation Failure) 2020-10-27T21:11:22.944+0800: 4.427: [DefNew: 157170K->17470K(157248K), 0.0071629 secs] 382299K->281119K(506816K), 0.0072178 secs] [Times: user=0.02 sys=0.00, real=0.01 secs] 
2020-10-27T21:11:23.043+0800: 4.527: [GC (Allocation Failure) 2020-10-27T21:11:23.043+0800: 4.527: [DefNew: 157246K->17471K(157248K), 0.0077839 secs] 420895K->321474K(506816K), 0.0078463 secs] [Times: user=0.00 sys=0.00, real=0.01 secs] 
2020-10-27T21:11:23.167+0800: 4.651: [GC (Allocation Failure) 2020-10-27T21:11:23.167+0800: 4.651: [DefNew: 156989K->156989K(157248K), 0.0000499 secs]2020-10-27T21:11:23.167+0800: 4.651: [Tenured: 304002K->182701K(349568K), 0.0388684 secs] 460992K->182701K(506816K), [Metaspace: 2700K->2700K(1056768K)], 0.0390515 secs] [Times: user=0.05 sys=0.00, real=0.04 secs] 
2020-10-27T21:11:23.295+0800: 4.778: [GC (Allocation Failure) 2020-10-27T21:11:23.295+0800: 4.778: [DefNew: 139776K->17467K(157248K), 0.0054638 secs] 322477K->224155K(506816K), 0.0055208 secs] [Times: user=0.00 sys=0.00, real=0.00 secs] 
2020-10-27T21:11:23.382+0800: 4.866: [GC (Allocation Failure) 2020-10-27T21:11:23.382+0800: 4.866: [DefNew: 157243K->17471K(157248K), 0.0073613 secs] 363931K->266841K(506816K), 0.0074295 secs] [Times: user=0.02 sys=0.00, real=0.01 secs] 
2020-10-27T21:11:23.482+0800: 4.966: [GC (Allocation Failure) 2020-10-27T21:11:23.482+0800: 4.966: [DefNew: 157247K->17471K(157248K), 0.0085663 secs] 406617K->308445K(506816K), 0.0086239 secs] [Times: user=0.00 sys=0.00, real=0.01 secs] 
2020-10-27T21:11:23.589+0800: 5.073: [GC (Allocation Failure) 2020-10-27T21:11:23.589+0800: 5.073: [DefNew: 157247K->17468K(157248K), 0.0132495 secs] 448221K->351433K(506816K), 0.0133535 secs] [Times: user=0.02 sys=0.00, real=0.01 secs] 
2020-10-27T21:11:23.722+0800: 5.205: [GC (Allocation Failure) 2020-10-27T21:11:23.722+0800: 5.205: [DefNew: 157244K->157244K(157248K), 0.0000127 secs]2020-10-27T21:11:23.722+0800: 5.205: [Tenured: 333965K->208306K(349568K), 0.0226762 secs] 491209K->208306K(506816K), [Metaspace: 2700K->2700K(1056768K)], 0.0227492 secs] [Times: user=0.02 sys=0.00, real=0.02 secs] 
2020-10-27T21:11:23.867+0800: 5.352: [GC (Allocation Failure) 2020-10-27T21:11:23.868+0800: 5.352: [DefNew: 139776K->17471K(157248K), 0.0053901 secs] 348082K->252829K(506816K), 0.0054506 secs] [Times: user=0.02 sys=0.00, real=0.01 secs] 
2020-10-27T21:11:23.982+0800: 5.465: [GC (Allocation Failure) 2020-10-27T21:11:23.982+0800: 5.465: [DefNew: 157247K->17469K(157248K), 0.0073914 secs] 392605K->294485K(506816K), 0.0074493 secs] [Times: user=0.00 sys=0.00, real=0.01 secs] 
2020-10-27T21:11:24.078+0800: 5.562: [GC (Allocation Failure) 2020-10-27T21:11:24.078+0800: 5.563: [DefNew: 157245K->17470K(157248K), 0.0068018 secs] 434261K->333155K(506816K), 0.0068535 secs] [Times: user=0.00 sys=0.00, real=0.01 secs] 
2020-10-27T21:11:24.184+0800: 5.668: [GC (Allocation Failure) 2020-10-27T21:11:24.184+0800: 5.668: [DefNew: 157246K->157246K(157248K), 0.0000132 secs]2020-10-27T21:11:24.184+0800: 5.668: [Tenured: 315685K->209879K(349568K), 0.0229630 secs] 472931K->209879K(506816K), [Metaspace: 2700K->2700K(1056768K)], 0.0230376 secs] [Times: user=0.01 sys=0.00, real=0.02 secs] 
2020-10-27T21:11:24.311+0800: 5.794: [GC (Allocation Failure) 2020-10-27T21:11:24.311+0800: 5.794: [DefNew: 139776K->17471K(157248K), 0.0052880 secs] 349655K->252536K(506816K), 0.0053413 secs] [Times: user=0.00 sys=0.00, real=0.00 secs] 
2020-10-27T21:11:24.403+0800: 5.886: [GC (Allocation Failure) 2020-10-27T21:11:24.403+0800: 5.886: [DefNew: 157247K->17471K(157248K), 0.0079679 secs] 392312K->296198K(506816K), 0.0080244 secs] [Times: user=0.00 sys=0.00, real=0.01 secs] 
2020-10-27T21:11:24.507+0800: 5.991: [GC (Allocation Failure) 2020-10-27T21:11:24.507+0800: 5.991: [DefNew: 157247K->17471K(157248K), 0.0068788 secs] 435974K->336178K(506816K), 0.0069335 secs] [Times: user=0.02 sys=0.00, real=0.01 secs] 
2020-10-27T21:11:24.602+0800: 6.085: [GC (Allocation Failure) 2020-10-27T21:11:24.602+0800: 6.085: [DefNew: 157247K->157247K(157248K), 0.0000134 secs]2020-10-27T21:11:24.602+0800: 6.085: [Tenured: 318706K->210182K(349568K), 0.0247653 secs] 475954K->210182K(506816K), [Metaspace: 2700K->2700K(1056768K)], 0.0248421 secs] [Times: user=0.03 sys=0.00, real=0.02 secs] 
2020-10-27T21:11:24.706+0800: 6.189: [GC (Allocation Failure) 2020-10-27T21:11:24.706+0800: 6.189: [DefNew: 139776K->17470K(157248K), 0.0051461 secs] 349958K->250424K(506816K), 0.0051961 secs] [Times: user=0.00 sys=0.00, real=0.00 secs] 
2020-10-27T21:11:24.828+0800: 6.312: [GC (Allocation Failure) 2020-10-27T21:11:24.828+0800: 6.312: [DefNew: 156698K->17471K(157248K), 0.0075816 secs] 389652K->292199K(506816K), 0.0076375 secs] [Times: user=0.00 sys=0.00, real=0.01 secs] 
2020-10-27T21:11:24.918+0800: 6.402: [GC (Allocation Failure) 2020-10-27T21:11:24.918+0800: 6.402: [DefNew: 157247K->17470K(157248K), 0.0079909 secs] 431975K->334783K(506816K), 0.0080484 secs] [Times: user=0.00 sys=0.00, real=0.01 secs] 
2020-10-27T21:11:25.007+0800: 6.490: [GC (Allocation Failure) 2020-10-27T21:11:25.007+0800: 6.491: [DefNew: 157246K->157246K(157248K), 0.0000125 secs]2020-10-27T21:11:25.007+0800: 6.491: [Tenured: 317313K->194178K(349568K), 0.0242961 secs] 474559K->194178K(506816K), [Metaspace: 2700K->2700K(1056768K)], 0.0243702 secs] [Times: user=0.03 sys=0.00, real=0.02 secs] 
2020-10-27T21:11:25.117+0800: 6.600: [GC (Allocation Failure) 2020-10-27T21:11:25.117+0800: 6.600: [DefNew: 139776K->17469K(157248K), 0.0051328 secs] 333954K->235879K(506816K), 0.0051929 secs] [Times: user=0.02 sys=0.00, real=0.00 secs] 
2020-10-27T21:11:25.218+0800: 6.702: [GC (Allocation Failure) 2020-10-27T21:11:25.218+0800: 6.702: [DefNew: 157245K->17471K(157248K), 0.0071552 secs] 375655K->273405K(506816K), 0.0072147 secs] [Times: user=0.00 sys=0.00, real=0.01 secs] 
2020-10-27T21:11:25.322+0800: 6.806: [GC (Allocation Failure) 2020-10-27T21:11:25.322+0800: 6.806: [DefNew: 157247K->17471K(157248K), 0.0067870 secs] 413181K->305697K(506816K), 0.0068407 secs] [Times: user=0.01 sys=0.00, real=0.01 secs] 
2020-10-27T21:11:25.430+0800: 6.914: [GC (Allocation Failure) 2020-10-27T21:11:25.430+0800: 6.914: [DefNew: 157247K->17471K(157248K), 0.0186239 secs] 445473K->343468K(506816K), 0.0188619 secs] [Times: user=0.02 sys=0.00, real=0.02 secs] 
2020-10-27T21:11:25.563+0800: 7.047: [GC (Allocation Failure) 2020-10-27T21:11:25.563+0800: 7.047: [DefNew: 156857K->156857K(157248K), 0.0000133 secs]2020-10-27T21:11:25.563+0800: 7.047: [Tenured: 325996K->195035K(349568K), 0.0219179 secs] 482853K->195035K(506816K), [Metaspace: 2700K->2700K(1056768K)], 0.0219936 secs] [Times: user=0.02 sys=0.00, real=0.02 secs] 
2020-10-27T21:11:25.676+0800: 7.160: [GC (Allocation Failure) 2020-10-27T21:11:25.676+0800: 7.160: [DefNew: 139776K->17471K(157248K), 0.0062102 secs] 334811K->244783K(506816K), 0.0062709 secs] [Times: user=0.00 sys=0.00, real=0.01 secs] 
2020-10-27T21:11:25.794+0800: 7.278: [GC (Allocation Failure) 2020-10-27T21:11:25.794+0800: 7.278: [DefNew: 156893K->17469K(157248K), 0.0171653 secs] 384206K->285104K(506816K), 0.0172840 secs] [Times: user=0.02 sys=0.00, real=0.02 secs] 
2020-10-27T21:11:25.908+0800: 7.392: [GC (Allocation Failure) 2020-10-27T21:11:25.908+0800: 7.392: [DefNew: 157245K->17471K(157248K), 0.0080018 secs] 424880K->330184K(506816K), 0.0080665 secs] [Times: user=0.00 sys=0.00, real=0.01 secs] 
2020-10-27T21:11:26.013+0800: 7.497: [GC (Allocation Failure) 2020-10-27T21:11:26.013+0800: 7.497: [DefNew: 157247K->157247K(157248K), 0.0000136 secs]2020-10-27T21:11:26.013+0800: 7.497: [Tenured: 312712K->206707K(349568K), 0.0263648 secs] 469960K->206707K(506816K), [Metaspace: 2700K->2700K(1056768K)], 0.0264424 secs] [Times: user=0.01 sys=0.00, real=0.03 secs] 
2020-10-27T21:11:26.143+0800: 7.627: [GC (Allocation Failure) 2020-10-27T21:11:26.143+0800: 7.627: [DefNew: 139716K->17468K(157248K), 0.0049303 secs] 346424K->247866K(506816K), 0.0049816 secs] [Times: user=0.00 sys=0.00, real=0.01 secs] 
2020-10-27T21:11:26.254+0800: 7.737: [GC (Allocation Failure) 2020-10-27T21:11:26.254+0800: 7.737: [DefNew: 157244K->17472K(157248K), 0.0069967 secs] 387642K->286870K(506816K), 0.0070484 secs] [Times: user=0.00 sys=0.00, real=0.01 secs] 
2020-10-27T21:11:26.356+0800: 7.840: [GC (Allocation Failure) 2020-10-27T21:11:26.356+0800: 7.840: [DefNew: 157248K->17472K(157248K), 0.0065844 secs] 426646K->322135K(506816K), 0.0066360 secs] [Times: user=0.00 sys=0.00, real=0.01 secs] 
2020-10-27T21:11:26.448+0800: 7.932: [GC (Allocation Failure) 2020-10-27T21:11:26.448+0800: 7.932: [DefNew: 157127K->157127K(157248K), 0.0000132 secs]2020-10-27T21:11:26.448+0800: 7.932: [Tenured: 304663K->183164K(349568K), 0.0218133 secs] 461790K->183164K(506816K), [Metaspace: 2700K->2700K(1056768K)], 0.0218897 secs] [Times: user=0.03 sys=0.00, real=0.02 secs] 
2020-10-27T21:11:26.588+0800: 8.072: [GC (Allocation Failure) 2020-10-27T21:11:26.588+0800: 8.072: [DefNew: 139776K->17471K(157248K), 0.0059573 secs] 322940K->229368K(506816K), 0.0060130 secs] [Times: user=0.02 sys=0.00, real=0.01 secs] 
2020-10-27T21:11:26.686+0800: 8.170: [GC (Allocation Failure) 2020-10-27T21:11:26.686+0800: 8.170: [DefNew: 156702K->17470K(157248K), 0.0072045 secs] 368599K->271776K(506816K), 0.0072577 secs] [Times: user=0.00 sys=0.00, real=0.01 secs] 
2020-10-27T21:11:26.778+0800: 8.262: [GC (Allocation Failure) 2020-10-27T21:11:26.778+0800: 8.262: [DefNew: 157246K->17470K(157248K), 0.0073666 secs] 411552K->314770K(506816K), 0.0074194 secs] [Times: user=0.00 sys=0.00, real=0.01 secs] 
2020-10-27T21:11:26.882+0800: 8.365: [GC (Allocation Failure) 2020-10-27T21:11:26.882+0800: 8.366: [DefNew: 156690K->156690K(157248K), 0.0000138 secs]2020-10-27T21:11:26.882+0800: 8.366: [Tenured: 297299K->190407K(349568K), 0.0237458 secs] 453990K->190407K(506816K), [Metaspace: 2700K->2700K(1056768K)], 0.0238285 secs] [Times: user=0.03 sys=0.00, real=0.02 secs] 
2020-10-27T21:11:27.011+0800: 8.494: [GC (Allocation Failure) 2020-10-27T21:11:27.011+0800: 8.494: [DefNew: 139776K->17470K(157248K), 0.0051697 secs] 330183K->232767K(506816K), 0.0052265 secs] [Times: user=0.01 sys=0.00, real=0.00 secs] 
2020-10-27T21:11:27.108+0800: 8.592: [GC (Allocation Failure) 2020-10-27T21:11:27.108+0800: 8.592: [DefNew: 157246K->17471K(157248K), 0.0082239 secs] 372543K->273539K(506816K), 0.0082813 secs] [Times: user=0.00 sys=0.00, real=0.01 secs] 
2020-10-27T21:11:27.207+0800: 8.691: [GC (Allocation Failure) 2020-10-27T21:11:27.207+0800: 8.691: [DefNew: 157247K->17471K(157248K), 0.0073052 secs] 413315K->314563K(506816K), 0.0073584 secs] [Times: user=0.00 sys=0.00, real=0.01 secs] 
2020-10-27T21:11:27.331+0800: 8.814: [GC (Allocation Failure) 2020-10-27T21:11:27.331+0800: 8.814: [DefNew: 157247K->157247K(157248K), 0.0000131 secs]2020-10-27T21:11:27.331+0800: 8.815: [Tenured: 297091K->208123K(349568K), 0.0218638 secs] 454339K->208123K(506816K), [Metaspace: 2700K->2700K(1056768K)], 0.0219382 secs] [Times: user=0.02 sys=0.00, real=0.02 secs] 
2020-10-27T21:11:27.456+0800: 8.940: [GC (Allocation Failure) 2020-10-27T21:11:27.456+0800: 8.940: [DefNew: 139776K->17471K(157248K), 0.0051647 secs] 347899K->249854K(506816K), 0.0052163 secs] [Times: user=0.00 sys=0.00, real=0.00 secs] 
2020-10-27T21:11:27.569+0800: 9.053: [GC (Allocation Failure) 2020-10-27T21:11:27.569+0800: 9.053: [DefNew: 157176K->17469K(157248K), 0.0071511 secs] 389559K->292459K(506816K), 0.0072056 secs] [Times: user=0.02 sys=0.00, real=0.01 secs] 
2020-10-27T21:11:27.668+0800: 9.152: [GC (Allocation Failure) 2020-10-27T21:11:27.668+0800: 9.152: [DefNew: 156851K->17469K(157248K), 0.0073011 secs] 431840K->332466K(506816K), 0.0073634 secs] [Times: user=0.00 sys=0.00, real=0.01 secs] 
2020-10-27T21:11:27.751+0800: 9.235: [GC (Allocation Failure) 2020-10-27T21:11:27.751+0800: 9.235: [DefNew: 157245K->157245K(157248K), 0.0000135 secs]2020-10-27T21:11:27.751+0800: 9.235: [Tenured: 314997K->197553K(349568K), 0.0220346 secs] 472242K->197553K(506816K), [Metaspace: 2700K->2700K(1056768K)], 0.0221119 secs] [Times: user=0.02 sys=0.00, real=0.02 secs] 
2020-10-27T21:11:27.857+0800: 9.341: [GC (Allocation Failure) 2020-10-27T21:11:27.857+0800: 9.341: [DefNew: 139776K->17471K(157248K), 0.0053420 secs] 337329K->240373K(506816K), 0.0053939 secs] [Times: user=0.00 sys=0.00, real=0.01 secs] 
2020-10-27T21:11:27.964+0800: 9.448: [GC (Allocation Failure) 2020-10-27T21:11:27.964+0800: 9.448: [DefNew: 157133K->17470K(157248K), 0.0103597 secs] 380036K->279686K(506816K), 0.0104395 secs] [Times: user=0.02 sys=0.00, real=0.01 secs] 
2020-10-27T21:11:28.092+0800: 9.575: [GC (Allocation Failure) 2020-10-27T21:11:28.092+0800: 9.575: [DefNew: 157246K->17471K(157248K), 0.0073665 secs] 419462K->320746K(506816K), 0.0074239 secs] [Times: user=0.00 sys=0.00, real=0.01 secs] 
2020-10-27T21:11:28.189+0800: 9.673: [GC (Allocation Failure) 2020-10-27T21:11:28.189+0800: 9.673: [DefNew: 156971K->156971K(157248K), 0.0000131 secs]2020-10-27T21:11:28.189+0800: 9.673: [Tenured: 303274K->206426K(349568K), 0.0230575 secs] 460246K->206426K(506816K), [Metaspace: 2700K->2700K(1056768K)], 0.0231318 secs] [Times: user=0.02 sys=0.00, real=0.02 secs] 
2020-10-27T21:11:28.319+0800: 9.803: [GC (Allocation Failure) 2020-10-27T21:11:28.319+0800: 9.803: [DefNew: 139776K->17465K(157248K), 0.0068601 secs] 346202K->254187K(506816K), 0.0069175 secs] [Times: user=0.01 sys=0.00, real=0.01 secs] 
2020-10-27T21:11:28.414+0800: 9.898: [GC (Allocation Failure) 2020-10-27T21:11:28.414+0800: 9.898: [DefNew: 157241K->17470K(157248K), 0.0072494 secs] 393963K->294047K(506816K), 0.0073069 secs] [Times: user=0.01 sys=0.00, real=0.01 secs] 
2020-10-27T21:11:28.516+0800: 10.000: [GC (Allocation Failure) 2020-10-27T21:11:28.516+0800: 10.000: [DefNew: 157246K->17470K(157248K), 0.0072840 secs] 433823K->335903K(506816K), 0.0073316 secs] [Times: user=0.00 sys=0.00, real=0.01 secs] 
Heap
 def new generation   total 157248K, used 154819K [0x00000000e0000000, 0x00000000eaaa0000, 0x00000000eaaa0000)
  eden space 139776K,  98% used [0x00000000e0000000, 0x00000000e86214d0, 0x00000000e8880000)
  from space 17472K,  99% used [0x00000000e8880000, 0x00000000e998f8f0, 0x00000000e9990000)
  to   space 17472K,   0% used [0x00000000e9990000, 0x00000000e9990000, 0x00000000eaaa0000)
 tenured generation   total 349568K, used 318433K [0x00000000eaaa0000, 0x0000000100000000, 0x0000000100000000)
   the space 349568K,  91% used [0x00000000eaaa0000, 0x00000000fe1985c0, 0x00000000fe198600, 0x0000000100000000)
 Metaspace       used 2707K, capacity 4486K, committed 4864K, reserved 1056768K
  class space    used 291K, capacity 386K, committed 512K, reserved 1048576K
