Java HotSpot(TM) 64-Bit Server VM (25.211-b12) for windows-amd64 JRE (1.8.0_211-b12), built on Apr  1 2019 20:53:26 by "java_re" with MS VC++ 10.0 (VS2010)
Memory: 4k page, physical 16640612k(9210324k free), swap 16640612k(7437084k free)
CommandLine flags: -XX:InitialHeapSize=536870912 -XX:MaxHeapSize=536870912 -XX:+PrintGC -XX:+PrintGCDateStamps -XX:+PrintGCDetails -XX:+PrintGCTimeStamps -XX:+UseCompressedClassPointers -XX:+UseCompressedOops -XX:-UseLargePagesIndividualAllocation -XX:+UseParallelGC 
2020-10-27T21:11:28.954+0800: 0.233: [GC (Allocation Failure) [PSYoungGen: 131505K->21489K(153088K)] 131505K->46286K(502784K), 0.0075808 secs] [Times: user=0.00 sys=0.00, real=0.01 secs] 
2020-10-27T21:11:29.053+0800: 0.331: [GC (Allocation Failure) [PSYoungGen: 153073K->21488K(153088K)] 177870K->89398K(502784K), 0.0117377 secs] [Times: user=0.03 sys=0.03, real=0.01 secs] 
2020-10-27T21:11:29.164+0800: 0.442: [GC (Allocation Failure) [PSYoungGen: 153072K->21495K(153088K)] 220982K->131234K(502784K), 0.0259645 secs] [Times: user=0.08 sys=0.05, real=0.03 secs] 
2020-10-27T21:11:29.276+0800: 0.555: [GC (Allocation Failure) [PSYoungGen: 153079K->21489K(153088K)] 262818K->164693K(502784K), 0.0099538 secs] [Times: user=0.05 sys=0.00, real=0.01 secs] 
2020-10-27T21:11:29.393+0800: 0.671: [GC (Allocation Failure) [PSYoungGen: 153073K->21487K(153088K)] 296277K->201714K(502784K), 0.0086549 secs] [Times: user=0.00 sys=0.00, real=0.01 secs] 
2020-10-27T21:11:29.496+0800: 0.774: [GC (Allocation Failure) [PSYoungGen: 152912K->21494K(80384K)] 333139K->237039K(430080K), 0.0085096 secs] [Times: user=0.00 sys=0.00, real=0.01 secs] 
2020-10-27T21:11:29.536+0800: 0.814: [GC (Allocation Failure) [PSYoungGen: 80051K->34401K(116736K)] 295596K->254037K(466432K), 0.0046385 secs] [Times: user=0.00 sys=0.00, real=0.00 secs] 
2020-10-27T21:11:29.582+0800: 0.860: [GC (Allocation Failure) [PSYoungGen: 93281K->48405K(116736K)] 312917K->271495K(466432K), 0.0053911 secs] [Times: user=0.00 sys=0.00, real=0.00 secs] 
2020-10-27T21:11:29.621+0800: 0.899: [GC (Allocation Failure) [PSYoungGen: 106955K->50840K(116736K)] 330045K->283573K(466432K), 0.0225584 secs] [Times: user=0.03 sys=0.01, real=0.02 secs] 
2020-10-27T21:11:29.688+0800: 0.967: [GC (Allocation Failure) [PSYoungGen: 109720K->34193K(116736K)] 342453K->297560K(466432K), 0.0084421 secs] [Times: user=0.00 sys=0.00, real=0.01 secs] 
2020-10-27T21:11:29.754+0800: 1.032: [GC (Allocation Failure) [PSYoungGen: 93073K->19920K(116736K)] 356440K->313172K(466432K), 0.0068014 secs] [Times: user=0.00 sys=0.00, real=0.01 secs] 
2020-10-27T21:11:29.803+0800: 1.081: [GC (Allocation Failure) [PSYoungGen: 78616K->20444K(116736K)] 371868K->330829K(466432K), 0.0048187 secs] [Times: user=0.00 sys=0.00, real=0.01 secs] 
2020-10-27T21:11:29.808+0800: 1.086: [Full GC (Ergonomics) [PSYoungGen: 20444K->0K(116736K)] [ParOldGen: 310384K->163426K(349696K)] 330829K->163426K(466432K), [Metaspace: 2700K->2700K(1056768K)], 0.0229288 secs] [Times: user=0.09 sys=0.02, real=0.02 secs] 
2020-10-27T21:11:29.854+0800: 1.132: [GC (Allocation Failure) [PSYoungGen: 58880K->18633K(116736K)] 222306K->182060K(466432K), 0.0021997 secs] [Times: user=0.06 sys=0.00, real=0.00 secs] 
2020-10-27T21:11:29.898+0800: 1.176: [GC (Allocation Failure) [PSYoungGen: 77128K->17516K(116736K)] 240555K->197662K(466432K), 0.0037945 secs] [Times: user=0.00 sys=0.00, real=0.00 secs] 
2020-10-27T21:11:29.965+0800: 1.243: [GC (Allocation Failure) [PSYoungGen: 76396K->18043K(116736K)] 256542K->214303K(466432K), 0.0093080 secs] [Times: user=0.00 sys=0.00, real=0.01 secs] 
2020-10-27T21:11:30.012+0800: 1.291: [GC (Allocation Failure) [PSYoungGen: 76923K->19979K(116736K)] 273183K->232839K(466432K), 0.0041497 secs] [Times: user=0.00 sys=0.00, real=0.00 secs] 
2020-10-27T21:11:30.070+0800: 1.349: [GC (Allocation Failure) [PSYoungGen: 78859K->18801K(116736K)] 291719K->248933K(466432K), 0.0039420 secs] [Times: user=0.06 sys=0.00, real=0.00 secs] 
2020-10-27T21:11:30.108+0800: 1.387: [GC (Allocation Failure) [PSYoungGen: 77681K->20196K(116736K)] 307813K->267671K(466432K), 0.0041785 secs] [Times: user=0.00 sys=0.00, real=0.00 secs] 
2020-10-27T21:11:30.153+0800: 1.431: [GC (Allocation Failure) [PSYoungGen: 79076K->22116K(116736K)] 326551K->287103K(466432K), 0.0045718 secs] [Times: user=0.00 sys=0.00, real=0.00 secs] 
2020-10-27T21:11:30.204+0800: 1.482: [GC (Allocation Failure) [PSYoungGen: 80996K->20244K(116736K)] 345983K->304568K(466432K), 0.0041401 secs] [Times: user=0.00 sys=0.00, real=0.00 secs] 
2020-10-27T21:11:30.252+0800: 1.530: [GC (Allocation Failure) [PSYoungGen: 79124K->23707K(116736K)] 363448K->326936K(466432K), 0.0046847 secs] [Times: user=0.00 sys=0.00, real=0.00 secs] 
2020-10-27T21:11:30.304+0800: 1.582: [GC (Allocation Failure) [PSYoungGen: 82418K->23883K(116736K)] 385647K->348243K(466432K), 0.0053357 secs] [Times: user=0.06 sys=0.00, real=0.01 secs] 
2020-10-27T21:11:30.309+0800: 1.587: [Full GC (Ergonomics) [PSYoungGen: 23883K->0K(116736K)] [ParOldGen: 324359K->182845K(349696K)] 348243K->182845K(466432K), [Metaspace: 2700K->2700K(1056768K)], 0.0214419 secs] [Times: user=0.06 sys=0.00, real=0.02 secs] 
2020-10-27T21:11:30.362+0800: 1.640: [GC (Allocation Failure) [PSYoungGen: 58864K->21477K(116736K)] 241709K->204323K(466432K), 0.0028583 secs] [Times: user=0.00 sys=0.00, real=0.00 secs] 
2020-10-27T21:11:30.406+0800: 1.685: [GC (Allocation Failure) [PSYoungGen: 80186K->18379K(116736K)] 263031K->221108K(466432K), 0.0042176 secs] [Times: user=0.00 sys=0.00, real=0.00 secs] 
2020-10-27T21:11:30.441+0800: 1.720: [GC (Allocation Failure) [PSYoungGen: 77259K->21561K(116736K)] 279988K->240295K(466432K), 0.0040955 secs] [Times: user=0.00 sys=0.00, real=0.00 secs] 
2020-10-27T21:11:30.492+0800: 1.770: [GC (Allocation Failure) [PSYoungGen: 80441K->18525K(117760K)] 299175K->256131K(467456K), 0.0042458 secs] [Times: user=0.05 sys=0.00, real=0.00 secs] 
2020-10-27T21:11:30.528+0800: 1.806: [GC (Allocation Failure) [PSYoungGen: 78131K->21685K(116736K)] 315737K->275579K(466432K), 0.0044772 secs] [Times: user=0.00 sys=0.00, real=0.00 secs] 
2020-10-27T21:11:30.593+0800: 1.871: [GC (Allocation Failure) [PSYoungGen: 81589K->22895K(122368K)] 335483K->295322K(472064K), 0.0049205 secs] [Times: user=0.00 sys=0.00, real=0.01 secs] 
2020-10-27T21:11:30.643+0800: 1.921: [GC (Allocation Failure) [PSYoungGen: 90479K->18354K(119808K)] 362906K->310370K(469504K), 0.0039583 secs] [Times: user=0.00 sys=0.00, real=0.00 secs] 
2020-10-27T21:11:30.699+0800: 1.977: [GC (Allocation Failure) [PSYoungGen: 85938K->20391K(125440K)] 377954K->328300K(475136K), 0.0046799 secs] [Times: user=0.06 sys=0.00, real=0.01 secs] 
2020-10-27T21:11:30.771+0800: 2.049: [GC (Allocation Failure) [PSYoungGen: 95143K->24590K(123904K)] 403052K->351787K(473600K), 0.0048626 secs] [Times: user=0.00 sys=0.00, real=0.01 secs] 
2020-10-27T21:11:30.776+0800: 2.054: [Full GC (Ergonomics) [PSYoungGen: 24590K->0K(123904K)] [ParOldGen: 327197K->177608K(349696K)] 351787K->177608K(473600K), [Metaspace: 2700K->2700K(1056768K)], 0.0226925 secs] [Times: user=0.08 sys=0.00, real=0.02 secs] 
2020-10-27T21:11:30.847+0800: 2.125: [GC (Allocation Failure) [PSYoungGen: 74752K->25572K(129536K)] 252360K->203181K(479232K), 0.0032245 secs] [Times: user=0.00 sys=0.00, real=0.00 secs] 
2020-10-27T21:11:30.912+0800: 2.190: [GC (Allocation Failure) [PSYoungGen: 108516K->29528K(128000K)] 286125K->228072K(477696K), 0.0057165 secs] [Times: user=0.00 sys=0.00, real=0.01 secs] 
2020-10-27T21:11:30.976+0800: 2.254: [GC (Allocation Failure) [PSYoungGen: 112381K->27716K(130560K)] 310924K->251104K(480256K), 0.0057116 secs] [Times: user=0.06 sys=0.00, real=0.01 secs] 
2020-10-27T21:11:31.048+0800: 2.326: [GC (Allocation Failure) [PSYoungGen: 113732K->27661K(130048K)] 337120K->275678K(479744K), 0.0130900 secs] [Times: user=0.00 sys=0.00, real=0.01 secs] 
2020-10-27T21:11:31.131+0800: 2.408: [GC (Allocation Failure) [PSYoungGen: 113677K->30984K(131584K)] 361694K->303481K(481280K), 0.0057539 secs] [Times: user=0.00 sys=0.00, real=0.00 secs] 
2020-10-27T21:11:31.186+0800: 2.465: [GC (Allocation Failure) [PSYoungGen: 119431K->30559K(131584K)] 391929K->329220K(481280K), 0.0061594 secs] [Times: user=0.00 sys=0.00, real=0.01 secs] 
2020-10-27T21:11:31.238+0800: 2.516: [GC (Allocation Failure) [PSYoungGen: 118985K->29400K(132096K)] 417647K->353660K(481792K), 0.0059405 secs] [Times: user=0.00 sys=0.00, real=0.01 secs] 
2020-10-27T21:11:31.244+0800: 2.522: [Full GC (Ergonomics) [PSYoungGen: 29400K->0K(132096K)] [ParOldGen: 324259K->183715K(349696K)] 353660K->183715K(481792K), [Metaspace: 2700K->2700K(1056768K)], 0.0228465 secs] [Times: user=0.11 sys=0.00, real=0.02 secs] 
2020-10-27T21:11:31.331+0800: 2.609: [GC (Allocation Failure) [PSYoungGen: 89088K->28188K(131584K)] 272803K->211903K(481280K), 0.0031216 secs] [Times: user=0.00 sys=0.00, real=0.00 secs] 
2020-10-27T21:11:31.430+0800: 2.708: [GC (Allocation Failure) [PSYoungGen: 117276K->29249K(133632K)] 300991K->238778K(483328K), 0.0061743 secs] [Times: user=0.06 sys=0.00, real=0.01 secs] 
2020-10-27T21:11:31.498+0800: 2.776: [GC (Allocation Failure) [PSYoungGen: 121409K->30091K(133120K)] 330938K->263321K(482816K), 0.0059708 secs] [Times: user=0.00 sys=0.00, real=0.01 secs] 
2020-10-27T21:11:31.579+0800: 2.858: [GC (Allocation Failure) [PSYoungGen: 122251K->31253K(133632K)] 355481K->289769K(483328K), 0.0060469 secs] [Times: user=0.00 sys=0.00, real=0.01 secs] 
2020-10-27T21:11:31.668+0800: 2.946: [GC (Allocation Failure) [PSYoungGen: 123763K->26520K(133632K)] 382280K->313117K(483328K), 0.0067307 secs] [Times: user=0.00 sys=0.00, real=0.01 secs] 
2020-10-27T21:11:31.733+0800: 3.011: [GC (Allocation Failure) [PSYoungGen: 119192K->31168K(134656K)] 405789K->338870K(484352K), 0.0054750 secs] [Times: user=0.00 sys=0.00, real=0.00 secs] 
2020-10-27T21:11:31.798+0800: 3.076: [GC (Allocation Failure) [PSYoungGen: 125888K->27886K(134656K)] 433590K->360151K(484352K), 0.0064865 secs] [Times: user=0.00 sys=0.00, real=0.01 secs] 
2020-10-27T21:11:31.804+0800: 3.082: [Full GC (Ergonomics) [PSYoungGen: 27886K->0K(134656K)] [ParOldGen: 332265K->177521K(349696K)] 360151K->177521K(484352K), [Metaspace: 2700K->2700K(1056768K)], 0.0236110 secs] [Times: user=0.09 sys=0.00, real=0.02 secs] 
2020-10-27T21:11:31.911+0800: 3.189: [GC (Allocation Failure) [PSYoungGen: 94451K->34161K(133632K)] 271972K->211682K(483328K), 0.0069029 secs] [Times: user=0.01 sys=0.00, real=0.01 secs] 
2020-10-27T21:11:31.981+0800: 3.260: [GC (Allocation Failure) [PSYoungGen: 128485K->26698K(134656K)] 306007K->233766K(484352K), 0.0062624 secs] [Times: user=0.00 sys=0.00, real=0.01 secs] 
2020-10-27T21:11:32.047+0800: 3.325: [GC (Allocation Failure) [PSYoungGen: 121418K->32369K(135168K)] 328486K->260207K(484864K), 0.0070700 secs] [Times: user=0.00 sys=0.00, real=0.01 secs] 
2020-10-27T21:11:32.118+0800: 3.396: [GC (Allocation Failure) [PSYoungGen: 128055K->35690K(131584K)] 355893K->289680K(481280K), 0.0065638 secs] [Times: user=0.06 sys=0.00, real=0.01 secs] 
2020-10-27T21:11:32.201+0800: 3.478: [GC (Allocation Failure) [PSYoungGen: 131310K->34682K(131584K)] 385300K->316343K(481280K), 0.0066769 secs] [Times: user=0.00 sys=0.00, real=0.01 secs] 
2020-10-27T21:11:32.274+0800: 3.551: [GC (Allocation Failure) [PSYoungGen: 125038K->28970K(132608K)] 406699K->339835K(482304K), 0.0061309 secs] [Times: user=0.06 sys=0.00, real=0.01 secs] 
2020-10-27T21:11:32.326+0800: 3.604: [GC (Allocation Failure) [PSYoungGen: 119327K->28010K(134656K)] 430193K->363843K(484352K), 0.0069765 secs] [Times: user=0.00 sys=0.00, real=0.01 secs] 
2020-10-27T21:11:32.333+0800: 3.611: [Full GC (Ergonomics) [PSYoungGen: 28010K->0K(134656K)] [ParOldGen: 335832K->184650K(349696K)] 363843K->184650K(484352K), [Metaspace: 2700K->2700K(1056768K)], 0.0238266 secs] [Times: user=0.06 sys=0.00, real=0.02 secs] 
2020-10-27T21:11:32.426+0800: 3.704: [GC (Allocation Failure) [PSYoungGen: 93696K->30228K(133632K)] 278346K->214879K(483328K), 0.0043156 secs] [Times: user=0.00 sys=0.00, real=0.00 secs] 
2020-10-27T21:11:32.485+0800: 3.763: [GC (Allocation Failure) [PSYoungGen: 123924K->31086K(135680K)] 308575K->240408K(485376K), 0.0060092 secs] [Times: user=0.00 sys=0.00, real=0.01 secs] 
2020-10-27T21:11:32.580+0800: 3.857: [GC (Allocation Failure) [PSYoungGen: 127342K->34609K(131072K)] 336664K->270890K(480768K), 0.0065555 secs] [Times: user=0.00 sys=0.00, real=0.01 secs] 
2020-10-27T21:11:32.661+0800: 3.940: [GC (Allocation Failure) [PSYoungGen: 130529K->34618K(133632K)] 366810K->297871K(483328K), 0.0067464 secs] [Times: user=0.00 sys=0.00, real=0.01 secs] 
2020-10-27T21:11:32.753+0800: 4.031: [GC (Allocation Failure) [PSYoungGen: 127918K->35175K(129024K)] 391171K->326685K(478720K), 0.0067309 secs] [Times: user=0.00 sys=0.00, real=0.01 secs] 
2020-10-27T21:11:32.830+0800: 4.108: [GC (Allocation Failure) [PSYoungGen: 128871K->29817K(134144K)] 420381K->353397K(483840K), 0.0069629 secs] [Times: user=0.00 sys=0.00, real=0.01 secs] 
2020-10-27T21:11:32.837+0800: 4.115: [Full GC (Ergonomics) [PSYoungGen: 29817K->0K(134144K)] [ParOldGen: 323580K->205293K(349696K)] 353397K->205293K(483840K), [Metaspace: 2700K->2700K(1056768K)], 0.0271497 secs] [Times: user=0.11 sys=0.00, real=0.03 secs] 
2020-10-27T21:11:32.972+0800: 4.250: [GC (Allocation Failure) [PSYoungGen: 93126K->34255K(133632K)] 298419K->239548K(483328K), 0.0056100 secs] [Times: user=0.00 sys=0.00, real=0.01 secs] 
2020-10-27T21:11:33.073+0800: 4.351: [GC (Allocation Failure) [PSYoungGen: 127439K->28855K(134656K)] 332732K->263003K(484352K), 0.0072763 secs] [Times: user=0.05 sys=0.00, real=0.01 secs] 
2020-10-27T21:11:33.218+0800: 4.496: [GC (Allocation Failure) [PSYoungGen: 123063K->36159K(130560K)] 357211K->292326K(480256K), 0.0066589 secs] [Times: user=0.00 sys=0.00, real=0.01 secs] 
2020-10-27T21:11:33.317+0800: 4.595: [GC (Allocation Failure) [PSYoungGen: 130367K->34313K(133632K)] 386534K->320310K(483328K), 0.0066866 secs] [Times: user=0.00 sys=0.00, real=0.01 secs] 
2020-10-27T21:11:33.377+0800: 4.656: [GC (Allocation Failure) [PSYoungGen: 126657K->32153K(133632K)] 412654K->348977K(483328K), 0.0068452 secs] [Times: user=0.00 sys=0.00, real=0.01 secs] 
2020-10-27T21:11:33.384+0800: 4.663: [Full GC (Ergonomics) [PSYoungGen: 32153K->0K(133632K)] [ParOldGen: 316824K->198186K(349696K)] 348977K->198186K(483328K), [Metaspace: 2700K->2700K(1056768K)], 0.0225917 secs] [Times: user=0.13 sys=0.00, real=0.02 secs] 
2020-10-27T21:11:33.489+0800: 4.767: [GC (Allocation Failure) [PSYoungGen: 92672K->29449K(134656K)] 290858K->227635K(484352K), 0.0031703 secs] [Times: user=0.00 sys=0.00, real=0.00 secs] 
2020-10-27T21:11:33.551+0800: 4.829: [GC (Allocation Failure) [PSYoungGen: 123657K->28562K(134144K)] 321843K->249832K(483840K), 0.0053056 secs] [Times: user=0.00 sys=0.00, real=0.00 secs] 
2020-10-27T21:11:33.631+0800: 4.909: [GC (Allocation Failure) [PSYoungGen: 122770K->28952K(135168K)] 344040K->274009K(484864K), 0.0065954 secs] [Times: user=0.06 sys=0.00, real=0.01 secs] 
2020-10-27T21:11:33.746+0800: 5.024: [GC (Allocation Failure) [PSYoungGen: 124184K->25022K(134656K)] 369241K->295204K(484352K), 0.0060128 secs] [Times: user=0.06 sys=0.00, real=0.00 secs] 
2020-10-27T21:11:33.807+0800: 5.085: [GC (Allocation Failure) [PSYoungGen: 120254K->31629K(135680K)] 390436K->322054K(485376K), 0.0058290 secs] [Times: user=0.05 sys=0.00, real=0.01 secs] 
2020-10-27T21:11:33.888+0800: 5.166: [GC (Allocation Failure) [PSYoungGen: 127230K->33907K(135168K)] 417656K->349839K(484864K), 0.0068793 secs] [Times: user=0.00 sys=0.00, real=0.01 secs] 
2020-10-27T21:11:33.895+0800: 5.173: [Full GC (Ergonomics) [PSYoungGen: 33907K->0K(135168K)] [ParOldGen: 315931K->183945K(349696K)] 349839K->183945K(484864K), [Metaspace: 2700K->2700K(1056768K)], 0.0232375 secs] [Times: user=0.08 sys=0.00, real=0.02 secs] 
2020-10-27T21:11:33.993+0800: 5.271: [GC (Allocation Failure) [PSYoungGen: 96256K->30788K(135680K)] 280201K->214734K(485376K), 0.0032788 secs] [Times: user=0.06 sys=0.00, real=0.00 secs] 
2020-10-27T21:11:34.093+0800: 5.371: [GC (Allocation Failure) [PSYoungGen: 127044K->31898K(135168K)] 310990K->240915K(484864K), 0.0118728 secs] [Times: user=0.00 sys=0.00, real=0.01 secs] 
2020-10-27T21:11:34.190+0800: 5.468: [GC (Allocation Failure) [PSYoungGen: 128154K->29771K(136704K)] 337171K->264796K(486400K), 0.0058660 secs] [Times: user=0.00 sys=0.00, real=0.01 secs] 
2020-10-27T21:11:34.264+0800: 5.542: [GC (Allocation Failure) [PSYoungGen: 128075K->33975K(136192K)] 363100K->295418K(485888K), 0.0083455 secs] [Times: user=0.00 sys=0.00, real=0.01 secs] 
2020-10-27T21:11:34.343+0800: 5.621: [GC (Allocation Failure) [PSYoungGen: 132200K->29621K(136704K)] 393642K->315835K(486400K), 0.0056675 secs] [Times: user=0.00 sys=0.00, real=0.01 secs] 
2020-10-27T21:11:34.418+0800: 5.696: [GC (Allocation Failure) [PSYoungGen: 127925K->33062K(136192K)] 414139K->342671K(485888K), 0.0160325 secs] [Times: user=0.00 sys=0.00, real=0.02 secs] 
2020-10-27T21:11:34.495+0800: 5.773: [GC (Allocation Failure) [PSYoungGen: 131366K->32890K(136704K)] 440975K->371631K(486400K), 0.0069203 secs] [Times: user=0.06 sys=0.00, real=0.01 secs] 
2020-10-27T21:11:34.501+0800: 5.780: [Full GC (Ergonomics) [PSYoungGen: 32890K->0K(136704K)] [ParOldGen: 338740K->192252K(349696K)] 371631K->192252K(486400K), [Metaspace: 2700K->2700K(1056768K)], 0.0234981 secs] [Times: user=0.06 sys=0.00, real=0.02 secs] 
2020-10-27T21:11:34.609+0800: 5.887: [GC (Allocation Failure) [PSYoungGen: 98809K->33834K(133120K)] 291062K->226087K(482816K), 0.0050572 secs] [Times: user=0.00 sys=0.00, real=0.01 secs] 
2020-10-27T21:11:34.683+0800: 5.961: [GC (Allocation Failure) [PSYoungGen: 132650K->31391K(137216K)] 324903K->252765K(486912K), 0.0109460 secs] [Times: user=0.06 sys=0.00, real=0.01 secs] 
2020-10-27T21:11:34.781+0800: 6.058: [GC (Allocation Failure) [PSYoungGen: 129736K->36717K(135680K)] 351110K->283357K(485376K), 0.0064911 secs] [Times: user=0.00 sys=0.00, real=0.01 secs] 
2020-10-27T21:11:34.859+0800: 6.136: [GC (Allocation Failure) [PSYoungGen: 135524K->26978K(135680K)] 382163K->304828K(485376K), 0.0061328 secs] [Times: user=0.00 sys=0.00, real=0.01 secs] 
2020-10-27T21:11:34.931+0800: 6.210: [GC (Allocation Failure) [PSYoungGen: 123746K->28785K(135680K)] 401596K->329620K(485376K), 0.0064271 secs] [Times: user=0.06 sys=0.00, real=0.01 secs] 
2020-10-27T21:11:35.004+0800: 6.282: [GC (Allocation Failure) [PSYoungGen: 125553K->32852K(135680K)] 426388K->358383K(485376K), 0.0058653 secs] [Times: user=0.00 sys=0.00, real=0.01 secs] 
2020-10-27T21:11:35.010+0800: 6.288: [Full GC (Ergonomics) [PSYoungGen: 32852K->0K(135680K)] [ParOldGen: 325530K->195177K(349696K)] 358383K->195177K(485376K), [Metaspace: 2700K->2700K(1056768K)], 0.0222289 secs] [Times: user=0.13 sys=0.00, real=0.02 secs] 
2020-10-27T21:11:35.104+0800: 6.382: [GC (Allocation Failure) [PSYoungGen: 96768K->32645K(135680K)] 291945K->227822K(485376K), 0.0036035 secs] [Times: user=0.06 sys=0.00, real=0.00 secs] 
2020-10-27T21:11:35.176+0800: 6.454: [GC (Allocation Failure) [PSYoungGen: 129413K->36160K(134144K)] 324590K->257137K(483840K), 0.0062112 secs] [Times: user=0.00 sys=0.00, real=0.01 secs] 
2020-10-27T21:11:35.235+0800: 6.513: [GC (Allocation Failure) [PSYoungGen: 131873K->25624K(121856K)] 352851K->276151K(471552K), 0.0061238 secs] [Times: user=0.00 sys=0.00, real=0.01 secs] 
2020-10-27T21:11:35.289+0800: 6.568: [GC (Allocation Failure) [PSYoungGen: 121368K->31034K(135680K)] 371895K->301942K(485376K), 0.0064347 secs] [Times: user=0.05 sys=0.00, real=0.01 secs] 
2020-10-27T21:11:35.355+0800: 6.633: [GC (Allocation Failure) [PSYoungGen: 126778K->29423K(134656K)] 397686K->324965K(484352K), 0.0062213 secs] [Times: user=0.00 sys=0.00, real=0.01 secs] 
2020-10-27T21:11:35.426+0800: 6.704: [GC (Allocation Failure) [PSYoungGen: 124667K->25258K(135680K)] 420209K->345018K(485376K), 0.0056897 secs] [Times: user=0.00 sys=0.00, real=0.01 secs] 
2020-10-27T21:11:35.432+0800: 6.710: [Full GC (Ergonomics) [PSYoungGen: 25258K->0K(135680K)] [ParOldGen: 319760K->182904K(349696K)] 345018K->182904K(485376K), [Metaspace: 2700K->2700K(1056768K)], 0.0215795 secs] [Times: user=0.11 sys=0.00, real=0.02 secs] 
2020-10-27T21:11:35.518+0800: 6.796: [GC (Allocation Failure) [PSYoungGen: 96768K->28339K(135680K)] 279672K->211244K(485376K), 0.0030680 secs] [Times: user=0.00 sys=0.00, real=0.00 secs] 
2020-10-27T21:11:35.578+0800: 6.855: [GC (Allocation Failure) [PSYoungGen: 125107K->30289K(136704K)] 308012K->236480K(486400K), 0.0059213 secs] [Times: user=0.00 sys=0.00, real=0.01 secs] 
2020-10-27T21:11:35.667+0800: 6.945: [GC (Allocation Failure) [PSYoungGen: 128593K->36811K(135168K)] 334784K->267047K(484864K), 0.0070328 secs] [Times: user=0.05 sys=0.00, real=0.01 secs] 
2020-10-27T21:11:35.747+0800: 7.025: [GC (Allocation Failure) [PSYoungGen: 135115K->32505K(135168K)] 365351K->293028K(484864K), 0.0070440 secs] [Times: user=0.00 sys=0.00, real=0.01 secs] 
2020-10-27T21:11:35.805+0800: 7.083: [GC (Allocation Failure) [PSYoungGen: 128249K->28614K(135168K)] 388772K->316081K(484864K), 0.0059028 secs] [Times: user=0.05 sys=0.00, real=0.01 secs] 
2020-10-27T21:11:35.865+0800: 7.143: [GC (Allocation Failure) [PSYoungGen: 123752K->31076K(136704K)] 411219K->341713K(486400K), 0.0058175 secs] [Times: user=0.02 sys=0.00, real=0.01 secs] 
2020-10-27T21:11:35.939+0800: 7.217: [GC (Allocation Failure) [PSYoungGen: 128868K->23770K(135680K)] 439505K->358368K(485376K), 0.0052087 secs] [Times: user=0.00 sys=0.00, real=0.01 secs] 
2020-10-27T21:11:35.944+0800: 7.222: [Full GC (Ergonomics) [PSYoungGen: 23770K->0K(135680K)] [ParOldGen: 334598K->180935K(349696K)] 358368K->180935K(485376K), [Metaspace: 2700K->2700K(1056768K)], 0.0224125 secs] [Times: user=0.06 sys=0.00, real=0.02 secs] 
2020-10-27T21:11:36.020+0800: 7.298: [GC (Allocation Failure) [PSYoungGen: 97792K->31267K(136192K)] 278727K->212203K(485888K), 0.0034408 secs] [Times: user=0.00 sys=0.00, real=0.00 secs] 
2020-10-27T21:11:36.087+0800: 7.365: [GC (Allocation Failure) [PSYoungGen: 128928K->29942K(136192K)] 309864K->236322K(485888K), 0.0062526 secs] [Times: user=0.06 sys=0.00, real=0.01 secs] 
2020-10-27T21:11:36.150+0800: 7.428: [GC (Allocation Failure) [PSYoungGen: 127606K->33657K(136192K)] 333986K->267003K(485888K), 0.0064174 secs] [Times: user=0.06 sys=0.00, real=0.01 secs] 
2020-10-27T21:11:36.215+0800: 7.493: [GC (Allocation Failure) [PSYoungGen: 132473K->32576K(136704K)] 365819K->292667K(486400K), 0.0066485 secs] [Times: user=0.00 sys=0.00, real=0.01 secs] 
2020-10-27T21:11:36.277+0800: 7.555: [GC (Allocation Failure) [PSYoungGen: 131312K->34156K(135680K)] 391404K->318588K(485376K), 0.0071419 secs] [Times: user=0.06 sys=0.00, real=0.01 secs] 
2020-10-27T21:11:36.350+0800: 7.628: [GC (Allocation Failure) [PSYoungGen: 131948K->28025K(136192K)] 416380K->341053K(485888K), 0.0057707 secs] [Times: user=0.06 sys=0.00, real=0.01 secs] 
2020-10-27T21:11:36.430+0800: 7.709: [GC (Allocation Failure) [PSYoungGen: 125817K->32277K(136192K)] 438845K->368635K(485888K), 0.0068416 secs] [Times: user=0.06 sys=0.00, real=0.01 secs] 
2020-10-27T21:11:36.437+0800: 7.715: [Full GC (Ergonomics) [PSYoungGen: 32277K->0K(136192K)] [ParOldGen: 336357K->189327K(349696K)] 368635K->189327K(485888K), [Metaspace: 2700K->2700K(1056768K)], 0.0219390 secs] [Times: user=0.05 sys=0.00, real=0.02 secs] 
2020-10-27T21:11:36.540+0800: 7.818: [GC (Allocation Failure) [PSYoungGen: 97792K->35297K(133120K)] 287119K->224624K(482816K), 0.0036866 secs] [Times: user=0.06 sys=0.00, real=0.00 secs] 
2020-10-27T21:11:36.617+0800: 7.895: [GC (Allocation Failure) [PSYoungGen: 133089K->34873K(134656K)] 322416K->253204K(484352K), 0.0068440 secs] [Times: user=0.06 sys=0.00, real=0.01 secs] 
2020-10-27T21:11:36.703+0800: 7.981: [GC (Allocation Failure) [PSYoungGen: 130574K->36204K(132096K)] 348905K->283298K(481792K), 0.0067110 secs] [Times: user=0.00 sys=0.00, real=0.01 secs] 
2020-10-27T21:11:36.766+0800: 8.044: [GC (Allocation Failure) [PSYoungGen: 131767K->32580K(134656K)] 378862K->308367K(484352K), 0.0064609 secs] [Times: user=0.00 sys=0.00, real=0.01 secs] 
2020-10-27T21:11:36.845+0800: 8.123: [GC (Allocation Failure) [PSYoungGen: 126788K->29099K(134144K)] 402575K->330995K(483840K), 0.0060911 secs] [Times: user=0.00 sys=0.00, real=0.01 secs] 
2020-10-27T21:11:36.935+0800: 8.213: [GC (Allocation Failure) [PSYoungGen: 123307K->36673K(133120K)] 425203K->362696K(482816K), 0.0110113 secs] [Times: user=0.00 sys=0.00, real=0.01 secs] 
2020-10-27T21:11:36.946+0800: 8.224: [Full GC (Ergonomics) [PSYoungGen: 36673K->0K(133120K)] [ParOldGen: 326022K->185599K(349696K)] 362696K->185599K(482816K), [Metaspace: 2700K->2700K(1056768K)], 0.0241918 secs] [Times: user=0.11 sys=0.00, real=0.02 secs] 
2020-10-27T21:11:37.017+0800: 8.295: [GC (Allocation Failure) [PSYoungGen: 93696K->30529K(134144K)] 279295K->216129K(483840K), 0.0033707 secs] [Times: user=0.00 sys=0.00, real=0.00 secs] 
2020-10-27T21:11:37.103+0800: 8.380: [GC (Allocation Failure) [PSYoungGen: 123968K->31880K(135168K)] 309567K->241043K(484864K), 0.0059030 secs] [Times: user=0.06 sys=0.00, real=0.01 secs] 
2020-10-27T21:11:37.169+0800: 8.447: [GC (Allocation Failure) [PSYoungGen: 126600K->30660K(134144K)] 335763K->265951K(483840K), 0.0063549 secs] [Times: user=0.00 sys=0.00, real=0.01 secs] 
2020-10-27T21:11:37.252+0800: 8.530: [GC (Allocation Failure) [PSYoungGen: 125374K->35400K(134656K)] 360665K->294210K(484352K), 0.0058632 secs] [Times: user=0.00 sys=0.00, real=0.01 secs] 
2020-10-27T21:11:37.320+0800: 8.598: [GC (Allocation Failure) [PSYoungGen: 130958K->32294K(135168K)] 389768K->322270K(484864K), 0.0063232 secs] [Times: user=0.06 sys=0.00, real=0.01 secs] 
2020-10-27T21:11:37.398+0800: 8.676: [GC (Allocation Failure) [PSYoungGen: 128038K->33509K(135680K)] 418014K->350042K(485376K), 0.0072656 secs] [Times: user=0.06 sys=0.00, real=0.01 secs] 
2020-10-27T21:11:37.405+0800: 8.683: [Full GC (Ergonomics) [PSYoungGen: 33509K->0K(135680K)] [ParOldGen: 316532K->193128K(349696K)] 350042K->193128K(485376K), [Metaspace: 2700K->2700K(1056768K)], 0.0244809 secs] [Times: user=0.06 sys=0.00, real=0.03 secs] 
2020-10-27T21:11:37.487+0800: 8.764: [GC (Allocation Failure) [PSYoungGen: 95998K->30395K(135680K)] 289127K->223523K(485376K), 0.0033173 secs] [Times: user=0.00 sys=0.00, real=0.00 secs] 
2020-10-27T21:11:37.559+0800: 8.837: [GC (Allocation Failure) [PSYoungGen: 127163K->30441K(136192K)] 320291K->248669K(485888K), 0.0061720 secs] [Times: user=0.00 sys=0.00, real=0.01 secs] 
2020-10-27T21:11:37.641+0800: 8.919: [GC (Allocation Failure) [PSYoungGen: 128233K->31038K(136192K)] 346461K->274970K(485888K), 0.0057026 secs] [Times: user=0.00 sys=0.00, real=0.01 secs] 
2020-10-27T21:11:37.726+0800: 9.004: [GC (Allocation Failure) [PSYoungGen: 128668K->35889K(134656K)] 372600K->306569K(484352K), 0.0070419 secs] [Times: user=0.06 sys=0.00, real=0.01 secs] 
2020-10-27T21:11:37.810+0800: 9.088: [GC (Allocation Failure) [PSYoungGen: 132600K->33360K(135680K)] 403279K->330347K(485376K), 0.0066617 secs] [Times: user=0.00 sys=0.00, real=0.01 secs] 
2020-10-27T21:11:37.895+0800: 9.173: [GC (Allocation Failure) [PSYoungGen: 129403K->29609K(136192K)] 426390K->353825K(485888K), 0.0063637 secs] [Times: user=0.00 sys=0.00, real=0.01 secs] 
2020-10-27T21:11:37.901+0800: 9.180: [Full GC (Ergonomics) [PSYoungGen: 29609K->0K(136192K)] [ParOldGen: 324215K->186860K(349696K)] 353825K->186860K(485888K), [Metaspace: 2700K->2700K(1056768K)], 0.0238314 secs] [Times: user=0.08 sys=0.00, real=0.02 secs] 
2020-10-27T21:11:37.990+0800: 9.268: [GC (Allocation Failure) [PSYoungGen: 97792K->28276K(136192K)] 284652K->215137K(485888K), 0.0030108 secs] [Times: user=0.00 sys=0.00, real=0.00 secs] 
2020-10-27T21:11:38.073+0800: 9.351: [GC (Allocation Failure) [PSYoungGen: 126068K->34025K(136192K)] 312929K->243430K(485888K), 0.0072407 secs] [Times: user=0.06 sys=0.00, real=0.01 secs] 
2020-10-27T21:11:38.146+0800: 9.424: [GC (Allocation Failure) [PSYoungGen: 131817K->30282K(136192K)] 341222K->267682K(485888K), 0.0064443 secs] [Times: user=0.00 sys=0.00, real=0.01 secs] 
2020-10-27T21:11:38.216+0800: 9.494: [GC (Allocation Failure) [PSYoungGen: 128074K->37653K(133120K)] 365474K->299161K(482816K), 0.0067045 secs] [Times: user=0.00 sys=0.00, real=0.01 secs] 
2020-10-27T21:11:38.277+0800: 9.555: [GC (Allocation Failure) [PSYoungGen: 132373K->35383K(134656K)] 393881K->328694K(484352K), 0.0078569 secs] [Times: user=0.00 sys=0.00, real=0.01 secs] 
2020-10-27T21:11:38.347+0800: 9.625: [GC (Allocation Failure) [PSYoungGen: 130103K->30458K(134656K)] 423414K->355626K(484352K), 0.0061812 secs] [Times: user=0.00 sys=0.00, real=0.01 secs] 
2020-10-27T21:11:38.353+0800: 9.631: [Full GC (Ergonomics) [PSYoungGen: 30458K->0K(134656K)] [ParOldGen: 325167K->199170K(349696K)] 355626K->199170K(484352K), [Metaspace: 2700K->2700K(1056768K)], 0.0229069 secs] [Times: user=0.13 sys=0.00, real=0.02 secs] 
2020-10-27T21:11:38.451+0800: 9.729: [GC (Allocation Failure) [PSYoungGen: 94720K->29298K(134656K)] 293890K->228469K(484352K), 0.0034944 secs] [Times: user=0.00 sys=0.00, real=0.00 secs] 
2020-10-27T21:11:38.512+0800: 9.790: [GC (Allocation Failure) [PSYoungGen: 124018K->28069K(135168K)] 323189K->250960K(484864K), 0.0056407 secs] [Times: user=0.00 sys=0.00, real=0.01 secs] 
2020-10-27T21:11:38.576+0800: 9.854: [GC (Allocation Failure) [PSYoungGen: 123301K->28588K(134656K)] 346192K->274752K(484352K), 0.0063258 secs] [Times: user=0.00 sys=0.00, real=0.01 secs] 
2020-10-27T21:11:38.650+0800: 9.927: [GC (Allocation Failure) [PSYoungGen: 123820K->27793K(135168K)] 369984K->298435K(484864K), 0.0053314 secs] [Times: user=0.05 sys=0.00, real=0.00 secs] 
2020-10-27T21:11:38.732+0800: 10.011: [GC (Allocation Failure) [PSYoungGen: 123537K->32069K(135168K)] 394179K->324858K(484864K), 0.0062168 secs] [Times: user=0.00 sys=0.00, real=0.01 secs] 
2020-10-27T21:11:38.812+0800: 10.090: [GC (Allocation Failure) [PSYoungGen: 127813K->34061K(134656K)] 420602K->352534K(484352K), 0.0076433 secs] [Times: user=0.00 sys=0.00, real=0.01 secs] 
2020-10-27T21:11:38.820+0800: 10.098: [Full GC (Ergonomics) [PSYoungGen: 34061K->0K(134656K)] [ParOldGen: 318473K->186760K(349696K)] 352534K->186760K(484352K), [Metaspace: 2700K->2700K(1056768K)], 0.0223544 secs] [Times: user=0.13 sys=0.00, real=0.02 secs] 
Heap
 PSYoungGen      total 134656K, used 4192K [0x00000000f5580000, 0x0000000100000000, 0x0000000100000000)
  eden space 95744K, 4% used [0x00000000f5580000,0x00000000f59980b8,0x00000000fb300000)
  from space 38912K, 0% used [0x00000000fda00000,0x00000000fda00000,0x0000000100000000)
  to   space 39424K, 0% used [0x00000000fb300000,0x00000000fb300000,0x00000000fd980000)
 ParOldGen       total 349696K, used 186760K [0x00000000e0000000, 0x00000000f5580000, 0x00000000f5580000)
  object space 349696K, 53% used [0x00000000e0000000,0x00000000eb6620b0,0x00000000f5580000)
 Metaspace       used 2707K, capacity 4486K, committed 4864K, reserved 1056768K
  class space    used 291K, capacity 386K, committed 512K, reserved 1048576K
