Java HotSpot(TM) 64-Bit Server VM (25.211-b12) for windows-amd64 JRE (1.8.0_211-b12), built on Apr  1 2019 20:53:26 by "java_re" with MS VC++ 10.0 (VS2010)
Memory: 4k page, physical 16640612k(9231164k free), swap 16640612k(7466324k free)
CommandLine flags: -XX:InitialHeapSize=2147483648 -XX:MaxGCPauseMillis=10 -XX:MaxHeapSize=2147483648 -XX:+PrintGC -XX:+PrintGCDateStamps -XX:+PrintGCTimeStamps -XX:+UseCompressedClassPointers -XX:+UseCompressedOops -XX:+UseG1GC -XX:-UseLargePagesIndividualAllocation 
2020-10-27T21:13:11.687+0800: 0.289: [GC pause (G1 Evacuation Pause) (young) 136M->49M(2048M), 0.0071065 secs]
2020-10-27T21:13:11.769+0800: 0.370: [GC pause (G1 Evacuation Pause) (young) 162M->82M(2048M), 0.0052733 secs]
2020-10-27T21:13:11.840+0800: 0.442: [GC pause (G1 Evacuation Pause) (young) 199M->113M(2048M), 0.0048779 secs]
2020-10-27T21:13:11.928+0800: 0.529: [GC pause (G1 Evacuation Pause) (young) 228M->145M(2048M), 0.0061153 secs]
2020-10-27T21:13:12.015+0800: 0.617: [GC pause (G1 Evacuation Pause) (young) 256M->165M(2048M), 0.0047357 secs]
2020-10-27T21:13:12.115+0800: 0.717: [GC pause (G1 Evacuation Pause) (young) 270M->190M(2048M), 0.0053245 secs]
2020-10-27T21:13:12.224+0800: 0.825: [GC pause (G1 Evacuation Pause) (young) 299M->219M(2048M), 0.0062550 secs]
2020-10-27T21:13:12.304+0800: 0.905: [GC pause (G1 Evacuation Pause) (young) 328M->240M(2048M), 0.0050313 secs]
2020-10-27T21:13:12.392+0800: 0.994: [GC pause (G1 Evacuation Pause) (young) 351M->264M(2048M), 0.0056068 secs]
2020-10-27T21:13:12.454+0800: 1.055: [GC pause (G1 Evacuation Pause) (young) 377M->288M(2048M), 0.0048478 secs]
2020-10-27T21:13:12.553+0800: 1.154: [GC pause (G1 Evacuation Pause) (young) 408M->321M(2048M), 0.0049207 secs]
2020-10-27T21:13:12.645+0800: 1.246: [GC pause (G1 Evacuation Pause) (young) 438M->352M(2048M), 0.0055872 secs]
2020-10-27T21:13:12.719+0800: 1.321: [GC pause (G1 Evacuation Pause) (young) 467M->377M(2048M), 0.0054392 secs]
2020-10-27T21:13:12.826+0800: 1.427: [GC pause (G1 Evacuation Pause) (young) 491M->406M(2048M), 0.0058678 secs]
2020-10-27T21:13:12.924+0800: 1.525: [GC pause (G1 Evacuation Pause) (young) 514M->435M(2048M), 0.0048503 secs]
2020-10-27T21:13:12.987+0800: 1.588: [GC pause (G1 Evacuation Pause) (young) 552M->457M(2048M), 0.0052488 secs]
2020-10-27T21:13:13.057+0800: 1.658: [GC pause (G1 Evacuation Pause) (young) 572M->485M(2048M), 0.0061336 secs]
2020-10-27T21:13:13.135+0800: 1.737: [GC pause (G1 Evacuation Pause) (young) 602M->517M(2048M), 0.0056282 secs]
2020-10-27T21:13:13.216+0800: 1.818: [GC pause (G1 Evacuation Pause) (young) 631M->537M(2048M), 0.0050668 secs]
2020-10-27T21:13:13.302+0800: 1.904: [GC pause (G1 Evacuation Pause) (young) 647M->555M(2048M), 0.0047962 secs]
2020-10-27T21:13:13.393+0800: 1.994: [GC pause (G1 Evacuation Pause) (young) 667M->579M(2048M), 0.0049655 secs]
2020-10-27T21:13:13.466+0800: 2.068: [GC pause (G1 Evacuation Pause) (young) 691M->604M(2048M), 0.0055586 secs]
2020-10-27T21:13:13.547+0800: 2.149: [GC pause (G1 Evacuation Pause) (young) 711M->629M(2048M), 0.0049362 secs]
2020-10-27T21:13:13.638+0800: 2.239: [GC pause (G1 Evacuation Pause) (young) 739M->650M(2048M), 0.0053227 secs]
2020-10-27T21:13:13.718+0800: 2.319: [GC pause (G1 Evacuation Pause) (young) 763M->677M(2048M), 0.0055331 secs]
2020-10-27T21:13:13.798+0800: 2.400: [GC pause (G1 Evacuation Pause) (young) 790M->700M(2048M), 0.0050742 secs]
2020-10-27T21:13:13.884+0800: 2.486: [GC pause (G1 Evacuation Pause) (young) 814M->726M(2048M), 0.0060491 secs]
2020-10-27T21:13:13.951+0800: 2.553: [GC pause (G1 Evacuation Pause) (young) 848M->758M(2048M), 0.0059473 secs]
2020-10-27T21:13:14.042+0800: 2.643: [GC pause (G1 Evacuation Pause) (young) 869M->782M(2048M), 0.0108287 secs]
2020-10-27T21:13:14.135+0800: 2.736: [GC pause (G1 Evacuation Pause) (young) 900M->816M(2048M), 0.0060414 secs]
2020-10-27T21:13:14.198+0800: 2.800: [GC pause (G1 Evacuation Pause) (young) 933M->839M(2048M), 0.0059779 secs]
2020-10-27T21:13:14.283+0800: 2.885: [GC pause (G1 Evacuation Pause) (young) 951M->864M(2048M), 0.0057927 secs]
2020-10-27T21:13:14.365+0800: 2.966: [GC pause (G1 Evacuation Pause) (young) 973M->883M(2048M), 0.0050727 secs]
2020-10-27T21:13:14.436+0800: 3.037: [GC pause (G1 Humongous Allocation) (young) (initial-mark) 968M->900M(2048M), 0.0048116 secs]
2020-10-27T21:13:14.441+0800: 3.042: [GC concurrent-root-region-scan-start]
2020-10-27T21:13:14.441+0800: 3.042: [GC concurrent-root-region-scan-end, 0.0001238 secs]
2020-10-27T21:13:14.441+0800: 3.042: [GC concurrent-mark-start]
2020-10-27T21:13:14.446+0800: 3.047: [GC concurrent-mark-end, 0.0049819 secs]
2020-10-27T21:13:14.446+0800: 3.047: [GC remark, 0.0010772 secs]
2020-10-27T21:13:14.447+0800: 3.048: [GC cleanup 907M->390M(2048M), 0.0009851 secs]
2020-10-27T21:13:14.448+0800: 3.049: [GC concurrent-cleanup-start]
2020-10-27T21:13:14.448+0800: 3.050: [GC concurrent-cleanup-end, 0.0003375 secs]
2020-10-27T21:13:14.532+0800: 3.134: [GC pause (G1 Evacuation Pause) (young) 495M->412M(2048M), 0.0054781 secs]
2020-10-27T21:13:14.603+0800: 3.205: [GC pause (G1 Evacuation Pause) (mixed) 521M->405M(2048M), 0.0058691 secs]
2020-10-27T21:13:14.659+0800: 3.260: [GC pause (G1 Evacuation Pause) (mixed) 514M->395M(2048M), 0.0048396 secs]
2020-10-27T21:13:14.738+0800: 3.339: [GC pause (G1 Evacuation Pause) (mixed) 509M->384M(2048M), 0.0056996 secs]
2020-10-27T21:13:14.822+0800: 3.423: [GC pause (G1 Evacuation Pause) (young) 498M->414M(2048M), 0.0112536 secs]
2020-10-27T21:13:14.923+0800: 3.525: [GC pause (G1 Evacuation Pause) (young) 523M->448M(2048M), 0.0049126 secs]
2020-10-27T21:13:15.029+0800: 3.631: [GC pause (G1 Evacuation Pause) (young) 566M->483M(2048M), 0.0051328 secs]
2020-10-27T21:13:15.100+0800: 3.702: [GC pause (G1 Evacuation Pause) (young) 596M->498M(2048M), 0.0047193 secs]
2020-10-27T21:13:15.193+0800: 3.794: [GC pause (G1 Evacuation Pause) (young) 612M->517M(2048M), 0.0045081 secs]
2020-10-27T21:13:15.275+0800: 3.876: [GC pause (G1 Evacuation Pause) (young) 622M->538M(2048M), 0.0049546 secs]
2020-10-27T21:13:15.365+0800: 3.967: [GC pause (G1 Evacuation Pause) (young) 651M->570M(2048M), 0.0058203 secs]
2020-10-27T21:13:15.435+0800: 4.036: [GC pause (G1 Evacuation Pause) (young) 674M->586M(2048M), 0.0050662 secs]
2020-10-27T21:13:15.524+0800: 4.126: [GC pause (G1 Evacuation Pause) (young) 692M->613M(2048M), 0.0115125 secs]
2020-10-27T21:13:15.586+0800: 4.187: [GC pause (G1 Evacuation Pause) (young) 720M->636M(2048M), 0.0051052 secs]
2020-10-27T21:13:15.655+0800: 4.257: [GC pause (G1 Evacuation Pause) (young) 746M->661M(2048M), 0.0051227 secs]
2020-10-27T21:13:15.714+0800: 4.316: [GC pause (G1 Evacuation Pause) (young) 772M->686M(2048M), 0.0055183 secs]
2020-10-27T21:13:15.810+0800: 4.412: [GC pause (G1 Evacuation Pause) (young) 800M->711M(2048M), 0.0047059 secs]
2020-10-27T21:13:15.888+0800: 4.489: [GC pause (G1 Evacuation Pause) (young) 820M->740M(2048M), 0.0049869 secs]
2020-10-27T21:13:15.969+0800: 4.570: [GC pause (G1 Evacuation Pause) (young) 854M->764M(2048M), 0.0043823 secs]
2020-10-27T21:13:16.023+0800: 4.624: [GC pause (G1 Evacuation Pause) (young) 875M->785M(2048M), 0.0045271 secs]
2020-10-27T21:13:16.099+0800: 4.700: [GC pause (G1 Evacuation Pause) (young) 897M->807M(2048M), 0.0051115 secs]
2020-10-27T21:13:16.205+0800: 4.806: [GC pause (G1 Evacuation Pause) (young) 915M->831M(2048M), 0.0050199 secs]
2020-10-27T21:13:16.286+0800: 4.888: [GC pause (G1 Evacuation Pause) (young) 939M->863M(2048M), 0.0054052 secs]
2020-10-27T21:13:16.365+0800: 4.966: [GC pause (G1 Evacuation Pause) (young) 975M->889M(2048M), 0.0053267 secs]
2020-10-27T21:13:16.397+0800: 4.999: [GC pause (G1 Humongous Allocation) (young) (initial-mark) 926M->900M(2048M), 0.0040363 secs]
2020-10-27T21:13:16.401+0800: 5.003: [GC concurrent-root-region-scan-start]
2020-10-27T21:13:16.401+0800: 5.003: [GC concurrent-root-region-scan-end, 0.0001232 secs]
2020-10-27T21:13:16.401+0800: 5.003: [GC concurrent-mark-start]
2020-10-27T21:13:16.405+0800: 5.007: [GC concurrent-mark-end, 0.0037620 secs]
2020-10-27T21:13:16.405+0800: 5.007: [GC remark, 0.0011926 secs]
2020-10-27T21:13:16.406+0800: 5.008: [GC cleanup 906M->384M(2048M), 0.0010087 secs]
2020-10-27T21:13:16.407+0800: 5.009: [GC concurrent-cleanup-start]
2020-10-27T21:13:16.408+0800: 5.010: [GC concurrent-cleanup-end, 0.0004111 secs]
2020-10-27T21:13:16.525+0800: 5.126: [GC pause (G1 Evacuation Pause) (young) 526M->407M(2048M), 0.0094647 secs]
2020-10-27T21:13:16.617+0800: 5.219: [GC pause (G1 Evacuation Pause) (mixed) 513M->394M(2048M), 0.0052245 secs]
2020-10-27T21:13:16.702+0800: 5.304: [GC pause (G1 Evacuation Pause) (mixed) 506M->388M(2048M), 0.0052629 secs]
2020-10-27T21:13:16.784+0800: 5.386: [GC pause (G1 Evacuation Pause) (mixed) 505M->390M(2048M), 0.0145458 secs]
2020-10-27T21:13:16.882+0800: 5.483: [GC pause (G1 Evacuation Pause) (young) 505M->423M(2048M), 0.0059631 secs]
2020-10-27T21:13:16.956+0800: 5.557: [GC pause (G1 Evacuation Pause) (young) 536M->452M(2048M), 0.0049409 secs]
2020-10-27T21:13:17.026+0800: 5.628: [GC pause (G1 Evacuation Pause) (young) 568M->480M(2048M), 0.0051545 secs]
2020-10-27T21:13:17.104+0800: 5.706: [GC pause (G1 Evacuation Pause) (young) 591M->504M(2048M), 0.0054810 secs]
2020-10-27T21:13:17.212+0800: 5.813: [GC pause (G1 Evacuation Pause) (young) 623M->528M(2048M), 0.0046453 secs]
2020-10-27T21:13:17.319+0800: 5.920: [GC pause (G1 Evacuation Pause) (young) 647M->554M(2048M), 0.0054014 secs]
2020-10-27T21:13:17.406+0800: 6.008: [GC pause (G1 Evacuation Pause) (young) 665M->586M(2048M), 0.0051378 secs]
2020-10-27T21:13:17.494+0800: 6.096: [GC pause (G1 Evacuation Pause) (young) 691M->614M(2048M), 0.0049055 secs]
2020-10-27T21:13:17.581+0800: 6.182: [GC pause (G1 Evacuation Pause) (young) 722M->634M(2048M), 0.0047944 secs]
2020-10-27T21:13:17.654+0800: 6.255: [GC pause (G1 Evacuation Pause) (young) 747M->661M(2048M), 0.0053596 secs]
2020-10-27T21:13:17.726+0800: 6.328: [GC pause (G1 Evacuation Pause) (young) 777M->691M(2048M), 0.0051066 secs]
2020-10-27T21:13:17.814+0800: 6.416: [GC pause (G1 Evacuation Pause) (young) 804M->717M(2048M), 0.0051969 secs]
2020-10-27T21:13:17.898+0800: 6.499: [GC pause (G1 Evacuation Pause) (young) 826M->742M(2048M), 0.0051126 secs]
2020-10-27T21:13:17.971+0800: 6.572: [GC pause (G1 Evacuation Pause) (young) 851M->758M(2048M), 0.0045677 secs]
2020-10-27T21:13:18.059+0800: 6.660: [GC pause (G1 Evacuation Pause) (young) 861M->784M(2048M), 0.0053123 secs]
2020-10-27T21:13:18.106+0800: 6.707: [GC pause (G1 Evacuation Pause) (young) 895M->804M(2048M), 0.0050256 secs]
2020-10-27T21:13:18.185+0800: 6.787: [GC pause (G1 Evacuation Pause) (young) 912M->834M(2048M), 0.0054063 secs]
2020-10-27T21:13:18.263+0800: 6.865: [GC pause (G1 Evacuation Pause) (young) 946M->857M(2048M), 0.0050947 secs]
2020-10-27T21:13:18.340+0800: 6.941: [GC pause (G1 Evacuation Pause) (young) 975M->887M(2048M), 0.0049878 secs]
2020-10-27T21:13:18.377+0800: 6.978: [GC pause (G1 Humongous Allocation) (young) (initial-mark) 937M->903M(2048M), 0.0090260 secs]
2020-10-27T21:13:18.386+0800: 6.987: [GC concurrent-root-region-scan-start]
2020-10-27T21:13:18.386+0800: 6.988: [GC concurrent-root-region-scan-end, 0.0001492 secs]
2020-10-27T21:13:18.386+0800: 6.988: [GC concurrent-mark-start]
2020-10-27T21:13:18.395+0800: 6.997: [GC concurrent-mark-end, 0.0091378 secs]
2020-10-27T21:13:18.396+0800: 6.997: [GC remark, 0.0018805 secs]
2020-10-27T21:13:18.398+0800: 6.999: [GC cleanup 915M->407M(2048M), 0.0013348 secs]
2020-10-27T21:13:18.399+0800: 7.000: [GC concurrent-cleanup-start]
2020-10-27T21:13:18.400+0800: 7.001: [GC concurrent-cleanup-end, 0.0005180 secs]
2020-10-27T21:13:18.468+0800: 7.069: [GC pause (G1 Evacuation Pause) (young) 519M->426M(2048M), 0.0049460 secs]
2020-10-27T21:13:18.552+0800: 7.154: [GC pause (G1 Evacuation Pause) (mixed) 533M->413M(2048M), 0.0053482 secs]
2020-10-27T21:13:18.631+0800: 7.232: [GC pause (G1 Evacuation Pause) (mixed) 528M->401M(2048M), 0.0055591 secs]
2020-10-27T21:13:18.718+0800: 7.320: [GC pause (G1 Evacuation Pause) (mixed) 512M->391M(2048M), 0.0055175 secs]
2020-10-27T21:13:18.798+0800: 7.399: [GC pause (G1 Evacuation Pause) (mixed) 509M->422M(2048M), 0.0052142 secs]
2020-10-27T21:13:18.875+0800: 7.477: [GC pause (G1 Evacuation Pause) (young) 534M->449M(2048M), 0.0047452 secs]
2020-10-27T21:13:18.954+0800: 7.555: [GC pause (G1 Evacuation Pause) (young) 564M->468M(2048M), 0.0049741 secs]
2020-10-27T21:13:19.041+0800: 7.643: [GC pause (G1 Evacuation Pause) (young) 581M->493M(2048M), 0.0047016 secs]
2020-10-27T21:13:19.137+0800: 7.738: [GC pause (G1 Evacuation Pause) (young) 609M->521M(2048M), 0.0048544 secs]
2020-10-27T21:13:19.217+0800: 7.818: [GC pause (G1 Evacuation Pause) (young) 628M->545M(2048M), 0.0053497 secs]
2020-10-27T21:13:19.292+0800: 7.894: [GC pause (G1 Evacuation Pause) (young) 658M->578M(2048M), 0.0047526 secs]
2020-10-27T21:13:19.357+0800: 7.959: [GC pause (G1 Evacuation Pause) (young) 692M->607M(2048M), 0.0047517 secs]
2020-10-27T21:13:19.446+0800: 8.048: [GC pause (G1 Evacuation Pause) (young) 719M->633M(2048M), 0.0092998 secs]
2020-10-27T21:13:19.543+0800: 8.144: [GC pause (G1 Evacuation Pause) (young) 747M->660M(2048M), 0.0051148 secs]
2020-10-27T21:13:19.606+0800: 8.208: [GC pause (G1 Evacuation Pause) (young) 773M->683M(2048M), 0.0050107 secs]
2020-10-27T21:13:19.684+0800: 8.286: [GC pause (G1 Evacuation Pause) (young) 793M->707M(2048M), 0.0046984 secs]
2020-10-27T21:13:19.773+0800: 8.375: [GC pause (G1 Evacuation Pause) (young) 813M->724M(2048M), 0.0044347 secs]
2020-10-27T21:13:19.864+0800: 8.465: [GC pause (G1 Evacuation Pause) (young) 836M->742M(2048M), 0.0046109 secs]
2020-10-27T21:13:19.931+0800: 8.532: [GC pause (G1 Evacuation Pause) (young) 850M->762M(2048M), 0.0047071 secs]
2020-10-27T21:13:20.009+0800: 8.611: [GC pause (G1 Evacuation Pause) (young) 877M->801M(2048M), 0.0052226 secs]
2020-10-27T21:13:20.117+0800: 8.719: [GC pause (G1 Evacuation Pause) (young) 915M->822M(2048M), 0.0053401 secs]
2020-10-27T21:13:20.206+0800: 8.807: [GC pause (G1 Evacuation Pause) (young) 930M->850M(2048M), 0.0058065 secs]
2020-10-27T21:13:20.278+0800: 8.879: [GC pause (G1 Humongous Allocation) (young) (initial-mark) 964M->876M(2048M), 0.0051505 secs]
2020-10-27T21:13:20.283+0800: 8.884: [GC concurrent-root-region-scan-start]
2020-10-27T21:13:20.283+0800: 8.884: [GC concurrent-root-region-scan-end, 0.0000701 secs]
2020-10-27T21:13:20.283+0800: 8.884: [GC concurrent-mark-start]
2020-10-27T21:13:20.287+0800: 8.889: [GC concurrent-mark-end, 0.0043013 secs]
2020-10-27T21:13:20.288+0800: 8.889: [GC remark, 0.0013356 secs]
2020-10-27T21:13:20.289+0800: 8.890: [GC cleanup 881M->405M(2048M), 0.0009514 secs]
2020-10-27T21:13:20.290+0800: 8.891: [GC concurrent-cleanup-start]
2020-10-27T21:13:20.290+0800: 8.892: [GC concurrent-cleanup-end, 0.0002949 secs]
2020-10-27T21:13:20.377+0800: 8.979: [GC pause (G1 Evacuation Pause) (young) 520M->426M(2048M), 0.0049830 secs]
2020-10-27T21:13:20.442+0800: 9.044: [GC pause (G1 Evacuation Pause) (mixed) 541M->413M(2048M), 0.0049584 secs]
2020-10-27T21:13:20.526+0800: 9.127: [GC pause (G1 Evacuation Pause) (mixed) 529M->402M(2048M), 0.0053272 secs]
2020-10-27T21:13:20.599+0800: 9.200: [GC pause (G1 Evacuation Pause) (mixed) 517M->394M(2048M), 0.0052709 secs]
2020-10-27T21:13:20.677+0800: 9.278: [GC pause (G1 Evacuation Pause) (young) 509M->415M(2048M), 0.0048282 secs]
2020-10-27T21:13:20.760+0800: 9.362: [GC pause (G1 Evacuation Pause) (young) 530M->449M(2048M), 0.0055848 secs]
2020-10-27T21:13:20.845+0800: 9.447: [GC pause (G1 Evacuation Pause) (young) 556M->472M(2048M), 0.0050417 secs]
2020-10-27T21:13:20.915+0800: 9.517: [GC pause (G1 Evacuation Pause) (young) 591M->499M(2048M), 0.0048797 secs]
2020-10-27T21:13:20.997+0800: 9.598: [GC pause (G1 Evacuation Pause) (young) 606M->521M(2048M), 0.0106592 secs]
2020-10-27T21:13:21.102+0800: 9.703: [GC pause (G1 Evacuation Pause) (young) 629M->543M(2048M), 0.0052869 secs]
2020-10-27T21:13:21.181+0800: 9.783: [GC pause (G1 Evacuation Pause) (young) 657M->573M(2048M), 0.0052091 secs]
2020-10-27T21:13:21.255+0800: 9.856: [GC pause (G1 Evacuation Pause) (young) 688M->605M(2048M), 0.0048077 secs]
2020-10-27T21:13:21.312+0800: 9.914: [GC pause (G1 Evacuation Pause) (young) 715M->626M(2048M), 0.0050821 secs]
2020-10-27T21:13:21.383+0800: 9.984: [GC pause (G1 Evacuation Pause) (young) 737M->651M(2048M), 0.0051454 secs]
2020-10-27T21:13:21.461+0800: 10.062: [GC pause (G1 Evacuation Pause) (young) 770M->679M(2048M), 0.0044856 secs]
