Java HotSpot(TM) 64-Bit Server VM (25.211-b12) for windows-amd64 JRE (1.8.0_211-b12), built on Apr  1 2019 20:53:26 by "java_re" with MS VC++ 10.0 (VS2010)
Memory: 4k page, physical 16640612k(9213420k free), swap 16640612k(7448040k free)
CommandLine flags: -XX:InitialHeapSize=536870912 -XX:MaxGCPauseMillis=10 -XX:MaxHeapSize=536870912 -XX:+PrintGC -XX:+PrintGCDateStamps -XX:+PrintGCTimeStamps -XX:+UseCompressedClassPointers -XX:+UseCompressedOops -XX:+UseG1GC -XX:-UseLargePagesIndividualAllocation 
2020-10-27T21:11:49.307+0800: 0.151: [GC pause (G1 Evacuation Pause) (young) 31M->10M(512M), 0.0020459 secs]
2020-10-27T21:11:49.336+0800: 0.180: [GC pause (G1 Evacuation Pause) (young) 35M->20M(512M), 0.0024004 secs]
2020-10-27T21:11:49.358+0800: 0.202: [GC pause (G1 Evacuation Pause) (young) 45M->28M(512M), 0.0020061 secs]
2020-10-27T21:11:49.381+0800: 0.225: [GC pause (G1 Evacuation Pause) (young) 58M->37M(512M), 0.0016264 secs]
2020-10-27T21:11:49.392+0800: 0.236: [GC pause (G1 Evacuation Pause) (young) 66M->50M(512M), 0.0025763 secs]
2020-10-27T21:11:49.405+0800: 0.249: [GC pause (G1 Evacuation Pause) (young) 74M->58M(512M), 0.0021664 secs]
2020-10-27T21:11:49.423+0800: 0.267: [GC pause (G1 Evacuation Pause) (young) 83M->65M(512M), 0.0023062 secs]
2020-10-27T21:11:49.451+0800: 0.295: [GC pause (G1 Evacuation Pause) (young) 93M->76M(512M), 0.0018583 secs]
2020-10-27T21:11:49.469+0800: 0.313: [GC pause (G1 Evacuation Pause) (young) 105M->85M(512M), 0.0018218 secs]
2020-10-27T21:11:49.491+0800: 0.335: [GC pause (G1 Evacuation Pause) (young) 115M->94M(512M), 0.0021812 secs]
2020-10-27T21:11:49.519+0800: 0.362: [GC pause (G1 Evacuation Pause) (young) 119M->103M(512M), 0.0060174 secs]
2020-10-27T21:11:49.556+0800: 0.399: [GC pause (G1 Evacuation Pause) (young) 131M->112M(512M), 0.0074128 secs]
2020-10-27T21:11:49.592+0800: 0.435: [GC pause (G1 Evacuation Pause) (young) 140M->119M(512M), 0.0023201 secs]
2020-10-27T21:11:49.613+0800: 0.456: [GC pause (G1 Evacuation Pause) (young) 147M->126M(512M), 0.0018205 secs]
2020-10-27T21:11:49.638+0800: 0.481: [GC pause (G1 Evacuation Pause) (young) 151M->134M(512M), 0.0021319 secs]
2020-10-27T21:11:49.665+0800: 0.508: [GC pause (G1 Evacuation Pause) (young) 160M->142M(512M), 0.0028739 secs]
2020-10-27T21:11:49.685+0800: 0.528: [GC pause (G1 Evacuation Pause) (young) 169M->149M(512M), 0.0017349 secs]
2020-10-27T21:11:49.706+0800: 0.550: [GC pause (G1 Evacuation Pause) (young) 182M->160M(512M), 0.0024081 secs]
2020-10-27T21:11:49.739+0800: 0.583: [GC pause (G1 Evacuation Pause) (young) 203M->177M(512M), 0.0027386 secs]
2020-10-27T21:11:49.769+0800: 0.613: [GC pause (G1 Evacuation Pause) (young) 216M->190M(512M), 0.0027950 secs]
2020-10-27T21:11:49.800+0800: 0.644: [GC pause (G1 Evacuation Pause) (young) 234M->203M(512M), 0.0029830 secs]
2020-10-27T21:11:49.819+0800: 0.663: [GC pause (G1 Humongous Allocation) (young) (initial-mark) 235M->207M(512M), 0.0024428 secs]
2020-10-27T21:11:49.822+0800: 0.665: [GC concurrent-root-region-scan-start]
2020-10-27T21:11:49.822+0800: 0.666: [GC concurrent-root-region-scan-end, 0.0001055 secs]
2020-10-27T21:11:49.822+0800: 0.666: [GC concurrent-mark-start]
2020-10-27T21:11:49.823+0800: 0.667: [GC concurrent-mark-end, 0.0017950 secs]
2020-10-27T21:11:49.824+0800: 0.667: [GC remark, 0.0010541 secs]
2020-10-27T21:11:49.825+0800: 0.669: [GC cleanup 210M->205M(512M), 0.0007576 secs]
2020-10-27T21:11:49.826+0800: 0.670: [GC concurrent-cleanup-start]
2020-10-27T21:11:49.826+0800: 0.670: [GC concurrent-cleanup-end, 0.0000098 secs]
2020-10-27T21:11:49.874+0800: 0.718: [GC pause (G1 Evacuation Pause) (young) 264M->217M(512M), 0.0031709 secs]
2020-10-27T21:11:49.886+0800: 0.730: [GC pause (G1 Evacuation Pause) (mixed) 237M->207M(512M), 0.0021322 secs]
2020-10-27T21:11:49.906+0800: 0.750: [GC pause (G1 Evacuation Pause) (mixed) 234M->203M(512M), 0.0024398 secs]
2020-10-27T21:11:49.927+0800: 0.770: [GC pause (G1 Evacuation Pause) (mixed) 228M->199M(512M), 0.0027737 secs]
2020-10-27T21:11:49.954+0800: 0.798: [GC pause (G1 Evacuation Pause) (mixed) 227M->201M(512M), 0.0020175 secs]
2020-10-27T21:11:49.977+0800: 0.821: [GC pause (G1 Humongous Allocation) (young) (initial-mark) 232M->208M(512M), 0.0027301 secs]
2020-10-27T21:11:49.980+0800: 0.824: [GC concurrent-root-region-scan-start]
2020-10-27T21:11:49.980+0800: 0.824: [GC concurrent-root-region-scan-end, 0.0001283 secs]
2020-10-27T21:11:49.980+0800: 0.824: [GC concurrent-mark-start]
2020-10-27T21:11:49.982+0800: 0.825: [GC concurrent-mark-end, 0.0017044 secs]
2020-10-27T21:11:49.982+0800: 0.825: [GC remark, 0.0008977 secs]
2020-10-27T21:11:49.983+0800: 0.826: [GC cleanup 212M->211M(512M), 0.0005465 secs]
2020-10-27T21:11:49.984+0800: 0.827: [GC concurrent-cleanup-start]
2020-10-27T21:11:49.984+0800: 0.827: [GC concurrent-cleanup-end, 0.0000081 secs]
2020-10-27T21:11:50.041+0800: 0.885: [GC pause (G1 Evacuation Pause) (young) 293M->227M(512M), 0.0046205 secs]
2020-10-27T21:11:50.068+0800: 0.913: [GC pause (G1 Evacuation Pause) (mixed) 246M->219M(512M), 0.0032523 secs]
2020-10-27T21:11:50.105+0800: 0.949: [GC pause (G1 Evacuation Pause) (mixed) 246M->216M(512M), 0.0034147 secs]
2020-10-27T21:11:50.145+0800: 0.989: [GC pause (G1 Evacuation Pause) (mixed) 244M->217M(512M), 0.0027682 secs]
2020-10-27T21:11:50.148+0800: 0.992: [GC pause (G1 Humongous Allocation) (young) (initial-mark) 219M->217M(512M), 0.0008750 secs]
2020-10-27T21:11:50.149+0800: 0.993: [GC concurrent-root-region-scan-start]
2020-10-27T21:11:50.149+0800: 0.993: [GC concurrent-root-region-scan-end, 0.0000832 secs]
2020-10-27T21:11:50.149+0800: 0.993: [GC concurrent-mark-start]
2020-10-27T21:11:50.151+0800: 0.995: [GC concurrent-mark-end, 0.0017906 secs]
2020-10-27T21:11:50.151+0800: 0.995: [GC remark, 0.0009896 secs]
2020-10-27T21:11:50.152+0800: 0.996: [GC cleanup 221M->219M(512M), 0.0002523 secs]
2020-10-27T21:11:50.152+0800: 0.996: [GC concurrent-cleanup-start]
2020-10-27T21:11:50.152+0800: 0.996: [GC concurrent-cleanup-end, 0.0000082 secs]
2020-10-27T21:11:50.328+0800: 1.171: [GC pause (G1 Evacuation Pause) (young)-- 428M->322M(512M), 0.0057859 secs]
2020-10-27T21:11:50.336+0800: 1.179: [GC pause (G1 Evacuation Pause) (mixed) 327M->296M(512M), 0.0037693 secs]
2020-10-27T21:11:50.351+0800: 1.194: [GC pause (G1 Evacuation Pause) (mixed) 328M->302M(512M), 0.0025280 secs]
2020-10-27T21:11:50.354+0800: 1.197: [GC pause (G1 Humongous Allocation) (young) (initial-mark) 303M->303M(512M), 0.0012378 secs]
2020-10-27T21:11:50.355+0800: 1.198: [GC concurrent-root-region-scan-start]
2020-10-27T21:11:50.355+0800: 1.198: [GC concurrent-root-region-scan-end, 0.0000908 secs]
2020-10-27T21:11:50.355+0800: 1.198: [GC concurrent-mark-start]
2020-10-27T21:11:50.357+0800: 1.200: [GC concurrent-mark-end, 0.0019243 secs]
2020-10-27T21:11:50.357+0800: 1.201: [GC remark, 0.0010834 secs]
2020-10-27T21:11:50.358+0800: 1.202: [GC cleanup 304M->299M(512M), 0.0002743 secs]
2020-10-27T21:11:50.359+0800: 1.202: [GC concurrent-cleanup-start]
2020-10-27T21:11:50.359+0800: 1.202: [GC concurrent-cleanup-end, 0.0000086 secs]
2020-10-27T21:11:50.449+0800: 1.292: [GC pause (G1 Evacuation Pause) (young) 417M->324M(512M), 0.0045848 secs]
2020-10-27T21:11:50.471+0800: 1.315: [GC pause (G1 Evacuation Pause) (mixed) 341M->281M(512M), 0.0034661 secs]
2020-10-27T21:11:50.497+0800: 1.341: [GC pause (G1 Evacuation Pause) (mixed) 310M->253M(512M), 0.0033737 secs]
2020-10-27T21:11:50.522+0800: 1.366: [GC pause (G1 Evacuation Pause) (mixed) 282M->244M(512M), 0.0035221 secs]
2020-10-27T21:11:50.533+0800: 1.377: [GC pause (G1 Humongous Allocation) (young) (initial-mark) 247M->244M(512M), 0.0009705 secs]
2020-10-27T21:11:50.534+0800: 1.378: [GC concurrent-root-region-scan-start]
2020-10-27T21:11:50.534+0800: 1.378: [GC concurrent-root-region-scan-end, 0.0000822 secs]
2020-10-27T21:11:50.534+0800: 1.378: [GC concurrent-mark-start]
2020-10-27T21:11:50.535+0800: 1.379: [GC concurrent-mark-end, 0.0017324 secs]
2020-10-27T21:11:50.536+0800: 1.380: [GC remark, 0.0009892 secs]
2020-10-27T21:11:50.537+0800: 1.381: [GC cleanup 246M->242M(512M), 0.0003520 secs]
2020-10-27T21:11:50.537+0800: 1.381: [GC concurrent-cleanup-start]
2020-10-27T21:11:50.537+0800: 1.381: [GC concurrent-cleanup-end, 0.0000096 secs]
2020-10-27T21:11:50.669+0800: 1.512: [GC pause (G1 Evacuation Pause) (young)-- 426M->323M(512M), 0.0045282 secs]
2020-10-27T21:11:50.677+0800: 1.521: [GC pause (G1 Evacuation Pause) (mixed) 328M->285M(512M), 0.0039775 secs]
2020-10-27T21:11:50.696+0800: 1.539: [GC pause (G1 Evacuation Pause) (mixed) 312M->292M(512M), 0.0019018 secs]
2020-10-27T21:11:50.698+0800: 1.542: [GC pause (G1 Humongous Allocation) (young) (initial-mark) 294M->292M(512M), 0.0012856 secs]
2020-10-27T21:11:50.699+0800: 1.543: [GC concurrent-root-region-scan-start]
2020-10-27T21:11:50.700+0800: 1.543: [GC concurrent-root-region-scan-end, 0.0000931 secs]
2020-10-27T21:11:50.700+0800: 1.543: [GC concurrent-mark-start]
2020-10-27T21:11:50.702+0800: 1.545: [GC concurrent-mark-end, 0.0019581 secs]
2020-10-27T21:11:50.702+0800: 1.545: [GC remark, 0.0010040 secs]
2020-10-27T21:11:50.703+0800: 1.546: [GC cleanup 294M->290M(512M), 0.0005467 secs]
2020-10-27T21:11:50.703+0800: 1.547: [GC concurrent-cleanup-start]
2020-10-27T21:11:50.703+0800: 1.547: [GC concurrent-cleanup-end, 0.0000098 secs]
2020-10-27T21:11:50.802+0800: 1.645: [GC pause (G1 Evacuation Pause) (young)-- 432M->358M(512M), 0.0045336 secs]
2020-10-27T21:11:50.815+0800: 1.659: [GC pause (G1 Evacuation Pause) (mixed) 370M->314M(512M), 0.0027370 secs]
2020-10-27T21:11:50.844+0800: 1.688: [GC pause (G1 Evacuation Pause) (mixed) 340M->283M(512M), 0.0038985 secs]
2020-10-27T21:11:50.863+0800: 1.707: [GC pause (G1 Evacuation Pause) (mixed) 308M->279M(512M), 0.0022464 secs]
2020-10-27T21:11:50.869+0800: 1.713: [GC pause (G1 Humongous Allocation) (young) (initial-mark) 283M->280M(512M), 0.0010560 secs]
2020-10-27T21:11:50.870+0800: 1.714: [GC concurrent-root-region-scan-start]
2020-10-27T21:11:50.870+0800: 1.714: [GC concurrent-root-region-scan-end, 0.0001305 secs]
2020-10-27T21:11:50.870+0800: 1.714: [GC concurrent-mark-start]
2020-10-27T21:11:50.872+0800: 1.716: [GC concurrent-mark-end, 0.0019075 secs]
2020-10-27T21:11:50.872+0800: 1.716: [GC remark, 0.0010198 secs]
2020-10-27T21:11:50.873+0800: 1.717: [GC cleanup 287M->283M(512M), 0.0005329 secs]
2020-10-27T21:11:50.874+0800: 1.718: [GC concurrent-cleanup-start]
2020-10-27T21:11:50.874+0800: 1.718: [GC concurrent-cleanup-end, 0.0000090 secs]
2020-10-27T21:11:50.983+0800: 1.827: [GC pause (G1 Evacuation Pause) (young)-- 436M->365M(512M), 0.0043743 secs]
2020-10-27T21:11:50.997+0800: 1.840: [GC pause (G1 Evacuation Pause) (mixed) 376M->322M(512M), 0.0034438 secs]
2020-10-27T21:11:51.020+0800: 1.864: [GC pause (G1 Evacuation Pause) (mixed) 347M->296M(512M), 0.0029262 secs]
2020-10-27T21:11:51.023+0800: 1.867: [GC pause (G1 Humongous Allocation) (young) (initial-mark) 297M->296M(512M), 0.0012446 secs]
2020-10-27T21:11:51.024+0800: 1.868: [GC concurrent-root-region-scan-start]
2020-10-27T21:11:51.024+0800: 1.868: [GC concurrent-root-region-scan-end, 0.0001061 secs]
2020-10-27T21:11:51.024+0800: 1.868: [GC concurrent-mark-start]
2020-10-27T21:11:51.026+0800: 1.870: [GC concurrent-mark-end, 0.0018845 secs]
2020-10-27T21:11:51.026+0800: 1.870: [GC remark, 0.0011698 secs]
2020-10-27T21:11:51.028+0800: 1.871: [GC cleanup 301M->296M(512M), 0.0006387 secs]
2020-10-27T21:11:51.028+0800: 1.872: [GC concurrent-cleanup-start]
2020-10-27T21:11:51.028+0800: 1.872: [GC concurrent-cleanup-end, 0.0000095 secs]
2020-10-27T21:11:51.120+0800: 1.964: [GC pause (G1 Evacuation Pause) (young) 433M->324M(512M), 0.0049235 secs]
2020-10-27T21:11:51.131+0800: 1.974: [GC pause (G1 Evacuation Pause) (mixed) 336M->279M(512M), 0.0033115 secs]
2020-10-27T21:11:51.158+0800: 2.001: [GC pause (G1 Evacuation Pause) (mixed) 308M->251M(512M), 0.0037618 secs]
2020-10-27T21:11:51.183+0800: 2.026: [GC pause (G1 Evacuation Pause) (mixed) 274M->246M(512M), 0.0026558 secs]
2020-10-27T21:11:51.186+0800: 2.029: [GC pause (G1 Humongous Allocation) (young) (initial-mark) 247M->246M(512M), 0.0011064 secs]
2020-10-27T21:11:51.187+0800: 2.030: [GC concurrent-root-region-scan-start]
2020-10-27T21:11:51.187+0800: 2.030: [GC concurrent-root-region-scan-end, 0.0001095 secs]
2020-10-27T21:11:51.187+0800: 2.030: [GC concurrent-mark-start]
2020-10-27T21:11:51.188+0800: 2.032: [GC concurrent-mark-end, 0.0018834 secs]
2020-10-27T21:11:51.188+0800: 2.032: [GC remark, 0.0009964 secs]
2020-10-27T21:11:51.189+0800: 2.033: [GC cleanup 249M->247M(512M), 0.0002875 secs]
2020-10-27T21:11:51.189+0800: 2.034: [GC concurrent-cleanup-start]
2020-10-27T21:11:51.189+0800: 2.034: [GC concurrent-cleanup-end, 0.0000078 secs]
2020-10-27T21:11:51.310+0800: 2.154: [GC pause (G1 Evacuation Pause) (young)-- 439M->370M(512M), 0.0035276 secs]
2020-10-27T21:11:51.322+0800: 2.166: [GC pause (G1 Evacuation Pause) (mixed) 377M->335M(512M), 0.0041026 secs]
2020-10-27T21:11:51.348+0800: 2.192: [GC pause (G1 Evacuation Pause) (mixed) 365M->338M(512M), 0.0024894 secs]
2020-10-27T21:11:51.352+0800: 2.196: [GC pause (G1 Humongous Allocation) (young) (initial-mark) 339M->338M(512M), 0.0011494 secs]
2020-10-27T21:11:51.353+0800: 2.197: [GC concurrent-root-region-scan-start]
2020-10-27T21:11:51.353+0800: 2.197: [GC concurrent-root-region-scan-end, 0.0001115 secs]
2020-10-27T21:11:51.353+0800: 2.197: [GC concurrent-mark-start]
2020-10-27T21:11:51.355+0800: 2.199: [GC concurrent-mark-end, 0.0020394 secs]
2020-10-27T21:11:51.355+0800: 2.199: [GC remark, 0.0011982 secs]
2020-10-27T21:11:51.357+0800: 2.200: [GC cleanup 344M->340M(512M), 0.0007500 secs]
2020-10-27T21:11:51.357+0800: 2.201: [GC concurrent-cleanup-start]
2020-10-27T21:11:51.357+0800: 2.201: [GC concurrent-cleanup-end, 0.0000099 secs]
2020-10-27T21:11:51.418+0800: 2.261: [GC pause (G1 Evacuation Pause) (young) 429M->362M(512M), 0.0039788 secs]
2020-10-27T21:11:51.427+0800: 2.270: [GC pause (G1 Evacuation Pause) (mixed) 380M->319M(512M), 0.0027777 secs]
2020-10-27T21:11:51.444+0800: 2.288: [GC pause (G1 Evacuation Pause) (mixed) 343M->283M(512M), 0.0031265 secs]
2020-10-27T21:11:51.472+0800: 2.316: [GC pause (G1 Evacuation Pause) (mixed) 311M->257M(512M), 0.0036726 secs]
2020-10-27T21:11:51.488+0800: 2.331: [GC pause (G1 Evacuation Pause) (mixed) 285M->258M(512M), 0.0031683 secs]
2020-10-27T21:11:51.491+0800: 2.335: [GC pause (G1 Humongous Allocation) (young) (initial-mark) 259M->258M(512M), 0.0015587 secs]
2020-10-27T21:11:51.493+0800: 2.336: [GC concurrent-root-region-scan-start]
2020-10-27T21:11:51.493+0800: 2.336: [GC concurrent-root-region-scan-end, 0.0001184 secs]
2020-10-27T21:11:51.493+0800: 2.336: [GC concurrent-mark-start]
2020-10-27T21:11:51.495+0800: 2.338: [GC concurrent-mark-end, 0.0018494 secs]
2020-10-27T21:11:51.495+0800: 2.338: [GC remark, 0.0011313 secs]
2020-10-27T21:11:51.496+0800: 2.340: [GC cleanup 263M->263M(512M), 0.0005912 secs]
2020-10-27T21:11:51.609+0800: 2.453: [GC pause (G1 Evacuation Pause) (young)-- 427M->358M(512M), 0.0040587 secs]
2020-10-27T21:11:51.617+0800: 2.461: [GC pause (G1 Evacuation Pause) (mixed) 367M->320M(512M), 0.0039346 secs]
2020-10-27T21:11:51.638+0800: 2.482: [GC pause (G1 Evacuation Pause) (mixed) 353M->320M(512M), 0.0026800 secs]
2020-10-27T21:11:51.642+0800: 2.486: [GC pause (G1 Humongous Allocation) (young) (initial-mark) 321M->320M(512M), 0.0013238 secs]
2020-10-27T21:11:51.643+0800: 2.487: [GC concurrent-root-region-scan-start]
2020-10-27T21:11:51.643+0800: 2.487: [GC concurrent-root-region-scan-end, 0.0001253 secs]
2020-10-27T21:11:51.643+0800: 2.487: [GC concurrent-mark-start]
2020-10-27T21:11:51.645+0800: 2.489: [GC concurrent-mark-end, 0.0019072 secs]
2020-10-27T21:11:51.645+0800: 2.489: [GC remark, 0.0012210 secs]
2020-10-27T21:11:51.647+0800: 2.491: [GC cleanup 321M->312M(512M), 0.0007460 secs]
2020-10-27T21:11:51.647+0800: 2.491: [GC concurrent-cleanup-start]
2020-10-27T21:11:51.647+0800: 2.491: [GC concurrent-cleanup-end, 0.0000109 secs]
2020-10-27T21:11:51.692+0800: 2.536: [GC pause (G1 Evacuation Pause) (young) 398M->331M(512M), 0.0045112 secs]
2020-10-27T21:11:51.706+0800: 2.550: [GC pause (G1 Evacuation Pause) (mixed) 350M->289M(512M), 0.0032131 secs]
2020-10-27T21:11:51.719+0800: 2.563: [GC pause (G1 Evacuation Pause) (mixed) 315M->261M(512M), 0.0035288 secs]
2020-10-27T21:11:51.738+0800: 2.582: [GC pause (G1 Evacuation Pause) (mixed) 290M->251M(512M), 0.0030535 secs]
2020-10-27T21:11:51.747+0800: 2.591: [GC pause (G1 Humongous Allocation) (young) (initial-mark) 254M->252M(512M), 0.0015325 secs]
2020-10-27T21:11:51.748+0800: 2.592: [GC concurrent-root-region-scan-start]
2020-10-27T21:11:51.748+0800: 2.592: [GC concurrent-root-region-scan-end, 0.0001185 secs]
2020-10-27T21:11:51.748+0800: 2.592: [GC concurrent-mark-start]
2020-10-27T21:11:51.751+0800: 2.594: [GC concurrent-mark-end, 0.0020411 secs]
2020-10-27T21:11:51.751+0800: 2.594: [GC remark, 0.0010279 secs]
2020-10-27T21:11:51.752+0800: 2.596: [GC cleanup 256M->255M(512M), 0.0008626 secs]
2020-10-27T21:11:51.753+0800: 2.597: [GC concurrent-cleanup-start]
2020-10-27T21:11:51.753+0800: 2.597: [GC concurrent-cleanup-end, 0.0000085 secs]
2020-10-27T21:11:51.871+0800: 2.714: [GC pause (G1 Evacuation Pause) (young) 415M->284M(512M), 0.0053594 secs]
2020-10-27T21:11:51.882+0800: 2.725: [GC pause (G1 Evacuation Pause) (mixed) 295M->260M(512M), 0.0039343 secs]
2020-10-27T21:11:51.908+0800: 2.751: [GC pause (G1 Evacuation Pause) (mixed) 286M->259M(512M), 0.0024864 secs]
2020-10-27T21:11:51.910+0800: 2.754: [GC pause (G1 Humongous Allocation) (young) (initial-mark) 260M->259M(512M), 0.0008067 secs]
2020-10-27T21:11:51.911+0800: 2.755: [GC concurrent-root-region-scan-start]
2020-10-27T21:11:51.911+0800: 2.755: [GC concurrent-root-region-scan-end, 0.0000726 secs]
2020-10-27T21:11:51.911+0800: 2.755: [GC concurrent-mark-start]
2020-10-27T21:11:51.913+0800: 2.757: [GC concurrent-mark-end, 0.0019199 secs]
2020-10-27T21:11:51.913+0800: 2.757: [GC remark, 0.0010514 secs]
2020-10-27T21:11:51.915+0800: 2.758: [GC cleanup 265M->265M(512M), 0.0002729 secs]
2020-10-27T21:11:51.981+0800: 2.825: [GC pause (G1 Evacuation Pause) (young) 393M->284M(512M), 0.0041670 secs]
2020-10-27T21:11:51.989+0800: 2.833: [GC pause (G1 Evacuation Pause) (mixed) 298M->249M(512M), 0.0039973 secs]
2020-10-27T21:11:52.006+0800: 2.850: [GC pause (G1 Evacuation Pause) (mixed) 273M->248M(512M), 0.0028545 secs]
2020-10-27T21:11:52.010+0800: 2.854: [GC pause (G1 Humongous Allocation) (young) (initial-mark) 249M->248M(512M), 0.0012724 secs]
2020-10-27T21:11:52.011+0800: 2.855: [GC concurrent-root-region-scan-start]
2020-10-27T21:11:52.011+0800: 2.855: [GC concurrent-root-region-scan-end, 0.0000912 secs]
2020-10-27T21:11:52.011+0800: 2.855: [GC concurrent-mark-start]
2020-10-27T21:11:52.013+0800: 2.857: [GC concurrent-mark-end, 0.0018602 secs]
2020-10-27T21:11:52.013+0800: 2.857: [GC remark, 0.0009623 secs]
2020-10-27T21:11:52.014+0800: 2.858: [GC cleanup 251M->251M(512M), 0.0003212 secs]
2020-10-27T21:11:52.148+0800: 2.991: [GC pause (G1 Evacuation Pause) (young)-- 424M->340M(512M), 0.0050053 secs]
2020-10-27T21:11:52.158+0800: 3.002: [GC pause (G1 Evacuation Pause) (mixed) 346M->303M(512M), 0.0043113 secs]
2020-10-27T21:11:52.181+0800: 3.025: [GC pause (G1 Evacuation Pause) (mixed) 329M->308M(512M), 0.0046085 secs]
2020-10-27T21:11:52.186+0800: 3.030: [GC pause (G1 Humongous Allocation) (young) (initial-mark) 309M->307M(512M), 0.0023697 secs]
2020-10-27T21:11:52.189+0800: 3.032: [GC concurrent-root-region-scan-start]
2020-10-27T21:11:52.189+0800: 3.032: [GC concurrent-root-region-scan-end, 0.0001618 secs]
2020-10-27T21:11:52.189+0800: 3.032: [GC concurrent-mark-start]
2020-10-27T21:11:52.194+0800: 3.037: [GC concurrent-mark-end, 0.0048400 secs]
2020-10-27T21:11:52.194+0800: 3.038: [GC remark, 0.0020077 secs]
2020-10-27T21:11:52.196+0800: 3.040: [GC cleanup 313M->309M(512M), 0.0010253 secs]
2020-10-27T21:11:52.197+0800: 3.041: [GC concurrent-cleanup-start]
2020-10-27T21:11:52.197+0800: 3.041: [GC concurrent-cleanup-end, 0.0000188 secs]
2020-10-27T21:11:52.257+0800: 3.100: [GC pause (G1 Evacuation Pause) (young) 424M->335M(512M), 0.0044973 secs]
2020-10-27T21:11:52.265+0800: 3.109: [GC pause (G1 Evacuation Pause) (mixed) 349M->291M(512M), 0.0031447 secs]
2020-10-27T21:11:52.280+0800: 3.123: [GC pause (G1 Evacuation Pause) (mixed) 319M->262M(512M), 0.0038559 secs]
2020-10-27T21:11:52.305+0800: 3.148: [GC pause (G1 Evacuation Pause) (mixed) 289M->250M(512M), 0.0030921 secs]
2020-10-27T21:11:52.309+0800: 3.152: [GC pause (G1 Humongous Allocation) (young) (initial-mark) 252M->251M(512M), 0.0011783 secs]
2020-10-27T21:11:52.310+0800: 3.153: [GC concurrent-root-region-scan-start]
2020-10-27T21:11:52.310+0800: 3.153: [GC concurrent-root-region-scan-end, 0.0001460 secs]
2020-10-27T21:11:52.310+0800: 3.153: [GC concurrent-mark-start]
2020-10-27T21:11:52.311+0800: 3.155: [GC concurrent-mark-end, 0.0018319 secs]
2020-10-27T21:11:52.311+0800: 3.155: [GC remark, 0.0008921 secs]
2020-10-27T21:11:52.312+0800: 3.156: [GC cleanup 256M->254M(512M), 0.0002717 secs]
2020-10-27T21:11:52.312+0800: 3.156: [GC concurrent-cleanup-start]
2020-10-27T21:11:52.312+0800: 3.156: [GC concurrent-cleanup-end, 0.0000078 secs]
2020-10-27T21:11:52.423+0800: 3.267: [GC pause (G1 Evacuation Pause) (young)-- 430M->344M(512M), 0.0045486 secs]
2020-10-27T21:11:52.432+0800: 3.276: [GC pause (G1 Evacuation Pause) (mixed) 353M->307M(512M), 0.0043386 secs]
2020-10-27T21:11:52.452+0800: 3.296: [GC pause (G1 Evacuation Pause) (mixed) 336M->308M(512M), 0.0024845 secs]
2020-10-27T21:11:52.454+0800: 3.298: [GC pause (G1 Humongous Allocation) (young) (initial-mark) 308M->308M(512M), 0.0008258 secs]
2020-10-27T21:11:52.455+0800: 3.299: [GC concurrent-root-region-scan-start]
2020-10-27T21:11:52.455+0800: 3.299: [GC concurrent-root-region-scan-end, 0.0000833 secs]
2020-10-27T21:11:52.455+0800: 3.299: [GC concurrent-mark-start]
2020-10-27T21:11:52.457+0800: 3.301: [GC concurrent-mark-end, 0.0020442 secs]
2020-10-27T21:11:52.457+0800: 3.301: [GC remark, 0.0010399 secs]
2020-10-27T21:11:52.459+0800: 3.303: [GC cleanup 318M->313M(512M), 0.0004341 secs]
2020-10-27T21:11:52.459+0800: 3.303: [GC concurrent-cleanup-start]
2020-10-27T21:11:52.459+0800: 3.303: [GC concurrent-cleanup-end, 0.0000092 secs]
2020-10-27T21:11:52.519+0800: 3.363: [GC pause (G1 Evacuation Pause) (young)-- 436M->356M(512M), 0.0046442 secs]
2020-10-27T21:11:52.534+0800: 3.378: [GC pause (G1 Evacuation Pause) (mixed) 369M->312M(512M), 0.0033249 secs]
2020-10-27T21:11:52.560+0800: 3.403: [GC pause (G1 Evacuation Pause) (mixed) 342M->283M(512M), 0.0039041 secs]
2020-10-27T21:11:52.574+0800: 3.418: [GC pause (G1 Evacuation Pause) (mixed) 310M->276M(512M), 0.0031869 secs]
2020-10-27T21:11:52.580+0800: 3.423: [GC pause (G1 Humongous Allocation) (young) (initial-mark) 277M->277M(512M), 0.0010745 secs]
2020-10-27T21:11:52.581+0800: 3.424: [GC concurrent-root-region-scan-start]
2020-10-27T21:11:52.581+0800: 3.424: [GC concurrent-root-region-scan-end, 0.0000904 secs]
2020-10-27T21:11:52.581+0800: 3.424: [GC concurrent-mark-start]
2020-10-27T21:11:52.583+0800: 3.427: [GC concurrent-mark-end, 0.0020381 secs]
2020-10-27T21:11:52.583+0800: 3.427: [GC remark, 0.0011707 secs]
2020-10-27T21:11:52.585+0800: 3.428: [GC cleanup 284M->279M(512M), 0.0009161 secs]
2020-10-27T21:11:52.585+0800: 3.429: [GC concurrent-cleanup-start]
2020-10-27T21:11:52.585+0800: 3.429: [GC concurrent-cleanup-end, 0.0000104 secs]
2020-10-27T21:11:52.664+0800: 3.507: [GC pause (G1 Evacuation Pause) (young) 399M->303M(512M), 0.0045889 secs]
2020-10-27T21:11:52.679+0800: 3.522: [GC pause (G1 Evacuation Pause) (mixed) 320M->266M(512M), 0.0036593 secs]
2020-10-27T21:11:52.698+0800: 3.542: [GC pause (G1 Evacuation Pause) (mixed) 294M->253M(512M), 0.0038603 secs]
2020-10-27T21:11:52.705+0800: 3.549: [GC pause (G1 Humongous Allocation) (young) (initial-mark) 255M->254M(512M), 0.0011796 secs]
2020-10-27T21:11:52.706+0800: 3.550: [GC concurrent-root-region-scan-start]
2020-10-27T21:11:52.706+0800: 3.550: [GC concurrent-root-region-scan-end, 0.0000902 secs]
2020-10-27T21:11:52.706+0800: 3.550: [GC concurrent-mark-start]
2020-10-27T21:11:52.708+0800: 3.552: [GC concurrent-mark-end, 0.0019238 secs]
2020-10-27T21:11:52.708+0800: 3.552: [GC remark, 0.0011335 secs]
2020-10-27T21:11:52.709+0800: 3.554: [GC cleanup 263M->260M(512M), 0.0007974 secs]
2020-10-27T21:11:52.710+0800: 3.554: [GC concurrent-cleanup-start]
2020-10-27T21:11:52.710+0800: 3.554: [GC concurrent-cleanup-end, 0.0000092 secs]
2020-10-27T21:11:52.813+0800: 3.657: [GC pause (G1 Evacuation Pause) (young)-- 428M->337M(512M), 0.0040400 secs]
2020-10-27T21:11:52.827+0800: 3.671: [GC pause (G1 Evacuation Pause) (mixed) 347M->300M(512M), 0.0039148 secs]
2020-10-27T21:11:52.844+0800: 3.688: [GC pause (G1 Evacuation Pause) (mixed) 328M->302M(512M), 0.0023143 secs]
2020-10-27T21:11:52.846+0800: 3.690: [GC pause (G1 Humongous Allocation) (young) (initial-mark) 302M->302M(512M), 0.0008208 secs]
2020-10-27T21:11:52.847+0800: 3.691: [GC concurrent-root-region-scan-start]
2020-10-27T21:11:52.847+0800: 3.691: [GC concurrent-root-region-scan-end, 0.0001042 secs]
2020-10-27T21:11:52.847+0800: 3.691: [GC concurrent-mark-start]
2020-10-27T21:11:52.849+0800: 3.693: [GC concurrent-mark-end, 0.0020196 secs]
2020-10-27T21:11:52.849+0800: 3.693: [GC remark, 0.0010500 secs]
2020-10-27T21:11:52.851+0800: 3.694: [GC cleanup 310M->308M(512M), 0.0003832 secs]
2020-10-27T21:11:52.851+0800: 3.695: [GC concurrent-cleanup-start]
2020-10-27T21:11:52.851+0800: 3.695: [GC concurrent-cleanup-end, 0.0000084 secs]
2020-10-27T21:11:52.912+0800: 3.756: [GC pause (G1 Evacuation Pause) (young) 412M->326M(512M), 0.0044213 secs]
2020-10-27T21:11:52.926+0800: 3.770: [GC pause (G1 Evacuation Pause) (mixed) 342M->283M(512M), 0.0033157 secs]
2020-10-27T21:11:52.948+0800: 3.792: [GC pause (G1 Evacuation Pause) (mixed) 310M->255M(512M), 0.0038445 secs]
2020-10-27T21:11:52.970+0800: 3.813: [GC pause (G1 Evacuation Pause) (mixed) 282M->254M(512M), 0.0026999 secs]
2020-10-27T21:11:52.973+0800: 3.816: [GC pause (G1 Humongous Allocation) (young) (initial-mark) 255M->253M(512M), 0.0011649 secs]
2020-10-27T21:11:52.974+0800: 3.817: [GC concurrent-root-region-scan-start]
2020-10-27T21:11:52.974+0800: 3.817: [GC concurrent-root-region-scan-end, 0.0001151 secs]
2020-10-27T21:11:52.974+0800: 3.817: [GC concurrent-mark-start]
2020-10-27T21:11:52.976+0800: 3.819: [GC concurrent-mark-end, 0.0018539 secs]
2020-10-27T21:11:52.976+0800: 3.819: [GC remark, 0.0011837 secs]
2020-10-27T21:11:52.977+0800: 3.821: [GC cleanup 256M->255M(512M), 0.0008948 secs]
2020-10-27T21:11:52.978+0800: 3.822: [GC concurrent-cleanup-start]
2020-10-27T21:11:52.978+0800: 3.822: [GC concurrent-cleanup-end, 0.0000087 secs]
2020-10-27T21:11:53.086+0800: 3.929: [GC pause (G1 Evacuation Pause) (young) 412M->287M(512M), 0.0055929 secs]
2020-10-27T21:11:53.093+0800: 3.938: [GC pause (G1 Evacuation Pause) (mixed) 295M->253M(512M), 0.0039533 secs]
2020-10-27T21:11:53.128+0800: 3.972: [GC pause (G1 Evacuation Pause) (mixed) 282M->260M(512M), 0.0017979 secs]
2020-10-27T21:11:53.130+0800: 3.974: [GC pause (G1 Humongous Allocation) (young) (initial-mark) 261M->261M(512M), 0.0011849 secs]
2020-10-27T21:11:53.131+0800: 3.975: [GC concurrent-root-region-scan-start]
2020-10-27T21:11:53.131+0800: 3.975: [GC concurrent-root-region-scan-end, 0.0001105 secs]
2020-10-27T21:11:53.131+0800: 3.975: [GC concurrent-mark-start]
2020-10-27T21:11:53.133+0800: 3.977: [GC concurrent-mark-end, 0.0019645 secs]
2020-10-27T21:11:53.133+0800: 3.977: [GC remark, 0.0011831 secs]
2020-10-27T21:11:53.134+0800: 3.978: [GC cleanup 270M->268M(512M), 0.0008485 secs]
2020-10-27T21:11:53.135+0800: 3.979: [GC concurrent-cleanup-start]
2020-10-27T21:11:53.135+0800: 3.979: [GC concurrent-cleanup-end, 0.0000085 secs]
2020-10-27T21:11:53.223+0800: 4.067: [GC pause (G1 Evacuation Pause) (young) 402M->294M(512M), 0.0047022 secs]
2020-10-27T21:11:53.235+0800: 4.079: [GC pause (G1 Evacuation Pause) (mixed) 305M->259M(512M), 0.0041833 secs]
2020-10-27T21:11:53.262+0800: 4.105: [GC pause (G1 Evacuation Pause) (mixed) 287M->257M(512M), 0.0025802 secs]
2020-10-27T21:11:53.268+0800: 4.111: [GC pause (G1 Humongous Allocation) (young) (initial-mark) 258M->257M(512M), 0.0013136 secs]
2020-10-27T21:11:53.269+0800: 4.113: [GC concurrent-root-region-scan-start]
2020-10-27T21:11:53.269+0800: 4.113: [GC concurrent-root-region-scan-end, 0.0000910 secs]
2020-10-27T21:11:53.269+0800: 4.113: [GC concurrent-mark-start]
2020-10-27T21:11:53.271+0800: 4.115: [GC concurrent-mark-end, 0.0018661 secs]
2020-10-27T21:11:53.271+0800: 4.115: [GC remark, 0.0011600 secs]
2020-10-27T21:11:53.272+0800: 4.116: [GC cleanup 262M->258M(512M), 0.0006111 secs]
2020-10-27T21:11:53.273+0800: 4.117: [GC concurrent-cleanup-start]
2020-10-27T21:11:53.273+0800: 4.117: [GC concurrent-cleanup-end, 0.0000092 secs]
2020-10-27T21:11:53.358+0800: 4.201: [GC pause (G1 Evacuation Pause) (young) 386M->278M(512M), 0.0050267 secs]
2020-10-27T21:11:53.369+0800: 4.212: [GC pause (G1 Evacuation Pause) (mixed) 291M->267M(512M), 0.0035486 secs]
2020-10-27T21:11:53.386+0800: 4.229: [GC pause (G1 Evacuation Pause) (mixed) 296M->264M(512M), 0.0029454 secs]
2020-10-27T21:11:53.406+0800: 4.249: [GC pause (G1 Evacuation Pause) (mixed) 295M->261M(512M), 0.0031519 secs]
2020-10-27T21:11:53.410+0800: 4.253: [GC pause (G1 Humongous Allocation) (young) (initial-mark) 263M->262M(512M), 0.0013842 secs]
2020-10-27T21:11:53.411+0800: 4.255: [GC concurrent-root-region-scan-start]
2020-10-27T21:11:53.411+0800: 4.255: [GC concurrent-root-region-scan-end, 0.0001177 secs]
2020-10-27T21:11:53.411+0800: 4.255: [GC concurrent-mark-start]
2020-10-27T21:11:53.413+0800: 4.257: [GC concurrent-mark-end, 0.0018316 secs]
2020-10-27T21:11:53.413+0800: 4.257: [GC remark, 0.0011797 secs]
2020-10-27T21:11:53.415+0800: 4.258: [GC cleanup 265M->265M(512M), 0.0003530 secs]
2020-10-27T21:11:53.456+0800: 4.299: [GC pause (G1 Evacuation Pause) (young) 356M->279M(512M), 0.0037552 secs]
2020-10-27T21:11:53.463+0800: 4.307: [GC pause (G1 Evacuation Pause) (mixed) 297M->248M(512M), 0.0039531 secs]
2020-10-27T21:11:53.488+0800: 4.332: [GC pause (G1 Evacuation Pause) (mixed) 276M->245M(512M), 0.0028824 secs]
2020-10-27T21:11:53.494+0800: 4.338: [GC pause (G1 Humongous Allocation) (young) (initial-mark) 251M->245M(512M), 0.0014393 secs]
2020-10-27T21:11:53.496+0800: 4.340: [GC concurrent-root-region-scan-start]
2020-10-27T21:11:53.496+0800: 4.340: [GC concurrent-root-region-scan-end, 0.0001093 secs]
2020-10-27T21:11:53.496+0800: 4.340: [GC concurrent-mark-start]
2020-10-27T21:11:53.498+0800: 4.342: [GC concurrent-mark-end, 0.0019280 secs]
2020-10-27T21:11:53.498+0800: 4.342: [GC remark, 0.0011090 secs]
2020-10-27T21:11:53.499+0800: 4.343: [GC cleanup 249M->248M(512M), 0.0005687 secs]
2020-10-27T21:11:53.500+0800: 4.344: [GC concurrent-cleanup-start]
2020-10-27T21:11:53.500+0800: 4.344: [GC concurrent-cleanup-end, 0.0000083 secs]
2020-10-27T21:11:53.575+0800: 4.418: [GC pause (G1 Evacuation Pause) (young) 356M->267M(512M), 0.0047207 secs]
2020-10-27T21:11:53.599+0800: 4.443: [GC pause (G1 Evacuation Pause) (mixed) 284M->253M(512M), 0.0030151 secs]
2020-10-27T21:11:53.619+0800: 4.462: [GC pause (G1 Evacuation Pause) (mixed) 281M->244M(512M), 0.0030355 secs]
2020-10-27T21:11:53.627+0800: 4.470: [GC pause (G1 Humongous Allocation) (young) (initial-mark) 257M->245M(512M), 0.0011425 secs]
2020-10-27T21:11:53.628+0800: 4.472: [GC concurrent-root-region-scan-start]
2020-10-27T21:11:53.628+0800: 4.472: [GC concurrent-root-region-scan-end, 0.0000756 secs]
2020-10-27T21:11:53.628+0800: 4.472: [GC concurrent-mark-start]
2020-10-27T21:11:53.630+0800: 4.473: [GC concurrent-mark-end, 0.0017494 secs]
2020-10-27T21:11:53.630+0800: 4.474: [GC remark, 0.0009334 secs]
2020-10-27T21:11:53.631+0800: 4.475: [GC cleanup 249M->247M(512M), 0.0002946 secs]
2020-10-27T21:11:53.631+0800: 4.475: [GC concurrent-cleanup-start]
2020-10-27T21:11:53.631+0800: 4.475: [GC concurrent-cleanup-end, 0.0000083 secs]
2020-10-27T21:11:53.712+0800: 4.556: [GC pause (G1 Evacuation Pause) (young) 353M->268M(512M), 0.0043504 secs]
2020-10-27T21:11:53.729+0800: 4.572: [GC pause (G1 Evacuation Pause) (mixed) 287M->243M(512M), 0.0042926 secs]
2020-10-27T21:11:53.747+0800: 4.590: [GC pause (G1 Evacuation Pause) (mixed) 269M->241M(512M), 0.0022747 secs]
2020-10-27T21:11:53.750+0800: 4.593: [GC pause (G1 Humongous Allocation) (young) (initial-mark) 242M->241M(512M), 0.0009548 secs]
2020-10-27T21:11:53.751+0800: 4.594: [GC concurrent-root-region-scan-start]
2020-10-27T21:11:53.751+0800: 4.594: [GC concurrent-root-region-scan-end, 0.0000657 secs]
2020-10-27T21:11:53.751+0800: 4.594: [GC concurrent-mark-start]
2020-10-27T21:11:53.752+0800: 4.596: [GC concurrent-mark-end, 0.0018708 secs]
2020-10-27T21:11:53.753+0800: 4.596: [GC remark, 0.0010712 secs]
2020-10-27T21:11:53.754+0800: 4.597: [GC cleanup 248M->247M(512M), 0.0008067 secs]
2020-10-27T21:11:53.755+0800: 4.598: [GC concurrent-cleanup-start]
2020-10-27T21:11:53.755+0800: 4.598: [GC concurrent-cleanup-end, 0.0000079 secs]
2020-10-27T21:11:53.868+0800: 4.712: [GC pause (G1 Evacuation Pause) (young) 396M->275M(512M), 0.0051757 secs]
2020-10-27T21:11:53.877+0800: 4.721: [GC pause (G1 Evacuation Pause) (mixed) 286M->249M(512M), 0.0040207 secs]
2020-10-27T21:11:53.890+0800: 4.734: [GC pause (G1 Evacuation Pause) (mixed) 275M->256M(512M), 0.0022726 secs]
2020-10-27T21:11:53.896+0800: 4.740: [GC pause (G1 Humongous Allocation) (young) (initial-mark) 262M->257M(512M), 0.0012638 secs]
2020-10-27T21:11:53.897+0800: 4.741: [GC concurrent-root-region-scan-start]
2020-10-27T21:11:53.898+0800: 4.742: [GC concurrent-root-region-scan-end, 0.0001176 secs]
2020-10-27T21:11:53.898+0800: 4.742: [GC concurrent-mark-start]
2020-10-27T21:11:53.900+0800: 4.744: [GC concurrent-mark-end, 0.0020978 secs]
2020-10-27T21:11:53.900+0800: 4.744: [GC remark, 0.0010943 secs]
2020-10-27T21:11:53.901+0800: 4.745: [GC cleanup 268M->266M(512M), 0.0002572 secs]
2020-10-27T21:11:53.901+0800: 4.745: [GC concurrent-cleanup-start]
2020-10-27T21:11:53.901+0800: 4.745: [GC concurrent-cleanup-end, 0.0000090 secs]
2020-10-27T21:11:53.993+0800: 4.837: [GC pause (G1 Evacuation Pause) (young) 380M->282M(512M), 0.0043308 secs]
2020-10-27T21:11:54.004+0800: 4.848: [GC pause (G1 Evacuation Pause) (mixed) 296M->268M(512M), 0.0025564 secs]
2020-10-27T21:11:54.022+0800: 4.865: [GC pause (G1 Evacuation Pause) (mixed) 295M->260M(512M), 0.0028503 secs]
2020-10-27T21:11:54.046+0800: 4.889: [GC pause (G1 Evacuation Pause) (mixed) 286M->254M(512M), 0.0030221 secs]
2020-10-27T21:11:54.068+0800: 4.911: [GC pause (G1 Evacuation Pause) (mixed) 283M->254M(512M), 0.0034930 secs]
2020-10-27T21:11:54.072+0800: 4.915: [GC pause (G1 Humongous Allocation) (young) (initial-mark) 254M->253M(512M), 0.0012191 secs]
2020-10-27T21:11:54.073+0800: 4.916: [GC concurrent-root-region-scan-start]
2020-10-27T21:11:54.073+0800: 4.917: [GC concurrent-root-region-scan-end, 0.0001075 secs]
2020-10-27T21:11:54.073+0800: 4.917: [GC concurrent-mark-start]
2020-10-27T21:11:54.075+0800: 4.918: [GC concurrent-mark-end, 0.0019101 secs]
2020-10-27T21:11:54.075+0800: 4.919: [GC remark, 0.0010732 secs]
2020-10-27T21:11:54.076+0800: 4.920: [GC cleanup 257M->256M(512M), 0.0002581 secs]
2020-10-27T21:11:54.077+0800: 4.920: [GC concurrent-cleanup-start]
2020-10-27T21:11:54.077+0800: 4.920: [GC concurrent-cleanup-end, 0.0000072 secs]
2020-10-27T21:11:54.106+0800: 4.949: [GC pause (G1 Evacuation Pause) (young) 295M->260M(512M), 0.0021820 secs]
2020-10-27T21:11:54.115+0800: 4.959: [GC pause (G1 Evacuation Pause) (mixed) 287M->250M(512M), 0.0030036 secs]
2020-10-27T21:11:54.130+0800: 4.973: [GC pause (G1 Evacuation Pause) (mixed) 275M->241M(512M), 0.0023656 secs]
2020-10-27T21:11:54.151+0800: 4.994: [GC pause (G1 Evacuation Pause) (mixed) 266M->237M(512M), 0.0030554 secs]
2020-10-27T21:11:54.176+0800: 5.019: [GC pause (G1 Evacuation Pause) (mixed) 264M->238M(512M), 0.0027880 secs]
2020-10-27T21:11:54.183+0800: 5.026: [GC pause (G1 Humongous Allocation) (young) (initial-mark) 241M->239M(512M), 0.0014961 secs]
2020-10-27T21:11:54.183+0800: 5.028: [GC concurrent-root-region-scan-start]
2020-10-27T21:11:54.184+0800: 5.028: [GC concurrent-root-region-scan-end, 0.0000623 secs]
2020-10-27T21:11:54.184+0800: 5.028: [GC concurrent-mark-start]
2020-10-27T21:11:54.185+0800: 5.030: [GC concurrent-mark-end, 0.0018959 secs]
2020-10-27T21:11:54.186+0800: 5.030: [GC remark, 0.0011191 secs]
2020-10-27T21:11:54.187+0800: 5.031: [GC cleanup 246M->246M(512M), 0.0006854 secs]
2020-10-27T21:11:54.201+0800: 5.045: [GC pause (G1 Evacuation Pause) (young) 267M->244M(512M), 0.0015831 secs]
2020-10-27T21:11:54.213+0800: 5.057: [GC pause (G1 Evacuation Pause) (mixed) 269M->234M(512M), 0.0024842 secs]
2020-10-27T21:11:54.233+0800: 5.077: [GC pause (G1 Evacuation Pause) (mixed) 262M->231M(512M), 0.0051182 secs]
2020-10-27T21:11:54.254+0800: 5.098: [GC pause (G1 Evacuation Pause) (mixed) 257M->227M(512M), 0.0027782 secs]
2020-10-27T21:11:54.270+0800: 5.114: [GC pause (G1 Evacuation Pause) (mixed) 253M->230M(512M), 0.0024762 secs]
2020-10-27T21:11:54.275+0800: 5.119: [GC pause (G1 Humongous Allocation) (young) (initial-mark) 233M->230M(512M), 0.0012962 secs]
2020-10-27T21:11:54.276+0800: 5.120: [GC concurrent-root-region-scan-start]
2020-10-27T21:11:54.276+0800: 5.120: [GC concurrent-root-region-scan-end, 0.0001141 secs]
2020-10-27T21:11:54.276+0800: 5.120: [GC concurrent-mark-start]
2020-10-27T21:11:54.278+0800: 5.122: [GC concurrent-mark-end, 0.0020284 secs]
2020-10-27T21:11:54.278+0800: 5.122: [GC remark, 0.0011077 secs]
2020-10-27T21:11:54.280+0800: 5.124: [GC cleanup 239M->239M(512M), 0.0006162 secs]
2020-10-27T21:11:54.311+0800: 5.154: [GC pause (G1 Evacuation Pause) (young) 322M->257M(512M), 0.0041635 secs]
2020-10-27T21:11:54.324+0800: 5.168: [GC pause (G1 Evacuation Pause) (mixed) 274M->240M(512M), 0.0029873 secs]
2020-10-27T21:11:54.348+0800: 5.192: [GC pause (G1 Evacuation Pause) (mixed) 267M->233M(512M), 0.0036638 secs]
2020-10-27T21:11:54.367+0800: 5.211: [GC pause (G1 Evacuation Pause) (mixed) 257M->239M(512M), 0.0023586 secs]
2020-10-27T21:11:54.371+0800: 5.214: [GC pause (G1 Humongous Allocation) (young) (initial-mark) 241M->239M(512M), 0.0010661 secs]
2020-10-27T21:11:54.372+0800: 5.216: [GC concurrent-root-region-scan-start]
2020-10-27T21:11:54.372+0800: 5.216: [GC concurrent-root-region-scan-end, 0.0001100 secs]
2020-10-27T21:11:54.372+0800: 5.216: [GC concurrent-mark-start]
2020-10-27T21:11:54.374+0800: 5.218: [GC concurrent-mark-end, 0.0018496 secs]
2020-10-27T21:11:54.374+0800: 5.218: [GC remark, 0.0009470 secs]
2020-10-27T21:11:54.375+0800: 5.219: [GC cleanup 243M->241M(512M), 0.0002464 secs]
2020-10-27T21:11:54.375+0800: 5.219: [GC concurrent-cleanup-start]
2020-10-27T21:11:54.375+0800: 5.219: [GC concurrent-cleanup-end, 0.0000089 secs]
2020-10-27T21:11:54.449+0800: 5.293: [GC pause (G1 Evacuation Pause) (young) 356M->272M(512M), 0.0045272 secs]
2020-10-27T21:11:54.460+0800: 5.304: [GC pause (G1 Evacuation Pause) (mixed) 287M->240M(512M), 0.0041407 secs]
2020-10-27T21:11:54.492+0800: 5.335: [GC pause (G1 Evacuation Pause) (mixed) 264M->243M(512M), 0.0027583 secs]
2020-10-27T21:11:54.495+0800: 5.338: [GC pause (G1 Humongous Allocation) (young) (initial-mark) 245M->244M(512M), 0.0012923 secs]
2020-10-27T21:11:54.496+0800: 5.340: [GC concurrent-root-region-scan-start]
2020-10-27T21:11:54.496+0800: 5.340: [GC concurrent-root-region-scan-end, 0.0001091 secs]
2020-10-27T21:11:54.496+0800: 5.340: [GC concurrent-mark-start]
2020-10-27T21:11:54.498+0800: 5.342: [GC concurrent-mark-end, 0.0018518 secs]
2020-10-27T21:11:54.498+0800: 5.342: [GC remark, 0.0010949 secs]
2020-10-27T21:11:54.499+0800: 5.343: [GC cleanup 249M->249M(512M), 0.0002372 secs]
2020-10-27T21:11:54.578+0800: 5.421: [GC pause (G1 Evacuation Pause) (young) 367M->275M(512M), 0.0050885 secs]
2020-10-27T21:11:54.594+0800: 5.438: [GC pause (G1 Evacuation Pause) (mixed) 292M->264M(512M), 0.0030359 secs]
2020-10-27T21:11:54.621+0800: 5.465: [GC pause (G1 Evacuation Pause) (mixed) 288M->258M(512M), 0.0025214 secs]
2020-10-27T21:11:54.635+0800: 5.479: [GC pause (G1 Evacuation Pause) (mixed) 285M->254M(512M), 0.0030437 secs]
2020-10-27T21:11:54.650+0800: 5.494: [GC pause (G1 Evacuation Pause) (mixed) 279M->257M(512M), 0.0026037 secs]
2020-10-27T21:11:54.654+0800: 5.498: [GC pause (G1 Humongous Allocation) (young) (initial-mark) 260M->256M(512M), 0.0013109 secs]
2020-10-27T21:11:54.655+0800: 5.499: [GC concurrent-root-region-scan-start]
2020-10-27T21:11:54.655+0800: 5.499: [GC concurrent-root-region-scan-end, 0.0001170 secs]
2020-10-27T21:11:54.655+0800: 5.499: [GC concurrent-mark-start]
2020-10-27T21:11:54.657+0800: 5.501: [GC concurrent-mark-end, 0.0019989 secs]
2020-10-27T21:11:54.657+0800: 5.501: [GC remark, 0.0010959 secs]
2020-10-27T21:11:54.659+0800: 5.503: [GC cleanup 261M->260M(512M), 0.0006518 secs]
2020-10-27T21:11:54.659+0800: 5.503: [GC concurrent-cleanup-start]
2020-10-27T21:11:54.659+0800: 5.503: [GC concurrent-cleanup-end, 0.0000082 secs]
2020-10-27T21:11:54.704+0800: 5.548: [GC pause (G1 Evacuation Pause) (young) 323M->268M(512M), 0.0031400 secs]
2020-10-27T21:11:54.714+0800: 5.558: [GC pause (G1 Evacuation Pause) (mixed) 289M->237M(512M), 0.0036405 secs]
2020-10-27T21:11:54.736+0800: 5.579: [GC pause (G1 Evacuation Pause) (mixed) 266M->233M(512M), 0.0033463 secs]
2020-10-27T21:11:54.739+0800: 5.583: [GC pause (G1 Humongous Allocation) (young) (initial-mark) 235M->233M(512M), 0.0013036 secs]
2020-10-27T21:11:54.741+0800: 5.585: [GC concurrent-root-region-scan-start]
2020-10-27T21:11:54.741+0800: 5.585: [GC concurrent-root-region-scan-end, 0.0001537 secs]
2020-10-27T21:11:54.741+0800: 5.585: [GC concurrent-mark-start]
2020-10-27T21:11:54.743+0800: 5.587: [GC concurrent-mark-end, 0.0018246 secs]
2020-10-27T21:11:54.743+0800: 5.587: [GC remark, 0.0011572 secs]
2020-10-27T21:11:54.744+0800: 5.588: [GC cleanup 239M->238M(512M), 0.0008456 secs]
2020-10-27T21:11:54.745+0800: 5.589: [GC concurrent-cleanup-start]
2020-10-27T21:11:54.745+0800: 5.589: [GC concurrent-cleanup-end, 0.0000081 secs]
2020-10-27T21:11:54.822+0800: 5.666: [GC pause (G1 Evacuation Pause) (young) 364M->264M(512M), 0.0044593 secs]
2020-10-27T21:11:54.834+0800: 5.678: [GC pause (G1 Evacuation Pause) (mixed) 275M->239M(512M), 0.0042882 secs]
2020-10-27T21:11:54.844+0800: 5.687: [GC pause (G1 Humongous Allocation) (young) (initial-mark) 244M->239M(512M), 0.0009640 secs]
2020-10-27T21:11:54.845+0800: 5.688: [GC concurrent-root-region-scan-start]
2020-10-27T21:11:54.845+0800: 5.688: [GC concurrent-root-region-scan-end, 0.0000656 secs]
2020-10-27T21:11:54.845+0800: 5.688: [GC concurrent-mark-start]
2020-10-27T21:11:54.847+0800: 5.690: [GC concurrent-mark-end, 0.0018176 secs]
2020-10-27T21:11:54.847+0800: 5.690: [GC remark, 0.0011049 secs]
2020-10-27T21:11:54.848+0800: 5.691: [GC cleanup 242M->242M(512M), 0.0006146 secs]
2020-10-27T21:11:54.995+0800: 5.839: [GC pause (G1 Evacuation Pause) (young)-- 433M->351M(512M), 0.0041287 secs]
2020-10-27T21:11:55.000+0800: 5.844: [GC pause (G1 Evacuation Pause) (mixed) 356M->319M(512M), 0.0041489 secs]
2020-10-27T21:11:55.008+0800: 5.852: [GC pause (G1 Humongous Allocation) (young) (initial-mark) 325M->321M(512M), 0.0014853 secs]
2020-10-27T21:11:55.009+0800: 5.854: [GC concurrent-root-region-scan-start]
2020-10-27T21:11:55.010+0800: 5.854: [GC concurrent-root-region-scan-end, 0.0000901 secs]
2020-10-27T21:11:55.010+0800: 5.854: [GC concurrent-mark-start]
2020-10-27T21:11:55.012+0800: 5.856: [GC concurrent-mark-end, 0.0019722 secs]
2020-10-27T21:11:55.012+0800: 5.856: [GC remark, 0.0011177 secs]
2020-10-27T21:11:55.013+0800: 5.857: [GC cleanup 327M->324M(512M), 0.0006900 secs]
2020-10-27T21:11:55.014+0800: 5.858: [GC concurrent-cleanup-start]
2020-10-27T21:11:55.014+0800: 5.858: [GC concurrent-cleanup-end, 0.0000086 secs]
2020-10-27T21:11:55.082+0800: 5.926: [GC pause (G1 Evacuation Pause) (young)-- 438M->360M(512M), 0.0039746 secs]
2020-10-27T21:11:55.097+0800: 5.941: [GC pause (G1 Evacuation Pause) (mixed) 373M->316M(512M), 0.0032988 secs]
2020-10-27T21:11:55.142+0800: 5.985: [GC pause (G1 Evacuation Pause) (mixed) 345M->282M(512M), 0.0076764 secs]
2020-10-27T21:11:55.173+0800: 6.016: [GC pause (G1 Evacuation Pause) (mixed) 306M->260M(512M), 0.0034941 secs]
2020-10-27T21:11:55.179+0800: 6.023: [GC pause (G1 Humongous Allocation) (young) (initial-mark) 263M->261M(512M), 0.0014807 secs]
2020-10-27T21:11:55.181+0800: 6.024: [GC concurrent-root-region-scan-start]
2020-10-27T21:11:55.181+0800: 6.024: [GC concurrent-root-region-scan-end, 0.0000930 secs]
2020-10-27T21:11:55.181+0800: 6.024: [GC concurrent-mark-start]
2020-10-27T21:11:55.183+0800: 6.026: [GC concurrent-mark-end, 0.0019399 secs]
2020-10-27T21:11:55.183+0800: 6.026: [GC remark, 0.0011393 secs]
2020-10-27T21:11:55.184+0800: 6.028: [GC cleanup 268M->266M(512M), 0.0002800 secs]
2020-10-27T21:11:55.184+0800: 6.028: [GC concurrent-cleanup-start]
2020-10-27T21:11:55.184+0800: 6.028: [GC concurrent-cleanup-end, 0.0000071 secs]
2020-10-27T21:11:55.279+0800: 6.122: [GC pause (G1 Evacuation Pause) (young) 421M->293M(512M), 0.0052167 secs]
2020-10-27T21:11:55.288+0800: 6.131: [GC pause (G1 Evacuation Pause) (mixed) 302M->256M(512M), 0.0037466 secs]
2020-10-27T21:11:55.306+0800: 6.149: [GC pause (G1 Evacuation Pause) (mixed) 285M->251M(512M), 0.0033130 secs]
2020-10-27T21:11:55.311+0800: 6.155: [GC pause (G1 Humongous Allocation) (young) (initial-mark) 254M->252M(512M), 0.0009946 secs]
2020-10-27T21:11:55.312+0800: 6.156: [GC concurrent-root-region-scan-start]
2020-10-27T21:11:55.312+0800: 6.156: [GC concurrent-root-region-scan-end, 0.0000849 secs]
2020-10-27T21:11:55.312+0800: 6.156: [GC concurrent-mark-start]
2020-10-27T21:11:55.314+0800: 6.158: [GC concurrent-mark-end, 0.0019169 secs]
2020-10-27T21:11:55.314+0800: 6.158: [GC remark, 0.0009256 secs]
2020-10-27T21:11:55.315+0800: 6.159: [GC cleanup 262M->260M(512M), 0.0003114 secs]
2020-10-27T21:11:55.315+0800: 6.159: [GC concurrent-cleanup-start]
2020-10-27T21:11:55.315+0800: 6.159: [GC concurrent-cleanup-end, 0.0000083 secs]
2020-10-27T21:11:55.360+0800: 6.204: [GC pause (G1 Evacuation Pause) (young) 314M->265M(512M), 0.0032999 secs]
2020-10-27T21:11:55.376+0800: 6.220: [GC pause (G1 Evacuation Pause) (mixed) 287M->230M(512M), 0.0042604 secs]
2020-10-27T21:11:55.391+0800: 6.236: [GC pause (G1 Evacuation Pause) (mixed) 255M->228M(512M), 0.0020387 secs]
2020-10-27T21:11:55.403+0800: 6.247: [GC pause (G1 Humongous Allocation) (young) (initial-mark) 238M->231M(512M), 0.0016669 secs]
2020-10-27T21:11:55.405+0800: 6.249: [GC concurrent-root-region-scan-start]
2020-10-27T21:11:55.405+0800: 6.249: [GC concurrent-root-region-scan-end, 0.0001037 secs]
2020-10-27T21:11:55.405+0800: 6.249: [GC concurrent-mark-start]
2020-10-27T21:11:55.406+0800: 6.250: [GC concurrent-mark-end, 0.0018224 secs]
2020-10-27T21:11:55.407+0800: 6.251: [GC remark, 0.0010383 secs]
2020-10-27T21:11:55.408+0800: 6.252: [GC cleanup 234M->234M(512M), 0.0002356 secs]
2020-10-27T21:11:55.485+0800: 6.328: [GC pause (G1 Evacuation Pause) (young) 351M->255M(512M), 0.0045049 secs]
2020-10-27T21:11:55.497+0800: 6.341: [GC pause (G1 Evacuation Pause) (mixed) 272M->241M(512M), 0.0040429 secs]
2020-10-27T21:11:55.513+0800: 6.356: [GC pause (G1 Evacuation Pause) (mixed) 268M->239M(512M), 0.0025553 secs]
2020-10-27T21:11:55.518+0800: 6.361: [GC pause (G1 Humongous Allocation) (young) (initial-mark) 240M->238M(512M), 0.0014000 secs]
2020-10-27T21:11:55.519+0800: 6.363: [GC concurrent-root-region-scan-start]
2020-10-27T21:11:55.519+0800: 6.363: [GC concurrent-root-region-scan-end, 0.0001472 secs]
2020-10-27T21:11:55.519+0800: 6.363: [GC concurrent-mark-start]
2020-10-27T21:11:55.521+0800: 6.365: [GC concurrent-mark-end, 0.0018195 secs]
2020-10-27T21:11:55.521+0800: 6.365: [GC remark, 0.0011911 secs]
2020-10-27T21:11:55.523+0800: 6.366: [GC cleanup 243M->241M(512M), 0.0007351 secs]
2020-10-27T21:11:55.523+0800: 6.367: [GC concurrent-cleanup-start]
2020-10-27T21:11:55.523+0800: 6.367: [GC concurrent-cleanup-end, 0.0000075 secs]
2020-10-27T21:11:55.599+0800: 6.443: [GC pause (G1 Evacuation Pause) (young) 351M->263M(512M), 0.0042722 secs]
2020-10-27T21:11:55.615+0800: 6.459: [GC pause (G1 Evacuation Pause) (mixed) 279M->237M(512M), 0.0038634 secs]
2020-10-27T21:11:55.637+0800: 6.480: [GC pause (G1 Evacuation Pause) (mixed) 263M->237M(512M), 0.0022170 secs]
2020-10-27T21:11:55.641+0800: 6.484: [GC pause (G1 Humongous Allocation) (young) (initial-mark) 238M->237M(512M), 0.0008866 secs]
2020-10-27T21:11:55.642+0800: 6.485: [GC concurrent-root-region-scan-start]
2020-10-27T21:11:55.642+0800: 6.485: [GC concurrent-root-region-scan-end, 0.0000860 secs]
2020-10-27T21:11:55.642+0800: 6.485: [GC concurrent-mark-start]
2020-10-27T21:11:55.643+0800: 6.487: [GC concurrent-mark-end, 0.0018284 secs]
2020-10-27T21:11:55.644+0800: 6.487: [GC remark, 0.0010183 secs]
2020-10-27T21:11:55.645+0800: 6.488: [GC cleanup 244M->243M(512M), 0.0004135 secs]
2020-10-27T21:11:55.645+0800: 6.488: [GC concurrent-cleanup-start]
2020-10-27T21:11:55.645+0800: 6.488: [GC concurrent-cleanup-end, 0.0000067 secs]
2020-10-27T21:11:55.747+0800: 6.591: [GC pause (G1 Evacuation Pause) (young) 400M->274M(512M), 0.0057039 secs]
2020-10-27T21:11:55.759+0800: 6.603: [GC pause (G1 Evacuation Pause) (mixed) 284M->238M(512M), 0.0044967 secs]
2020-10-27T21:11:55.789+0800: 6.633: [GC pause (G1 Evacuation Pause) (mixed) 265M->241M(512M), 0.0025245 secs]
2020-10-27T21:11:55.792+0800: 6.636: [GC pause (G1 Humongous Allocation) (young) (initial-mark) 242M->241M(512M), 0.0013970 secs]
2020-10-27T21:11:55.794+0800: 6.638: [GC concurrent-root-region-scan-start]
2020-10-27T21:11:55.794+0800: 6.638: [GC concurrent-root-region-scan-end, 0.0001087 secs]
2020-10-27T21:11:55.794+0800: 6.638: [GC concurrent-mark-start]
2020-10-27T21:11:55.796+0800: 6.640: [GC concurrent-mark-end, 0.0018116 secs]
2020-10-27T21:11:55.796+0800: 6.640: [GC remark, 0.0011664 secs]
2020-10-27T21:11:55.797+0800: 6.641: [GC cleanup 253M->250M(512M), 0.0003371 secs]
2020-10-27T21:11:55.797+0800: 6.641: [GC concurrent-cleanup-start]
2020-10-27T21:11:55.797+0800: 6.641: [GC concurrent-cleanup-end, 0.0000069 secs]
2020-10-27T21:11:55.914+0800: 6.758: [GC pause (G1 Evacuation Pause) (young)-- 421M->276M(512M), 0.0056606 secs]
2020-10-27T21:11:55.928+0800: 6.771: [GC pause (G1 Evacuation Pause) (mixed) 282M->243M(512M), 0.0043073 secs]
2020-10-27T21:11:55.959+0800: 6.802: [GC pause (G1 Evacuation Pause) (mixed) 269M->247M(512M), 0.0025821 secs]
2020-10-27T21:11:55.962+0800: 6.805: [GC pause (G1 Humongous Allocation) (young) (initial-mark) 247M->246M(512M), 0.0013167 secs]
2020-10-27T21:11:55.963+0800: 6.806: [GC concurrent-root-region-scan-start]
2020-10-27T21:11:55.963+0800: 6.807: [GC concurrent-root-region-scan-end, 0.0000909 secs]
2020-10-27T21:11:55.963+0800: 6.807: [GC concurrent-mark-start]
2020-10-27T21:11:55.965+0800: 6.808: [GC concurrent-mark-end, 0.0019374 secs]
2020-10-27T21:11:55.965+0800: 6.809: [GC remark, 0.0009772 secs]
2020-10-27T21:11:55.966+0800: 6.810: [GC cleanup 249M->247M(512M), 0.0002999 secs]
2020-10-27T21:11:55.966+0800: 6.810: [GC concurrent-cleanup-start]
2020-10-27T21:11:55.966+0800: 6.810: [GC concurrent-cleanup-end, 0.0000089 secs]
2020-10-27T21:11:56.088+0800: 6.932: [GC pause (G1 Evacuation Pause) (young)-- 434M->345M(512M), 0.0044810 secs]
2020-10-27T21:11:56.099+0800: 6.943: [GC pause (G1 Evacuation Pause) (mixed) 351M->312M(512M), 0.0046201 secs]
2020-10-27T21:11:56.125+0800: 6.969: [GC pause (G1 Evacuation Pause) (mixed) 340M->310M(512M), 0.0025394 secs]
2020-10-27T21:11:56.127+0800: 6.971: [GC pause (G1 Humongous Allocation) (young) (initial-mark) 311M->311M(512M), 0.0009004 secs]
2020-10-27T21:11:56.128+0800: 6.972: [GC concurrent-root-region-scan-start]
2020-10-27T21:11:56.128+0800: 6.973: [GC concurrent-root-region-scan-end, 0.0000947 secs]
2020-10-27T21:11:56.128+0800: 6.973: [GC concurrent-mark-start]
2020-10-27T21:11:56.131+0800: 6.975: [GC concurrent-mark-end, 0.0021674 secs]
2020-10-27T21:11:56.131+0800: 6.975: [GC remark, 0.0009137 secs]
2020-10-27T21:11:56.132+0800: 6.976: [GC cleanup 314M->310M(512M), 0.0002751 secs]
2020-10-27T21:11:56.132+0800: 6.976: [GC concurrent-cleanup-start]
2020-10-27T21:11:56.132+0800: 6.976: [GC concurrent-cleanup-end, 0.0000086 secs]
2020-10-27T21:11:56.229+0800: 7.073: [GC pause (G1 Evacuation Pause) (young) 420M->333M(512M), 0.0039981 secs]
2020-10-27T21:11:56.243+0800: 7.087: [GC pause (G1 Evacuation Pause) (mixed) 348M->289M(512M), 0.0029552 secs]
2020-10-27T21:11:56.267+0800: 7.110: [GC pause (G1 Evacuation Pause) (mixed) 316M->275M(512M), 0.0026509 secs]
2020-10-27T21:11:56.284+0800: 7.128: [GC pause (G1 Evacuation Pause) (mixed) 299M->261M(512M), 0.0026655 secs]
2020-10-27T21:11:56.307+0800: 7.150: [GC pause (G1 Evacuation Pause) (mixed) 291M->255M(512M), 0.0034282 secs]
2020-10-27T21:11:56.326+0800: 7.169: [GC pause (G1 Evacuation Pause) (mixed) 283M->264M(512M), 0.0021935 secs]
2020-10-27T21:11:56.330+0800: 7.173: [GC pause (G1 Humongous Allocation) (young) (initial-mark) 265M->263M(512M), 0.0007452 secs]
2020-10-27T21:11:56.330+0800: 7.174: [GC concurrent-root-region-scan-start]
2020-10-27T21:11:56.330+0800: 7.174: [GC concurrent-root-region-scan-end, 0.0000704 secs]
2020-10-27T21:11:56.330+0800: 7.174: [GC concurrent-mark-start]
2020-10-27T21:11:56.332+0800: 7.176: [GC concurrent-mark-end, 0.0018643 secs]
2020-10-27T21:11:56.332+0800: 7.176: [GC remark, 0.0009967 secs]
2020-10-27T21:11:56.334+0800: 7.177: [GC cleanup 265M->262M(512M), 0.0002512 secs]
2020-10-27T21:11:56.334+0800: 7.177: [GC concurrent-cleanup-start]
2020-10-27T21:11:56.334+0800: 7.177: [GC concurrent-cleanup-end, 0.0000084 secs]
2020-10-27T21:11:56.427+0800: 7.271: [GC pause (G1 Evacuation Pause) (young) 375M->288M(512M), 0.0042919 secs]
2020-10-27T21:11:56.445+0800: 7.288: [GC pause (G1 Evacuation Pause) (mixed) 303M->257M(512M), 0.0039839 secs]
2020-10-27T21:11:56.463+0800: 7.307: [GC pause (G1 Evacuation Pause) (mixed) 285M->244M(512M), 0.0032784 secs]
2020-10-27T21:11:56.466+0800: 7.311: [GC pause (G1 Humongous Allocation) (young) (initial-mark) 245M->245M(512M), 0.0008534 secs]
2020-10-27T21:11:56.467+0800: 7.311: [GC concurrent-root-region-scan-start]
2020-10-27T21:11:56.467+0800: 7.312: [GC concurrent-root-region-scan-end, 0.0001080 secs]
2020-10-27T21:11:56.467+0800: 7.312: [GC concurrent-mark-start]
2020-10-27T21:11:56.469+0800: 7.313: [GC concurrent-mark-end, 0.0018509 secs]
2020-10-27T21:11:56.469+0800: 7.314: [GC remark, 0.0012294 secs]
2020-10-27T21:11:56.471+0800: 7.315: [GC cleanup 247M->246M(512M), 0.0008501 secs]
2020-10-27T21:11:56.472+0800: 7.316: [GC concurrent-cleanup-start]
2020-10-27T21:11:56.472+0800: 7.316: [GC concurrent-cleanup-end, 0.0000083 secs]
2020-10-27T21:11:56.534+0800: 7.378: [GC pause (G1 Evacuation Pause) (young) 348M->268M(512M), 0.0045325 secs]
2020-10-27T21:11:56.551+0800: 7.395: [GC pause (G1 Evacuation Pause) (mixed) 285M->243M(512M), 0.0043943 secs]
2020-10-27T21:11:56.568+0800: 7.412: [GC pause (G1 Evacuation Pause) (mixed) 270M->244M(512M), 0.0025254 secs]
2020-10-27T21:11:56.571+0800: 7.415: [GC pause (G1 Humongous Allocation) (young) (initial-mark) 245M->244M(512M), 0.0013835 secs]
2020-10-27T21:11:56.572+0800: 7.416: [GC concurrent-root-region-scan-start]
2020-10-27T21:11:56.572+0800: 7.416: [GC concurrent-root-region-scan-end, 0.0001150 secs]
2020-10-27T21:11:56.572+0800: 7.416: [GC concurrent-mark-start]
2020-10-27T21:11:56.574+0800: 7.418: [GC concurrent-mark-end, 0.0018902 secs]
2020-10-27T21:11:56.574+0800: 7.418: [GC remark, 0.0011226 secs]
2020-10-27T21:11:56.576+0800: 7.420: [GC cleanup 258M->256M(512M), 0.0006373 secs]
2020-10-27T21:11:56.576+0800: 7.420: [GC concurrent-cleanup-start]
2020-10-27T21:11:56.576+0800: 7.420: [GC concurrent-cleanup-end, 0.0000091 secs]
2020-10-27T21:11:56.664+0800: 7.508: [GC pause (G1 Evacuation Pause) (young) 381M->275M(512M), 0.0044481 secs]
2020-10-27T21:11:56.673+0800: 7.516: [GC pause (G1 Evacuation Pause) (mixed) 287M->246M(512M), 0.0045447 secs]
2020-10-27T21:11:56.691+0800: 7.534: [GC pause (G1 Evacuation Pause) (mixed) 274M->254M(512M), 0.0021805 secs]
2020-10-27T21:11:56.693+0800: 7.537: [GC pause (G1 Humongous Allocation) (young) (initial-mark) 256M->254M(512M), 0.0011057 secs]
2020-10-27T21:11:56.695+0800: 7.538: [GC concurrent-root-region-scan-start]
2020-10-27T21:11:56.695+0800: 7.538: [GC concurrent-root-region-scan-end, 0.0000871 secs]
2020-10-27T21:11:56.695+0800: 7.538: [GC concurrent-mark-start]
2020-10-27T21:11:56.697+0800: 7.540: [GC concurrent-mark-end, 0.0018467 secs]
2020-10-27T21:11:56.697+0800: 7.540: [GC remark, 0.0011480 secs]
2020-10-27T21:11:56.698+0800: 7.542: [GC cleanup 256M->256M(512M), 0.0007691 secs]
2020-10-27T21:11:56.809+0800: 7.653: [GC pause (G1 Evacuation Pause) (young)-- 433M->357M(512M), 0.0034031 secs]
2020-10-27T21:11:56.814+0800: 7.658: [GC pause (G1 Evacuation Pause) (mixed) 369M->326M(512M), 0.0045668 secs]
2020-10-27T21:11:56.827+0800: 7.671: [GC pause (G1 Evacuation Pause) (mixed) 353M->326M(512M), 0.0029157 secs]
2020-10-27T21:11:56.833+0800: 7.677: [GC pause (G1 Humongous Allocation) (young) (initial-mark) 327M->326M(512M), 0.0010902 secs]
2020-10-27T21:11:56.834+0800: 7.678: [GC concurrent-root-region-scan-start]
2020-10-27T21:11:56.834+0800: 7.678: [GC concurrent-root-region-scan-end, 0.0000905 secs]
2020-10-27T21:11:56.834+0800: 7.678: [GC concurrent-mark-start]
2020-10-27T21:11:56.836+0800: 7.681: [GC concurrent-mark-end, 0.0024574 secs]
2020-10-27T21:11:56.836+0800: 7.681: [GC remark, 0.0011294 secs]
2020-10-27T21:11:56.838+0800: 7.682: [GC cleanup 336M->334M(512M), 0.0004643 secs]
2020-10-27T21:11:56.838+0800: 7.682: [GC concurrent-cleanup-start]
2020-10-27T21:11:56.838+0800: 7.682: [GC concurrent-cleanup-end, 0.0000071 secs]
2020-10-27T21:11:56.894+0800: 7.738: [GC pause (G1 Evacuation Pause) (young) 429M->347M(512M), 0.0032840 secs]
2020-10-27T21:11:56.906+0800: 7.750: [GC pause (G1 Evacuation Pause) (mixed) 365M->301M(512M), 0.0030517 secs]
2020-10-27T21:11:56.928+0800: 7.772: [GC pause (G1 Evacuation Pause) (mixed) 328M->269M(512M), 0.0035829 secs]
2020-10-27T21:11:56.944+0800: 7.788: [GC pause (G1 Evacuation Pause) (mixed) 295M->244M(512M), 0.0039928 secs]
2020-10-27T21:11:56.948+0800: 7.792: [GC pause (G1 Humongous Allocation) (young) (initial-mark) 245M->245M(512M), 0.0014548 secs]
2020-10-27T21:11:56.950+0800: 7.794: [GC concurrent-root-region-scan-start]
2020-10-27T21:11:56.950+0800: 7.794: [GC concurrent-root-region-scan-end, 0.0001356 secs]
2020-10-27T21:11:56.950+0800: 7.794: [GC concurrent-mark-start]
2020-10-27T21:11:56.952+0800: 7.796: [GC concurrent-mark-end, 0.0022021 secs]
2020-10-27T21:11:56.952+0800: 7.796: [GC remark, 0.0009887 secs]
2020-10-27T21:11:56.953+0800: 7.797: [GC cleanup 249M->247M(512M), 0.0007910 secs]
2020-10-27T21:11:56.954+0800: 7.798: [GC concurrent-cleanup-start]
2020-10-27T21:11:56.954+0800: 7.798: [GC concurrent-cleanup-end, 0.0000086 secs]
2020-10-27T21:11:57.099+0800: 7.943: [GC pause (G1 Evacuation Pause) (young)-- 420M->302M(512M), 0.0053835 secs]
2020-10-27T21:11:57.110+0800: 7.953: [GC pause (G1 Evacuation Pause) (mixed) 311M->269M(512M), 0.0043227 secs]
2020-10-27T21:11:57.114+0800: 7.958: [GC pause (G1 Humongous Allocation) (young) (initial-mark) 272M->269M(512M), 0.0013128 secs]
2020-10-27T21:11:57.116+0800: 7.959: [GC concurrent-root-region-scan-start]
2020-10-27T21:11:57.116+0800: 7.959: [GC concurrent-root-region-scan-end, 0.0001068 secs]
2020-10-27T21:11:57.116+0800: 7.959: [GC concurrent-mark-start]
2020-10-27T21:11:57.118+0800: 7.961: [GC concurrent-mark-end, 0.0019142 secs]
2020-10-27T21:11:57.118+0800: 7.961: [GC remark, 0.0012355 secs]
2020-10-27T21:11:57.119+0800: 7.963: [GC cleanup 275M->275M(512M), 0.0009055 secs]
2020-10-27T21:11:57.233+0800: 8.077: [GC pause (G1 Evacuation Pause) (young) 421M->299M(512M), 0.0047485 secs]
2020-10-27T21:11:57.239+0800: 8.083: [GC pause (G1 Evacuation Pause) (mixed) 309M->262M(512M), 0.0034725 secs]
2020-10-27T21:11:57.258+0800: 8.102: [GC pause (G1 Evacuation Pause) (mixed) 290M->249M(512M), 0.0032926 secs]
2020-10-27T21:11:57.264+0800: 8.108: [GC pause (G1 Humongous Allocation) (young) (initial-mark) 257M->249M(512M), 0.0015691 secs]
2020-10-27T21:11:57.265+0800: 8.109: [GC concurrent-root-region-scan-start]
2020-10-27T21:11:57.266+0800: 8.110: [GC concurrent-root-region-scan-end, 0.0001007 secs]
2020-10-27T21:11:57.266+0800: 8.110: [GC concurrent-mark-start]
2020-10-27T21:11:57.267+0800: 8.111: [GC concurrent-mark-end, 0.0019025 secs]
2020-10-27T21:11:57.268+0800: 8.112: [GC remark, 0.0011825 secs]
2020-10-27T21:11:57.269+0800: 8.113: [GC cleanup 253M->252M(512M), 0.0006634 secs]
2020-10-27T21:11:57.270+0800: 8.114: [GC concurrent-cleanup-start]
2020-10-27T21:11:57.270+0800: 8.114: [GC concurrent-cleanup-end, 0.0000084 secs]
2020-10-27T21:11:57.362+0800: 8.206: [GC pause (G1 Evacuation Pause) (young)-- 426M->332M(512M), 0.0046492 secs]
2020-10-27T21:11:57.369+0800: 8.213: [GC pause (G1 Evacuation Pause) (mixed) 341M->298M(512M), 0.0042080 secs]
2020-10-27T21:11:57.384+0800: 8.228: [GC pause (G1 Evacuation Pause) (mixed) 328M->299M(512M), 0.0028074 secs]
2020-10-27T21:11:57.387+0800: 8.231: [GC pause (G1 Humongous Allocation) (young) (initial-mark) 301M->299M(512M), 0.0015857 secs]
2020-10-27T21:11:57.389+0800: 8.233: [GC concurrent-root-region-scan-start]
2020-10-27T21:11:57.389+0800: 8.233: [GC concurrent-root-region-scan-end, 0.0000880 secs]
2020-10-27T21:11:57.389+0800: 8.233: [GC concurrent-mark-start]
2020-10-27T21:11:57.391+0800: 8.235: [GC concurrent-mark-end, 0.0021920 secs]
2020-10-27T21:11:57.392+0800: 8.235: [GC remark, 0.0009552 secs]
2020-10-27T21:11:57.393+0800: 8.236: [GC cleanup 315M->309M(512M), 0.0008823 secs]
2020-10-27T21:11:57.394+0800: 8.237: [GC concurrent-cleanup-start]
2020-10-27T21:11:57.394+0800: 8.237: [GC concurrent-cleanup-end, 0.0000105 secs]
2020-10-27T21:11:57.471+0800: 8.314: [GC pause (G1 Evacuation Pause) (young) 415M->312M(512M), 0.0040777 secs]
2020-10-27T21:11:57.486+0800: 8.330: [GC pause (G1 Evacuation Pause) (mixed) 324M->268M(512M), 0.0030553 secs]
2020-10-27T21:11:57.496+0800: 8.339: [GC pause (G1 Evacuation Pause) (mixed) 298M->250M(512M), 0.0032876 secs]
2020-10-27T21:11:57.518+0800: 8.361: [GC pause (G1 Evacuation Pause) (mixed) 276M->243M(512M), 0.0034029 secs]
2020-10-27T21:11:57.522+0800: 8.365: [GC pause (G1 Humongous Allocation) (young) (initial-mark) 246M->243M(512M), 0.0011374 secs]
2020-10-27T21:11:57.523+0800: 8.366: [GC concurrent-root-region-scan-start]
2020-10-27T21:11:57.523+0800: 8.366: [GC concurrent-root-region-scan-end, 0.0001131 secs]
2020-10-27T21:11:57.523+0800: 8.366: [GC concurrent-mark-start]
2020-10-27T21:11:57.525+0800: 8.368: [GC concurrent-mark-end, 0.0018215 secs]
2020-10-27T21:11:57.525+0800: 8.368: [GC remark, 0.0011007 secs]
2020-10-27T21:11:57.526+0800: 8.370: [GC cleanup 248M->248M(512M), 0.0005435 secs]
2020-10-27T21:11:57.619+0800: 8.463: [GC pause (G1 Evacuation Pause) (young) 384M->271M(512M), 0.0046856 secs]
2020-10-27T21:11:57.628+0800: 8.472: [GC pause (G1 Evacuation Pause) (mixed) 283M->258M(512M), 0.0026281 secs]
2020-10-27T21:11:57.657+0800: 8.501: [GC pause (G1 Evacuation Pause) (mixed) 287M->252M(512M), 0.0029033 secs]
2020-10-27T21:11:57.674+0800: 8.517: [GC pause (G1 Evacuation Pause) (mixed) 278M->248M(512M), 0.0027278 secs]
2020-10-27T21:11:57.692+0800: 8.536: [GC pause (G1 Evacuation Pause) (mixed) 272M->254M(512M), 0.0019892 secs]
2020-10-27T21:11:57.695+0800: 8.539: [GC pause (G1 Humongous Allocation) (young) (initial-mark) 256M->254M(512M), 0.0012049 secs]
2020-10-27T21:11:57.696+0800: 8.540: [GC concurrent-root-region-scan-start]
2020-10-27T21:11:57.696+0800: 8.540: [GC concurrent-root-region-scan-end, 0.0001088 secs]
2020-10-27T21:11:57.696+0800: 8.540: [GC concurrent-mark-start]
2020-10-27T21:11:57.698+0800: 8.542: [GC concurrent-mark-end, 0.0019348 secs]
2020-10-27T21:11:57.698+0800: 8.542: [GC remark, 0.0010289 secs]
2020-10-27T21:11:57.699+0800: 8.543: [GC cleanup 257M->255M(512M), 0.0003318 secs]
2020-10-27T21:11:57.700+0800: 8.544: [GC concurrent-cleanup-start]
2020-10-27T21:11:57.700+0800: 8.544: [GC concurrent-cleanup-end, 0.0000083 secs]
2020-10-27T21:11:57.759+0800: 8.603: [GC pause (G1 Evacuation Pause) (young) 352M->271M(512M), 0.0042334 secs]
2020-10-27T21:11:57.778+0800: 8.621: [GC pause (G1 Evacuation Pause) (mixed) 288M->261M(512M), 0.0030852 secs]
2020-10-27T21:11:57.798+0800: 8.641: [GC pause (G1 Evacuation Pause) (mixed) 286M->241M(512M), 0.0029809 secs]
2020-10-27T21:11:57.819+0800: 8.663: [GC pause (G1 Evacuation Pause) (mixed) 269M->238M(512M), 0.0035386 secs]
2020-10-27T21:11:57.830+0800: 8.673: [GC pause (G1 Humongous Allocation) (young) (initial-mark) 245M->240M(512M), 0.0011966 secs]
2020-10-27T21:11:57.831+0800: 8.674: [GC concurrent-root-region-scan-start]
2020-10-27T21:11:57.831+0800: 8.675: [GC concurrent-root-region-scan-end, 0.0001041 secs]
2020-10-27T21:11:57.831+0800: 8.675: [GC concurrent-mark-start]
2020-10-27T21:11:57.833+0800: 8.676: [GC concurrent-mark-end, 0.0018314 secs]
2020-10-27T21:11:57.833+0800: 8.677: [GC remark, 0.0009758 secs]
2020-10-27T21:11:57.834+0800: 8.678: [GC cleanup 243M->242M(512M), 0.0006216 secs]
2020-10-27T21:11:57.835+0800: 8.678: [GC concurrent-cleanup-start]
2020-10-27T21:11:57.835+0800: 8.678: [GC concurrent-cleanup-end, 0.0000078 secs]
2020-10-27T21:11:57.912+0800: 8.755: [GC pause (G1 Evacuation Pause) (young) 395M->279M(512M), 0.0050948 secs]
2020-10-27T21:11:57.921+0800: 8.764: [GC pause (G1 Evacuation Pause) (mixed) 289M->247M(512M), 0.0036145 secs]
2020-10-27T21:11:57.950+0800: 8.793: [GC pause (G1 Evacuation Pause) (mixed) 279M->249M(512M), 0.0035208 secs]
2020-10-27T21:11:57.953+0800: 8.797: [GC pause (G1 Humongous Allocation) (young) (initial-mark) 249M->249M(512M), 0.0008616 secs]
2020-10-27T21:11:57.953+0800: 8.798: [GC concurrent-root-region-scan-start]
2020-10-27T21:11:57.954+0800: 8.798: [GC concurrent-root-region-scan-end, 0.0000664 secs]
2020-10-27T21:11:57.954+0800: 8.798: [GC concurrent-mark-start]
2020-10-27T21:11:57.955+0800: 8.800: [GC concurrent-mark-end, 0.0018870 secs]
2020-10-27T21:11:57.956+0800: 8.800: [GC remark, 0.0011247 secs]
2020-10-27T21:11:57.957+0800: 8.801: [GC cleanup 251M->250M(512M), 0.0006417 secs]
2020-10-27T21:11:57.958+0800: 8.802: [GC concurrent-cleanup-start]
2020-10-27T21:11:57.958+0800: 8.802: [GC concurrent-cleanup-end, 0.0000080 secs]
2020-10-27T21:11:58.058+0800: 8.902: [GC pause (G1 Evacuation Pause) (young)-- 434M->351M(512M), 0.0042548 secs]
2020-10-27T21:11:58.066+0800: 8.910: [GC pause (G1 Evacuation Pause) (mixed) 360M->320M(512M), 0.0045781 secs]
2020-10-27T21:11:58.088+0800: 8.932: [GC pause (G1 Evacuation Pause) (mixed) 350M->319M(512M), 0.0029180 secs]
2020-10-27T21:11:58.091+0800: 8.935: [GC pause (G1 Humongous Allocation) (young) (initial-mark) 320M->319M(512M), 0.0010773 secs]
2020-10-27T21:11:58.092+0800: 8.936: [GC concurrent-root-region-scan-start]
2020-10-27T21:11:58.092+0800: 8.936: [GC concurrent-root-region-scan-end, 0.0001363 secs]
2020-10-27T21:11:58.092+0800: 8.936: [GC concurrent-mark-start]
2020-10-27T21:11:58.094+0800: 8.938: [GC concurrent-mark-end, 0.0020827 secs]
2020-10-27T21:11:58.095+0800: 8.938: [GC remark, 0.0010534 secs]
2020-10-27T21:11:58.096+0800: 8.940: [GC cleanup 323M->318M(512M), 0.0006716 secs]
2020-10-27T21:11:58.097+0800: 8.940: [GC concurrent-cleanup-start]
2020-10-27T21:11:58.097+0800: 8.940: [GC concurrent-cleanup-end, 0.0000176 secs]
2020-10-27T21:11:58.154+0800: 8.998: [GC pause (G1 Evacuation Pause) (young) 419M->342M(512M), 0.0046052 secs]
2020-10-27T21:11:58.173+0800: 9.016: [GC pause (G1 Evacuation Pause) (mixed) 359M->296M(512M), 0.0029051 secs]
2020-10-27T21:11:58.207+0800: 9.050: [GC pause (G1 Evacuation Pause) (mixed) 324M->264M(512M), 0.0033834 secs]
2020-10-27T21:11:58.225+0800: 9.068: [GC pause (G1 Evacuation Pause) (mixed) 295M->252M(512M), 0.0041724 secs]
2020-10-27T21:11:58.229+0800: 9.073: [GC pause (G1 Humongous Allocation) (young) (initial-mark) 254M->252M(512M), 0.0013594 secs]
2020-10-27T21:11:58.231+0800: 9.074: [GC concurrent-root-region-scan-start]
2020-10-27T21:11:58.231+0800: 9.074: [GC concurrent-root-region-scan-end, 0.0000625 secs]
2020-10-27T21:11:58.231+0800: 9.074: [GC concurrent-mark-start]
2020-10-27T21:11:58.233+0800: 9.076: [GC concurrent-mark-end, 0.0020929 secs]
2020-10-27T21:11:58.233+0800: 9.076: [GC remark, 0.0011155 secs]
2020-10-27T21:11:58.234+0800: 9.078: [GC cleanup 263M->263M(512M), 0.0007641 secs]
2020-10-27T21:11:58.357+0800: 9.201: [GC pause (G1 Evacuation Pause) (young) 415M->280M(512M), 0.0091386 secs]
2020-10-27T21:11:58.370+0800: 9.215: [GC pause (G1 Evacuation Pause) (mixed) 288M->266M(512M), 0.0031538 secs]
2020-10-27T21:11:58.399+0800: 9.243: [GC pause (G1 Evacuation Pause) (mixed) 295M->261M(512M), 0.0026010 secs]
2020-10-27T21:11:58.428+0800: 9.272: [GC pause (G1 Evacuation Pause) (mixed) 287M->262M(512M), 0.0030645 secs]
2020-10-27T21:11:58.438+0800: 9.282: [GC pause (G1 Evacuation Pause) (mixed) 288M->263M(512M), 0.0019751 secs]
2020-10-27T21:11:58.440+0800: 9.284: [GC pause (G1 Humongous Allocation) (young) (initial-mark) 263M->262M(512M), 0.0009156 secs]
2020-10-27T21:11:58.441+0800: 9.285: [GC concurrent-root-region-scan-start]
2020-10-27T21:11:58.441+0800: 9.285: [GC concurrent-root-region-scan-end, 0.0000070 secs]
2020-10-27T21:11:58.441+0800: 9.285: [GC concurrent-mark-start]
2020-10-27T21:11:58.443+0800: 9.287: [GC concurrent-mark-end, 0.0018555 secs]
2020-10-27T21:11:58.443+0800: 9.287: [GC remark, 0.0010725 secs]
2020-10-27T21:11:58.444+0800: 9.288: [GC cleanup 264M->263M(512M), 0.0005351 secs]
2020-10-27T21:11:58.445+0800: 9.288: [GC concurrent-cleanup-start]
2020-10-27T21:11:58.445+0800: 9.288: [GC concurrent-cleanup-end, 0.0000085 secs]
2020-10-27T21:11:58.506+0800: 9.349: [GC pause (G1 Evacuation Pause) (young) 371M->285M(512M), 0.0046931 secs]
2020-10-27T21:11:58.528+0800: 9.372: [GC pause (G1 Evacuation Pause) (mixed) 301M->269M(512M), 0.0026070 secs]
2020-10-27T21:11:58.554+0800: 9.397: [GC pause (G1 Evacuation Pause) (mixed) 294M->257M(512M), 0.0031029 secs]
2020-10-27T21:11:58.574+0800: 9.417: [GC pause (G1 Evacuation Pause) (mixed) 285M->249M(512M), 0.0032760 secs]
2020-10-27T21:11:58.577+0800: 9.421: [GC pause (G1 Humongous Allocation) (young) (initial-mark) 249M->249M(512M), 0.0009181 secs]
2020-10-27T21:11:58.578+0800: 9.422: [GC concurrent-root-region-scan-start]
2020-10-27T21:11:58.579+0800: 9.422: [GC concurrent-root-region-scan-end, 0.0001515 secs]
2020-10-27T21:11:58.579+0800: 9.422: [GC concurrent-mark-start]
2020-10-27T21:11:58.581+0800: 9.424: [GC concurrent-mark-end, 0.0020275 secs]
2020-10-27T21:11:58.581+0800: 9.424: [GC remark, 0.0010233 secs]
2020-10-27T21:11:58.582+0800: 9.426: [GC cleanup 259M->257M(512M), 0.0008925 secs]
2020-10-27T21:11:58.583+0800: 9.426: [GC concurrent-cleanup-start]
2020-10-27T21:11:58.583+0800: 9.426: [GC concurrent-cleanup-end, 0.0000083 secs]
2020-10-27T21:11:58.651+0800: 9.494: [GC pause (G1 Evacuation Pause) (young) 345M->271M(512M), 0.0041128 secs]
2020-10-27T21:11:58.661+0800: 9.504: [GC pause (G1 Evacuation Pause) (mixed) 287M->249M(512M), 0.0030923 secs]
2020-10-27T21:11:58.673+0800: 9.516: [GC pause (G1 Evacuation Pause) (mixed) 283M->248M(512M), 0.0031622 secs]
2020-10-27T21:11:58.692+0800: 9.536: [GC pause (G1 Evacuation Pause) (mixed) 274M->250M(512M), 0.0032472 secs]
2020-10-27T21:11:58.695+0800: 9.539: [GC pause (G1 Humongous Allocation) (young) (initial-mark) 250M->249M(512M), 0.0012438 secs]
2020-10-27T21:11:58.696+0800: 9.541: [GC concurrent-root-region-scan-start]
2020-10-27T21:11:58.697+0800: 9.541: [GC concurrent-root-region-scan-end, 0.0001092 secs]
2020-10-27T21:11:58.697+0800: 9.541: [GC concurrent-mark-start]
2020-10-27T21:11:58.698+0800: 9.543: [GC concurrent-mark-end, 0.0018515 secs]
2020-10-27T21:11:58.699+0800: 9.543: [GC remark, 0.0010739 secs]
2020-10-27T21:11:58.700+0800: 9.544: [GC cleanup 253M->253M(512M), 0.0005846 secs]
2020-10-27T21:11:58.753+0800: 9.597: [GC pause (G1 Evacuation Pause) (young) 352M->277M(512M), 0.0043540 secs]
2020-10-27T21:11:58.766+0800: 9.610: [GC pause (G1 Evacuation Pause) (mixed) 293M->248M(512M), 0.0039280 secs]
2020-10-27T21:11:58.788+0800: 9.632: [GC pause (G1 Evacuation Pause) (mixed) 275M->243M(512M), 0.0029975 secs]
2020-10-27T21:11:58.791+0800: 9.635: [GC pause (G1 Humongous Allocation) (young) (initial-mark) 245M->244M(512M), 0.0015449 secs]
2020-10-27T21:11:58.793+0800: 9.637: [GC concurrent-root-region-scan-start]
2020-10-27T21:11:58.793+0800: 9.637: [GC concurrent-root-region-scan-end, 0.0000925 secs]
2020-10-27T21:11:58.793+0800: 9.637: [GC concurrent-mark-start]
2020-10-27T21:11:58.795+0800: 9.639: [GC concurrent-mark-end, 0.0018736 secs]
2020-10-27T21:11:58.795+0800: 9.639: [GC remark, 0.0010727 secs]
2020-10-27T21:11:58.796+0800: 9.640: [GC cleanup 250M->248M(512M), 0.0006245 secs]
2020-10-27T21:11:58.797+0800: 9.641: [GC concurrent-cleanup-start]
2020-10-27T21:11:58.797+0800: 9.641: [GC concurrent-cleanup-end, 0.0000084 secs]
2020-10-27T21:11:58.859+0800: 9.702: [GC pause (G1 Evacuation Pause) (young) 336M->266M(512M), 0.0041089 secs]
2020-10-27T21:11:58.875+0800: 9.718: [GC pause (G1 Evacuation Pause) (mixed) 284M->240M(512M), 0.0041303 secs]
2020-10-27T21:11:58.889+0800: 9.732: [GC pause (G1 Evacuation Pause) (mixed) 264M->240M(512M), 0.0022867 secs]
2020-10-27T21:11:58.891+0800: 9.735: [GC pause (G1 Humongous Allocation) (young) (initial-mark) 241M->240M(512M), 0.0008574 secs]
2020-10-27T21:11:58.892+0800: 9.736: [GC concurrent-root-region-scan-start]
2020-10-27T21:11:58.892+0800: 9.736: [GC concurrent-root-region-scan-end, 0.0000901 secs]
2020-10-27T21:11:58.892+0800: 9.736: [GC concurrent-mark-start]
2020-10-27T21:11:58.894+0800: 9.738: [GC concurrent-mark-end, 0.0018461 secs]
2020-10-27T21:11:58.894+0800: 9.738: [GC remark, 0.0009545 secs]
2020-10-27T21:11:58.895+0800: 9.739: [GC cleanup 245M->245M(512M), 0.0003140 secs]
2020-10-27T21:11:59.028+0800: 9.871: [GC pause (G1 Evacuation Pause) (young)-- 423M->329M(512M), 0.0047582 secs]
2020-10-27T21:11:59.045+0800: 9.889: [GC pause (G1 Evacuation Pause) (mixed) 337M->298M(512M), 0.0042165 secs]
2020-10-27T21:11:59.049+0800: 9.894: [GC pause (G1 Humongous Allocation) (young) (initial-mark) 300M->298M(512M), 0.0006687 secs]
2020-10-27T21:11:59.050+0800: 9.894: [GC concurrent-root-region-scan-start]
2020-10-27T21:11:59.050+0800: 9.894: [GC concurrent-root-region-scan-end, 0.0000661 secs]
2020-10-27T21:11:59.050+0800: 9.894: [GC concurrent-mark-start]
2020-10-27T21:11:59.052+0800: 9.896: [GC concurrent-mark-end, 0.0020552 secs]
2020-10-27T21:11:59.052+0800: 9.897: [GC remark, 0.0011570 secs]
2020-10-27T21:11:59.054+0800: 9.898: [GC cleanup 301M->300M(512M), 0.0006886 secs]
2020-10-27T21:11:59.054+0800: 9.899: [GC concurrent-cleanup-start]
2020-10-27T21:11:59.054+0800: 9.899: [GC concurrent-cleanup-end, 0.0000077 secs]
2020-10-27T21:11:59.141+0800: 9.985: [GC pause (G1 Evacuation Pause) (young) 419M->320M(512M), 0.0043759 secs]
2020-10-27T21:11:59.158+0800: 10.002: [GC pause (G1 Evacuation Pause) (mixed) 336M->278M(512M), 0.0031583 secs]
2020-10-27T21:11:59.183+0800: 10.027: [GC pause (G1 Evacuation Pause) (mixed) 306M->267M(512M), 0.0023468 secs]
2020-10-27T21:11:59.204+0800: 10.048: [GC pause (G1 Evacuation Pause) (mixed) 291M->259M(512M), 0.0026810 secs]
2020-10-27T21:11:59.233+0800: 10.077: [GC pause (G1 Evacuation Pause) (mixed) 284M->259M(512M), 0.0055577 secs]
2020-10-27T21:11:59.242+0800: 10.086: [GC pause (G1 Humongous Allocation) (young) (initial-mark) 261M->259M(512M), 0.0020160 secs]
2020-10-27T21:11:59.244+0800: 10.088: [GC concurrent-root-region-scan-start]
2020-10-27T21:11:59.244+0800: 10.088: [GC concurrent-root-region-scan-end, 0.0001263 secs]
2020-10-27T21:11:59.244+0800: 10.088: [GC concurrent-mark-start]
2020-10-27T21:11:59.249+0800: 10.093: [GC concurrent-mark-end, 0.0049734 secs]
2020-10-27T21:11:59.249+0800: 10.093: [GC remark, 0.0018786 secs]
2020-10-27T21:11:59.252+0800: 10.095: [GC cleanup 263M->262M(512M), 0.0004130 secs]
2020-10-27T21:11:59.252+0800: 10.096: [GC concurrent-cleanup-start]
2020-10-27T21:11:59.252+0800: 10.096: [GC concurrent-cleanup-end, 0.0000146 secs]
