Java HotSpot(TM) 64-Bit Server VM (25.211-b12) for windows-amd64 JRE (1.8.0_211-b12), built on Apr  1 2019 20:53:26 by "java_re" with MS VC++ 10.0 (VS2010)
Memory: 4k page, physical 16640612k(9260076k free), swap 16640612k(7492216k free)
CommandLine flags: -XX:InitialHeapSize=2147483648 -XX:MaxHeapSize=2147483648 -XX:MaxNewSize=348966912 -XX:MaxTenuringThreshold=6 -XX:NewSize=348966912 -XX:OldPLABSize=16 -XX:OldSize=697933824 -XX:+PrintGC -XX:+PrintGCDateStamps -XX:+PrintGCDetails -XX:+PrintGCTimeStamps -XX:+UseCompressedClassPointers -XX:+UseCompressedOops -XX:+UseConcMarkSweepGC -XX:-UseLargePagesIndividualAllocation -XX:+UseParNewGC 
2020-10-27T21:13:01.469+0800: 0.402: [GC (Allocation Failure) 2020-10-27T21:13:01.470+0800: 0.402: [ParNew: 272640K->34047K(306688K), 0.0136674 secs] 272640K->73900K(2063104K), 0.0138280 secs] [Times: user=0.02 sys=0.05, real=0.01 secs] 
2020-10-27T21:13:01.670+0800: 0.602: [GC (Allocation Failure) 2020-10-27T21:13:01.670+0800: 0.602: [ParNew: 306687K->34047K(306688K), 0.0186928 secs] 346540K->139653K(2063104K), 0.0187580 secs] [Times: user=0.01 sys=0.05, real=0.02 secs] 
2020-10-27T21:13:01.909+0800: 0.841: [GC (Allocation Failure) 2020-10-27T21:13:01.909+0800: 0.841: [ParNew: 306687K->34048K(306688K), 0.0291636 secs] 412293K->200330K(2063104K), 0.0292188 secs] [Times: user=0.11 sys=0.02, real=0.03 secs] 
2020-10-27T21:13:02.156+0800: 1.087: [GC (Allocation Failure) 2020-10-27T21:13:02.156+0800: 1.087: [ParNew: 306688K->34046K(306688K), 0.0303082 secs] 472970K->262502K(2063104K), 0.0303685 secs] [Times: user=0.11 sys=0.02, real=0.03 secs] 
2020-10-27T21:13:02.369+0800: 1.301: [GC (Allocation Failure) 2020-10-27T21:13:02.369+0800: 1.301: [ParNew: 306686K->34048K(306688K), 0.0305900 secs] 535142K->326494K(2063104K), 0.0306470 secs] [Times: user=0.13 sys=0.00, real=0.03 secs] 
2020-10-27T21:13:02.612+0800: 1.544: [GC (Allocation Failure) 2020-10-27T21:13:02.612+0800: 1.544: [ParNew: 306688K->34048K(306688K), 0.0306727 secs] 599134K->392932K(2063104K), 0.0307269 secs] [Times: user=0.11 sys=0.01, real=0.03 secs] 
2020-10-27T21:13:02.834+0800: 1.766: [GC (Allocation Failure) 2020-10-27T21:13:02.834+0800: 1.766: [ParNew: 306688K->34048K(306688K), 0.0273452 secs] 665572K->449804K(2063104K), 0.0274015 secs] [Times: user=0.13 sys=0.00, real=0.03 secs] 
2020-10-27T21:13:03.019+0800: 1.951: [GC (Allocation Failure) 2020-10-27T21:13:03.019+0800: 1.951: [ParNew: 306688K->34048K(306688K), 0.0308372 secs] 722444K->514123K(2063104K), 0.0308943 secs] [Times: user=0.11 sys=0.02, real=0.03 secs] 
2020-10-27T21:13:03.274+0800: 2.205: [GC (Allocation Failure) 2020-10-27T21:13:03.274+0800: 2.205: [ParNew: 306688K->34048K(306688K), 0.0329519 secs] 786763K->583195K(2063104K), 0.0330082 secs] [Times: user=0.13 sys=0.00, real=0.03 secs] 
2020-10-27T21:13:03.483+0800: 2.415: [GC (Allocation Failure) 2020-10-27T21:13:03.483+0800: 2.415: [ParNew: 306688K->34048K(306688K), 0.0335289 secs] 855835K->653243K(2063104K), 0.0335823 secs] [Times: user=0.09 sys=0.01, real=0.03 secs] 
2020-10-27T21:13:03.704+0800: 2.636: [GC (Allocation Failure) 2020-10-27T21:13:03.704+0800: 2.636: [ParNew: 306455K->34048K(306688K), 0.0358073 secs] 925650K->732239K(2063104K), 0.0358637 secs] [Times: user=0.09 sys=0.03, real=0.04 secs] 
2020-10-27T21:13:03.929+0800: 2.861: [GC (Allocation Failure) 2020-10-27T21:13:03.929+0800: 2.861: [ParNew: 306688K->34048K(306688K), 0.0292050 secs] 1004879K->796775K(2063104K), 0.0292636 secs] [Times: user=0.09 sys=0.03, real=0.03 secs] 
2020-10-27T21:13:04.153+0800: 3.085: [GC (Allocation Failure) 2020-10-27T21:13:04.153+0800: 3.085: [ParNew: 306688K->34048K(306688K), 0.0330727 secs] 1069415K->873152K(2063104K), 0.0331297 secs] [Times: user=0.09 sys=0.03, real=0.03 secs] 
2020-10-27T21:13:04.347+0800: 3.279: [GC (Allocation Failure) 2020-10-27T21:13:04.347+0800: 3.279: [ParNew: 306688K->34048K(306688K), 0.0264940 secs] 1145792K->929705K(2063104K), 0.0265503 secs] [Times: user=0.11 sys=0.02, real=0.03 secs] 
2020-10-27T21:13:04.374+0800: 3.306: [GC (CMS Initial Mark) [1 CMS-initial-mark: 895657K(1756416K)] 935308K(2063104K), 0.0002254 secs] [Times: user=0.00 sys=0.00, real=0.00 secs] 
2020-10-27T21:13:04.374+0800: 3.306: [CMS-concurrent-mark-start]
2020-10-27T21:13:04.388+0800: 3.319: [CMS-concurrent-mark: 0.013/0.013 secs] [Times: user=0.02 sys=0.00, real=0.01 secs] 
2020-10-27T21:13:04.388+0800: 3.319: [CMS-concurrent-preclean-start]
2020-10-27T21:13:04.390+0800: 3.321: [CMS-concurrent-preclean: 0.002/0.002 secs] [Times: user=0.00 sys=0.00, real=0.00 secs] 
2020-10-27T21:13:04.390+0800: 3.321: [CMS-concurrent-abortable-preclean-start]
2020-10-27T21:13:04.583+0800: 3.515: [GC (Allocation Failure) 2020-10-27T21:13:04.583+0800: 3.515: [ParNew2020-10-27T21:13:04.593+0800: 3.525: [CMS-concurrent-abortable-preclean: 0.003/0.204 secs] [Times: user=0.03 sys=0.01, real=0.20 secs] 
: 306688K->34048K(306688K), 0.0410176 secs] 1202345K->995633K(2063104K), 0.0411278 secs] [Times: user=0.14 sys=0.03, real=0.04 secs] 
2020-10-27T21:13:04.624+0800: 3.556: [GC (CMS Final Remark) [YG occupancy: 34229 K (306688 K)]2020-10-27T21:13:04.624+0800: 3.556: [Rescan (parallel) , 0.0006923 secs]2020-10-27T21:13:04.625+0800: 3.557: [weak refs processing, 0.0000098 secs]2020-10-27T21:13:04.625+0800: 3.557: [class unloading, 0.0001770 secs]2020-10-27T21:13:04.625+0800: 3.557: [scrub symbol table, 0.0002677 secs]2020-10-27T21:13:04.625+0800: 3.557: [scrub string table, 0.0000795 secs][1 CMS-remark: 961585K(1756416K)] 995814K(2063104K), 0.0012887 secs] [Times: user=0.00 sys=0.00, real=0.00 secs] 
2020-10-27T21:13:04.625+0800: 3.557: [CMS-concurrent-sweep-start]
2020-10-27T21:13:04.626+0800: 3.558: [CMS-concurrent-sweep: 0.001/0.001 secs] [Times: user=0.00 sys=0.00, real=0.00 secs] 
2020-10-27T21:13:04.626+0800: 3.558: [CMS-concurrent-reset-start]
2020-10-27T21:13:04.627+0800: 3.559: [CMS-concurrent-reset: 0.001/0.001 secs] [Times: user=0.00 sys=0.00, real=0.00 secs] 
2020-10-27T21:13:04.848+0800: 3.780: [GC (Allocation Failure) 2020-10-27T21:13:04.848+0800: 3.780: [ParNew: 306688K->34048K(306688K), 0.0135064 secs] 541062K->338412K(2063104K), 0.0135582 secs] [Times: user=0.05 sys=0.02, real=0.01 secs] 
2020-10-27T21:13:05.035+0800: 3.967: [GC (Allocation Failure) 2020-10-27T21:13:05.035+0800: 3.967: [ParNew: 306688K->34048K(306688K), 0.0122353 secs] 611052K->393784K(2063104K), 0.0122969 secs] [Times: user=0.06 sys=0.00, real=0.01 secs] 
2020-10-27T21:13:05.251+0800: 4.183: [GC (Allocation Failure) 2020-10-27T21:13:05.251+0800: 4.183: [ParNew: 306578K->34048K(306688K), 0.0142108 secs] 666314K->466899K(2063104K), 0.0142748 secs] [Times: user=0.06 sys=0.00, real=0.02 secs] 
2020-10-27T21:13:05.471+0800: 4.402: [GC (Allocation Failure) 2020-10-27T21:13:05.471+0800: 4.402: [ParNew: 306688K->34048K(306688K), 0.0147247 secs] 739539K->534016K(2063104K), 0.0147895 secs] [Times: user=0.05 sys=0.00, real=0.02 secs] 
2020-10-27T21:13:05.677+0800: 4.609: [GC (Allocation Failure) 2020-10-27T21:13:05.677+0800: 4.609: [ParNew: 306688K->34048K(306688K), 0.0142511 secs] 806656K->615382K(2063104K), 0.0143078 secs] [Times: user=0.06 sys=0.00, real=0.01 secs] 
2020-10-27T21:13:05.884+0800: 4.816: [GC (Allocation Failure) 2020-10-27T21:13:05.884+0800: 4.816: [ParNew: 306688K->34048K(306688K), 0.0137381 secs] 888022K->682614K(2063104K), 0.0137964 secs] [Times: user=0.06 sys=0.00, real=0.01 secs] 
2020-10-27T21:13:06.100+0800: 5.032: [GC (Allocation Failure) 2020-10-27T21:13:06.100+0800: 5.032: [ParNew: 306688K->34048K(306688K), 0.0158643 secs] 955254K->762062K(2063104K), 0.0159232 secs] [Times: user=0.05 sys=0.00, real=0.02 secs] 
2020-10-27T21:13:06.315+0800: 5.247: [GC (Allocation Failure) 2020-10-27T21:13:06.315+0800: 5.247: [ParNew: 306688K->34048K(306688K), 0.0139408 secs] 1034702K->836653K(2063104K), 0.0139978 secs] [Times: user=0.06 sys=0.00, real=0.01 secs] 
2020-10-27T21:13:06.549+0800: 5.481: [GC (Allocation Failure) 2020-10-27T21:13:06.549+0800: 5.481: [ParNew: 306688K->34048K(306688K), 0.0137515 secs] 1109293K->908943K(2063104K), 0.0138073 secs] [Times: user=0.06 sys=0.00, real=0.01 secs] 
2020-10-27T21:13:06.744+0800: 5.676: [GC (Allocation Failure) 2020-10-27T21:13:06.744+0800: 5.676: [ParNew: 306313K->34048K(306688K), 0.0136913 secs] 1181209K->977048K(2063104K), 0.0137513 secs] [Times: user=0.06 sys=0.00, real=0.01 secs] 
2020-10-27T21:13:06.910+0800: 5.842: [GC (Allocation Failure) 2020-10-27T21:13:06.910+0800: 5.842: [ParNew: 306688K->34048K(306688K), 0.0278860 secs] 1249688K->1045507K(2063104K), 0.0279433 secs] [Times: user=0.11 sys=0.02, real=0.03 secs] 
2020-10-27T21:13:07.125+0800: 6.057: [GC (Allocation Failure) 2020-10-27T21:13:07.125+0800: 6.057: [ParNew: 306688K->34048K(306688K), 0.0314243 secs] 1318147K->1114753K(2063104K), 0.0314800 secs] [Times: user=0.09 sys=0.02, real=0.03 secs] 
2020-10-27T21:13:07.359+0800: 6.290: [GC (Allocation Failure) 2020-10-27T21:13:07.359+0800: 6.291: [ParNew: 306688K->34048K(306688K), 0.0487392 secs] 1387393K->1180045K(2063104K), 0.0488480 secs] [Times: user=0.14 sys=0.03, real=0.05 secs] 
2020-10-27T21:13:07.573+0800: 6.505: [GC (Allocation Failure) 2020-10-27T21:13:07.574+0800: 6.506: [ParNew: 306688K->34048K(306688K), 0.0271613 secs] 1452685K->1238275K(2063104K), 0.0280417 secs] [Times: user=0.05 sys=0.02, real=0.03 secs] 
2020-10-27T21:13:07.787+0800: 6.719: [GC (Allocation Failure) 2020-10-27T21:13:07.787+0800: 6.719: [ParNew: 306688K->34048K(306688K), 0.0329874 secs] 1510915K->1308595K(2063104K), 0.0330432 secs] [Times: user=0.09 sys=0.01, real=0.03 secs] 
2020-10-27T21:13:08.015+0800: 6.947: [GC (Allocation Failure) 2020-10-27T21:13:08.015+0800: 6.947: [ParNew: 306688K->34048K(306688K), 0.0313432 secs] 1581235K->1376866K(2063104K), 0.0313983 secs] [Times: user=0.09 sys=0.02, real=0.03 secs] 
2020-10-27T21:13:08.241+0800: 7.173: [GC (Allocation Failure) 2020-10-27T21:13:08.241+0800: 7.173: [ParNew: 306688K->34048K(306688K), 0.0342490 secs] 1649506K->1448263K(2063104K), 0.0343049 secs] [Times: user=0.13 sys=0.00, real=0.03 secs] 
2020-10-27T21:13:08.451+0800: 7.382: [GC (Allocation Failure) 2020-10-27T21:13:08.451+0800: 7.382: [ParNew: 306688K->34048K(306688K), 0.0289349 secs] 1720903K->1509813K(2063104K), 0.0289916 secs] [Times: user=0.06 sys=0.00, real=0.03 secs] 
2020-10-27T21:13:08.655+0800: 7.587: [GC (Allocation Failure) 2020-10-27T21:13:08.655+0800: 7.587: [ParNew: 306688K->34048K(306688K), 0.0309753 secs] 1782453K->1579341K(2063104K), 0.0310313 secs] [Times: user=0.13 sys=0.00, real=0.03 secs] 
2020-10-27T21:13:08.686+0800: 7.618: [GC (CMS Initial Mark) [1 CMS-initial-mark: 1545293K(1756416K)] 1579413K(2063104K), 0.0000815 secs] [Times: user=0.00 sys=0.00, real=0.00 secs] 
2020-10-27T21:13:08.686+0800: 7.618: [CMS-concurrent-mark-start]
2020-10-27T21:13:08.692+0800: 7.624: [CMS-concurrent-mark: 0.006/0.006 secs] [Times: user=0.00 sys=0.00, real=0.01 secs] 
2020-10-27T21:13:08.692+0800: 7.624: [CMS-concurrent-preclean-start]
2020-10-27T21:13:08.694+0800: 7.626: [CMS-concurrent-preclean: 0.001/0.001 secs] [Times: user=0.00 sys=0.00, real=0.00 secs] 
2020-10-27T21:13:08.694+0800: 7.626: [CMS-concurrent-abortable-preclean-start]
2020-10-27T21:13:08.895+0800: 7.826: [GC (Allocation Failure) 2020-10-27T21:13:08.895+0800: 7.826: [ParNew2020-10-27T21:13:08.898+0800: 7.829: [CMS-concurrent-abortable-preclean: 0.003/0.203 secs] [Times: user=0.00 sys=0.00, real=0.20 secs] 
: 306688K->34048K(306688K), 0.0294896 secs] 1851981K->1643710K(2063104K), 0.0295513 secs] [Times: user=0.09 sys=0.02, real=0.03 secs] 
2020-10-27T21:13:08.924+0800: 7.856: [GC (CMS Final Remark) [YG occupancy: 39666 K (306688 K)]2020-10-27T21:13:08.924+0800: 7.856: [Rescan (parallel) , 0.0008113 secs]2020-10-27T21:13:08.924+0800: 7.857: [weak refs processing, 0.0000102 secs]2020-10-27T21:13:08.924+0800: 7.857: [class unloading, 0.0001778 secs]2020-10-27T21:13:08.925+0800: 7.857: [scrub symbol table, 0.0002695 secs]2020-10-27T21:13:08.925+0800: 7.857: [scrub string table, 0.0000792 secs][1 CMS-remark: 1609662K(1756416K)] 1649329K(2063104K), 0.0014053 secs] [Times: user=0.00 sys=0.00, real=0.00 secs] 
2020-10-27T21:13:08.925+0800: 7.857: [CMS-concurrent-sweep-start]
2020-10-27T21:13:08.927+0800: 7.859: [CMS-concurrent-sweep: 0.002/0.002 secs] [Times: user=0.00 sys=0.00, real=0.00 secs] 
2020-10-27T21:13:08.927+0800: 7.859: [CMS-concurrent-reset-start]
2020-10-27T21:13:08.928+0800: 7.861: [CMS-concurrent-reset: 0.001/0.001 secs] [Times: user=0.00 sys=0.00, real=0.00 secs] 
2020-10-27T21:13:09.126+0800: 8.058: [GC (Allocation Failure) 2020-10-27T21:13:09.126+0800: 8.058: [ParNew: 306688K->34048K(306688K), 0.0142182 secs] 539147K->338577K(2063104K), 0.0142745 secs] [Times: user=0.06 sys=0.00, real=0.01 secs] 
2020-10-27T21:13:09.355+0800: 8.287: [GC (Allocation Failure) 2020-10-27T21:13:09.355+0800: 8.287: [ParNew: 306688K->34048K(306688K), 0.0133165 secs] 611217K->407896K(2063104K), 0.0133733 secs] [Times: user=0.00 sys=0.00, real=0.01 secs] 
2020-10-27T21:13:09.521+0800: 8.453: [GC (Allocation Failure) 2020-10-27T21:13:09.521+0800: 8.453: [ParNew: 306688K->34048K(306688K), 0.0124016 secs] 680536K->468686K(2063104K), 0.0124583 secs] [Times: user=0.06 sys=0.00, real=0.01 secs] 
2020-10-27T21:13:09.742+0800: 8.674: [GC (Allocation Failure) 2020-10-27T21:13:09.742+0800: 8.674: [ParNew: 306688K->34048K(306688K), 0.0142155 secs] 741326K->543120K(2063104K), 0.0142698 secs] [Times: user=0.06 sys=0.00, real=0.01 secs] 
2020-10-27T21:13:09.951+0800: 8.882: [GC (Allocation Failure) 2020-10-27T21:13:09.951+0800: 8.883: [ParNew: 306688K->34048K(306688K), 0.0135928 secs] 815760K->617713K(2063104K), 0.0136569 secs] [Times: user=0.00 sys=0.02, real=0.01 secs] 
2020-10-27T21:13:10.117+0800: 9.049: [GC (Allocation Failure) 2020-10-27T21:13:10.117+0800: 9.049: [ParNew: 306688K->34048K(306688K), 0.0138053 secs] 890353K->685111K(2063104K), 0.0138642 secs] [Times: user=0.06 sys=0.00, real=0.01 secs] 
2020-10-27T21:13:10.318+0800: 9.249: [GC (Allocation Failure) 2020-10-27T21:13:10.318+0800: 9.249: [ParNew: 306688K->34048K(306688K), 0.0141541 secs] 957751K->743617K(2063104K), 0.0142247 secs] [Times: user=0.03 sys=0.00, real=0.01 secs] 
2020-10-27T21:13:10.548+0800: 9.480: [GC (Allocation Failure) 2020-10-27T21:13:10.548+0800: 9.480: [ParNew: 306688K->34048K(306688K), 0.0129325 secs] 1016257K->807375K(2063104K), 0.0129855 secs] [Times: user=0.05 sys=0.00, real=0.01 secs] 
2020-10-27T21:13:10.726+0800: 9.657: [GC (Allocation Failure) 2020-10-27T21:13:10.726+0800: 9.657: [ParNew: 306688K->34048K(306688K), 0.0130189 secs] 1080015K->869391K(2063104K), 0.0130666 secs] [Times: user=0.03 sys=0.02, real=0.01 secs] 
2020-10-27T21:13:10.930+0800: 9.862: [GC (Allocation Failure) 2020-10-27T21:13:10.930+0800: 9.862: [ParNew: 306688K->34048K(306688K), 0.0132495 secs] 1142031K->931369K(2063104K), 0.0133104 secs] [Times: user=0.05 sys=0.00, real=0.01 secs] 
2020-10-27T21:13:11.110+0800: 10.042: [GC (Allocation Failure) 2020-10-27T21:13:11.110+0800: 10.042: [ParNew: 306688K->34048K(306688K), 0.0139070 secs] 1204009K->995412K(2063104K), 0.0139599 secs] [Times: user=0.05 sys=0.00, real=0.01 secs] 
Heap
 par new generation   total 306688K, used 109887K [0x0000000080000000, 0x0000000094cc0000, 0x0000000094cc0000)
  eden space 272640K,  27% used [0x0000000080000000, 0x0000000084a0fc78, 0x0000000090a40000)
  from space 34048K, 100% used [0x0000000090a40000, 0x0000000092b80000, 0x0000000092b80000)
  to   space 34048K,   0% used [0x0000000092b80000, 0x0000000092b80000, 0x0000000094cc0000)
 concurrent mark-sweep generation total 1756416K, used 961364K [0x0000000094cc0000, 0x0000000100000000, 0x0000000100000000)
 Metaspace       used 2707K, capacity 4486K, committed 4864K, reserved 1056768K
  class space    used 291K, capacity 386K, committed 512K, reserved 1048576K
