Java HotSpot(TM) 64-Bit Server VM (25.211-b12) for windows-amd64 JRE (1.8.0_211-b12), built on Apr  1 2019 20:53:26 by "java_re" with MS VC++ 10.0 (VS2010)
Memory: 4k page, physical 16640612k(9235092k free), swap 16640612k(7469040k free)
CommandLine flags: -XX:InitialHeapSize=4294967296 -XX:MaxGCPauseMillis=10 -XX:MaxHeapSize=4294967296 -XX:+PrintGC -XX:+PrintGCDateStamps -XX:+PrintGCTimeStamps -XX:+UseCompressedClassPointers -XX:+UseCompressedOops -XX:+UseG1GC -XX:-UseLargePagesIndividualAllocation 
2020-10-27T21:13:53.176+0800: 0.379: [GC pause (G1 Evacuation Pause) (young) 204M->64M(4096M), 0.0099423 secs]
2020-10-27T21:13:53.291+0800: 0.495: [GC pause (G1 Evacuation Pause) (young) 242M->116M(4096M), 0.0098577 secs]
2020-10-27T21:13:53.392+0800: 0.595: [GC pause (G1 Evacuation Pause) (young) 294M->164M(4096M), 0.0096919 secs]
2020-10-27T21:13:53.526+0800: 0.729: [GC pause (G1 Evacuation Pause) (young) 342M->215M(4096M), 0.0129791 secs]
2020-10-27T21:13:53.661+0800: 0.864: [GC pause (G1 Evacuation Pause) (young) 393M->266M(4096M), 0.0098788 secs]
2020-10-27T21:13:53.806+0800: 1.009: [GC pause (G1 Evacuation Pause) (young) 444M->311M(4096M), 0.0093204 secs]
2020-10-27T21:13:53.952+0800: 1.154: [GC pause (G1 Evacuation Pause) (young) 489M->371M(4096M), 0.0103534 secs]
2020-10-27T21:13:54.079+0800: 1.282: [GC pause (G1 Evacuation Pause) (young) 549M->426M(4096M), 0.0093431 secs]
2020-10-27T21:13:54.210+0800: 1.413: [GC pause (G1 Evacuation Pause) (young) 604M->476M(4096M), 0.0091433 secs]
2020-10-27T21:13:54.322+0800: 1.525: [GC pause (G1 Evacuation Pause) (young) 654M->544M(4096M), 0.0108151 secs]
2020-10-27T21:13:54.420+0800: 1.623: [GC pause (G1 Evacuation Pause) (young) 722M->597M(4096M), 0.0088001 secs]
2020-10-27T21:13:54.540+0800: 1.743: [GC pause (G1 Evacuation Pause) (young) 775M->647M(4096M), 0.0091455 secs]
2020-10-27T21:13:54.677+0800: 1.880: [GC pause (G1 Evacuation Pause) (young) 825M->707M(4096M), 0.0097520 secs]
2020-10-27T21:13:54.801+0800: 2.004: [GC pause (G1 Evacuation Pause) (young) 885M->761M(4096M), 0.0090391 secs]
2020-10-27T21:13:54.942+0800: 2.145: [GC pause (G1 Evacuation Pause) (young) 939M->815M(4096M), 0.0090927 secs]
2020-10-27T21:13:55.075+0800: 2.278: [GC pause (G1 Evacuation Pause) (young) 993M->855M(4096M), 0.0080751 secs]
2020-10-27T21:13:55.197+0800: 2.400: [GC pause (G1 Evacuation Pause) (young) 1033M->910M(4096M), 0.0093844 secs]
2020-10-27T21:13:55.314+0800: 2.517: [GC pause (G1 Evacuation Pause) (young) 1088M->960M(4096M), 0.0084600 secs]
2020-10-27T21:13:55.444+0800: 2.646: [GC pause (G1 Evacuation Pause) (young) 1138M->1011M(4096M), 0.0086530 secs]
2020-10-27T21:13:55.542+0800: 2.746: [GC pause (G1 Evacuation Pause) (young) 1189M->1065M(4096M), 0.0088270 secs]
2020-10-27T21:13:55.663+0800: 2.866: [GC pause (G1 Evacuation Pause) (young) 1243M->1115M(4096M), 0.0086521 secs]
2020-10-27T21:13:55.783+0800: 2.986: [GC pause (G1 Evacuation Pause) (young) 1293M->1171M(4096M), 0.0089950 secs]
2020-10-27T21:13:55.893+0800: 3.096: [GC pause (G1 Evacuation Pause) (young) 1349M->1223M(4096M), 0.0085409 secs]
2020-10-27T21:13:56.022+0800: 3.225: [GC pause (G1 Evacuation Pause) (young) 1401M->1285M(4096M), 0.0097768 secs]
2020-10-27T21:13:56.143+0800: 3.345: [GC pause (G1 Evacuation Pause) (young) 1463M->1339M(4096M), 0.0088866 secs]
2020-10-27T21:13:56.295+0800: 3.498: [GC pause (G1 Evacuation Pause) (young) 1517M->1403M(4096M), 0.0104357 secs]
2020-10-27T21:13:56.429+0800: 3.632: [GC pause (G1 Evacuation Pause) (young) 1581M->1454M(4096M), 0.0092882 secs]
2020-10-27T21:13:56.556+0800: 3.758: [GC pause (G1 Evacuation Pause) (young) 1632M->1509M(4096M), 0.0091183 secs]
2020-10-27T21:13:56.675+0800: 3.878: [GC pause (G1 Evacuation Pause) (young) 1687M->1561M(4096M), 0.0084503 secs]
2020-10-27T21:13:56.837+0800: 4.040: [GC pause (G1 Evacuation Pause) (young) 1739M->1614M(4096M), 0.0090843 secs]
2020-10-27T21:13:56.959+0800: 4.161: [GC pause (G1 Evacuation Pause) (young) 1792M->1675M(4096M), 0.0098159 secs]
2020-10-27T21:13:57.115+0800: 4.318: [GC pause (G1 Evacuation Pause) (young) 1853M->1730M(4096M), 0.0090422 secs]
2020-10-27T21:13:57.227+0800: 4.430: [GC pause (G1 Evacuation Pause) (young) 1908M->1776M(4096M), 0.0079064 secs]
2020-10-27T21:13:57.379+0800: 4.582: [GC pause (G1 Evacuation Pause) (young) 1954M->1828M(4096M), 0.0086381 secs]
2020-10-27T21:13:57.507+0800: 4.710: [GC pause (G1 Evacuation Pause) (young) 2014M->1887M(4096M), 0.0105061 secs]
2020-10-27T21:13:57.635+0800: 4.838: [GC pause (G1 Evacuation Pause) (young) (initial-mark) 2063M->1937M(4096M), 0.0242578 secs]
2020-10-27T21:13:57.659+0800: 4.862: [GC concurrent-root-region-scan-start]
2020-10-27T21:13:57.659+0800: 4.862: [GC concurrent-root-region-scan-end, 0.0001443 secs]
2020-10-27T21:13:57.659+0800: 4.862: [GC concurrent-mark-start]
2020-10-27T21:13:57.674+0800: 4.876: [GC concurrent-mark-end, 0.0142431 secs]
2020-10-27T21:13:57.674+0800: 4.877: [GC remark, 0.0013245 secs]
2020-10-27T21:13:57.675+0800: 4.878: [GC cleanup 1971M->575M(4096M), 0.0011946 secs]
2020-10-27T21:13:57.677+0800: 4.879: [GC concurrent-cleanup-start]
2020-10-27T21:13:57.677+0800: 4.880: [GC concurrent-cleanup-end, 0.0008373 secs]
2020-10-27T21:13:57.773+0800: 4.976: [GC pause (G1 Evacuation Pause) (young) 719M->589M(4096M), 0.0069303 secs]
2020-10-27T21:13:57.886+0800: 5.089: [GC pause (G1 Evacuation Pause) (mixed) 767M->594M(4096M), 0.0078775 secs]
2020-10-27T21:13:58.026+0800: 5.229: [GC pause (G1 Evacuation Pause) (mixed) 772M->582M(4096M), 0.0114037 secs]
2020-10-27T21:13:58.183+0800: 5.386: [GC pause (G1 Evacuation Pause) (mixed) 760M->609M(4096M), 0.0070036 secs]
2020-10-27T21:13:58.320+0800: 5.523: [GC pause (G1 Evacuation Pause) (young) 787M->673M(4096M), 0.0073600 secs]
2020-10-27T21:13:58.450+0800: 5.653: [GC pause (G1 Evacuation Pause) (young) 851M->727M(4096M), 0.0071581 secs]
2020-10-27T21:13:58.554+0800: 5.757: [GC pause (G1 Evacuation Pause) (young) 905M->782M(4096M), 0.0071391 secs]
2020-10-27T21:13:58.668+0800: 5.871: [GC pause (G1 Evacuation Pause) (young) 960M->833M(4096M), 0.0068403 secs]
2020-10-27T21:13:58.829+0800: 6.031: [GC pause (G1 Evacuation Pause) (young) 1045M->894M(4096M), 0.0085464 secs]
2020-10-27T21:13:58.946+0800: 6.149: [GC pause (G1 Evacuation Pause) (young) 1102M->950M(4096M), 0.0080922 secs]
2020-10-27T21:13:59.068+0800: 6.271: [GC pause (G1 Evacuation Pause) (young) 1166M->1019M(4096M), 0.0087765 secs]
2020-10-27T21:13:59.249+0800: 6.452: [GC pause (G1 Evacuation Pause) (young) 1237M->1083M(4096M), 0.0085981 secs]
2020-10-27T21:13:59.408+0800: 6.611: [GC pause (G1 Evacuation Pause) (young) 1305M->1143M(4096M), 0.0079567 secs]
2020-10-27T21:13:59.581+0800: 6.783: [GC pause (G1 Evacuation Pause) (young) 1383M->1208M(4096M), 0.0092492 secs]
2020-10-27T21:13:59.723+0800: 6.926: [GC pause (G1 Evacuation Pause) (young) 1448M->1273M(4096M), 0.0087280 secs]
2020-10-27T21:13:59.887+0800: 7.090: [GC pause (G1 Evacuation Pause) (young) 1521M->1347M(4096M), 0.0094719 secs]
2020-10-27T21:14:00.098+0800: 7.301: [GC pause (G1 Evacuation Pause) (young) 1595M->1416M(4096M), 0.0093680 secs]
2020-10-27T21:14:00.299+0800: 7.501: [GC pause (G1 Evacuation Pause) (young) 1668M->1485M(4096M), 0.0090952 secs]
2020-10-27T21:14:00.438+0800: 7.641: [GC pause (G1 Evacuation Pause) (young) 1741M->1551M(4096M), 0.0091155 secs]
2020-10-27T21:14:00.674+0800: 7.876: [GC pause (G1 Evacuation Pause) (young) 1825M->1621M(4096M), 0.0099200 secs]
2020-10-27T21:14:00.888+0800: 8.091: [GC pause (G1 Evacuation Pause) (young) 1879M->1691M(4096M), 0.0096719 secs]
2020-10-27T21:14:01.077+0800: 8.280: [GC pause (G1 Evacuation Pause) (young) 1961M->1769M(4096M), 0.0101368 secs]
2020-10-27T21:14:01.284+0800: 8.487: [GC pause (G1 Evacuation Pause) (young) 2025M->1833M(4096M), 0.0089995 secs]
2020-10-27T21:14:01.460+0800: 8.663: [GC pause (G1 Evacuation Pause) (young) 2103M->1916M(4096M), 0.0100717 secs]
2020-10-27T21:14:01.646+0800: 8.849: [GC pause (G1 Evacuation Pause) (young) (initial-mark) 2182M->1988M(4096M), 0.0121072 secs]
2020-10-27T21:14:01.658+0800: 8.861: [GC concurrent-root-region-scan-start]
2020-10-27T21:14:01.658+0800: 8.861: [GC concurrent-root-region-scan-end, 0.0001213 secs]
2020-10-27T21:14:01.658+0800: 8.861: [GC concurrent-mark-start]
2020-10-27T21:14:01.664+0800: 8.867: [GC concurrent-mark-end, 0.0060534 secs]
2020-10-27T21:14:01.664+0800: 8.867: [GC remark, 0.0011955 secs]
2020-10-27T21:14:01.666+0800: 8.869: [GC cleanup 1998M->514M(4096M), 0.0014135 secs]
2020-10-27T21:14:01.667+0800: 8.870: [GC concurrent-cleanup-start]
2020-10-27T21:14:01.668+0800: 8.871: [GC concurrent-cleanup-end, 0.0007369 secs]
2020-10-27T21:14:01.794+0800: 8.997: [GC pause (G1 Evacuation Pause) (young) 734M->574M(4096M), 0.0093292 secs]
2020-10-27T21:14:01.914+0800: 9.117: [GC pause (G1 Evacuation Pause) (mixed) 744M->577M(4096M), 0.0079752 secs]
2020-10-27T21:14:02.050+0800: 9.253: [GC pause (G1 Evacuation Pause) (mixed) 755M->586M(4096M), 0.0071990 secs]
2020-10-27T21:14:02.210+0800: 9.412: [GC pause (G1 Evacuation Pause) (young) 794M->644M(4096M), 0.0077632 secs]
2020-10-27T21:14:02.349+0800: 9.552: [GC pause (G1 Evacuation Pause) (young) 856M->704M(4096M), 0.0077991 secs]
2020-10-27T21:14:02.509+0800: 9.712: [GC pause (G1 Evacuation Pause) (young) 928M->769M(4096M), 0.0080626 secs]
2020-10-27T21:14:02.702+0800: 9.905: [GC pause (G1 Evacuation Pause) (young) 1011M->841M(4096M), 0.0084755 secs]
2020-10-27T21:14:02.924+0800: 10.126: [GC pause (G1 Evacuation Pause) (young) 1095M->910M(4096M), 0.0094964 secs]
