Java HotSpot(TM) 64-Bit Server VM (25.211-b12) for windows-amd64 JRE (1.8.0_211-b12), built on Apr  1 2019 20:53:26 by "java_re" with MS VC++ 10.0 (VS2010)
Memory: 4k page, physical 16640612k(9253164k free), swap 16640612k(7482524k free)
CommandLine flags: -XX:InitialHeapSize=1073741824 -XX:MaxHeapSize=1073741824 -XX:MaxNewSize=348966912 -XX:MaxTenuringThreshold=6 -XX:NewSize=348966912 -XX:OldPLABSize=16 -XX:OldSize=697933824 -XX:+PrintGC -XX:+PrintGCDateStamps -XX:+PrintGCDetails -XX:+PrintGCTimeStamps -XX:+UseCompressedClassPointers -XX:+UseCompressedOops -XX:+UseConcMarkSweepGC -XX:-UseLargePagesIndividualAllocation -XX:+UseParNewGC 
2020-10-27T21:12:20.250+0800: 0.378: [GC (Allocation Failure) 2020-10-27T21:12:20.250+0800: 0.378: [ParNew: 272640K->34045K(306688K), 0.0130716 secs] 272640K->73487K(1014528K), 0.0132362 secs] [Times: user=0.03 sys=0.03, real=0.01 secs] 
2020-10-27T21:12:20.469+0800: 0.597: [GC (Allocation Failure) 2020-10-27T21:12:20.469+0800: 0.597: [ParNew: 306685K->34046K(306688K), 0.0185413 secs] 346127K->138412K(1014528K), 0.0185986 secs] [Times: user=0.02 sys=0.05, real=0.02 secs] 
2020-10-27T21:12:20.701+0800: 0.828: [GC (Allocation Failure) 2020-10-27T21:12:20.701+0800: 0.828: [ParNew: 306686K->34048K(306688K), 0.0288259 secs] 411052K->198659K(1014528K), 0.0288759 secs] [Times: user=0.06 sys=0.00, real=0.03 secs] 
2020-10-27T21:12:20.896+0800: 1.024: [GC (Allocation Failure) 2020-10-27T21:12:20.896+0800: 1.024: [ParNew: 306688K->34048K(306688K), 0.0255893 secs] 471299K->254342K(1014528K), 0.0256449 secs] [Times: user=0.09 sys=0.03, real=0.03 secs] 
2020-10-27T21:12:21.097+0800: 1.224: [GC (Allocation Failure) 2020-10-27T21:12:21.097+0800: 1.224: [ParNew: 306688K->34047K(306688K), 0.0284293 secs] 526982K->316408K(1014528K), 0.0284845 secs] [Times: user=0.09 sys=0.03, real=0.03 secs] 
2020-10-27T21:12:21.316+0800: 1.443: [GC (Allocation Failure) 2020-10-27T21:12:21.316+0800: 1.443: [ParNew: 306687K->34048K(306688K), 0.0272710 secs] 589048K->377965K(1014528K), 0.0273253 secs] [Times: user=0.11 sys=0.02, real=0.03 secs] 
2020-10-27T21:12:21.524+0800: 1.652: [GC (Allocation Failure) 2020-10-27T21:12:21.524+0800: 1.652: [ParNew: 306688K->34048K(306688K), 0.0277114 secs] 650605K->437544K(1014528K), 0.0277666 secs] [Times: user=0.11 sys=0.02, real=0.03 secs] 
2020-10-27T21:12:21.552+0800: 1.680: [GC (CMS Initial Mark) [1 CMS-initial-mark: 403496K(707840K)] 443319K(1014528K), 0.0000963 secs] [Times: user=0.00 sys=0.00, real=0.00 secs] 
2020-10-27T21:12:21.552+0800: 1.680: [CMS-concurrent-mark-start]
2020-10-27T21:12:21.558+0800: 1.686: [CMS-concurrent-mark: 0.006/0.006 secs] [Times: user=0.00 sys=0.02, real=0.01 secs] 
2020-10-27T21:12:21.558+0800: 1.686: [CMS-concurrent-preclean-start]
2020-10-27T21:12:21.558+0800: 1.686: [CMS-concurrent-preclean: 0.001/0.001 secs] [Times: user=0.00 sys=0.00, real=0.00 secs] 
2020-10-27T21:12:21.558+0800: 1.686: [CMS-concurrent-abortable-preclean-start]
2020-10-27T21:12:21.761+0800: 1.888: [GC (Allocation Failure) 2020-10-27T21:12:21.761+0800: 1.888: [ParNew2020-10-27T21:12:21.764+0800: 1.891: [CMS-concurrent-abortable-preclean: 0.004/0.205 secs] [Times: user=0.06 sys=0.00, real=0.21 secs] 
: 306356K->34048K(306688K), 0.0315466 secs] 709852K->506716K(1014528K), 0.0316005 secs] [Times: user=0.13 sys=0.00, real=0.03 secs] 
2020-10-27T21:12:21.793+0800: 1.920: [GC (CMS Final Remark) [YG occupancy: 39878 K (306688 K)]2020-10-27T21:12:21.793+0800: 1.920: [Rescan (parallel) , 0.0004648 secs]2020-10-27T21:12:21.793+0800: 1.920: [weak refs processing, 0.0000099 secs]2020-10-27T21:12:21.793+0800: 1.920: [class unloading, 0.0001801 secs]2020-10-27T21:12:21.793+0800: 1.920: [scrub symbol table, 0.0002729 secs]2020-10-27T21:12:21.794+0800: 1.921: [scrub string table, 0.0001114 secs][1 CMS-remark: 472668K(707840K)] 512547K(1014528K), 0.0011105 secs] [Times: user=0.00 sys=0.00, real=0.00 secs] 
2020-10-27T21:12:21.794+0800: 1.921: [CMS-concurrent-sweep-start]
2020-10-27T21:12:21.794+0800: 1.922: [CMS-concurrent-sweep: 0.001/0.001 secs] [Times: user=0.00 sys=0.00, real=0.00 secs] 
2020-10-27T21:12:21.794+0800: 1.922: [CMS-concurrent-reset-start]
2020-10-27T21:12:21.795+0800: 1.922: [CMS-concurrent-reset: 0.000/0.000 secs] [Times: user=0.00 sys=0.00, real=0.00 secs] 
2020-10-27T21:12:21.991+0800: 2.119: [GC (Allocation Failure) 2020-10-27T21:12:21.991+0800: 2.119: [ParNew: 306638K->34048K(306688K), 0.0121467 secs] 522508K->322839K(1014528K), 0.0122031 secs] [Times: user=0.05 sys=0.00, real=0.01 secs] 
2020-10-27T21:12:22.199+0800: 2.326: [GC (Allocation Failure) 2020-10-27T21:12:22.199+0800: 2.326: [ParNew: 306688K->34048K(306688K), 0.0127335 secs] 595479K->392670K(1014528K), 0.0127871 secs] [Times: user=0.06 sys=0.00, real=0.01 secs] 
2020-10-27T21:12:22.423+0800: 2.550: [GC (Allocation Failure) 2020-10-27T21:12:22.423+0800: 2.550: [ParNew: 306688K->34048K(306688K), 0.0119070 secs] 665310K->462707K(1014528K), 0.0119635 secs] [Times: user=0.06 sys=0.00, real=0.01 secs] 
2020-10-27T21:12:22.605+0800: 2.733: [GC (Allocation Failure) 2020-10-27T21:12:22.605+0800: 2.733: [ParNew: 306536K->34048K(306688K), 0.0188958 secs] 735195K->529905K(1014528K), 0.0189535 secs] [Times: user=0.06 sys=0.00, real=0.02 secs] 
2020-10-27T21:12:22.624+0800: 2.752: [GC (CMS Initial Mark) [1 CMS-initial-mark: 495857K(707840K)] 530579K(1014528K), 0.0001703 secs] [Times: user=0.00 sys=0.00, real=0.00 secs] 
2020-10-27T21:12:22.624+0800: 2.752: [CMS-concurrent-mark-start]
2020-10-27T21:12:22.626+0800: 2.754: [CMS-concurrent-mark: 0.002/0.002 secs] [Times: user=0.00 sys=0.00, real=0.00 secs] 
2020-10-27T21:12:22.626+0800: 2.754: [CMS-concurrent-preclean-start]
2020-10-27T21:12:22.627+0800: 2.755: [CMS-concurrent-preclean: 0.001/0.001 secs] [Times: user=0.00 sys=0.00, real=0.00 secs] 
2020-10-27T21:12:22.627+0800: 2.755: [CMS-concurrent-abortable-preclean-start]
2020-10-27T21:12:22.830+0800: 2.957: [CMS-concurrent-abortable-preclean: 0.001/0.202 secs] [Times: user=0.02 sys=0.00, real=0.20 secs] 
2020-10-27T21:12:22.830+0800: 2.957: [GC (CMS Final Remark) [YG occupancy: 299954 K (306688 K)]2020-10-27T21:12:22.830+0800: 2.957: [Rescan (parallel) , 0.0004148 secs]2020-10-27T21:12:22.830+0800: 2.958: [weak refs processing, 0.0000106 secs]2020-10-27T21:12:22.830+0800: 2.958: [class unloading, 0.0001633 secs]2020-10-27T21:12:22.830+0800: 2.958: [scrub symbol table, 0.0002793 secs]2020-10-27T21:12:22.831+0800: 2.958: [scrub string table, 0.0000820 secs][1 CMS-remark: 495857K(707840K)] 795811K(1014528K), 0.0010092 secs] [Times: user=0.00 sys=0.00, real=0.00 secs] 
2020-10-27T21:12:22.831+0800: 2.958: [CMS-concurrent-sweep-start]
2020-10-27T21:12:22.832+0800: 2.959: [CMS-concurrent-sweep: 0.001/0.001 secs] [Times: user=0.00 sys=0.00, real=0.00 secs] 
2020-10-27T21:12:22.832+0800: 2.959: [CMS-concurrent-reset-start]
2020-10-27T21:12:22.832+0800: 2.959: [CMS-concurrent-reset: 0.000/0.000 secs] [Times: user=0.00 sys=0.00, real=0.00 secs] 
2020-10-27T21:12:22.833+0800: 2.961: [GC (Allocation Failure) 2020-10-27T21:12:22.833+0800: 2.961: [ParNew: 306688K->34048K(306688K), 0.0233236 secs] 474899K->277056K(1014528K), 0.0234184 secs] [Times: user=0.11 sys=0.00, real=0.02 secs] 
2020-10-27T21:12:23.079+0800: 3.207: [GC (Allocation Failure) 2020-10-27T21:12:23.079+0800: 3.207: [ParNew: 306688K->34048K(306688K), 0.0113748 secs] 549696K->338841K(1014528K), 0.0114320 secs] [Times: user=0.06 sys=0.00, real=0.01 secs] 
2020-10-27T21:12:23.296+0800: 3.423: [GC (Allocation Failure) 2020-10-27T21:12:23.296+0800: 3.423: [ParNew: 306688K->34048K(306688K), 0.0117796 secs] 611481K->404712K(1014528K), 0.0118373 secs] [Times: user=0.00 sys=0.00, real=0.01 secs] 
2020-10-27T21:12:23.486+0800: 3.614: [GC (Allocation Failure) 2020-10-27T21:12:23.486+0800: 3.614: [ParNew: 306688K->34048K(306688K), 0.0114136 secs] 677352K->469160K(1014528K), 0.0114728 secs] [Times: user=0.06 sys=0.00, real=0.01 secs] 
2020-10-27T21:12:23.691+0800: 3.818: [GC (Allocation Failure) 2020-10-27T21:12:23.691+0800: 3.818: [ParNew: 306688K->34048K(306688K), 0.0115682 secs] 741800K->530472K(1014528K), 0.0116264 secs] [Times: user=0.05 sys=0.00, real=0.01 secs] 
2020-10-27T21:12:23.703+0800: 3.830: [GC (CMS Initial Mark) [1 CMS-initial-mark: 496424K(707840K)] 531164K(1014528K), 0.0000995 secs] [Times: user=0.00 sys=0.00, real=0.00 secs] 
2020-10-27T21:12:23.703+0800: 3.830: [CMS-concurrent-mark-start]
2020-10-27T21:12:23.705+0800: 3.832: [CMS-concurrent-mark: 0.002/0.002 secs] [Times: user=0.00 sys=0.00, real=0.00 secs] 
2020-10-27T21:12:23.705+0800: 3.832: [CMS-concurrent-preclean-start]
2020-10-27T21:12:23.706+0800: 3.833: [CMS-concurrent-preclean: 0.001/0.001 secs] [Times: user=0.00 sys=0.00, real=0.00 secs] 
2020-10-27T21:12:23.706+0800: 3.833: [CMS-concurrent-abortable-preclean-start]
2020-10-27T21:12:23.864+0800: 3.992: [GC (Allocation Failure) 2020-10-27T21:12:23.864+0800: 3.992: [ParNew: 306688K->34048K(306688K), 0.0292268 secs] 803112K->601373K(1014528K), 0.0292808 secs] [Times: user=0.13 sys=0.00, real=0.03 secs] 
2020-10-27T21:12:23.893+0800: 4.021: [CMS-concurrent-abortable-preclean: 0.001/0.188 secs] [Times: user=0.14 sys=0.00, real=0.19 secs] 
2020-10-27T21:12:23.893+0800: 4.021: [GC (CMS Final Remark) [YG occupancy: 39606 K (306688 K)]2020-10-27T21:12:23.894+0800: 4.021: [Rescan (parallel) , 0.0003808 secs]2020-10-27T21:12:23.894+0800: 4.021: [weak refs processing, 0.0000095 secs]2020-10-27T21:12:23.894+0800: 4.022: [class unloading, 0.0001607 secs]2020-10-27T21:12:23.894+0800: 4.022: [scrub symbol table, 0.0002625 secs]2020-10-27T21:12:23.894+0800: 4.022: [scrub string table, 0.0000797 secs][1 CMS-remark: 567325K(707840K)] 606932K(1014528K), 0.0009483 secs] [Times: user=0.00 sys=0.00, real=0.00 secs] 
2020-10-27T21:12:23.895+0800: 4.022: [CMS-concurrent-sweep-start]
2020-10-27T21:12:23.895+0800: 4.023: [CMS-concurrent-sweep: 0.001/0.001 secs] [Times: user=0.00 sys=0.00, real=0.00 secs] 
2020-10-27T21:12:23.895+0800: 4.023: [CMS-concurrent-reset-start]
2020-10-27T21:12:23.896+0800: 4.023: [CMS-concurrent-reset: 0.000/0.000 secs] [Times: user=0.00 sys=0.00, real=0.00 secs] 
2020-10-27T21:12:24.060+0800: 4.187: [GC (Allocation Failure) 2020-10-27T21:12:24.060+0800: 4.187: [ParNew: 306688K->34048K(306688K), 0.0121157 secs] 532506K->329704K(1014528K), 0.0121748 secs] [Times: user=0.00 sys=0.00, real=0.01 secs] 
2020-10-27T21:12:24.243+0800: 4.371: [GC (Allocation Failure) 2020-10-27T21:12:24.243+0800: 4.371: [ParNew: 306688K->34048K(306688K), 0.0131670 secs] 602344K->409444K(1014528K), 0.0132242 secs] [Times: user=0.05 sys=0.01, real=0.01 secs] 
2020-10-27T21:12:24.438+0800: 4.565: [GC (Allocation Failure) 2020-10-27T21:12:24.438+0800: 4.565: [ParNew: 306688K->34048K(306688K), 0.0123731 secs] 682084K->470555K(1014528K), 0.0124319 secs] [Times: user=0.06 sys=0.00, real=0.01 secs] 
2020-10-27T21:12:24.652+0800: 4.779: [GC (Allocation Failure) 2020-10-27T21:12:24.652+0800: 4.779: [ParNew: 306688K->34048K(306688K), 0.0124309 secs] 743195K->544062K(1014528K), 0.0124888 secs] [Times: user=0.00 sys=0.00, real=0.01 secs] 
2020-10-27T21:12:24.664+0800: 4.792: [GC (CMS Initial Mark) [1 CMS-initial-mark: 510014K(707840K)] 550115K(1014528K), 0.0001146 secs] [Times: user=0.00 sys=0.00, real=0.00 secs] 
2020-10-27T21:12:24.665+0800: 4.792: [CMS-concurrent-mark-start]
2020-10-27T21:12:24.667+0800: 4.795: [CMS-concurrent-mark: 0.002/0.002 secs] [Times: user=0.00 sys=0.00, real=0.00 secs] 
2020-10-27T21:12:24.667+0800: 4.795: [CMS-concurrent-preclean-start]
2020-10-27T21:12:24.668+0800: 4.795: [CMS-concurrent-preclean: 0.001/0.001 secs] [Times: user=0.02 sys=0.00, real=0.00 secs] 
2020-10-27T21:12:24.668+0800: 4.795: [CMS-concurrent-abortable-preclean-start]
2020-10-27T21:12:24.846+0800: 4.974: [GC (Allocation Failure) 2020-10-27T21:12:24.846+0800: 4.974: [ParNew: 306688K->34048K(306688K), 0.0140100 secs] 816702K->609129K(1014528K), 0.0140641 secs] [Times: user=0.06 sys=0.00, real=0.01 secs] 
2020-10-27T21:12:24.860+0800: 4.988: [CMS-concurrent-abortable-preclean: 0.001/0.193 secs] [Times: user=0.08 sys=0.00, real=0.19 secs] 
2020-10-27T21:12:24.860+0800: 4.988: [GC (CMS Final Remark) [YG occupancy: 39751 K (306688 K)]2020-10-27T21:12:24.860+0800: 4.988: [Rescan (parallel) , 0.0004001 secs]2020-10-27T21:12:24.861+0800: 4.989: [weak refs processing, 0.0000098 secs]2020-10-27T21:12:24.861+0800: 4.989: [class unloading, 0.0001688 secs]2020-10-27T21:12:24.861+0800: 4.989: [scrub symbol table, 0.0002687 secs]2020-10-27T21:12:24.861+0800: 4.989: [scrub string table, 0.0000811 secs][1 CMS-remark: 575081K(707840K)] 614833K(1014528K), 0.0009836 secs] [Times: user=0.00 sys=0.00, real=0.00 secs] 
2020-10-27T21:12:24.861+0800: 4.989: [CMS-concurrent-sweep-start]
2020-10-27T21:12:24.862+0800: 4.990: [CMS-concurrent-sweep: 0.001/0.001 secs] [Times: user=0.00 sys=0.00, real=0.00 secs] 
2020-10-27T21:12:24.862+0800: 4.990: [CMS-concurrent-reset-start]
2020-10-27T21:12:24.863+0800: 4.991: [CMS-concurrent-reset: 0.000/0.000 secs] [Times: user=0.00 sys=0.00, real=0.00 secs] 
2020-10-27T21:12:25.076+0800: 5.203: [GC (Allocation Failure) 2020-10-27T21:12:25.076+0800: 5.203: [ParNew: 306688K->34048K(306688K), 0.0142315 secs] 534485K->335088K(1014528K), 0.0143014 secs] [Times: user=0.06 sys=0.00, real=0.01 secs] 
2020-10-27T21:12:25.300+0800: 5.428: [GC (Allocation Failure) 2020-10-27T21:12:25.300+0800: 5.428: [ParNew: 306688K->34048K(306688K), 0.0114725 secs] 607728K->398722K(1014528K), 0.0115274 secs] [Times: user=0.05 sys=0.02, real=0.01 secs] 
2020-10-27T21:12:25.530+0800: 5.658: [GC (Allocation Failure) 2020-10-27T21:12:25.531+0800: 5.658: [ParNew: 306688K->34048K(306688K), 0.0128544 secs] 671362K->469528K(1014528K), 0.0129153 secs] [Times: user=0.06 sys=0.00, real=0.01 secs] 
2020-10-27T21:12:25.703+0800: 5.830: [GC (Allocation Failure) 2020-10-27T21:12:25.703+0800: 5.830: [ParNew: 306685K->34048K(306688K), 0.0120665 secs] 742166K->542404K(1014528K), 0.0121327 secs] [Times: user=0.05 sys=0.00, real=0.01 secs] 
2020-10-27T21:12:25.715+0800: 5.843: [GC (CMS Initial Mark) [1 CMS-initial-mark: 508356K(707840K)] 542712K(1014528K), 0.0000993 secs] [Times: user=0.00 sys=0.00, real=0.00 secs] 
2020-10-27T21:12:25.715+0800: 5.843: [CMS-concurrent-mark-start]
2020-10-27T21:12:25.718+0800: 5.845: [CMS-concurrent-mark: 0.003/0.003 secs] [Times: user=0.00 sys=0.00, real=0.00 secs] 
2020-10-27T21:12:25.718+0800: 5.845: [CMS-concurrent-preclean-start]
2020-10-27T21:12:25.718+0800: 5.846: [CMS-concurrent-preclean: 0.001/0.001 secs] [Times: user=0.00 sys=0.00, real=0.00 secs] 
2020-10-27T21:12:25.718+0800: 5.846: [CMS-concurrent-abortable-preclean-start]
2020-10-27T21:12:25.895+0800: 6.022: [GC (Allocation Failure) 2020-10-27T21:12:25.895+0800: 6.023: [ParNew: 306688K->34048K(306688K), 0.0114744 secs] 815044K->608179K(1014528K), 0.0115316 secs] [Times: user=0.06 sys=0.00, real=0.01 secs] 
2020-10-27T21:12:25.907+0800: 6.034: [CMS-concurrent-abortable-preclean: 0.001/0.188 secs] [Times: user=0.06 sys=0.00, real=0.19 secs] 
2020-10-27T21:12:25.907+0800: 6.034: [GC (CMS Final Remark) [YG occupancy: 39710 K (306688 K)]2020-10-27T21:12:25.907+0800: 6.034: [Rescan (parallel) , 0.0003764 secs]2020-10-27T21:12:25.907+0800: 6.035: [weak refs processing, 0.0000096 secs]2020-10-27T21:12:25.907+0800: 6.035: [class unloading, 0.0001847 secs]2020-10-27T21:12:25.908+0800: 6.035: [scrub symbol table, 0.0002835 secs]2020-10-27T21:12:25.908+0800: 6.035: [scrub string table, 0.0000823 secs][1 CMS-remark: 574131K(707840K)] 613841K(1014528K), 0.0009902 secs] [Times: user=0.00 sys=0.00, real=0.00 secs] 
2020-10-27T21:12:25.908+0800: 6.035: [CMS-concurrent-sweep-start]
2020-10-27T21:12:25.909+0800: 6.036: [CMS-concurrent-sweep: 0.001/0.001 secs] [Times: user=0.00 sys=0.00, real=0.00 secs] 
2020-10-27T21:12:25.909+0800: 6.036: [CMS-concurrent-reset-start]
2020-10-27T21:12:25.910+0800: 6.037: [CMS-concurrent-reset: 0.000/0.000 secs] [Times: user=0.00 sys=0.00, real=0.00 secs] 
2020-10-27T21:12:26.079+0800: 6.207: [GC (Allocation Failure) 2020-10-27T21:12:26.079+0800: 6.207: [ParNew: 306688K->34048K(306688K), 0.0107844 secs] 543006K->326795K(1014528K), 0.0108466 secs] [Times: user=0.06 sys=0.00, real=0.01 secs] 
2020-10-27T21:12:26.285+0800: 6.413: [GC (Allocation Failure) 2020-10-27T21:12:26.285+0800: 6.413: [ParNew: 306688K->34048K(306688K), 0.0131323 secs] 599435K->403932K(1014528K), 0.0131922 secs] [Times: user=0.06 sys=0.00, real=0.01 secs] 
2020-10-27T21:12:26.490+0800: 6.617: [GC (Allocation Failure) 2020-10-27T21:12:26.490+0800: 6.617: [ParNew: 306688K->34048K(306688K), 0.0125570 secs] 676572K->471727K(1014528K), 0.0126124 secs] [Times: user=0.06 sys=0.00, real=0.01 secs] 
2020-10-27T21:12:26.696+0800: 6.823: [GC (Allocation Failure) 2020-10-27T21:12:26.696+0800: 6.823: [ParNew: 306686K->34048K(306688K), 0.0126585 secs] 744366K->543375K(1014528K), 0.0127378 secs] [Times: user=0.05 sys=0.00, real=0.01 secs] 
2020-10-27T21:12:26.708+0800: 6.836: [GC (CMS Initial Mark) [1 CMS-initial-mark: 509327K(707840K)] 548892K(1014528K), 0.0000931 secs] [Times: user=0.00 sys=0.00, real=0.00 secs] 
2020-10-27T21:12:26.708+0800: 6.836: [CMS-concurrent-mark-start]
2020-10-27T21:12:26.711+0800: 6.838: [CMS-concurrent-mark: 0.003/0.003 secs] [Times: user=0.00 sys=0.00, real=0.00 secs] 
2020-10-27T21:12:26.711+0800: 6.838: [CMS-concurrent-preclean-start]
2020-10-27T21:12:26.712+0800: 6.839: [CMS-concurrent-preclean: 0.001/0.001 secs] [Times: user=0.00 sys=0.00, real=0.00 secs] 
2020-10-27T21:12:26.712+0800: 6.839: [CMS-concurrent-abortable-preclean-start]
2020-10-27T21:12:26.890+0800: 7.017: [GC (Allocation Failure) 2020-10-27T21:12:26.890+0800: 7.017: [ParNew: 306688K->34048K(306688K), 0.0121639 secs] 816015K->609618K(1014528K), 0.0122198 secs] [Times: user=0.00 sys=0.00, real=0.01 secs] 
2020-10-27T21:12:26.902+0800: 7.030: [CMS-concurrent-abortable-preclean: 0.002/0.191 secs] [Times: user=0.00 sys=0.00, real=0.19 secs] 
2020-10-27T21:12:26.902+0800: 7.030: [GC (CMS Final Remark) [YG occupancy: 40708 K (306688 K)]2020-10-27T21:12:26.902+0800: 7.030: [Rescan (parallel) , 0.0004988 secs]2020-10-27T21:12:26.903+0800: 7.030: [weak refs processing, 0.0000096 secs]2020-10-27T21:12:26.903+0800: 7.030: [class unloading, 0.0001670 secs]2020-10-27T21:12:26.903+0800: 7.031: [scrub symbol table, 0.0002686 secs]2020-10-27T21:12:26.903+0800: 7.031: [scrub string table, 0.0000804 secs][1 CMS-remark: 575570K(707840K)] 616278K(1014528K), 0.0010774 secs] [Times: user=0.06 sys=0.00, real=0.00 secs] 
2020-10-27T21:12:26.903+0800: 7.031: [CMS-concurrent-sweep-start]
2020-10-27T21:12:26.904+0800: 7.032: [CMS-concurrent-sweep: 0.001/0.001 secs] [Times: user=0.00 sys=0.00, real=0.00 secs] 
2020-10-27T21:12:26.904+0800: 7.032: [CMS-concurrent-reset-start]
2020-10-27T21:12:26.905+0800: 7.032: [CMS-concurrent-reset: 0.001/0.001 secs] [Times: user=0.00 sys=0.00, real=0.00 secs] 
2020-10-27T21:12:27.098+0800: 7.226: [GC (Allocation Failure) 2020-10-27T21:12:27.098+0800: 7.226: [ParNew: 306688K->34048K(306688K), 0.0118093 secs] 535800K->328283K(1014528K), 0.0118655 secs] [Times: user=0.06 sys=0.00, real=0.01 secs] 
2020-10-27T21:12:27.316+0800: 7.443: [GC (Allocation Failure) 2020-10-27T21:12:27.316+0800: 7.443: [ParNew: 306688K->34048K(306688K), 0.0124291 secs] 600923K->402134K(1014528K), 0.0124822 secs] [Times: user=0.06 sys=0.00, real=0.01 secs] 
2020-10-27T21:12:27.532+0800: 7.660: [GC (Allocation Failure) 2020-10-27T21:12:27.532+0800: 7.660: [ParNew: 306688K->34048K(306688K), 0.0115175 secs] 674774K->468009K(1014528K), 0.0115714 secs] [Times: user=0.06 sys=0.00, real=0.01 secs] 
2020-10-27T21:12:27.736+0800: 7.864: [GC (Allocation Failure) 2020-10-27T21:12:27.736+0800: 7.864: [ParNew: 306688K->34048K(306688K), 0.0112246 secs] 740649K->530061K(1014528K), 0.0112791 secs] [Times: user=0.06 sys=0.00, real=0.01 secs] 
2020-10-27T21:12:27.748+0800: 7.875: [GC (CMS Initial Mark) [1 CMS-initial-mark: 496013K(707840K)] 536222K(1014528K), 0.0002896 secs] [Times: user=0.00 sys=0.00, real=0.00 secs] 
2020-10-27T21:12:27.748+0800: 7.875: [CMS-concurrent-mark-start]
2020-10-27T21:12:27.750+0800: 7.878: [CMS-concurrent-mark: 0.002/0.002 secs] [Times: user=0.00 sys=0.00, real=0.00 secs] 
2020-10-27T21:12:27.750+0800: 7.878: [CMS-concurrent-preclean-start]
2020-10-27T21:12:27.751+0800: 7.878: [CMS-concurrent-preclean: 0.001/0.001 secs] [Times: user=0.00 sys=0.00, real=0.00 secs] 
2020-10-27T21:12:27.751+0800: 7.878: [CMS-concurrent-abortable-preclean-start]
2020-10-27T21:12:27.908+0800: 8.036: [GC (Allocation Failure) 2020-10-27T21:12:27.908+0800: 8.036: [ParNew: 306688K->34048K(306688K), 0.0117452 secs] 802701K->593356K(1014528K), 0.0118027 secs] [Times: user=0.06 sys=0.00, real=0.01 secs] 
2020-10-27T21:12:27.920+0800: 8.048: [CMS-concurrent-abortable-preclean: 0.001/0.170 secs] [Times: user=0.06 sys=0.00, real=0.17 secs] 
2020-10-27T21:12:27.920+0800: 8.048: [GC (CMS Final Remark) [YG occupancy: 39684 K (306688 K)]2020-10-27T21:12:27.920+0800: 8.048: [Rescan (parallel) , 0.0004936 secs]2020-10-27T21:12:27.921+0800: 8.049: [weak refs processing, 0.0000099 secs]2020-10-27T21:12:27.921+0800: 8.049: [class unloading, 0.0001818 secs]2020-10-27T21:12:27.921+0800: 8.049: [scrub symbol table, 0.0003040 secs]2020-10-27T21:12:27.921+0800: 8.049: [scrub string table, 0.0000848 secs][1 CMS-remark: 559308K(707840K)] 598992K(1014528K), 0.0011279 secs] [Times: user=0.00 sys=0.00, real=0.00 secs] 
2020-10-27T21:12:27.922+0800: 8.049: [CMS-concurrent-sweep-start]
2020-10-27T21:12:27.923+0800: 8.051: [CMS-concurrent-sweep: 0.001/0.001 secs] [Times: user=0.00 sys=0.00, real=0.00 secs] 
2020-10-27T21:12:27.923+0800: 8.051: [CMS-concurrent-reset-start]
2020-10-27T21:12:27.923+0800: 8.051: [CMS-concurrent-reset: 0.000/0.000 secs] [Times: user=0.00 sys=0.00, real=0.00 secs] 
2020-10-27T21:12:28.104+0800: 8.231: [GC (Allocation Failure) 2020-10-27T21:12:28.104+0800: 8.232: [ParNew: 306688K->34048K(306688K), 0.0120434 secs] 527519K->320265K(1014528K), 0.0121014 secs] [Times: user=0.06 sys=0.00, real=0.01 secs] 
2020-10-27T21:12:28.298+0800: 8.426: [GC (Allocation Failure) 2020-10-27T21:12:28.298+0800: 8.426: [ParNew: 306688K->34048K(306688K), 0.0113202 secs] 592905K->386468K(1014528K), 0.0113884 secs] [Times: user=0.06 sys=0.00, real=0.01 secs] 
2020-10-27T21:12:28.508+0800: 8.635: [GC (Allocation Failure) 2020-10-27T21:12:28.508+0800: 8.635: [ParNew: 306688K->34048K(306688K), 0.0169369 secs] 659108K->446357K(1014528K), 0.0170334 secs] [Times: user=0.06 sys=0.00, real=0.02 secs] 
2020-10-27T21:12:28.719+0800: 8.846: [GC (Allocation Failure) 2020-10-27T21:12:28.719+0800: 8.846: [ParNew: 306688K->34048K(306688K), 0.0111854 secs] 718997K->512653K(1014528K), 0.0112385 secs] [Times: user=0.00 sys=0.00, real=0.01 secs] 
2020-10-27T21:12:28.890+0800: 9.017: [GC (Allocation Failure) 2020-10-27T21:12:28.890+0800: 9.017: [ParNew: 306688K->34048K(306688K), 0.0115699 secs] 785293K->578897K(1014528K), 0.0116355 secs] [Times: user=0.00 sys=0.00, real=0.01 secs] 
2020-10-27T21:12:28.902+0800: 9.029: [GC (CMS Initial Mark) [1 CMS-initial-mark: 544849K(707840K)] 584939K(1014528K), 0.0002711 secs] [Times: user=0.00 sys=0.00, real=0.00 secs] 
2020-10-27T21:12:28.902+0800: 9.029: [CMS-concurrent-mark-start]
2020-10-27T21:12:28.904+0800: 9.032: [CMS-concurrent-mark: 0.002/0.002 secs] [Times: user=0.03 sys=0.00, real=0.00 secs] 
2020-10-27T21:12:28.904+0800: 9.032: [CMS-concurrent-preclean-start]
2020-10-27T21:12:28.905+0800: 9.032: [CMS-concurrent-preclean: 0.001/0.001 secs] [Times: user=0.00 sys=0.00, real=0.00 secs] 
2020-10-27T21:12:28.905+0800: 9.032: [CMS-concurrent-abortable-preclean-start]
2020-10-27T21:12:29.067+0800: 9.195: [GC (Allocation Failure) 2020-10-27T21:12:29.067+0800: 9.195: [ParNew: 306688K->34048K(306688K), 0.0219684 secs] 851537K->645492K(1014528K), 0.0220276 secs] [Times: user=0.06 sys=0.00, real=0.02 secs] 
2020-10-27T21:12:29.089+0800: 9.217: [CMS-concurrent-abortable-preclean: 0.001/0.185 secs] [Times: user=0.06 sys=0.00, real=0.18 secs] 
2020-10-27T21:12:29.089+0800: 9.217: [GC (CMS Final Remark) [YG occupancy: 39571 K (306688 K)]2020-10-27T21:12:29.089+0800: 9.217: [Rescan (parallel) , 0.0003833 secs]2020-10-27T21:12:29.090+0800: 9.217: [weak refs processing, 0.0000094 secs]2020-10-27T21:12:29.090+0800: 9.218: [class unloading, 0.0002659 secs]2020-10-27T21:12:29.090+0800: 9.218: [scrub symbol table, 0.0002862 secs]2020-10-27T21:12:29.090+0800: 9.218: [scrub string table, 0.0000844 secs][1 CMS-remark: 611444K(707840K)] 651016K(1014528K), 0.0010850 secs] [Times: user=0.05 sys=0.00, real=0.00 secs] 
2020-10-27T21:12:29.091+0800: 9.218: [CMS-concurrent-sweep-start]
2020-10-27T21:12:29.092+0800: 9.219: [CMS-concurrent-sweep: 0.001/0.001 secs] [Times: user=0.00 sys=0.00, real=0.00 secs] 
2020-10-27T21:12:29.092+0800: 9.219: [CMS-concurrent-reset-start]
2020-10-27T21:12:29.092+0800: 9.220: [CMS-concurrent-reset: 0.000/0.000 secs] [Times: user=0.00 sys=0.00, real=0.00 secs] 
2020-10-27T21:12:29.306+0800: 9.433: [GC (Allocation Failure) 2020-10-27T21:12:29.306+0800: 9.433: [ParNew: 306688K->34048K(306688K), 0.0125147 secs] 533623K->333362K(1014528K), 0.0125899 secs] [Times: user=0.06 sys=0.00, real=0.01 secs] 
2020-10-27T21:12:29.502+0800: 9.629: [GC (Allocation Failure) 2020-10-27T21:12:29.502+0800: 9.629: [ParNew: 306688K->34048K(306688K), 0.0123688 secs] 606002K->407378K(1014528K), 0.0124233 secs] [Times: user=0.06 sys=0.00, real=0.01 secs] 
2020-10-27T21:12:29.715+0800: 9.842: [GC (Allocation Failure) 2020-10-27T21:12:29.715+0800: 9.842: [ParNew: 306688K->34048K(306688K), 0.0126872 secs] 680018K->482693K(1014528K), 0.0127435 secs] [Times: user=0.00 sys=0.00, real=0.01 secs] 
2020-10-27T21:12:29.898+0800: 10.025: [GC (Allocation Failure) 2020-10-27T21:12:29.898+0800: 10.026: [ParNew: 306505K->34048K(306688K), 0.0131340 secs] 755150K->559039K(1014528K), 0.0131910 secs] [Times: user=0.06 sys=0.00, real=0.01 secs] 
2020-10-27T21:12:29.911+0800: 10.039: [GC (CMS Initial Mark) [1 CMS-initial-mark: 524991K(707840K)] 564660K(1014528K), 0.0002346 secs] [Times: user=0.00 sys=0.00, real=0.00 secs] 
2020-10-27T21:12:29.912+0800: 10.039: [CMS-concurrent-mark-start]
2020-10-27T21:12:29.914+0800: 10.041: [CMS-concurrent-mark: 0.002/0.002 secs] [Times: user=0.00 sys=0.00, real=0.00 secs] 
2020-10-27T21:12:29.914+0800: 10.042: [CMS-concurrent-preclean-start]
2020-10-27T21:12:29.915+0800: 10.042: [CMS-concurrent-preclean: 0.001/0.001 secs] [Times: user=0.00 sys=0.00, real=0.00 secs] 
2020-10-27T21:12:29.915+0800: 10.042: [CMS-concurrent-abortable-preclean-start]
Heap
 par new generation   total 306688K, used 146984K [0x00000000c0000000, 0x00000000d4cc0000, 0x00000000d4cc0000)
  eden space 272640K,  41% used [0x00000000c0000000, 0x00000000c6e4a1d8, 0x00000000d0a40000)
  from space 34048K, 100% used [0x00000000d0a40000, 0x00000000d2b80000, 0x00000000d2b80000)
  to   space 34048K,   0% used [0x00000000d2b80000, 0x00000000d2b80000, 0x00000000d4cc0000)
 concurrent mark-sweep generation total 707840K, used 524991K [0x00000000d4cc0000, 0x0000000100000000, 0x0000000100000000)
 Metaspace       used 2707K, capacity 4486K, committed 4864K, reserved 1056768K
  class space    used 291K, capacity 386K, committed 512K, reserved 1048576K
