Java HotSpot(TM) 64-Bit Server VM (25.211-b12) for windows-amd64 JRE (1.8.0_211-b12), built on Apr  1 2019 20:53:26 by "java_re" with MS VC++ 10.0 (VS2010)
Memory: 4k page, physical 16640612k(9239684k free), swap 16640612k(7468136k free)
CommandLine flags: -XX:InitialHeapSize=1073741824 -XX:MaxHeapSize=1073741824 -XX:+PrintGC -XX:+PrintGCDateStamps -XX:+PrintGCDetails -XX:+PrintGCTimeStamps -XX:+UseCompressedClassPointers -XX:+UseCompressedOops -XX:-UseLargePagesIndividualAllocation -XX:+UseParallelGC 
2020-10-27T21:12:09.973+0800: 0.356: [GC (Allocation Failure) [PSYoungGen: 262144K->43515K(305664K)] 262144K->72357K(1005056K), 0.0124163 secs] [Times: user=0.03 sys=0.03, real=0.01 secs] 
2020-10-27T21:12:10.181+0800: 0.563: [GC (Allocation Failure) [PSYoungGen: 305659K->43517K(305664K)] 334501K->134502K(1005056K), 0.0171429 secs] [Times: user=0.02 sys=0.05, real=0.02 secs] 
2020-10-27T21:12:10.401+0800: 0.783: [GC (Allocation Failure) [PSYoungGen: 305661K->43518K(305664K)] 396646K->189743K(1005056K), 0.0136714 secs] [Times: user=0.06 sys=0.00, real=0.01 secs] 
2020-10-27T21:12:10.616+0800: 0.998: [GC (Allocation Failure) [PSYoungGen: 305662K->43512K(305664K)] 451887K->247079K(1005056K), 0.0145821 secs] [Times: user=0.05 sys=0.01, real=0.02 secs] 
2020-10-27T21:12:10.806+0800: 1.188: [GC (Allocation Failure) [PSYoungGen: 305656K->43519K(305664K)] 509223K->300367K(1005056K), 0.0135534 secs] [Times: user=0.06 sys=0.00, real=0.01 secs] 
2020-10-27T21:12:10.992+0800: 1.374: [GC (Allocation Failure) [PSYoungGen: 305663K->43511K(170496K)] 562511K->350935K(869888K), 0.0158162 secs] [Times: user=0.05 sys=0.00, real=0.01 secs] 
2020-10-27T21:12:11.099+0800: 1.482: [GC (Allocation Failure) [PSYoungGen: 170487K->73820K(201216K)] 477911K->384773K(900608K), 0.0084288 secs] [Times: user=0.06 sys=0.00, real=0.01 secs] 
2020-10-27T21:12:11.197+0800: 1.579: [GC (Allocation Failure) [PSYoungGen: 200796K->91619K(238080K)] 511749K->410707K(937472K), 0.0177789 secs] [Times: user=0.08 sys=0.00, real=0.02 secs] 
2020-10-27T21:12:11.297+0800: 1.679: [GC (Allocation Failure) [PSYoungGen: 216035K->97099K(235520K)] 535123K->428726K(934912K), 0.0117418 secs] [Times: user=0.00 sys=0.00, real=0.01 secs] 
2020-10-27T21:12:11.394+0800: 1.776: [GC (Allocation Failure) [PSYoungGen: 221515K->73704K(235008K)] 553142K->456074K(934400K), 0.0149678 secs] [Times: user=0.02 sys=0.05, real=0.01 secs] 
2020-10-27T21:12:11.491+0800: 1.874: [GC (Allocation Failure) [PSYoungGen: 197558K->39686K(163840K)] 579929K->484391K(863232K), 0.0135309 secs] [Times: user=0.00 sys=0.05, real=0.01 secs] 
2020-10-27T21:12:11.596+0800: 1.979: [GC (Allocation Failure) [PSYoungGen: 163590K->39536K(232960K)] 608295K->519413K(932352K), 0.0091809 secs] [Times: user=0.01 sys=0.00, real=0.01 secs] 
2020-10-27T21:12:11.710+0800: 2.092: [GC (Allocation Failure) [PSYoungGen: 156142K->35963K(232960K)] 636019K->550472K(932352K), 0.0092494 secs] [Times: user=0.02 sys=0.05, real=0.01 secs] 
2020-10-27T21:12:11.803+0800: 2.185: [GC (Allocation Failure) [PSYoungGen: 152699K->34887K(232960K)] 667208K->577668K(932352K), 0.0088705 secs] [Times: user=0.00 sys=0.05, real=0.01 secs] 
2020-10-27T21:12:11.878+0800: 2.260: [GC (Allocation Failure) [PSYoungGen: 151623K->35265K(232960K)] 694404K->605454K(932352K), 0.0077282 secs] [Times: user=0.00 sys=0.00, real=0.01 secs] 
2020-10-27T21:12:11.966+0800: 2.349: [GC (Allocation Failure) [PSYoungGen: 152001K->40328K(232960K)] 722190K->637759K(932352K), 0.0089079 secs] [Times: user=0.00 sys=0.00, real=0.01 secs] 
2020-10-27T21:12:12.049+0800: 2.431: [GC (Allocation Failure) [PSYoungGen: 157064K->34357K(232960K)] 754495K->663524K(932352K), 0.0081131 secs] [Times: user=0.00 sys=0.00, real=0.01 secs] 
2020-10-27T21:12:12.135+0800: 2.517: [GC (Allocation Failure) [PSYoungGen: 151093K->41961K(232960K)] 780260K->697912K(932352K), 0.0088176 secs] [Times: user=0.05 sys=0.02, real=0.01 secs] 
2020-10-27T21:12:12.143+0800: 2.526: [Full GC (Ergonomics) [PSYoungGen: 41961K->0K(232960K)] [ParOldGen: 655950K->189363K(699392K)] 697912K->189363K(932352K), [Metaspace: 2700K->2700K(1056768K)], 0.0279370 secs] [Times: user=0.06 sys=0.02, real=0.03 secs] 
2020-10-27T21:12:12.262+0800: 2.644: [GC (Allocation Failure) [PSYoungGen: 116736K->38374K(232960K)] 306099K->227737K(932352K), 0.0104181 secs] [Times: user=0.00 sys=0.00, real=0.01 secs] 
2020-10-27T21:12:12.352+0800: 2.734: [GC (Allocation Failure) [PSYoungGen: 154868K->36360K(232960K)] 344231K->256474K(932352K), 0.0075833 secs] [Times: user=0.06 sys=0.00, real=0.01 secs] 
2020-10-27T21:12:12.429+0800: 2.811: [GC (Allocation Failure) [PSYoungGen: 152848K->32996K(232960K)] 372962K->282017K(932352K), 0.0066173 secs] [Times: user=0.06 sys=0.00, real=0.01 secs] 
2020-10-27T21:12:12.515+0800: 2.897: [GC (Allocation Failure) [PSYoungGen: 149732K->41505K(236544K)] 398753K->315077K(935936K), 0.0065961 secs] [Times: user=0.00 sys=0.00, real=0.01 secs] 
2020-10-27T21:12:12.607+0800: 2.989: [GC (Allocation Failure) [PSYoungGen: 161825K->36985K(232960K)] 435397K->342726K(932352K), 0.0073943 secs] [Times: user=0.00 sys=0.00, real=0.01 secs] 
2020-10-27T21:12:12.691+0800: 3.073: [GC (Allocation Failure) [PSYoungGen: 157305K->34627K(242688K)] 463046K->372042K(942080K), 0.0068549 secs] [Times: user=0.00 sys=0.00, real=0.01 secs] 
2020-10-27T21:12:12.775+0800: 3.158: [GC (Allocation Failure) [PSYoungGen: 168239K->44270K(240128K)] 505655K->407199K(939520K), 0.0075841 secs] [Times: user=0.06 sys=0.00, real=0.01 secs] 
2020-10-27T21:12:12.907+0800: 3.290: [GC (Allocation Failure) [PSYoungGen: 177902K->42515K(251904K)] 540831K->439222K(951296K), 0.0080826 secs] [Times: user=0.00 sys=0.00, real=0.01 secs] 
2020-10-27T21:12:13.019+0800: 3.402: [GC (Allocation Failure) [PSYoungGen: 193043K->43278K(247808K)] 589750K->472010K(947200K), 0.0076645 secs] [Times: user=0.06 sys=0.00, real=0.01 secs] 
2020-10-27T21:12:13.136+0800: 3.518: [GC (Allocation Failure) [PSYoungGen: 193806K->47854K(260608K)] 622538K->509035K(960000K), 0.0085812 secs] [Times: user=0.06 sys=0.00, real=0.01 secs] 
2020-10-27T21:12:13.250+0800: 3.631: [GC (Allocation Failure) [PSYoungGen: 215148K->52503K(256000K)] 676329K->547495K(955392K), 0.0088268 secs] [Times: user=0.00 sys=0.00, real=0.01 secs] 
2020-10-27T21:12:13.382+0800: 3.764: [GC (Allocation Failure) [PSYoungGen: 219927K->50459K(265728K)] 714919K->582051K(965120K), 0.0094812 secs] [Times: user=0.06 sys=0.00, real=0.01 secs] 
2020-10-27T21:12:13.554+0800: 3.936: [GC (Allocation Failure) [PSYoungGen: 229430K->52798K(262656K)] 761022K->618782K(962048K), 0.0095632 secs] [Times: user=0.05 sys=0.00, real=0.01 secs] 
2020-10-27T21:12:13.681+0800: 4.063: [GC (Allocation Failure) [PSYoungGen: 231998K->52820K(269312K)] 797982K->658327K(968704K), 0.0096864 secs] [Times: user=0.06 sys=0.00, real=0.01 secs] 
2020-10-27T21:12:13.826+0800: 4.208: [GC (Allocation Failure) [PSYoungGen: 240724K->54350K(267776K)] 846231K->697044K(967168K), 0.0103332 secs] [Times: user=0.00 sys=0.00, real=0.01 secs] 
2020-10-27T21:12:13.966+0800: 4.348: [GC (Allocation Failure) [PSYoungGen: 242254K->61116K(268288K)] 884948K->744376K(967680K), 0.0125970 secs] [Times: user=0.00 sys=0.00, real=0.01 secs] 
2020-10-27T21:12:13.979+0800: 4.361: [Full GC (Ergonomics) [PSYoungGen: 61116K->0K(268288K)] [ParOldGen: 683260K->185253K(699392K)] 744376K->185253K(967680K), [Metaspace: 2700K->2700K(1056768K)], 0.0247672 secs] [Times: user=0.08 sys=0.00, real=0.02 secs] 
2020-10-27T21:12:14.135+0800: 4.518: [GC (Allocation Failure) [PSYoungGen: 189199K->59778K(249344K)] 374452K->245031K(948736K), 0.0067908 secs] [Times: user=0.06 sys=0.00, real=0.01 secs] 
2020-10-27T21:12:14.249+0800: 4.631: [GC (Allocation Failure) [PSYoungGen: 249218K->54232K(270848K)] 434471K->283583K(970240K), 0.0099578 secs] [Times: user=0.00 sys=0.00, real=0.01 secs] 
2020-10-27T21:12:14.390+0800: 4.773: [GC (Allocation Failure) [PSYoungGen: 244274K->60650K(268800K)] 473625K->325658K(968192K), 0.0095412 secs] [Times: user=0.00 sys=0.00, real=0.01 secs] 
2020-10-27T21:12:14.547+0800: 4.929: [GC (Allocation Failure) [PSYoungGen: 251114K->53765K(272384K)] 516122K->361946K(971776K), 0.0098705 secs] [Times: user=0.00 sys=0.00, real=0.01 secs] 
2020-10-27T21:12:14.670+0800: 5.052: [GC (Allocation Failure) [PSYoungGen: 247301K->53806K(270336K)] 555482K->400966K(969728K), 0.0096725 secs] [Times: user=0.00 sys=0.00, real=0.01 secs] 
2020-10-27T21:12:14.787+0800: 5.169: [GC (Allocation Failure) [PSYoungGen: 247342K->58390K(274432K)] 594502K->443745K(973824K), 0.0107066 secs] [Times: user=0.06 sys=0.00, real=0.01 secs] 
2020-10-27T21:12:14.955+0800: 5.337: [GC (Allocation Failure) [PSYoungGen: 258070K->61172K(261120K)] 643425K->484564K(960512K), 0.0099743 secs] [Times: user=0.00 sys=0.00, real=0.01 secs] 
2020-10-27T21:12:15.096+0800: 5.478: [GC (Allocation Failure) [PSYoungGen: 260852K->61843K(272896K)] 684244K->529027K(972288K), 0.0118418 secs] [Times: user=0.06 sys=0.00, real=0.01 secs] 
2020-10-27T21:12:15.241+0800: 5.623: [GC (Allocation Failure) [PSYoungGen: 259475K->57791K(273408K)] 726659K->572140K(972800K), 0.0112448 secs] [Times: user=0.06 sys=0.00, real=0.01 secs] 
2020-10-27T21:12:15.391+0800: 5.773: [GC (Allocation Failure) [PSYoungGen: 255423K->58728K(274944K)] 769772K->615728K(974336K), 0.0102168 secs] [Times: user=0.00 sys=0.00, real=0.01 secs] 
2020-10-27T21:12:15.570+0800: 5.953: [GC (Allocation Failure) [PSYoungGen: 258920K->59584K(274432K)] 815920K->654663K(973824K), 0.0108766 secs] [Times: user=0.06 sys=0.00, real=0.01 secs] 
2020-10-27T21:12:15.732+0800: 6.115: [GC (Allocation Failure) [PSYoungGen: 259776K->63404K(273408K)] 854855K->700721K(972800K), 0.0124580 secs] [Times: user=0.00 sys=0.00, real=0.01 secs] 
2020-10-27T21:12:15.873+0800: 6.256: [GC (Allocation Failure) [PSYoungGen: 263084K->61169K(274432K)] 900401K->741840K(973824K), 0.0112949 secs] [Times: user=0.00 sys=0.00, real=0.01 secs] 
2020-10-27T21:12:15.885+0800: 6.267: [Full GC (Ergonomics) [PSYoungGen: 61169K->0K(274432K)] [ParOldGen: 680670K->199006K(699392K)] 741840K->199006K(973824K), [Metaspace: 2700K->2700K(1056768K)], 0.0250188 secs] [Times: user=0.08 sys=0.00, real=0.03 secs] 
2020-10-27T21:12:16.067+0800: 6.449: [GC (Allocation Failure) [PSYoungGen: 199680K->60392K(274944K)] 398686K->259398K(974336K), 0.0059813 secs] [Times: user=0.00 sys=0.00, real=0.01 secs] 
2020-10-27T21:12:16.184+0800: 6.566: [GC (Allocation Failure) [PSYoungGen: 260400K->55770K(274432K)] 459406K->296213K(973824K), 0.0100104 secs] [Times: user=0.00 sys=0.00, real=0.01 secs] 
2020-10-27T21:12:16.331+0800: 6.714: [GC (Allocation Failure) [PSYoungGen: 255962K->69767K(270336K)] 496405K->348963K(969728K), 0.0108360 secs] [Times: user=0.06 sys=0.00, real=0.01 secs] 
2020-10-27T21:12:16.499+0800: 6.881: [GC (Allocation Failure) [PSYoungGen: 267399K->58351K(273408K)] 546595K->384135K(972800K), 0.0104449 secs] [Times: user=0.00 sys=0.00, real=0.01 secs] 
2020-10-27T21:12:16.657+0800: 7.039: [GC (Allocation Failure) [PSYoungGen: 255983K->58939K(276480K)] 581767K->421861K(975872K), 0.0102918 secs] [Times: user=0.00 sys=0.00, real=0.01 secs] 
2020-10-27T21:12:16.782+0800: 7.164: [GC (Allocation Failure) [PSYoungGen: 261179K->71636K(273920K)] 624101K->475042K(973312K), 0.0114603 secs] [Times: user=0.06 sys=0.00, real=0.01 secs] 
2020-10-27T21:12:16.929+0800: 7.311: [GC (Allocation Failure) [PSYoungGen: 273876K->56126K(273920K)] 677282K->505810K(973312K), 0.0109381 secs] [Times: user=0.06 sys=0.00, real=0.01 secs] 
2020-10-27T21:12:17.086+0800: 7.469: [GC (Allocation Failure) [PSYoungGen: 254782K->59516K(273920K)] 704466K->545852K(973312K), 0.0103690 secs] [Times: user=0.06 sys=0.00, real=0.01 secs] 
2020-10-27T21:12:17.230+0800: 7.612: [GC (Allocation Failure) [PSYoungGen: 258172K->57426K(276480K)] 744508K->584178K(975872K), 0.0102960 secs] [Times: user=0.06 sys=0.00, real=0.01 secs] 
2020-10-27T21:12:17.388+0800: 7.770: [GC (Allocation Failure) [PSYoungGen: 260178K->63393K(275456K)] 786930K->627814K(974848K), 0.0110748 secs] [Times: user=0.00 sys=0.00, real=0.01 secs] 
2020-10-27T21:12:17.532+0800: 7.914: [GC (Allocation Failure) [PSYoungGen: 265819K->57958K(277504K)] 830240K->669089K(976896K), 0.0110132 secs] [Times: user=0.03 sys=0.00, real=0.01 secs] 
2020-10-27T21:12:17.700+0800: 8.082: [GC (Allocation Failure) [PSYoungGen: 262758K->57696K(276480K)] 873889K->702525K(975872K), 0.0101222 secs] [Times: user=0.00 sys=0.00, real=0.01 secs] 
2020-10-27T21:12:17.840+0800: 8.222: [GC (Allocation Failure) [PSYoungGen: 262496K->65116K(275968K)] 907325K->747868K(975360K), 0.0110313 secs] [Times: user=0.00 sys=0.00, real=0.01 secs] 
2020-10-27T21:12:17.851+0800: 8.234: [Full GC (Ergonomics) [PSYoungGen: 65116K->0K(275968K)] [ParOldGen: 682752K->189455K(699392K)] 747868K->189455K(975360K), [Metaspace: 2700K->2700K(1056768K)], 0.0227050 secs] [Times: user=0.13 sys=0.00, real=0.02 secs] 
2020-10-27T21:12:18.003+0800: 8.385: [GC (Allocation Failure) [PSYoungGen: 204800K->63868K(276992K)] 394255K->253324K(976384K), 0.0062942 secs] [Times: user=0.00 sys=0.00, real=0.01 secs] 
2020-10-27T21:12:18.145+0800: 8.528: [GC (Allocation Failure) [PSYoungGen: 268412K->60789K(278016K)] 457868K->294211K(977408K), 0.0107269 secs] [Times: user=0.06 sys=0.00, real=0.01 secs] 
2020-10-27T21:12:18.303+0800: 8.685: [GC (Allocation Failure) [PSYoungGen: 266613K->66394K(276992K)] 500035K->342108K(976384K), 0.0116417 secs] [Times: user=0.05 sys=0.00, real=0.01 secs] 
2020-10-27T21:12:18.481+0800: 8.863: [GC (Allocation Failure) [PSYoungGen: 272218K->57033K(276992K)] 547932K->377081K(976384K), 0.0106971 secs] [Times: user=0.00 sys=0.00, real=0.01 secs] 
2020-10-27T21:12:18.628+0800: 9.011: [GC (Allocation Failure) [PSYoungGen: 261833K->54877K(276992K)] 581881K->415624K(976384K), 0.0106425 secs] [Times: user=0.06 sys=0.00, real=0.01 secs] 
2020-10-27T21:12:18.812+0800: 9.194: [GC (Allocation Failure) [PSYoungGen: 259677K->55279K(277504K)] 620424K->456561K(976896K), 0.0097202 secs] [Times: user=0.00 sys=0.00, real=0.01 secs] 
2020-10-27T21:12:18.978+0800: 9.360: [GC (Allocation Failure) [PSYoungGen: 261103K->59927K(277504K)] 662385K->498676K(976896K), 0.0106084 secs] [Times: user=0.06 sys=0.00, real=0.01 secs] 
2020-10-27T21:12:19.153+0800: 9.535: [GC (Allocation Failure) [PSYoungGen: 265751K->57109K(279552K)] 704500K->534854K(978944K), 0.0102156 secs] [Times: user=0.00 sys=0.00, real=0.01 secs] 
2020-10-27T21:12:19.294+0800: 9.676: [GC (Allocation Failure) [PSYoungGen: 265719K->68550K(277504K)] 743463K->584435K(976896K), 0.0114694 secs] [Times: user=0.00 sys=0.00, real=0.01 secs] 
2020-10-27T21:12:19.439+0800: 9.821: [GC (Allocation Failure) [PSYoungGen: 277446K->58555K(278016K)] 793331K->619421K(977408K), 0.0107472 secs] [Times: user=0.06 sys=0.00, real=0.01 secs] 
2020-10-27T21:12:19.613+0800: 9.995: [GC (Allocation Failure) [PSYoungGen: 264891K->65056K(271872K)] 825757K->667862K(971264K), 0.0115048 secs] [Times: user=0.06 sys=0.00, real=0.01 secs] 
Heap
 PSYoungGen      total 271872K, used 197855K [0x00000000eab00000, 0x0000000100000000, 0x0000000100000000)
  eden space 206336K, 64% used [0x00000000eab00000,0x00000000f2cafbe0,0x00000000f7480000)
  from space 65536K, 99% used [0x00000000f7480000,0x00000000fb4081a0,0x00000000fb480000)
  to   space 72192K, 0% used [0x00000000fb980000,0x00000000fb980000,0x0000000100000000)
 ParOldGen       total 699392K, used 602806K [0x00000000c0000000, 0x00000000eab00000, 0x00000000eab00000)
  object space 699392K, 86% used [0x00000000c0000000,0x00000000e4cad968,0x00000000eab00000)
 Metaspace       used 2707K, capacity 4486K, committed 4864K, reserved 1056768K
  class space    used 291K, capacity 386K, committed 512K, reserved 1048576K
