Java HotSpot(TM) 64-Bit Server VM (25.211-b12) for windows-amd64 JRE (1.8.0_211-b12), built on Apr  1 2019 20:53:26 by "java_re" with MS VC++ 10.0 (VS2010)
Memory: 4k page, physical 16640612k(9180532k free), swap 16640612k(7437092k free)
CommandLine flags: -XX:InitialHeapSize=536870912 -XX:MaxHeapSize=536870912 -XX:MaxNewSize=178958336 -XX:MaxTenuringThreshold=6 -XX:NewSize=178958336 -XX:OldPLABSize=16 -XX:OldSize=357912576 -XX:+PrintGC -XX:+PrintGCDateStamps -XX:+PrintGCDetails -XX:+PrintGCTimeStamps -XX:+UseCompressedClassPointers -XX:+UseCompressedOops -XX:+UseConcMarkSweepGC -XX:-UseLargePagesIndividualAllocation -XX:+UseParNewGC 
2020-10-27T21:11:39.214+0800: 0.264: [GC (Allocation Failure) 2020-10-27T21:11:39.214+0800: 0.264: [ParNew: 139776K->17472K(157248K), 0.0084092 secs] 139776K->45562K(506816K), 0.0085652 secs] [Times: user=0.00 sys=0.00, real=0.01 secs] 
2020-10-27T21:11:39.325+0800: 0.374: [GC (Allocation Failure) 2020-10-27T21:11:39.325+0800: 0.374: [ParNew: 157248K->17472K(157248K), 0.0112098 secs] 185338K->88129K(506816K), 0.0112621 secs] [Times: user=0.00 sys=0.00, real=0.01 secs] 
2020-10-27T21:11:39.444+0800: 0.494: [GC (Allocation Failure) 2020-10-27T21:11:39.444+0800: 0.494: [ParNew: 157248K->17472K(157248K), 0.0171492 secs] 227905K->126253K(506816K), 0.0172024 secs] [Times: user=0.02 sys=0.05, real=0.02 secs] 
2020-10-27T21:11:39.571+0800: 0.621: [GC (Allocation Failure) 2020-10-27T21:11:39.571+0800: 0.621: [ParNew: 157248K->17472K(157248K), 0.0159448 secs] 266029K->162759K(506816K), 0.0160005 secs] [Times: user=0.06 sys=0.00, real=0.02 secs] 
2020-10-27T21:11:39.693+0800: 0.742: [GC (Allocation Failure) 2020-10-27T21:11:39.693+0800: 0.742: [ParNew: 157248K->17472K(157248K), 0.0183901 secs] 302535K->205633K(506816K), 0.0184505 secs] [Times: user=0.05 sys=0.02, real=0.02 secs] 
2020-10-27T21:11:39.711+0800: 0.760: [GC (CMS Initial Mark) [1 CMS-initial-mark: 188161K(349568K)] 205774K(506816K), 0.0001178 secs] [Times: user=0.00 sys=0.00, real=0.00 secs] 
2020-10-27T21:11:39.712+0800: 0.760: [CMS-concurrent-mark-start]
2020-10-27T21:11:39.715+0800: 0.764: [CMS-concurrent-mark: 0.003/0.003 secs] [Times: user=0.00 sys=0.02, real=0.00 secs] 
2020-10-27T21:11:39.715+0800: 0.764: [CMS-concurrent-preclean-start]
2020-10-27T21:11:39.715+0800: 0.764: [CMS-concurrent-preclean: 0.000/0.000 secs] [Times: user=0.00 sys=0.00, real=0.00 secs] 
2020-10-27T21:11:39.715+0800: 0.764: [CMS-concurrent-abortable-preclean-start]
2020-10-27T21:11:39.799+0800: 0.849: [GC (Allocation Failure) 2020-10-27T21:11:39.799+0800: 0.849: [ParNew2020-10-27T21:11:39.816+0800: 0.865: [CMS-concurrent-abortable-preclean: 0.000/0.101 secs] [Times: user=0.03 sys=0.02, real=0.10 secs] 
: 157248K->17472K(157248K), 0.0167602 secs] 345409K->244153K(506816K), 0.0168067 secs] [Times: user=0.03 sys=0.02, real=0.02 secs] 
2020-10-27T21:11:39.816+0800: 0.866: [GC (CMS Final Remark) [YG occupancy: 20768 K (157248 K)]2020-10-27T21:11:39.816+0800: 0.866: [Rescan (parallel) , 0.0002526 secs]2020-10-27T21:11:39.816+0800: 0.866: [weak refs processing, 0.0000096 secs]2020-10-27T21:11:39.816+0800: 0.866: [class unloading, 0.0001689 secs]2020-10-27T21:11:39.816+0800: 0.866: [scrub symbol table, 0.0002720 secs]2020-10-27T21:11:39.817+0800: 0.866: [scrub string table, 0.0000797 secs][1 CMS-remark: 226681K(349568K)] 247449K(506816K), 0.0008412 secs] [Times: user=0.00 sys=0.00, real=0.00 secs] 
2020-10-27T21:11:39.817+0800: 0.866: [CMS-concurrent-sweep-start]
2020-10-27T21:11:39.817+0800: 0.867: [CMS-concurrent-sweep: 0.000/0.000 secs] [Times: user=0.00 sys=0.00, real=0.00 secs] 
2020-10-27T21:11:39.817+0800: 0.867: [CMS-concurrent-reset-start]
2020-10-27T21:11:39.817+0800: 0.867: [CMS-concurrent-reset: 0.000/0.000 secs] [Times: user=0.00 sys=0.00, real=0.00 secs] 
2020-10-27T21:11:39.910+0800: 0.959: [GC (Allocation Failure) 2020-10-27T21:11:39.910+0800: 0.959: [ParNew: 157248K->17472K(157248K), 0.0075998 secs] 317879K->219980K(506816K), 0.0076551 secs] [Times: user=0.00 sys=0.00, real=0.01 secs] 
2020-10-27T21:11:40.043+0800: 1.092: [GC (Allocation Failure) 2020-10-27T21:11:40.043+0800: 1.092: [ParNew: 156971K->17472K(157248K), 0.0123042 secs] 359480K->262095K(506816K), 0.0123963 secs] [Times: user=0.00 sys=0.00, real=0.01 secs] 
2020-10-27T21:11:40.055+0800: 1.104: [GC (CMS Initial Mark) [1 CMS-initial-mark: 244623K(349568K)] 265622K(506816K), 0.0002474 secs] [Times: user=0.00 sys=0.00, real=0.00 secs] 
2020-10-27T21:11:40.056+0800: 1.105: [CMS-concurrent-mark-start]
2020-10-27T21:11:40.057+0800: 1.106: [CMS-concurrent-mark: 0.001/0.001 secs] [Times: user=0.00 sys=0.00, real=0.00 secs] 
2020-10-27T21:11:40.057+0800: 1.106: [CMS-concurrent-preclean-start]
2020-10-27T21:11:40.057+0800: 1.106: [CMS-concurrent-preclean: 0.000/0.000 secs] [Times: user=0.00 sys=0.00, real=0.00 secs] 
2020-10-27T21:11:40.057+0800: 1.106: [CMS-concurrent-abortable-preclean-start]
2020-10-27T21:11:40.159+0800: 1.209: [GC (Allocation Failure) 2020-10-27T21:11:40.159+0800: 1.209: [ParNew: 156733K->17472K(157248K), 0.0173499 secs] 401356K->303733K(506816K), 0.0174031 secs] [Times: user=0.06 sys=0.00, real=0.02 secs] 
2020-10-27T21:11:40.177+0800: 1.226: [CMS-concurrent-abortable-preclean: 0.001/0.120 secs] [Times: user=0.06 sys=0.00, real=0.12 secs] 
2020-10-27T21:11:40.177+0800: 1.227: [GC (CMS Final Remark) [YG occupancy: 21225 K (157248 K)]2020-10-27T21:11:40.177+0800: 1.227: [Rescan (parallel) , 0.0003479 secs]2020-10-27T21:11:40.177+0800: 1.227: [weak refs processing, 0.0000093 secs]2020-10-27T21:11:40.177+0800: 1.227: [class unloading, 0.0001624 secs]2020-10-27T21:11:40.177+0800: 1.227: [scrub symbol table, 0.0003862 secs]2020-10-27T21:11:40.178+0800: 1.228: [scrub string table, 0.0000905 secs][1 CMS-remark: 286261K(349568K)] 307487K(506816K), 0.0010622 secs] [Times: user=0.00 sys=0.00, real=0.00 secs] 
2020-10-27T21:11:40.178+0800: 1.228: [CMS-concurrent-sweep-start]
2020-10-27T21:11:40.179+0800: 1.228: [CMS-concurrent-sweep: 0.001/0.001 secs] [Times: user=0.00 sys=0.00, real=0.00 secs] 
2020-10-27T21:11:40.179+0800: 1.228: [CMS-concurrent-reset-start]
2020-10-27T21:11:40.179+0800: 1.229: [CMS-concurrent-reset: 0.000/0.000 secs] [Times: user=0.00 sys=0.00, real=0.00 secs] 
2020-10-27T21:11:40.285+0800: 1.334: [GC (Allocation Failure) 2020-10-27T21:11:40.285+0800: 1.334: [ParNew: 157248K->17472K(157248K), 0.0076252 secs] 350922K->252337K(506816K), 0.0076800 secs] [Times: user=0.00 sys=0.00, real=0.01 secs] 
2020-10-27T21:11:40.292+0800: 1.342: [GC (CMS Initial Mark) [1 CMS-initial-mark: 234865K(349568K)] 255520K(506816K), 0.0002408 secs] [Times: user=0.03 sys=0.00, real=0.00 secs] 
2020-10-27T21:11:40.293+0800: 1.342: [CMS-concurrent-mark-start]
2020-10-27T21:11:40.294+0800: 1.343: [CMS-concurrent-mark: 0.001/0.001 secs] [Times: user=0.00 sys=0.00, real=0.00 secs] 
2020-10-27T21:11:40.294+0800: 1.344: [CMS-concurrent-preclean-start]
2020-10-27T21:11:40.295+0800: 1.344: [CMS-concurrent-preclean: 0.000/0.000 secs] [Times: user=0.00 sys=0.00, real=0.00 secs] 
2020-10-27T21:11:40.295+0800: 1.344: [CMS-concurrent-abortable-preclean-start]
2020-10-27T21:11:40.376+0800: 1.425: [GC (Allocation Failure) 2020-10-27T21:11:40.376+0800: 1.425: [ParNew: 157248K->17472K(157248K), 0.0067450 secs] 392113K->289850K(506816K), 0.0067990 secs] [Times: user=0.00 sys=0.00, real=0.01 secs] 
2020-10-27T21:11:40.465+0800: 1.514: [GC (Allocation Failure) 2020-10-27T21:11:40.465+0800: 1.514: [ParNew: 157248K->17472K(157248K), 0.0122204 secs] 429626K->324768K(506816K), 0.0122828 secs] [Times: user=0.00 sys=0.00, real=0.01 secs] 
2020-10-27T21:11:40.576+0800: 1.625: [GC (Allocation Failure) 2020-10-27T21:11:40.576+0800: 1.625: [ParNew: 157248K->157248K(157248K), 0.0000180 secs]2020-10-27T21:11:40.576+0800: 1.625: [CMS2020-10-27T21:11:40.576+0800: 1.625: [CMS-concurrent-abortable-preclean: 0.002/0.282 secs] [Times: user=0.00 sys=0.00, real=0.28 secs] 
 (concurrent mode failure): 307296K->183763K(349568K), 0.0234562 secs] 464544K->183763K(506816K), [Metaspace: 2700K->2700K(1056768K)], 0.0235514 secs] [Times: user=0.01 sys=0.00, real=0.02 secs] 
2020-10-27T21:11:40.724+0800: 1.773: [GC (Allocation Failure) 2020-10-27T21:11:40.724+0800: 1.773: [ParNew: 139776K->17472K(157248K), 0.0059998 secs] 323539K->234482K(506816K), 0.0060530 secs] [Times: user=0.00 sys=0.00, real=0.01 secs] 
2020-10-27T21:11:40.843+0800: 1.891: [GC (Allocation Failure) 2020-10-27T21:11:40.843+0800: 1.892: [ParNew: 157248K->17472K(157248K), 0.0066536 secs] 374258K->273754K(506816K), 0.0067107 secs] [Times: user=0.00 sys=0.00, real=0.01 secs] 
2020-10-27T21:11:40.850+0800: 1.898: [GC (CMS Initial Mark) [1 CMS-initial-mark: 256282K(349568K)] 277343K(506816K), 0.0002638 secs] [Times: user=0.00 sys=0.00, real=0.00 secs] 
2020-10-27T21:11:40.850+0800: 1.899: [CMS-concurrent-mark-start]
2020-10-27T21:11:40.851+0800: 1.900: [CMS-concurrent-mark: 0.001/0.001 secs] [Times: user=0.00 sys=0.00, real=0.00 secs] 
2020-10-27T21:11:40.851+0800: 1.900: [CMS-concurrent-preclean-start]
2020-10-27T21:11:40.852+0800: 1.900: [CMS-concurrent-preclean: 0.000/0.000 secs] [Times: user=0.00 sys=0.00, real=0.00 secs] 
2020-10-27T21:11:40.852+0800: 1.900: [CMS-concurrent-abortable-preclean-start]
2020-10-27T21:11:40.943+0800: 1.993: [GC (Allocation Failure) 2020-10-27T21:11:40.943+0800: 1.993: [ParNew: 157248K->17472K(157248K), 0.0070377 secs] 413530K->311849K(506816K), 0.0070939 secs] [Times: user=0.05 sys=0.00, real=0.01 secs] 
2020-10-27T21:11:41.038+0800: 2.087: [GC (Allocation Failure) 2020-10-27T21:11:41.038+0800: 2.087: [ParNew2020-10-27T21:11:41.052+0800: 2.101: [CMS-concurrent-abortable-preclean: 0.001/0.200 secs] [Times: user=0.13 sys=0.00, real=0.20 secs] 
: 157248K->17472K(157248K), 0.0143776 secs] 451625K->352960K(506816K), 0.0144253 secs] [Times: user=0.06 sys=0.00, real=0.01 secs] 
2020-10-27T21:11:41.052+0800: 2.102: [GC (CMS Final Remark) [YG occupancy: 20279 K (157248 K)]2020-10-27T21:11:41.052+0800: 2.102: [Rescan (parallel) , 0.0003480 secs]2020-10-27T21:11:41.053+0800: 2.102: [weak refs processing, 0.0000096 secs]2020-10-27T21:11:41.053+0800: 2.102: [class unloading, 0.0001641 secs]2020-10-27T21:11:41.053+0800: 2.102: [scrub symbol table, 0.0002685 secs]2020-10-27T21:11:41.053+0800: 2.102: [scrub string table, 0.0000794 secs][1 CMS-remark: 335488K(349568K)] 355767K(506816K), 0.0009206 secs] [Times: user=0.00 sys=0.00, real=0.00 secs] 
2020-10-27T21:11:41.053+0800: 2.103: [CMS-concurrent-sweep-start]
2020-10-27T21:11:41.054+0800: 2.103: [CMS-concurrent-sweep: 0.001/0.001 secs] [Times: user=0.00 sys=0.00, real=0.00 secs] 
2020-10-27T21:11:41.054+0800: 2.103: [CMS-concurrent-reset-start]
2020-10-27T21:11:41.054+0800: 2.103: [CMS-concurrent-reset: 0.000/0.000 secs] [Times: user=0.00 sys=0.00, real=0.00 secs] 
2020-10-27T21:11:41.158+0800: 2.207: [GC (Allocation Failure) 2020-10-27T21:11:41.158+0800: 2.207: [ParNew: 157213K->17472K(157248K), 0.0074348 secs] 404893K->312160K(506816K), 0.0075058 secs] [Times: user=0.00 sys=0.00, real=0.01 secs] 
2020-10-27T21:11:41.165+0800: 2.214: [GC (CMS Initial Mark) [1 CMS-initial-mark: 294688K(349568K)] 315661K(506816K), 0.0001671 secs] [Times: user=0.00 sys=0.00, real=0.00 secs] 
2020-10-27T21:11:41.166+0800: 2.215: [CMS-concurrent-mark-start]
2020-10-27T21:11:41.167+0800: 2.216: [CMS-concurrent-mark: 0.001/0.001 secs] [Times: user=0.00 sys=0.00, real=0.00 secs] 
2020-10-27T21:11:41.167+0800: 2.216: [CMS-concurrent-preclean-start]
2020-10-27T21:11:41.167+0800: 2.216: [CMS-concurrent-preclean: 0.000/0.000 secs] [Times: user=0.00 sys=0.00, real=0.00 secs] 
2020-10-27T21:11:41.167+0800: 2.216: [CMS-concurrent-abortable-preclean-start]
2020-10-27T21:11:41.282+0800: 2.331: [GC (Allocation Failure) 2020-10-27T21:11:41.282+0800: 2.331: [ParNew: 157248K->17472K(157248K), 0.0084080 secs] 451936K->355078K(506816K), 0.0084613 secs] [Times: user=0.00 sys=0.00, real=0.01 secs] 
2020-10-27T21:11:41.290+0800: 2.340: [CMS-concurrent-abortable-preclean: 0.001/0.124 secs] [Times: user=0.01 sys=0.00, real=0.12 secs] 
2020-10-27T21:11:41.290+0800: 2.340: [GC (CMS Final Remark) [YG occupancy: 20641 K (157248 K)]2020-10-27T21:11:41.290+0800: 2.340: [Rescan (parallel) , 0.0003692 secs]2020-10-27T21:11:41.291+0800: 2.340: [weak refs processing, 0.0000121 secs]2020-10-27T21:11:41.291+0800: 2.340: [class unloading, 0.0001707 secs]2020-10-27T21:11:41.291+0800: 2.341: [scrub symbol table, 0.0002681 secs]2020-10-27T21:11:41.291+0800: 2.341: [scrub string table, 0.0000799 secs][1 CMS-remark: 337606K(349568K)] 358247K(506816K), 0.0009527 secs] [Times: user=0.00 sys=0.00, real=0.00 secs] 
2020-10-27T21:11:41.291+0800: 2.341: [CMS-concurrent-sweep-start]
2020-10-27T21:11:41.292+0800: 2.342: [CMS-concurrent-sweep: 0.001/0.001 secs] [Times: user=0.00 sys=0.00, real=0.00 secs] 
2020-10-27T21:11:41.292+0800: 2.342: [CMS-concurrent-reset-start]
2020-10-27T21:11:41.292+0800: 2.342: [CMS-concurrent-reset: 0.000/0.000 secs] [Times: user=0.00 sys=0.00, real=0.00 secs] 
2020-10-27T21:11:41.377+0800: 2.426: [GC (Allocation Failure) 2020-10-27T21:11:41.377+0800: 2.426: [ParNew: 157248K->17472K(157248K), 0.0072972 secs] 376422K->278387K(506816K), 0.0073502 secs] [Times: user=0.00 sys=0.00, real=0.01 secs] 
2020-10-27T21:11:41.384+0800: 2.434: [GC (CMS Initial Mark) [1 CMS-initial-mark: 260915K(349568K)] 282271K(506816K), 0.0001287 secs] [Times: user=0.00 sys=0.00, real=0.00 secs] 
2020-10-27T21:11:41.385+0800: 2.434: [CMS-concurrent-mark-start]
2020-10-27T21:11:41.386+0800: 2.435: [CMS-concurrent-mark: 0.001/0.001 secs] [Times: user=0.00 sys=0.00, real=0.00 secs] 
2020-10-27T21:11:41.386+0800: 2.435: [CMS-concurrent-preclean-start]
2020-10-27T21:11:41.386+0800: 2.436: [CMS-concurrent-preclean: 0.000/0.000 secs] [Times: user=0.00 sys=0.00, real=0.00 secs] 
2020-10-27T21:11:41.386+0800: 2.436: [CMS-concurrent-abortable-preclean-start]
2020-10-27T21:11:41.470+0800: 2.519: [GC (Allocation Failure) 2020-10-27T21:11:41.470+0800: 2.519: [ParNew: 157248K->17472K(157248K), 0.0065569 secs] 418163K->315863K(506816K), 0.0066122 secs] [Times: user=0.00 sys=0.00, real=0.01 secs] 
2020-10-27T21:11:41.580+0800: 2.629: [GC (Allocation Failure) 2020-10-27T21:11:41.580+0800: 2.629: [ParNew: 157106K->17472K(157248K), 0.0101072 secs] 455498K->362880K(506816K), 0.0101637 secs] [Times: user=0.05 sys=0.01, real=0.01 secs] 
2020-10-27T21:11:41.590+0800: 2.639: [CMS-concurrent-abortable-preclean: 0.002/0.203 secs] [Times: user=0.06 sys=0.01, real=0.20 secs] 
2020-10-27T21:11:41.590+0800: 2.639: [GC (CMS Final Remark) [YG occupancy: 20434 K (157248 K)]2020-10-27T21:11:41.590+0800: 2.639: [Rescan (parallel) , 0.0002575 secs]2020-10-27T21:11:41.591+0800: 2.639: [weak refs processing, 0.0000099 secs]2020-10-27T21:11:41.591+0800: 2.639: [class unloading, 0.0001653 secs]2020-10-27T21:11:41.591+0800: 2.640: [scrub symbol table, 0.0002670 secs]2020-10-27T21:11:41.591+0800: 2.640: [scrub string table, 0.0000799 secs][1 CMS-remark: 345408K(349568K)] 365842K(506816K), 0.0008311 secs] [Times: user=0.00 sys=0.00, real=0.00 secs] 
2020-10-27T21:11:41.591+0800: 2.640: [CMS-concurrent-sweep-start]
2020-10-27T21:11:41.592+0800: 2.641: [CMS-concurrent-sweep: 0.001/0.001 secs] [Times: user=0.00 sys=0.00, real=0.00 secs] 
2020-10-27T21:11:41.592+0800: 2.641: [CMS-concurrent-reset-start]
2020-10-27T21:11:41.592+0800: 2.641: [CMS-concurrent-reset: 0.000/0.000 secs] [Times: user=0.00 sys=0.00, real=0.00 secs] 
2020-10-27T21:11:41.686+0800: 2.736: [GC (Allocation Failure) 2020-10-27T21:11:41.686+0800: 2.736: [ParNew: 157248K->17472K(157248K), 0.0081787 secs] 417078K->327753K(506816K), 0.0082315 secs] [Times: user=0.00 sys=0.00, real=0.01 secs] 
2020-10-27T21:11:41.695+0800: 2.744: [GC (CMS Initial Mark) [1 CMS-initial-mark: 310281K(349568K)] 330812K(506816K), 0.0002868 secs] [Times: user=0.00 sys=0.00, real=0.00 secs] 
2020-10-27T21:11:41.695+0800: 2.744: [CMS-concurrent-mark-start]
2020-10-27T21:11:41.696+0800: 2.746: [CMS-concurrent-mark: 0.001/0.001 secs] [Times: user=0.00 sys=0.00, real=0.00 secs] 
2020-10-27T21:11:41.696+0800: 2.746: [CMS-concurrent-preclean-start]
2020-10-27T21:11:41.697+0800: 2.746: [CMS-concurrent-preclean: 0.000/0.000 secs] [Times: user=0.00 sys=0.00, real=0.00 secs] 
2020-10-27T21:11:41.697+0800: 2.746: [CMS-concurrent-abortable-preclean-start]
2020-10-27T21:11:41.791+0800: 2.841: [GC (Allocation Failure) 2020-10-27T21:11:41.791+0800: 2.841: [ParNew: 157248K->157248K(157248K), 0.0000182 secs]2020-10-27T21:11:41.791+0800: 2.841: [CMS2020-10-27T21:11:41.791+0800: 2.841: [CMS-concurrent-abortable-preclean: 0.000/0.095 secs] [Times: user=0.00 sys=0.00, real=0.09 secs] 
 (concurrent mode failure): 310281K->192045K(349568K), 0.0237911 secs] 467529K->192045K(506816K), [Metaspace: 2700K->2700K(1056768K)], 0.0239189 secs] [Times: user=0.03 sys=0.00, real=0.02 secs] 
2020-10-27T21:11:41.887+0800: 2.936: [GC (Allocation Failure) 2020-10-27T21:11:41.887+0800: 2.936: [ParNew: 139776K->17472K(157248K), 0.0062884 secs] 331821K->242282K(506816K), 0.0063455 secs] [Times: user=0.00 sys=0.00, real=0.01 secs] 
2020-10-27T21:11:41.894+0800: 2.943: [GC (CMS Initial Mark) [1 CMS-initial-mark: 224810K(349568K)] 245701K(506816K), 0.0002678 secs] [Times: user=0.00 sys=0.00, real=0.00 secs] 
2020-10-27T21:11:41.894+0800: 2.943: [CMS-concurrent-mark-start]
2020-10-27T21:11:41.896+0800: 2.945: [CMS-concurrent-mark: 0.001/0.001 secs] [Times: user=0.00 sys=0.00, real=0.00 secs] 
2020-10-27T21:11:41.896+0800: 2.945: [CMS-concurrent-preclean-start]
2020-10-27T21:11:41.896+0800: 2.945: [CMS-concurrent-preclean: 0.000/0.000 secs] [Times: user=0.00 sys=0.00, real=0.00 secs] 
2020-10-27T21:11:41.896+0800: 2.945: [CMS-concurrent-abortable-preclean-start]
2020-10-27T21:11:42.000+0800: 3.049: [GC (Allocation Failure) 2020-10-27T21:11:42.000+0800: 3.049: [ParNew: 157248K->17472K(157248K), 0.0076443 secs] 382058K->285167K(506816K), 0.0077033 secs] [Times: user=0.00 sys=0.00, real=0.01 secs] 
2020-10-27T21:11:42.008+0800: 3.056: [CMS-concurrent-abortable-preclean: 0.001/0.111 secs] [Times: user=0.00 sys=0.00, real=0.11 secs] 
2020-10-27T21:11:42.008+0800: 3.057: [GC (CMS Final Remark) [YG occupancy: 20763 K (157248 K)]2020-10-27T21:11:42.008+0800: 3.057: [Rescan (parallel) , 0.0002428 secs]2020-10-27T21:11:42.008+0800: 3.057: [weak refs processing, 0.0000093 secs]2020-10-27T21:11:42.008+0800: 3.057: [class unloading, 0.0001661 secs]2020-10-27T21:11:42.008+0800: 3.057: [scrub symbol table, 0.0002921 secs]2020-10-27T21:11:42.009+0800: 3.057: [scrub string table, 0.0000855 secs][1 CMS-remark: 267695K(349568K)] 288458K(506816K), 0.0008515 secs] [Times: user=0.00 sys=0.00, real=0.00 secs] 
2020-10-27T21:11:42.009+0800: 3.057: [CMS-concurrent-sweep-start]
2020-10-27T21:11:42.009+0800: 3.058: [CMS-concurrent-sweep: 0.000/0.000 secs] [Times: user=0.00 sys=0.00, real=0.00 secs] 
2020-10-27T21:11:42.009+0800: 3.058: [CMS-concurrent-reset-start]
2020-10-27T21:11:42.009+0800: 3.058: [CMS-concurrent-reset: 0.000/0.000 secs] [Times: user=0.00 sys=0.00, real=0.00 secs] 
2020-10-27T21:11:42.103+0800: 3.152: [GC (Allocation Failure) 2020-10-27T21:11:42.103+0800: 3.153: [ParNew: 157248K->17472K(157248K), 0.0068383 secs] 380798K->277937K(506816K), 0.0068927 secs] [Times: user=0.05 sys=0.00, real=0.01 secs] 
2020-10-27T21:11:42.110+0800: 3.160: [GC (CMS Initial Mark) [1 CMS-initial-mark: 260465K(349568K)] 281111K(506816K), 0.0002818 secs] [Times: user=0.00 sys=0.00, real=0.00 secs] 
2020-10-27T21:11:42.110+0800: 3.160: [CMS-concurrent-mark-start]
2020-10-27T21:11:42.112+0800: 3.161: [CMS-concurrent-mark: 0.001/0.001 secs] [Times: user=0.00 sys=0.00, real=0.00 secs] 
2020-10-27T21:11:42.112+0800: 3.161: [CMS-concurrent-preclean-start]
2020-10-27T21:11:42.112+0800: 3.162: [CMS-concurrent-preclean: 0.000/0.000 secs] [Times: user=0.00 sys=0.00, real=0.00 secs] 
2020-10-27T21:11:42.112+0800: 3.162: [CMS-concurrent-abortable-preclean-start]
2020-10-27T21:11:42.211+0800: 3.260: [GC (Allocation Failure) 2020-10-27T21:11:42.211+0800: 3.260: [ParNew2020-10-27T21:11:42.214+0800: 3.263: [CMS-concurrent-abortable-preclean: 0.000/0.101 secs] [Times: user=0.00 sys=0.00, real=0.10 secs] 
: 157175K->17472K(157248K), 0.0077045 secs] 417641K->319813K(506816K), 0.0077618 secs] [Times: user=0.03 sys=0.02, real=0.01 secs] 
2020-10-27T21:11:42.219+0800: 3.269: [GC (CMS Final Remark) [YG occupancy: 20383 K (157248 K)]2020-10-27T21:11:42.219+0800: 3.269: [Rescan (parallel) , 0.0002372 secs]2020-10-27T21:11:42.220+0800: 3.269: [weak refs processing, 0.0000100 secs]2020-10-27T21:11:42.220+0800: 3.269: [class unloading, 0.0001652 secs]2020-10-27T21:11:42.220+0800: 3.269: [scrub symbol table, 0.0002668 secs]2020-10-27T21:11:42.220+0800: 3.269: [scrub string table, 0.0000800 secs][1 CMS-remark: 302341K(349568K)] 322725K(506816K), 0.0008180 secs] [Times: user=0.00 sys=0.00, real=0.00 secs] 
2020-10-27T21:11:42.220+0800: 3.269: [CMS-concurrent-sweep-start]
2020-10-27T21:11:42.221+0800: 3.270: [CMS-concurrent-sweep: 0.000/0.000 secs] [Times: user=0.00 sys=0.00, real=0.00 secs] 
2020-10-27T21:11:42.221+0800: 3.270: [CMS-concurrent-reset-start]
2020-10-27T21:11:42.221+0800: 3.270: [CMS-concurrent-reset: 0.000/0.000 secs] [Times: user=0.00 sys=0.00, real=0.00 secs] 
2020-10-27T21:11:42.335+0800: 3.384: [GC (Allocation Failure) 2020-10-27T21:11:42.335+0800: 3.384: [ParNew: 157248K->17472K(157248K), 0.0075311 secs] 376045K->280558K(506816K), 0.0075846 secs] [Times: user=0.06 sys=0.00, real=0.01 secs] 
2020-10-27T21:11:42.343+0800: 3.391: [GC (CMS Initial Mark) [1 CMS-initial-mark: 263086K(349568K)] 284320K(506816K), 0.0002753 secs] [Times: user=0.00 sys=0.00, real=0.00 secs] 
2020-10-27T21:11:42.343+0800: 3.392: [CMS-concurrent-mark-start]
2020-10-27T21:11:42.344+0800: 3.393: [CMS-concurrent-mark: 0.001/0.001 secs] [Times: user=0.00 sys=0.00, real=0.00 secs] 
2020-10-27T21:11:42.344+0800: 3.393: [CMS-concurrent-preclean-start]
2020-10-27T21:11:42.345+0800: 3.394: [CMS-concurrent-preclean: 0.000/0.000 secs] [Times: user=0.00 sys=0.00, real=0.00 secs] 
2020-10-27T21:11:42.345+0800: 3.394: [CMS-concurrent-abortable-preclean-start]
2020-10-27T21:11:42.428+0800: 3.477: [GC (Allocation Failure) 2020-10-27T21:11:42.428+0800: 3.477: [ParNew: 157248K->17472K(157248K), 0.0073404 secs] 420334K->321528K(506816K), 0.0073964 secs] [Times: user=0.06 sys=0.00, real=0.01 secs] 
2020-10-27T21:11:42.510+0800: 3.559: [GC (Allocation Failure) 2020-10-27T21:11:42.510+0800: 3.559: [ParNew: 157169K->157169K(157248K), 0.0000151 secs]2020-10-27T21:11:42.510+0800: 3.559: [CMS2020-10-27T21:11:42.510+0800: 3.559: [CMS-concurrent-abortable-preclean: 0.001/0.166 secs] [Times: user=0.08 sys=0.00, real=0.16 secs] 
 (concurrent mode failure): 304056K->189577K(349568K), 0.0238748 secs] 461225K->189577K(506816K), [Metaspace: 2700K->2700K(1056768K)], 0.0239623 secs] [Times: user=0.03 sys=0.00, real=0.02 secs] 
2020-10-27T21:11:42.635+0800: 3.684: [GC (Allocation Failure) 2020-10-27T21:11:42.635+0800: 3.684: [ParNew: 139776K->17472K(157248K), 0.0056807 secs] 329353K->233090K(506816K), 0.0057394 secs] [Times: user=0.06 sys=0.00, real=0.01 secs] 
2020-10-27T21:11:42.727+0800: 3.776: [GC (Allocation Failure) 2020-10-27T21:11:42.727+0800: 3.776: [ParNew: 157123K->17472K(157248K), 0.0069529 secs] 372742K->271915K(506816K), 0.0070069 secs] [Times: user=0.06 sys=0.00, real=0.01 secs] 
2020-10-27T21:11:42.734+0800: 3.783: [GC (CMS Initial Mark) [1 CMS-initial-mark: 254443K(349568K)] 275783K(506816K), 0.0001748 secs] [Times: user=0.00 sys=0.00, real=0.00 secs] 
2020-10-27T21:11:42.734+0800: 3.783: [CMS-concurrent-mark-start]
2020-10-27T21:11:42.736+0800: 3.785: [CMS-concurrent-mark: 0.001/0.001 secs] [Times: user=0.00 sys=0.00, real=0.00 secs] 
2020-10-27T21:11:42.736+0800: 3.785: [CMS-concurrent-preclean-start]
2020-10-27T21:11:42.736+0800: 3.785: [CMS-concurrent-preclean: 0.000/0.000 secs] [Times: user=0.00 sys=0.00, real=0.00 secs] 
2020-10-27T21:11:42.736+0800: 3.785: [CMS-concurrent-abortable-preclean-start]
2020-10-27T21:11:42.813+0800: 3.862: [GC (Allocation Failure) 2020-10-27T21:11:42.813+0800: 3.862: [ParNew: 157166K->17472K(157248K), 0.0074129 secs] 411609K->316672K(506816K), 0.0074676 secs] [Times: user=0.00 sys=0.00, real=0.01 secs] 
2020-10-27T21:11:42.916+0800: 3.965: [GC (Allocation Failure) 2020-10-27T21:11:42.916+0800: 3.965: [ParNew: 157248K->157248K(157248K), 0.0000154 secs]2020-10-27T21:11:42.916+0800: 3.965: [CMS2020-10-27T21:11:42.916+0800: 3.965: [CMS-concurrent-abortable-preclean: 0.001/0.180 secs] [Times: user=0.00 sys=0.00, real=0.18 secs] 
 (concurrent mode failure): 299200K->187022K(349568K), 0.0242731 secs] 456448K->187022K(506816K), [Metaspace: 2700K->2700K(1056768K)], 0.0243568 secs] [Times: user=0.03 sys=0.00, real=0.03 secs] 
2020-10-27T21:11:43.038+0800: 4.087: [GC (Allocation Failure) 2020-10-27T21:11:43.038+0800: 4.087: [ParNew: 139776K->17472K(157248K), 0.0060091 secs] 326798K->237896K(506816K), 0.0060668 secs] [Times: user=0.06 sys=0.00, real=0.01 secs] 
2020-10-27T21:11:43.131+0800: 4.180: [GC (Allocation Failure) 2020-10-27T21:11:43.131+0800: 4.180: [ParNew: 157248K->17472K(157248K), 0.0078190 secs] 377672K->286834K(506816K), 0.0078759 secs] [Times: user=0.06 sys=0.00, real=0.01 secs] 
2020-10-27T21:11:43.139+0800: 4.189: [GC (CMS Initial Mark) [1 CMS-initial-mark: 269362K(349568K)] 289903K(506816K), 0.0002501 secs] [Times: user=0.00 sys=0.00, real=0.00 secs] 
2020-10-27T21:11:43.140+0800: 4.189: [CMS-concurrent-mark-start]
2020-10-27T21:11:43.141+0800: 4.190: [CMS-concurrent-mark: 0.002/0.002 secs] [Times: user=0.00 sys=0.00, real=0.00 secs] 
2020-10-27T21:11:43.141+0800: 4.190: [CMS-concurrent-preclean-start]
2020-10-27T21:11:43.141+0800: 4.191: [CMS-concurrent-preclean: 0.000/0.000 secs] [Times: user=0.00 sys=0.00, real=0.00 secs] 
2020-10-27T21:11:43.141+0800: 4.191: [CMS-concurrent-abortable-preclean-start]
2020-10-27T21:11:43.234+0800: 4.283: [GC (Allocation Failure) 2020-10-27T21:11:43.234+0800: 4.283: [ParNew: 157248K->17472K(157248K), 0.0061859 secs] 426610K->320058K(506816K), 0.0062423 secs] [Times: user=0.00 sys=0.00, real=0.01 secs] 
2020-10-27T21:11:43.341+0800: 4.390: [CMS-concurrent-abortable-preclean: 0.001/0.199 secs] [Times: user=0.03 sys=0.00, real=0.20 secs] 
2020-10-27T21:11:43.341+0800: 4.390: [GC (CMS Final Remark) [YG occupancy: 153163 K (157248 K)]2020-10-27T21:11:43.341+0800: 4.390: [Rescan (parallel) , 0.0003219 secs]2020-10-27T21:11:43.341+0800: 4.391: [weak refs processing, 0.0000107 secs]2020-10-27T21:11:43.341+0800: 4.391: [class unloading, 0.0001741 secs]2020-10-27T21:11:43.341+0800: 4.391: [scrub symbol table, 0.0002859 secs]2020-10-27T21:11:43.341+0800: 4.391: [scrub string table, 0.0000844 secs][1 CMS-remark: 302586K(349568K)] 455749K(506816K), 0.0009359 secs] [Times: user=0.00 sys=0.00, real=0.00 secs] 
2020-10-27T21:11:43.342+0800: 4.391: [CMS-concurrent-sweep-start]
2020-10-27T21:11:43.342+0800: 4.392: [CMS-concurrent-sweep: 0.000/0.000 secs] [Times: user=0.00 sys=0.00, real=0.00 secs] 
2020-10-27T21:11:43.342+0800: 4.392: [CMS-concurrent-reset-start]
2020-10-27T21:11:43.342+0800: 4.392: [CMS-concurrent-reset: 0.000/0.000 secs] [Times: user=0.00 sys=0.00, real=0.00 secs] 
2020-10-27T21:11:43.343+0800: 4.393: [GC (Allocation Failure) 2020-10-27T21:11:43.343+0800: 4.393: [ParNew: 157081K->17472K(157248K), 0.0077102 secs] 373005K->280839K(506816K), 0.0077484 secs] [Times: user=0.00 sys=0.00, real=0.01 secs] 
2020-10-27T21:11:43.351+0800: 4.401: [GC (CMS Initial Mark) [1 CMS-initial-mark: 263367K(349568K)] 281188K(506816K), 0.0002451 secs] [Times: user=0.00 sys=0.00, real=0.00 secs] 
2020-10-27T21:11:43.351+0800: 4.401: [CMS-concurrent-mark-start]
2020-10-27T21:11:43.353+0800: 4.402: [CMS-concurrent-mark: 0.001/0.001 secs] [Times: user=0.00 sys=0.00, real=0.00 secs] 
2020-10-27T21:11:43.353+0800: 4.402: [CMS-concurrent-preclean-start]
2020-10-27T21:11:43.353+0800: 4.403: [CMS-concurrent-preclean: 0.000/0.000 secs] [Times: user=0.00 sys=0.00, real=0.00 secs] 
2020-10-27T21:11:43.353+0800: 4.403: [CMS-concurrent-abortable-preclean-start]
2020-10-27T21:11:43.437+0800: 4.486: [GC (Allocation Failure) 2020-10-27T21:11:43.437+0800: 4.486: [ParNew: 157248K->17472K(157248K), 0.0070344 secs] 420615K->320746K(506816K), 0.0070892 secs] [Times: user=0.00 sys=0.00, real=0.01 secs] 
2020-10-27T21:11:43.534+0800: 4.583: [GC (Allocation Failure) 2020-10-27T21:11:43.534+0800: 4.583: [ParNew: 157248K->157248K(157248K), 0.0000469 secs]2020-10-27T21:11:43.534+0800: 4.583: [CMS2020-10-27T21:11:43.534+0800: 4.583: [CMS-concurrent-abortable-preclean: 0.001/0.181 secs] [Times: user=0.00 sys=0.00, real=0.18 secs] 
 (concurrent mode failure): 303274K->200043K(349568K), 0.0302058 secs] 460522K->200043K(506816K), [Metaspace: 2700K->2700K(1056768K)], 0.0303937 secs] [Times: user=0.03 sys=0.00, real=0.03 secs] 
2020-10-27T21:11:43.670+0800: 4.719: [GC (Allocation Failure) 2020-10-27T21:11:43.670+0800: 4.719: [ParNew: 139776K->17472K(157248K), 0.0056328 secs] 339819K->247705K(506816K), 0.0056755 secs] [Times: user=0.00 sys=0.00, real=0.01 secs] 
2020-10-27T21:11:43.788+0800: 4.837: [GC (Allocation Failure) 2020-10-27T21:11:43.788+0800: 4.837: [ParNew: 157248K->17472K(157248K), 0.0072612 secs] 387481K->288521K(506816K), 0.0073141 secs] [Times: user=0.03 sys=0.01, real=0.01 secs] 
2020-10-27T21:11:43.796+0800: 4.845: [GC (CMS Initial Mark) [1 CMS-initial-mark: 271049K(349568K)] 291478K(506816K), 0.0002284 secs] [Times: user=0.00 sys=0.00, real=0.00 secs] 
2020-10-27T21:11:43.796+0800: 4.845: [CMS-concurrent-mark-start]
2020-10-27T21:11:43.797+0800: 4.847: [CMS-concurrent-mark: 0.001/0.001 secs] [Times: user=0.00 sys=0.00, real=0.00 secs] 
2020-10-27T21:11:43.797+0800: 4.847: [CMS-concurrent-preclean-start]
2020-10-27T21:11:43.798+0800: 4.847: [CMS-concurrent-preclean: 0.000/0.000 secs] [Times: user=0.00 sys=0.00, real=0.00 secs] 
2020-10-27T21:11:43.798+0800: 4.847: [CMS-concurrent-abortable-preclean-start]
2020-10-27T21:11:43.880+0800: 4.929: [GC (Allocation Failure) 2020-10-27T21:11:43.880+0800: 4.929: [ParNew: 157248K->17472K(157248K), 0.0065326 secs] 428297K->326458K(506816K), 0.0065876 secs] [Times: user=0.00 sys=0.00, real=0.01 secs] 
2020-10-27T21:11:43.976+0800: 5.025: [GC (Allocation Failure) 2020-10-27T21:11:43.976+0800: 5.025: [ParNew: 157248K->157248K(157248K), 0.0000157 secs]2020-10-27T21:11:43.976+0800: 5.025: [CMS2020-10-27T21:11:43.976+0800: 5.025: [CMS-concurrent-abortable-preclean: 0.001/0.178 secs] [Times: user=0.03 sys=0.00, real=0.18 secs] 
 (concurrent mode failure): 308986K->194462K(349568K), 0.0240987 secs] 466234K->194462K(506816K), [Metaspace: 2700K->2700K(1056768K)], 0.0241797 secs] [Times: user=0.03 sys=0.00, real=0.02 secs] 
2020-10-27T21:11:44.081+0800: 5.129: [GC (Allocation Failure) 2020-10-27T21:11:44.081+0800: 5.129: [ParNew: 139776K->17472K(157248K), 0.0056730 secs] 334238K->240806K(506816K), 0.0057270 secs] [Times: user=0.00 sys=0.00, real=0.00 secs] 
2020-10-27T21:11:44.178+0800: 5.228: [GC (Allocation Failure) 2020-10-27T21:11:44.178+0800: 5.228: [ParNew: 157248K->17472K(157248K), 0.0074444 secs] 380582K->285230K(506816K), 0.0075025 secs] [Times: user=0.06 sys=0.00, real=0.01 secs] 
2020-10-27T21:11:44.186+0800: 5.235: [GC (CMS Initial Mark) [1 CMS-initial-mark: 267758K(349568K)] 288236K(506816K), 0.0002748 secs] [Times: user=0.00 sys=0.00, real=0.00 secs] 
2020-10-27T21:11:44.186+0800: 5.236: [CMS-concurrent-mark-start]
2020-10-27T21:11:44.188+0800: 5.237: [CMS-concurrent-mark: 0.002/0.002 secs] [Times: user=0.00 sys=0.00, real=0.00 secs] 
2020-10-27T21:11:44.188+0800: 5.237: [CMS-concurrent-preclean-start]
2020-10-27T21:11:44.188+0800: 5.238: [CMS-concurrent-preclean: 0.000/0.000 secs] [Times: user=0.00 sys=0.00, real=0.00 secs] 
2020-10-27T21:11:44.188+0800: 5.238: [CMS-concurrent-abortable-preclean-start]
2020-10-27T21:11:44.305+0800: 5.354: [GC (Allocation Failure) 2020-10-27T21:11:44.305+0800: 5.354: [ParNew: 157188K->17472K(157248K), 0.0072606 secs] 424946K->327425K(506816K), 0.0073167 secs] [Times: user=0.05 sys=0.00, real=0.01 secs] 
2020-10-27T21:11:44.312+0800: 5.362: [CMS-concurrent-abortable-preclean: 0.001/0.124 secs] [Times: user=0.06 sys=0.00, real=0.12 secs] 
2020-10-27T21:11:44.313+0800: 5.362: [GC (CMS Final Remark) [YG occupancy: 20725 K (157248 K)]2020-10-27T21:11:44.313+0800: 5.362: [Rescan (parallel) , 0.0002462 secs]2020-10-27T21:11:44.313+0800: 5.362: [weak refs processing, 0.0000097 secs]2020-10-27T21:11:44.313+0800: 5.362: [class unloading, 0.0001713 secs]2020-10-27T21:11:44.313+0800: 5.362: [scrub symbol table, 0.0002669 secs]2020-10-27T21:11:44.313+0800: 5.362: [scrub string table, 0.0001210 secs][1 CMS-remark: 309953K(349568K)] 330678K(506816K), 0.0008709 secs] [Times: user=0.00 sys=0.00, real=0.00 secs] 
2020-10-27T21:11:44.314+0800: 5.363: [CMS-concurrent-sweep-start]
2020-10-27T21:11:44.314+0800: 5.363: [CMS-concurrent-sweep: 0.000/0.000 secs] [Times: user=0.00 sys=0.00, real=0.00 secs] 
2020-10-27T21:11:44.314+0800: 5.363: [CMS-concurrent-reset-start]
2020-10-27T21:11:44.314+0800: 5.363: [CMS-concurrent-reset: 0.000/0.000 secs] [Times: user=0.00 sys=0.00, real=0.00 secs] 
2020-10-27T21:11:44.414+0800: 5.463: [GC (Allocation Failure) 2020-10-27T21:11:44.414+0800: 5.463: [ParNew: 157128K->17472K(157248K), 0.0073064 secs] 381211K->278537K(506816K), 0.0073571 secs] [Times: user=0.06 sys=0.00, real=0.01 secs] 
2020-10-27T21:11:44.421+0800: 5.470: [GC (CMS Initial Mark) [1 CMS-initial-mark: 261065K(349568K)] 281547K(506816K), 0.0001262 secs] [Times: user=0.00 sys=0.00, real=0.00 secs] 
2020-10-27T21:11:44.422+0800: 5.470: [CMS-concurrent-mark-start]
2020-10-27T21:11:44.423+0800: 5.472: [CMS-concurrent-mark: 0.001/0.001 secs] [Times: user=0.00 sys=0.00, real=0.00 secs] 
2020-10-27T21:11:44.423+0800: 5.472: [CMS-concurrent-preclean-start]
2020-10-27T21:11:44.423+0800: 5.472: [CMS-concurrent-preclean: 0.000/0.000 secs] [Times: user=0.00 sys=0.00, real=0.00 secs] 
2020-10-27T21:11:44.423+0800: 5.472: [CMS-concurrent-abortable-preclean-start]
2020-10-27T21:11:44.539+0800: 5.588: [GC (Allocation Failure) 2020-10-27T21:11:44.539+0800: 5.589: [ParNew: 157248K->17472K(157248K), 0.0077990 secs] 418313K->326271K(506816K), 0.0078555 secs] [Times: user=0.06 sys=0.00, real=0.01 secs] 
2020-10-27T21:11:44.547+0800: 5.596: [CMS-concurrent-abortable-preclean: 0.001/0.124 secs] [Times: user=0.06 sys=0.00, real=0.12 secs] 
2020-10-27T21:11:44.547+0800: 5.597: [GC (CMS Final Remark) [YG occupancy: 20550 K (157248 K)]2020-10-27T21:11:44.547+0800: 5.597: [Rescan (parallel) , 0.0003863 secs]2020-10-27T21:11:44.548+0800: 5.597: [weak refs processing, 0.0000097 secs]2020-10-27T21:11:44.548+0800: 5.597: [class unloading, 0.0001966 secs]2020-10-27T21:11:44.548+0800: 5.597: [scrub symbol table, 0.0002789 secs]2020-10-27T21:11:44.548+0800: 5.597: [scrub string table, 0.0000817 secs][1 CMS-remark: 308799K(349568K)] 329350K(506816K), 0.0010083 secs] [Times: user=0.00 sys=0.00, real=0.00 secs] 
2020-10-27T21:11:44.548+0800: 5.598: [CMS-concurrent-sweep-start]
2020-10-27T21:11:44.549+0800: 5.598: [CMS-concurrent-sweep: 0.001/0.001 secs] [Times: user=0.00 sys=0.00, real=0.00 secs] 
2020-10-27T21:11:44.549+0800: 5.598: [CMS-concurrent-reset-start]
2020-10-27T21:11:44.549+0800: 5.598: [CMS-concurrent-reset: 0.000/0.000 secs] [Times: user=0.00 sys=0.00, real=0.00 secs] 
2020-10-27T21:11:44.648+0800: 5.697: [GC (Allocation Failure) 2020-10-27T21:11:44.648+0800: 5.697: [ParNew: 157248K->17472K(157248K), 0.0072347 secs] 385562K->287033K(506816K), 0.0072915 secs] [Times: user=0.06 sys=0.00, real=0.01 secs] 
2020-10-27T21:11:44.655+0800: 5.705: [GC (CMS Initial Mark) [1 CMS-initial-mark: 269561K(349568K)] 287105K(506816K), 0.0000768 secs] [Times: user=0.00 sys=0.00, real=0.00 secs] 
2020-10-27T21:11:44.656+0800: 5.705: [CMS-concurrent-mark-start]
2020-10-27T21:11:44.657+0800: 5.706: [CMS-concurrent-mark: 0.001/0.001 secs] [Times: user=0.00 sys=0.00, real=0.00 secs] 
2020-10-27T21:11:44.657+0800: 5.706: [CMS-concurrent-preclean-start]
2020-10-27T21:11:44.657+0800: 5.706: [CMS-concurrent-preclean: 0.000/0.000 secs] [Times: user=0.00 sys=0.00, real=0.00 secs] 
2020-10-27T21:11:44.657+0800: 5.706: [CMS-concurrent-abortable-preclean-start]
2020-10-27T21:11:44.779+0800: 5.828: [GC (Allocation Failure) 2020-10-27T21:11:44.779+0800: 5.828: [ParNew: 157248K->17472K(157248K), 0.0085308 secs] 426809K->338502K(506816K), 0.0085853 secs] [Times: user=0.00 sys=0.00, real=0.01 secs] 
2020-10-27T21:11:44.787+0800: 5.836: [CMS-concurrent-abortable-preclean: 0.001/0.130 secs] [Times: user=0.00 sys=0.00, real=0.13 secs] 
2020-10-27T21:11:44.788+0800: 5.836: [GC (CMS Final Remark) [YG occupancy: 21138 K (157248 K)]2020-10-27T21:11:44.788+0800: 5.836: [Rescan (parallel) , 0.0003606 secs]2020-10-27T21:11:44.788+0800: 5.837: [weak refs processing, 0.0000097 secs]2020-10-27T21:11:44.788+0800: 5.837: [class unloading, 0.0001620 secs]2020-10-27T21:11:44.788+0800: 5.837: [scrub symbol table, 0.0002724 secs]2020-10-27T21:11:44.788+0800: 5.837: [scrub string table, 0.0000828 secs][1 CMS-remark: 321030K(349568K)] 342169K(506816K), 0.0009419 secs] [Times: user=0.00 sys=0.00, real=0.00 secs] 
2020-10-27T21:11:44.789+0800: 5.837: [CMS-concurrent-sweep-start]
2020-10-27T21:11:44.789+0800: 5.838: [CMS-concurrent-sweep: 0.001/0.001 secs] [Times: user=0.00 sys=0.00, real=0.00 secs] 
2020-10-27T21:11:44.789+0800: 5.838: [CMS-concurrent-reset-start]
2020-10-27T21:11:44.789+0800: 5.838: [CMS-concurrent-reset: 0.000/0.000 secs] [Times: user=0.00 sys=0.00, real=0.00 secs] 
2020-10-27T21:11:44.911+0800: 5.961: [GC (Allocation Failure) 2020-10-27T21:11:44.911+0800: 5.961: [ParNew: 157248K->17472K(157248K), 0.0070925 secs] 391559K->289571K(506816K), 0.0071485 secs] [Times: user=0.06 sys=0.00, real=0.01 secs] 
2020-10-27T21:11:44.919+0800: 5.968: [GC (CMS Initial Mark) [1 CMS-initial-mark: 272099K(349568K)] 292790K(506816K), 0.0002268 secs] [Times: user=0.00 sys=0.00, real=0.00 secs] 
2020-10-27T21:11:44.919+0800: 5.968: [CMS-concurrent-mark-start]
2020-10-27T21:11:44.920+0800: 5.970: [CMS-concurrent-mark: 0.001/0.001 secs] [Times: user=0.00 sys=0.00, real=0.00 secs] 
2020-10-27T21:11:44.920+0800: 5.970: [CMS-concurrent-preclean-start]
2020-10-27T21:11:44.921+0800: 5.970: [CMS-concurrent-preclean: 0.000/0.000 secs] [Times: user=0.00 sys=0.00, real=0.00 secs] 
2020-10-27T21:11:44.921+0800: 5.970: [CMS-concurrent-abortable-preclean-start]
2020-10-27T21:11:44.998+0800: 6.047: [GC (Allocation Failure) 2020-10-27T21:11:44.998+0800: 6.047: [ParNew: 157185K->17472K(157248K), 0.0073173 secs] 429285K->329953K(506816K), 0.0073793 secs] [Times: user=0.00 sys=0.00, real=0.01 secs] 
2020-10-27T21:11:45.107+0800: 6.156: [CMS-concurrent-abortable-preclean: 0.001/0.185 secs] [Times: user=0.00 sys=0.00, real=0.19 secs] 
2020-10-27T21:11:45.107+0800: 6.156: [GC (CMS Final Remark) [YG occupancy: 140265 K (157248 K)]2020-10-27T21:11:45.107+0800: 6.156: [Rescan (parallel) , 0.0012769 secs]2020-10-27T21:11:45.108+0800: 6.157: [weak refs processing, 0.0000453 secs]2020-10-27T21:11:45.108+0800: 6.157: [class unloading, 0.0005012 secs]2020-10-27T21:11:45.109+0800: 6.158: [scrub symbol table, 0.0009283 secs]2020-10-27T21:11:45.110+0800: 6.159: [scrub string table, 0.0003293 secs][1 CMS-remark: 312481K(349568K)] 452747K(506816K), 0.0033475 secs] [Times: user=0.00 sys=0.00, real=0.00 secs] 
2020-10-27T21:11:45.111+0800: 6.159: [CMS-concurrent-sweep-start]
2020-10-27T21:11:45.113+0800: 6.161: [CMS-concurrent-sweep: 0.002/0.002 secs] [Times: user=0.00 sys=0.00, real=0.00 secs] 
2020-10-27T21:11:45.113+0800: 6.162: [CMS-concurrent-reset-start]
2020-10-27T21:11:45.114+0800: 6.163: [CMS-concurrent-reset: 0.001/0.001 secs] [Times: user=0.00 sys=0.00, real=0.00 secs] 
2020-10-27T21:11:45.124+0800: 6.173: [GC (Allocation Failure) 2020-10-27T21:11:45.124+0800: 6.173: [ParNew: 156579K->17472K(157248K), 0.0141926 secs] 376966K->283213K(506816K), 0.0143167 secs] [Times: user=0.06 sys=0.00, real=0.01 secs] 
2020-10-27T21:11:45.139+0800: 6.188: [GC (CMS Initial Mark) [1 CMS-initial-mark: 265741K(349568K)] 283941K(506816K), 0.0002500 secs] [Times: user=0.00 sys=0.00, real=0.00 secs] 
2020-10-27T21:11:45.139+0800: 6.188: [CMS-concurrent-mark-start]
2020-10-27T21:11:45.142+0800: 6.191: [CMS-concurrent-mark: 0.002/0.002 secs] [Times: user=0.00 sys=0.00, real=0.00 secs] 
2020-10-27T21:11:45.142+0800: 6.191: [CMS-concurrent-preclean-start]
2020-10-27T21:11:45.142+0800: 6.191: [CMS-concurrent-preclean: 0.001/0.001 secs] [Times: user=0.00 sys=0.00, real=0.00 secs] 
2020-10-27T21:11:45.142+0800: 6.191: [CMS-concurrent-abortable-preclean-start]
2020-10-27T21:11:45.230+0800: 6.278: [GC (Allocation Failure) 2020-10-27T21:11:45.230+0800: 6.279: [ParNew: 156841K->17472K(157248K), 0.0078412 secs] 422583K->327487K(506816K), 0.0078957 secs] [Times: user=0.06 sys=0.00, real=0.01 secs] 
2020-10-27T21:11:45.315+0800: 6.364: [GC (Allocation Failure) 2020-10-27T21:11:45.315+0800: 6.364: [ParNew: 157248K->157248K(157248K), 0.0000152 secs]2020-10-27T21:11:45.315+0800: 6.364: [CMS2020-10-27T21:11:45.315+0800: 6.364: [CMS-concurrent-abortable-preclean: 0.001/0.173 secs] [Times: user=0.06 sys=0.00, real=0.17 secs] 
 (concurrent mode failure): 310015K->194570K(349568K), 0.0237314 secs] 467263K->194570K(506816K), [Metaspace: 2700K->2700K(1056768K)], 0.0238118 secs] [Times: user=0.02 sys=0.00, real=0.02 secs] 
2020-10-27T21:11:45.438+0800: 6.487: [GC (Allocation Failure) 2020-10-27T21:11:45.438+0800: 6.487: [ParNew: 139776K->17472K(157248K), 0.0059342 secs] 334346K->243466K(506816K), 0.0059876 secs] [Times: user=0.00 sys=0.00, real=0.01 secs] 
2020-10-27T21:11:45.538+0800: 6.587: [GC (Allocation Failure) 2020-10-27T21:11:45.538+0800: 6.587: [ParNew: 157248K->17472K(157248K), 0.0064184 secs] 383242K->281114K(506816K), 0.0064727 secs] [Times: user=0.06 sys=0.00, real=0.01 secs] 
2020-10-27T21:11:45.544+0800: 6.593: [GC (CMS Initial Mark) [1 CMS-initial-mark: 263642K(349568K)] 284041K(506816K), 0.0002703 secs] [Times: user=0.00 sys=0.00, real=0.00 secs] 
2020-10-27T21:11:45.545+0800: 6.594: [CMS-concurrent-mark-start]
2020-10-27T21:11:45.546+0800: 6.595: [CMS-concurrent-mark: 0.001/0.001 secs] [Times: user=0.00 sys=0.00, real=0.00 secs] 
2020-10-27T21:11:45.546+0800: 6.595: [CMS-concurrent-preclean-start]
2020-10-27T21:11:45.547+0800: 6.595: [CMS-concurrent-preclean: 0.000/0.000 secs] [Times: user=0.00 sys=0.00, real=0.00 secs] 
2020-10-27T21:11:45.547+0800: 6.595: [CMS-concurrent-abortable-preclean-start]
2020-10-27T21:11:45.655+0800: 6.704: [GC (Allocation Failure) 2020-10-27T21:11:45.655+0800: 6.704: [ParNew: 157248K->17472K(157248K), 0.0073217 secs] 420890K->327985K(506816K), 0.0073760 secs] [Times: user=0.00 sys=0.00, real=0.01 secs] 
2020-10-27T21:11:45.662+0800: 6.712: [CMS-concurrent-abortable-preclean: 0.001/0.116 secs] [Times: user=0.00 sys=0.00, real=0.12 secs] 
2020-10-27T21:11:45.662+0800: 6.712: [GC (CMS Final Remark) [YG occupancy: 20339 K (157248 K)]2020-10-27T21:11:45.662+0800: 6.712: [Rescan (parallel) , 0.0002434 secs]2020-10-27T21:11:45.663+0800: 6.712: [weak refs processing, 0.0000096 secs]2020-10-27T21:11:45.663+0800: 6.712: [class unloading, 0.0001613 secs]2020-10-27T21:11:45.663+0800: 6.712: [scrub symbol table, 0.0002660 secs]2020-10-27T21:11:45.663+0800: 6.713: [scrub string table, 0.0000800 secs][1 CMS-remark: 310513K(349568K)] 330853K(506816K), 0.0008124 secs] [Times: user=0.00 sys=0.00, real=0.00 secs] 
2020-10-27T21:11:45.663+0800: 6.713: [CMS-concurrent-sweep-start]
2020-10-27T21:11:45.664+0800: 6.713: [CMS-concurrent-sweep: 0.000/0.000 secs] [Times: user=0.00 sys=0.00, real=0.00 secs] 
2020-10-27T21:11:45.664+0800: 6.713: [CMS-concurrent-reset-start]
2020-10-27T21:11:45.664+0800: 6.713: [CMS-concurrent-reset: 0.000/0.000 secs] [Times: user=0.00 sys=0.00, real=0.00 secs] 
2020-10-27T21:11:45.742+0800: 6.791: [GC (Allocation Failure) 2020-10-27T21:11:45.742+0800: 6.791: [ParNew: 157248K->17472K(157248K), 0.0063819 secs] 379802K->271362K(506816K), 0.0064370 secs] [Times: user=0.06 sys=0.00, real=0.01 secs] 
2020-10-27T21:11:45.748+0800: 6.798: [GC (CMS Initial Mark) [1 CMS-initial-mark: 253890K(349568K)] 271500K(506816K), 0.0002031 secs] [Times: user=0.00 sys=0.00, real=0.00 secs] 
2020-10-27T21:11:45.749+0800: 6.798: [CMS-concurrent-mark-start]
2020-10-27T21:11:45.750+0800: 6.799: [CMS-concurrent-mark: 0.001/0.001 secs] [Times: user=0.00 sys=0.00, real=0.00 secs] 
2020-10-27T21:11:45.750+0800: 6.799: [CMS-concurrent-preclean-start]
2020-10-27T21:11:45.750+0800: 6.800: [CMS-concurrent-preclean: 0.000/0.000 secs] [Times: user=0.00 sys=0.00, real=0.00 secs] 
2020-10-27T21:11:45.750+0800: 6.800: [CMS-concurrent-abortable-preclean-start]
2020-10-27T21:11:45.838+0800: 6.887: [GC (Allocation Failure) 2020-10-27T21:11:45.838+0800: 6.887: [ParNew: 157248K->17472K(157248K), 0.0071899 secs] 411138K->315120K(506816K), 0.0072526 secs] [Times: user=0.05 sys=0.00, real=0.01 secs] 
2020-10-27T21:11:45.940+0800: 6.988: [GC (Allocation Failure) 2020-10-27T21:11:45.940+0800: 6.988: [ParNew: 157051K->157051K(157248K), 0.0000156 secs]2020-10-27T21:11:45.940+0800: 6.988: [CMS2020-10-27T21:11:45.940+0800: 6.988: [CMS-concurrent-abortable-preclean: 0.001/0.189 secs] [Times: user=0.08 sys=0.00, real=0.19 secs] 
 (concurrent mode failure): 297648K->192018K(349568K), 0.0239140 secs] 454699K->192018K(506816K), [Metaspace: 2700K->2700K(1056768K)], 0.0239927 secs] [Times: user=0.02 sys=0.00, real=0.02 secs] 
2020-10-27T21:11:46.057+0800: 7.107: [GC (Allocation Failure) 2020-10-27T21:11:46.057+0800: 7.107: [ParNew: 139330K->17472K(157248K), 0.0060655 secs] 331349K->240383K(506816K), 0.0061218 secs] [Times: user=0.06 sys=0.00, real=0.01 secs] 
2020-10-27T21:11:46.147+0800: 7.196: [GC (Allocation Failure) 2020-10-27T21:11:46.147+0800: 7.196: [ParNew: 157107K->17472K(157248K), 0.0071101 secs] 380019K->278222K(506816K), 0.0071653 secs] [Times: user=0.06 sys=0.00, real=0.01 secs] 
2020-10-27T21:11:46.154+0800: 7.203: [GC (CMS Initial Mark) [1 CMS-initial-mark: 260750K(349568K)] 282129K(506816K), 0.0002537 secs] [Times: user=0.00 sys=0.00, real=0.00 secs] 
2020-10-27T21:11:46.154+0800: 7.204: [CMS-concurrent-mark-start]
2020-10-27T21:11:46.156+0800: 7.205: [CMS-concurrent-mark: 0.001/0.001 secs] [Times: user=0.00 sys=0.00, real=0.00 secs] 
2020-10-27T21:11:46.156+0800: 7.205: [CMS-concurrent-preclean-start]
2020-10-27T21:11:46.156+0800: 7.205: [CMS-concurrent-preclean: 0.000/0.000 secs] [Times: user=0.00 sys=0.00, real=0.00 secs] 
2020-10-27T21:11:46.156+0800: 7.205: [CMS-concurrent-abortable-preclean-start]
2020-10-27T21:11:46.255+0800: 7.304: [GC (Allocation Failure) 2020-10-27T21:11:46.255+0800: 7.304: [ParNew2020-10-27T21:11:46.258+0800: 7.306: [CMS-concurrent-abortable-preclean: 0.000/0.101 secs] [Times: user=0.00 sys=0.00, real=0.10 secs] 
: 157248K->17472K(157248K), 0.0072498 secs] 417998K->319857K(506816K), 0.0073058 secs] [Times: user=0.06 sys=0.00, real=0.01 secs] 
2020-10-27T21:11:46.262+0800: 7.311: [GC (CMS Final Remark) [YG occupancy: 21352 K (157248 K)]2020-10-27T21:11:46.262+0800: 7.311: [Rescan (parallel) , 0.0003534 secs]2020-10-27T21:11:46.263+0800: 7.312: [weak refs processing, 0.0000099 secs]2020-10-27T21:11:46.263+0800: 7.312: [class unloading, 0.0002473 secs]2020-10-27T21:11:46.263+0800: 7.312: [scrub symbol table, 0.0002679 secs]2020-10-27T21:11:46.263+0800: 7.312: [scrub string table, 0.0000798 secs][1 CMS-remark: 302385K(349568K)] 323738K(506816K), 0.0010133 secs] [Times: user=0.00 sys=0.00, real=0.00 secs] 
2020-10-27T21:11:46.263+0800: 7.312: [CMS-concurrent-sweep-start]
2020-10-27T21:11:46.264+0800: 7.313: [CMS-concurrent-sweep: 0.000/0.000 secs] [Times: user=0.00 sys=0.00, real=0.00 secs] 
2020-10-27T21:11:46.264+0800: 7.313: [CMS-concurrent-reset-start]
2020-10-27T21:11:46.264+0800: 7.313: [CMS-concurrent-reset: 0.000/0.000 secs] [Times: user=0.00 sys=0.00, real=0.00 secs] 
2020-10-27T21:11:46.358+0800: 7.407: [GC (Allocation Failure) 2020-10-27T21:11:46.358+0800: 7.407: [ParNew: 157218K->17472K(157248K), 0.0068671 secs] 371598K->272310K(506816K), 0.0069240 secs] [Times: user=0.00 sys=0.00, real=0.01 secs] 
2020-10-27T21:11:46.365+0800: 7.415: [GC (CMS Initial Mark) [1 CMS-initial-mark: 254838K(349568K)] 275623K(506816K), 0.0002730 secs] [Times: user=0.00 sys=0.00, real=0.00 secs] 
2020-10-27T21:11:46.365+0800: 7.415: [CMS-concurrent-mark-start]
2020-10-27T21:11:46.367+0800: 7.416: [CMS-concurrent-mark: 0.001/0.001 secs] [Times: user=0.00 sys=0.00, real=0.00 secs] 
2020-10-27T21:11:46.367+0800: 7.416: [CMS-concurrent-preclean-start]
2020-10-27T21:11:46.367+0800: 7.417: [CMS-concurrent-preclean: 0.000/0.000 secs] [Times: user=0.00 sys=0.00, real=0.00 secs] 
2020-10-27T21:11:46.367+0800: 7.417: [CMS-concurrent-abortable-preclean-start]
2020-10-27T21:11:46.467+0800: 7.517: [GC (Allocation Failure) 2020-10-27T21:11:46.467+0800: 7.517: [ParNew2020-10-27T21:11:46.469+0800: 7.518: [CMS-concurrent-abortable-preclean: 0.000/0.101 secs] [Times: user=0.00 sys=0.00, real=0.10 secs] 
: 157248K->17472K(157248K), 0.0080797 secs] 412086K->323188K(506816K), 0.0081588 secs] [Times: user=0.00 sys=0.00, real=0.01 secs] 
2020-10-27T21:11:46.476+0800: 7.525: [GC (CMS Final Remark) [YG occupancy: 20499 K (157248 K)]2020-10-27T21:11:46.476+0800: 7.525: [Rescan (parallel) , 0.0003768 secs]2020-10-27T21:11:46.476+0800: 7.525: [weak refs processing, 0.0000094 secs]2020-10-27T21:11:46.476+0800: 7.525: [class unloading, 0.0001663 secs]2020-10-27T21:11:46.476+0800: 7.526: [scrub symbol table, 0.0002684 secs]2020-10-27T21:11:46.477+0800: 7.526: [scrub string table, 0.0000799 secs][1 CMS-remark: 305716K(349568K)] 326215K(506816K), 0.0009536 secs] [Times: user=0.00 sys=0.00, real=0.00 secs] 
2020-10-27T21:11:46.477+0800: 7.526: [CMS-concurrent-sweep-start]
2020-10-27T21:11:46.477+0800: 7.527: [CMS-concurrent-sweep: 0.001/0.001 secs] [Times: user=0.00 sys=0.00, real=0.00 secs] 
2020-10-27T21:11:46.477+0800: 7.527: [CMS-concurrent-reset-start]
2020-10-27T21:11:46.478+0800: 7.527: [CMS-concurrent-reset: 0.000/0.000 secs] [Times: user=0.00 sys=0.00, real=0.00 secs] 
2020-10-27T21:11:46.573+0800: 7.622: [GC (Allocation Failure) 2020-10-27T21:11:46.573+0800: 7.622: [ParNew: 157248K->17472K(157248K), 0.0071073 secs] 375311K->272526K(506816K), 0.0071609 secs] [Times: user=0.06 sys=0.00, real=0.01 secs] 
2020-10-27T21:11:46.580+0800: 7.629: [GC (CMS Initial Mark) [1 CMS-initial-mark: 255054K(349568K)] 275752K(506816K), 0.0002965 secs] [Times: user=0.00 sys=0.00, real=0.00 secs] 
2020-10-27T21:11:46.581+0800: 7.630: [CMS-concurrent-mark-start]
2020-10-27T21:11:46.582+0800: 7.631: [CMS-concurrent-mark: 0.001/0.001 secs] [Times: user=0.00 sys=0.00, real=0.00 secs] 
2020-10-27T21:11:46.582+0800: 7.631: [CMS-concurrent-preclean-start]
2020-10-27T21:11:46.582+0800: 7.631: [CMS-concurrent-preclean: 0.000/0.000 secs] [Times: user=0.00 sys=0.00, real=0.00 secs] 
2020-10-27T21:11:46.582+0800: 7.631: [CMS-concurrent-abortable-preclean-start]
2020-10-27T21:11:46.671+0800: 7.720: [GC (Allocation Failure) 2020-10-27T21:11:46.671+0800: 7.720: [ParNew: 157230K->17472K(157248K), 0.0069512 secs] 412285K->312679K(506816K), 0.0070053 secs] [Times: user=0.00 sys=0.00, real=0.01 secs] 
2020-10-27T21:11:46.781+0800: 7.830: [GC (Allocation Failure) 2020-10-27T21:11:46.781+0800: 7.830: [ParNew: 157051K->17472K(157248K), 0.0070516 secs] 452259K->351821K(506816K), 0.0071072 secs] [Times: user=0.00 sys=0.00, real=0.01 secs] 
2020-10-27T21:11:46.788+0800: 7.838: [CMS-concurrent-abortable-preclean: 0.002/0.206 secs] [Times: user=0.00 sys=0.00, real=0.21 secs] 
2020-10-27T21:11:46.788+0800: 7.838: [GC (CMS Final Remark) [YG occupancy: 20569 K (157248 K)]2020-10-27T21:11:46.788+0800: 7.838: [Rescan (parallel) , 0.0002909 secs]2020-10-27T21:11:46.789+0800: 7.838: [weak refs processing, 0.0000103 secs]2020-10-27T21:11:46.789+0800: 7.838: [class unloading, 0.0001704 secs]2020-10-27T21:11:46.789+0800: 7.838: [scrub symbol table, 0.0002677 secs]2020-10-27T21:11:46.789+0800: 7.838: [scrub string table, 0.0000811 secs][1 CMS-remark: 334349K(349568K)] 354919K(506816K), 0.0008739 secs] [Times: user=0.00 sys=0.00, real=0.00 secs] 
2020-10-27T21:11:46.789+0800: 7.839: [CMS-concurrent-sweep-start]
2020-10-27T21:11:46.790+0800: 7.839: [CMS-concurrent-sweep: 0.001/0.001 secs] [Times: user=0.00 sys=0.00, real=0.00 secs] 
2020-10-27T21:11:46.790+0800: 7.839: [CMS-concurrent-reset-start]
2020-10-27T21:11:46.790+0800: 7.840: [CMS-concurrent-reset: 0.000/0.000 secs] [Times: user=0.00 sys=0.00, real=0.00 secs] 
2020-10-27T21:11:46.902+0800: 7.951: [GC (Allocation Failure) 2020-10-27T21:11:46.902+0800: 7.951: [ParNew: 157248K->17472K(157248K), 0.0080422 secs] 405295K->310154K(506816K), 0.0081021 secs] [Times: user=0.00 sys=0.00, real=0.01 secs] 
2020-10-27T21:11:46.910+0800: 7.959: [GC (CMS Initial Mark) [1 CMS-initial-mark: 292682K(349568K)] 313953K(506816K), 0.0002438 secs] [Times: user=0.00 sys=0.00, real=0.00 secs] 
2020-10-27T21:11:46.910+0800: 7.960: [CMS-concurrent-mark-start]
2020-10-27T21:11:46.912+0800: 7.961: [CMS-concurrent-mark: 0.002/0.002 secs] [Times: user=0.00 sys=0.00, real=0.00 secs] 
2020-10-27T21:11:46.912+0800: 7.961: [CMS-concurrent-preclean-start]
2020-10-27T21:11:46.912+0800: 7.961: [CMS-concurrent-preclean: 0.000/0.000 secs] [Times: user=0.00 sys=0.00, real=0.00 secs] 
2020-10-27T21:11:46.912+0800: 7.961: [CMS-concurrent-abortable-preclean-start]
2020-10-27T21:11:47.023+0800: 8.072: [GC (Allocation Failure) 2020-10-27T21:11:47.023+0800: 8.072: [ParNew: 157248K->17472K(157248K), 0.0070559 secs] 449930K->348836K(506816K), 0.0071093 secs] [Times: user=0.06 sys=0.00, real=0.01 secs] 
2020-10-27T21:11:47.030+0800: 8.079: [CMS-concurrent-abortable-preclean: 0.001/0.118 secs] [Times: user=0.06 sys=0.00, real=0.12 secs] 
2020-10-27T21:11:47.030+0800: 8.079: [GC (CMS Final Remark) [YG occupancy: 20360 K (157248 K)]2020-10-27T21:11:47.030+0800: 8.079: [Rescan (parallel) , 0.0003521 secs]2020-10-27T21:11:47.031+0800: 8.080: [weak refs processing, 0.0000104 secs]2020-10-27T21:11:47.031+0800: 8.080: [class unloading, 0.0001917 secs]2020-10-27T21:11:47.031+0800: 8.080: [scrub symbol table, 0.0002753 secs]2020-10-27T21:11:47.031+0800: 8.080: [scrub string table, 0.0000815 secs][1 CMS-remark: 331364K(349568K)] 351725K(506816K), 0.0009656 secs] [Times: user=0.00 sys=0.00, real=0.00 secs] 
2020-10-27T21:11:47.031+0800: 8.080: [CMS-concurrent-sweep-start]
2020-10-27T21:11:47.032+0800: 8.081: [CMS-concurrent-sweep: 0.001/0.001 secs] [Times: user=0.00 sys=0.00, real=0.00 secs] 
2020-10-27T21:11:47.032+0800: 8.081: [CMS-concurrent-reset-start]
2020-10-27T21:11:47.032+0800: 8.081: [CMS-concurrent-reset: 0.000/0.000 secs] [Times: user=0.00 sys=0.00, real=0.00 secs] 
2020-10-27T21:11:47.128+0800: 8.177: [GC (Allocation Failure) 2020-10-27T21:11:47.128+0800: 8.177: [ParNew: 157119K->17472K(157248K), 0.0075614 secs] 372538K->277072K(506816K), 0.0076172 secs] [Times: user=0.00 sys=0.00, real=0.01 secs] 
2020-10-27T21:11:47.136+0800: 8.185: [GC (CMS Initial Mark) [1 CMS-initial-mark: 259600K(349568K)] 280249K(506816K), 0.0002572 secs] [Times: user=0.00 sys=0.00, real=0.00 secs] 
2020-10-27T21:11:47.136+0800: 8.185: [CMS-concurrent-mark-start]
2020-10-27T21:11:47.137+0800: 8.187: [CMS-concurrent-mark: 0.001/0.001 secs] [Times: user=0.02 sys=0.00, real=0.00 secs] 
2020-10-27T21:11:47.137+0800: 8.187: [CMS-concurrent-preclean-start]
2020-10-27T21:11:47.138+0800: 8.187: [CMS-concurrent-preclean: 0.000/0.000 secs] [Times: user=0.00 sys=0.00, real=0.00 secs] 
2020-10-27T21:11:47.138+0800: 8.187: [CMS-concurrent-abortable-preclean-start]
2020-10-27T21:11:47.225+0800: 8.274: [GC (Allocation Failure) 2020-10-27T21:11:47.225+0800: 8.274: [ParNew: 157248K->17472K(157248K), 0.0077911 secs] 416848K->321095K(506816K), 0.0078479 secs] [Times: user=0.06 sys=0.00, real=0.01 secs] 
2020-10-27T21:11:47.335+0800: 8.384: [CMS-concurrent-abortable-preclean: 0.001/0.196 secs] [Times: user=0.08 sys=0.00, real=0.20 secs] 
2020-10-27T21:11:47.335+0800: 8.384: [GC (CMS Final Remark) [YG occupancy: 144240 K (157248 K)]2020-10-27T21:11:47.335+0800: 8.384: [Rescan (parallel) , 0.0010499 secs]2020-10-27T21:11:47.336+0800: 8.385: [weak refs processing, 0.0000429 secs]2020-10-27T21:11:47.336+0800: 8.385: [class unloading, 0.0005791 secs]2020-10-27T21:11:47.337+0800: 8.386: [scrub symbol table, 0.0009771 secs]2020-10-27T21:11:47.338+0800: 8.387: [scrub string table, 0.0003207 secs][1 CMS-remark: 303623K(349568K)] 447863K(506816K), 0.0031957 secs] [Times: user=0.00 sys=0.00, real=0.00 secs] 
2020-10-27T21:11:47.338+0800: 8.387: [CMS-concurrent-sweep-start]
2020-10-27T21:11:47.340+0800: 8.389: [CMS-concurrent-sweep: 0.002/0.002 secs] [Times: user=0.01 sys=0.00, real=0.00 secs] 
2020-10-27T21:11:47.341+0800: 8.390: [CMS-concurrent-reset-start]
2020-10-27T21:11:47.342+0800: 8.391: [CMS-concurrent-reset: 0.001/0.001 secs] [Times: user=0.00 sys=0.00, real=0.00 secs] 
2020-10-27T21:11:47.350+0800: 8.399: [GC (Allocation Failure) 2020-10-27T21:11:47.350+0800: 8.399: [ParNew: 157248K->17472K(157248K), 0.0075861 secs] 375931K->283584K(506816K), 0.0076460 secs] [Times: user=0.06 sys=0.00, real=0.01 secs] 
2020-10-27T21:11:47.358+0800: 8.407: [GC (CMS Initial Mark) [1 CMS-initial-mark: 266112K(349568K)] 283951K(506816K), 0.0002582 secs] [Times: user=0.00 sys=0.00, real=0.00 secs] 
2020-10-27T21:11:47.358+0800: 8.407: [CMS-concurrent-mark-start]
2020-10-27T21:11:47.359+0800: 8.408: [CMS-concurrent-mark: 0.001/0.001 secs] [Times: user=0.00 sys=0.00, real=0.00 secs] 
2020-10-27T21:11:47.359+0800: 8.408: [CMS-concurrent-preclean-start]
2020-10-27T21:11:47.360+0800: 8.409: [CMS-concurrent-preclean: 0.000/0.000 secs] [Times: user=0.00 sys=0.00, real=0.00 secs] 
2020-10-27T21:11:47.360+0800: 8.409: [CMS-concurrent-abortable-preclean-start]
2020-10-27T21:11:47.467+0800: 8.516: [GC (Allocation Failure) 2020-10-27T21:11:47.467+0800: 8.516: [ParNew: 157050K->17472K(157248K), 0.0071033 secs] 423162K->326424K(506816K), 0.0071588 secs] [Times: user=0.00 sys=0.00, real=0.01 secs] 
2020-10-27T21:11:47.474+0800: 8.524: [CMS-concurrent-abortable-preclean: 0.001/0.115 secs] [Times: user=0.00 sys=0.00, real=0.11 secs] 
2020-10-27T21:11:47.474+0800: 8.524: [GC (CMS Final Remark) [YG occupancy: 20545 K (157248 K)]2020-10-27T21:11:47.474+0800: 8.524: [Rescan (parallel) , 0.0003213 secs]2020-10-27T21:11:47.474+0800: 8.524: [weak refs processing, 0.0000097 secs]2020-10-27T21:11:47.474+0800: 8.524: [class unloading, 0.0001715 secs]2020-10-27T21:11:47.475+0800: 8.524: [scrub symbol table, 0.0002673 secs]2020-10-27T21:11:47.475+0800: 8.525: [scrub string table, 0.0000805 secs][1 CMS-remark: 308952K(349568K)] 329498K(506816K), 0.0009014 secs] [Times: user=0.00 sys=0.00, real=0.00 secs] 
2020-10-27T21:11:47.475+0800: 8.525: [CMS-concurrent-sweep-start]
2020-10-27T21:11:47.476+0800: 8.525: [CMS-concurrent-sweep: 0.001/0.001 secs] [Times: user=0.00 sys=0.00, real=0.00 secs] 
2020-10-27T21:11:47.476+0800: 8.525: [CMS-concurrent-reset-start]
2020-10-27T21:11:47.476+0800: 8.526: [CMS-concurrent-reset: 0.000/0.000 secs] [Times: user=0.00 sys=0.00, real=0.00 secs] 
2020-10-27T21:11:47.549+0800: 8.598: [GC (Allocation Failure) 2020-10-27T21:11:47.549+0800: 8.598: [ParNew: 157248K->17472K(157248K), 0.0063544 secs] 381318K->276167K(506816K), 0.0064081 secs] [Times: user=0.00 sys=0.00, real=0.01 secs] 
2020-10-27T21:11:47.555+0800: 8.605: [GC (CMS Initial Mark) [1 CMS-initial-mark: 258695K(349568K)] 279116K(506816K), 0.0002129 secs] [Times: user=0.00 sys=0.00, real=0.00 secs] 
2020-10-27T21:11:47.556+0800: 8.605: [CMS-concurrent-mark-start]
2020-10-27T21:11:47.557+0800: 8.606: [CMS-concurrent-mark: 0.001/0.001 secs] [Times: user=0.00 sys=0.00, real=0.00 secs] 
2020-10-27T21:11:47.557+0800: 8.606: [CMS-concurrent-preclean-start]
2020-10-27T21:11:47.557+0800: 8.607: [CMS-concurrent-preclean: 0.000/0.000 secs] [Times: user=0.00 sys=0.00, real=0.00 secs] 
2020-10-27T21:11:47.557+0800: 8.607: [CMS-concurrent-abortable-preclean-start]
2020-10-27T21:11:47.637+0800: 8.686: [GC (Allocation Failure) 2020-10-27T21:11:47.637+0800: 8.686: [ParNew: 157248K->17472K(157248K), 0.0075841 secs] 415943K->318328K(506816K), 0.0076391 secs] [Times: user=0.00 sys=0.00, real=0.01 secs] 
2020-10-27T21:11:47.758+0800: 8.807: [GC (Allocation Failure) 2020-10-27T21:11:47.758+0800: 8.807: [ParNew: 157248K->17472K(157248K), 0.0065538 secs] 458104K->354443K(506816K), 0.0066125 secs] [Times: user=0.06 sys=0.00, real=0.01 secs] 
2020-10-27T21:11:47.764+0800: 8.813: [CMS-concurrent-abortable-preclean: 0.002/0.206 secs] [Times: user=0.06 sys=0.00, real=0.21 secs] 
2020-10-27T21:11:47.765+0800: 8.813: [GC (CMS Final Remark) [YG occupancy: 17484 K (157248 K)]2020-10-27T21:11:47.765+0800: 8.813: [Rescan (parallel) , 0.0003199 secs]2020-10-27T21:11:47.765+0800: 8.814: [weak refs processing, 0.0000098 secs]2020-10-27T21:11:47.765+0800: 8.814: [class unloading, 0.0001765 secs]2020-10-27T21:11:47.765+0800: 8.814: [scrub symbol table, 0.0002643 secs]2020-10-27T21:11:47.765+0800: 8.814: [scrub string table, 0.0000797 secs][1 CMS-remark: 336971K(349568K)] 354455K(506816K), 0.0009044 secs] [Times: user=0.00 sys=0.00, real=0.00 secs] 
2020-10-27T21:11:47.766+0800: 8.814: [CMS-concurrent-sweep-start]
2020-10-27T21:11:47.766+0800: 8.815: [CMS-concurrent-sweep: 0.001/0.001 secs] [Times: user=0.00 sys=0.00, real=0.00 secs] 
2020-10-27T21:11:47.766+0800: 8.815: [CMS-concurrent-reset-start]
2020-10-27T21:11:47.766+0800: 8.815: [CMS-concurrent-reset: 0.000/0.000 secs] [Times: user=0.00 sys=0.00, real=0.00 secs] 
2020-10-27T21:11:47.862+0800: 8.912: [GC (Allocation Failure) 2020-10-27T21:11:47.862+0800: 8.912: [ParNew: 157248K->17472K(157248K), 0.0069810 secs] 418994K->316544K(506816K), 0.0070371 secs] [Times: user=0.00 sys=0.00, real=0.01 secs] 
2020-10-27T21:11:47.870+0800: 8.919: [GC (CMS Initial Mark) [1 CMS-initial-mark: 299072K(349568K)] 320026K(506816K), 0.0002751 secs] [Times: user=0.00 sys=0.00, real=0.00 secs] 
2020-10-27T21:11:47.870+0800: 8.919: [CMS-concurrent-mark-start]
2020-10-27T21:11:47.871+0800: 8.921: [CMS-concurrent-mark: 0.001/0.001 secs] [Times: user=0.02 sys=0.00, real=0.00 secs] 
2020-10-27T21:11:47.871+0800: 8.921: [CMS-concurrent-preclean-start]
2020-10-27T21:11:47.872+0800: 8.921: [CMS-concurrent-preclean: 0.000/0.000 secs] [Times: user=0.00 sys=0.00, real=0.00 secs] 
2020-10-27T21:11:47.872+0800: 8.921: [CMS-concurrent-abortable-preclean-start]
2020-10-27T21:11:47.957+0800: 9.006: [GC (Allocation Failure) 2020-10-27T21:11:47.957+0800: 9.006: [ParNew: 156689K->17472K(157248K), 0.0073364 secs] 455761K->359711K(506816K), 0.0073911 secs] [Times: user=0.00 sys=0.00, real=0.01 secs] 
2020-10-27T21:11:47.964+0800: 9.013: [CMS-concurrent-abortable-preclean: 0.000/0.092 secs] [Times: user=0.00 sys=0.00, real=0.09 secs] 
2020-10-27T21:11:47.964+0800: 9.014: [GC (CMS Final Remark) [YG occupancy: 20848 K (157248 K)]2020-10-27T21:11:47.964+0800: 9.014: [Rescan (parallel) , 0.0003556 secs]2020-10-27T21:11:47.965+0800: 9.014: [weak refs processing, 0.0000104 secs]2020-10-27T21:11:47.965+0800: 9.014: [class unloading, 0.0001701 secs]2020-10-27T21:11:47.965+0800: 9.014: [scrub symbol table, 0.0002706 secs]2020-10-27T21:11:47.965+0800: 9.015: [scrub string table, 0.0000808 secs][1 CMS-remark: 342239K(349568K)] 363088K(506816K), 0.0009419 secs] [Times: user=0.06 sys=0.00, real=0.00 secs] 
2020-10-27T21:11:47.965+0800: 9.015: [CMS-concurrent-sweep-start]
2020-10-27T21:11:47.966+0800: 9.016: [CMS-concurrent-sweep: 0.001/0.001 secs] [Times: user=0.00 sys=0.00, real=0.00 secs] 
2020-10-27T21:11:47.966+0800: 9.016: [CMS-concurrent-reset-start]
2020-10-27T21:11:47.967+0800: 9.016: [CMS-concurrent-reset: 0.000/0.000 secs] [Times: user=0.00 sys=0.00, real=0.00 secs] 
2020-10-27T21:11:48.066+0800: 9.115: [GC (Allocation Failure) 2020-10-27T21:11:48.066+0800: 9.115: [ParNew: 157248K->17472K(157248K), 0.0070734 secs] 369619K->269667K(506816K), 0.0071289 secs] [Times: user=0.00 sys=0.00, real=0.01 secs] 
2020-10-27T21:11:48.074+0800: 9.123: [GC (CMS Initial Mark) [1 CMS-initial-mark: 252195K(349568K)] 273144K(506816K), 0.0002854 secs] [Times: user=0.00 sys=0.00, real=0.00 secs] 
2020-10-27T21:11:48.074+0800: 9.123: [CMS-concurrent-mark-start]
2020-10-27T21:11:48.075+0800: 9.124: [CMS-concurrent-mark: 0.001/0.001 secs] [Times: user=0.02 sys=0.00, real=0.00 secs] 
2020-10-27T21:11:48.075+0800: 9.124: [CMS-concurrent-preclean-start]
2020-10-27T21:11:48.076+0800: 9.125: [CMS-concurrent-preclean: 0.000/0.000 secs] [Times: user=0.00 sys=0.00, real=0.00 secs] 
2020-10-27T21:11:48.076+0800: 9.125: [CMS-concurrent-abortable-preclean-start]
2020-10-27T21:11:48.173+0800: 9.221: [GC (Allocation Failure) 2020-10-27T21:11:48.173+0800: 9.221: [ParNew2020-10-27T21:11:48.177+0800: 9.225: [CMS-concurrent-abortable-preclean: 0.000/0.101 secs] [Times: user=0.00 sys=0.00, real=0.10 secs] 
: 156605K->17472K(157248K), 0.0065349 secs] 408801K->305469K(506816K), 0.0065886 secs] [Times: user=0.00 sys=0.00, real=0.01 secs] 
2020-10-27T21:11:48.179+0800: 9.228: [GC (CMS Final Remark) [YG occupancy: 21014 K (157248 K)]2020-10-27T21:11:48.180+0800: 9.228: [Rescan (parallel) , 0.0004101 secs]2020-10-27T21:11:48.180+0800: 9.229: [weak refs processing, 0.0000099 secs]2020-10-27T21:11:48.180+0800: 9.229: [class unloading, 0.0001645 secs]2020-10-27T21:11:48.180+0800: 9.229: [scrub symbol table, 0.0002908 secs]2020-10-27T21:11:48.180+0800: 9.229: [scrub string table, 0.0000800 secs][1 CMS-remark: 287997K(349568K)] 309011K(506816K), 0.0010108 secs] [Times: user=0.00 sys=0.00, real=0.00 secs] 
2020-10-27T21:11:48.181+0800: 9.229: [CMS-concurrent-sweep-start]
2020-10-27T21:11:48.181+0800: 9.230: [CMS-concurrent-sweep: 0.001/0.001 secs] [Times: user=0.00 sys=0.00, real=0.00 secs] 
2020-10-27T21:11:48.181+0800: 9.230: [CMS-concurrent-reset-start]
2020-10-27T21:11:48.181+0800: 9.230: [CMS-concurrent-reset: 0.000/0.000 secs] [Times: user=0.00 sys=0.00, real=0.00 secs] 
2020-10-27T21:11:48.282+0800: 9.331: [GC (Allocation Failure) 2020-10-27T21:11:48.282+0800: 9.331: [ParNew: 157248K->17472K(157248K), 0.0070614 secs] 362911K->262311K(506816K), 0.0071146 secs] [Times: user=0.00 sys=0.00, real=0.01 secs] 
2020-10-27T21:11:48.289+0800: 9.339: [GC (CMS Initial Mark) [1 CMS-initial-mark: 244839K(349568K)] 265487K(506816K), 0.0002892 secs] [Times: user=0.00 sys=0.00, real=0.00 secs] 
2020-10-27T21:11:48.289+0800: 9.339: [CMS-concurrent-mark-start]
2020-10-27T21:11:48.291+0800: 9.340: [CMS-concurrent-mark: 0.001/0.001 secs] [Times: user=0.00 sys=0.00, real=0.00 secs] 
2020-10-27T21:11:48.291+0800: 9.340: [CMS-concurrent-preclean-start]
2020-10-27T21:11:48.291+0800: 9.341: [CMS-concurrent-preclean: 0.000/0.000 secs] [Times: user=0.00 sys=0.00, real=0.00 secs] 
2020-10-27T21:11:48.291+0800: 9.341: [CMS-concurrent-abortable-preclean-start]
2020-10-27T21:11:48.384+0800: 9.433: [GC (Allocation Failure) 2020-10-27T21:11:48.384+0800: 9.433: [ParNew2020-10-27T21:11:48.393+0800: 9.442: [CMS-concurrent-abortable-preclean: 0.000/0.101 secs] [Times: user=0.05 sys=0.00, real=0.10 secs] 
: 156979K->17472K(157248K), 0.0171885 secs] 401819K->304168K(506816K), 0.0173244 secs] [Times: user=0.05 sys=0.00, real=0.02 secs] 
2020-10-27T21:11:48.401+0800: 9.451: [GC (CMS Final Remark) [YG occupancy: 18231 K (157248 K)]2020-10-27T21:11:48.402+0800: 9.451: [Rescan (parallel) , 0.0004499 secs]2020-10-27T21:11:48.402+0800: 9.451: [weak refs processing, 0.0000216 secs]2020-10-27T21:11:48.402+0800: 9.451: [class unloading, 0.0002738 secs]2020-10-27T21:11:48.402+0800: 9.451: [scrub symbol table, 0.0004906 secs]2020-10-27T21:11:48.403+0800: 9.452: [scrub string table, 0.0001655 secs][1 CMS-remark: 286696K(349568K)] 304927K(506816K), 0.0015242 secs] [Times: user=0.02 sys=0.00, real=0.00 secs] 
2020-10-27T21:11:48.403+0800: 9.452: [CMS-concurrent-sweep-start]
2020-10-27T21:11:48.404+0800: 9.453: [CMS-concurrent-sweep: 0.001/0.001 secs] [Times: user=0.00 sys=0.00, real=0.00 secs] 
2020-10-27T21:11:48.404+0800: 9.453: [CMS-concurrent-reset-start]
2020-10-27T21:11:48.405+0800: 9.454: [CMS-concurrent-reset: 0.000/0.000 secs] [Times: user=0.00 sys=0.00, real=0.00 secs] 
2020-10-27T21:11:48.504+0800: 9.553: [GC (Allocation Failure) 2020-10-27T21:11:48.504+0800: 9.553: [ParNew: 157248K->17472K(157248K), 0.0068396 secs] 361123K->261837K(506816K), 0.0068918 secs] [Times: user=0.00 sys=0.00, real=0.01 secs] 
2020-10-27T21:11:48.511+0800: 9.560: [GC (CMS Initial Mark) [1 CMS-initial-mark: 244365K(349568K)] 264902K(506816K), 0.0002393 secs] [Times: user=0.00 sys=0.00, real=0.00 secs] 
2020-10-27T21:11:48.511+0800: 9.560: [CMS-concurrent-mark-start]
2020-10-27T21:11:48.513+0800: 9.562: [CMS-concurrent-mark: 0.001/0.001 secs] [Times: user=0.02 sys=0.00, real=0.00 secs] 
2020-10-27T21:11:48.513+0800: 9.562: [CMS-concurrent-preclean-start]
2020-10-27T21:11:48.513+0800: 9.562: [CMS-concurrent-preclean: 0.000/0.000 secs] [Times: user=0.00 sys=0.00, real=0.00 secs] 
2020-10-27T21:11:48.513+0800: 9.562: [CMS-concurrent-abortable-preclean-start]
2020-10-27T21:11:48.608+0800: 9.658: [GC (Allocation Failure) 2020-10-27T21:11:48.608+0800: 9.658: [ParNew2020-10-27T21:11:48.613+0800: 9.662: [CMS-concurrent-abortable-preclean: 0.000/0.100 secs] [Times: user=0.00 sys=0.00, real=0.10 secs] 
: 157248K->17472K(157248K), 0.0074639 secs] 401613K->305042K(506816K), 0.0075245 secs] [Times: user=0.00 sys=0.00, real=0.01 secs] 
2020-10-27T21:11:48.616+0800: 9.666: [GC (CMS Final Remark) [YG occupancy: 20993 K (157248 K)]2020-10-27T21:11:48.616+0800: 9.666: [Rescan (parallel) , 0.0003537 secs]2020-10-27T21:11:48.616+0800: 9.666: [weak refs processing, 0.0000096 secs]2020-10-27T21:11:48.616+0800: 9.666: [class unloading, 0.0001707 secs]2020-10-27T21:11:48.617+0800: 9.666: [scrub symbol table, 0.0002629 secs]2020-10-27T21:11:48.617+0800: 9.666: [scrub string table, 0.0000797 secs][1 CMS-remark: 287570K(349568K)] 308563K(506816K), 0.0009297 secs] [Times: user=0.00 sys=0.00, real=0.00 secs] 
2020-10-27T21:11:48.617+0800: 9.667: [CMS-concurrent-sweep-start]
2020-10-27T21:11:48.618+0800: 9.667: [CMS-concurrent-sweep: 0.001/0.001 secs] [Times: user=0.00 sys=0.00, real=0.00 secs] 
2020-10-27T21:11:48.618+0800: 9.667: [CMS-concurrent-reset-start]
2020-10-27T21:11:48.618+0800: 9.668: [CMS-concurrent-reset: 0.000/0.000 secs] [Times: user=0.00 sys=0.00, real=0.00 secs] 
2020-10-27T21:11:48.720+0800: 9.769: [GC (Allocation Failure) 2020-10-27T21:11:48.720+0800: 9.769: [ParNew: 157248K->17472K(157248K), 0.0071379 secs] 364978K->266529K(506816K), 0.0071909 secs] [Times: user=0.00 sys=0.00, real=0.01 secs] 
2020-10-27T21:11:48.727+0800: 9.777: [GC (CMS Initial Mark) [1 CMS-initial-mark: 249057K(349568K)] 269787K(506816K), 0.0001272 secs] [Times: user=0.00 sys=0.00, real=0.00 secs] 
2020-10-27T21:11:48.728+0800: 9.777: [CMS-concurrent-mark-start]
2020-10-27T21:11:48.729+0800: 9.778: [CMS-concurrent-mark: 0.001/0.001 secs] [Times: user=0.00 sys=0.00, real=0.00 secs] 
2020-10-27T21:11:48.729+0800: 9.778: [CMS-concurrent-preclean-start]
2020-10-27T21:11:48.729+0800: 9.779: [CMS-concurrent-preclean: 0.000/0.000 secs] [Times: user=0.00 sys=0.00, real=0.00 secs] 
2020-10-27T21:11:48.729+0800: 9.779: [CMS-concurrent-abortable-preclean-start]
2020-10-27T21:11:48.823+0800: 9.872: [GC (Allocation Failure) 2020-10-27T21:11:48.823+0800: 9.872: [ParNew2020-10-27T21:11:48.831+0800: 9.880: [CMS-concurrent-abortable-preclean: 0.000/0.101 secs] [Times: user=0.06 sys=0.00, real=0.10 secs] 
: 157248K->17472K(157248K), 0.0074170 secs] 406305K->310993K(506816K), 0.0074662 secs] [Times: user=0.05 sys=0.00, real=0.01 secs] 
2020-10-27T21:11:48.831+0800: 9.880: [GC (CMS Final Remark) [YG occupancy: 17616 K (157248 K)]2020-10-27T21:11:48.831+0800: 9.880: [Rescan (parallel) , 0.0002648 secs]2020-10-27T21:11:48.831+0800: 9.880: [weak refs processing, 0.0000100 secs]2020-10-27T21:11:48.831+0800: 9.880: [class unloading, 0.0001752 secs]2020-10-27T21:11:48.831+0800: 9.880: [scrub symbol table, 0.0002633 secs]2020-10-27T21:11:48.831+0800: 9.880: [scrub string table, 0.0000912 secs][1 CMS-remark: 293521K(349568K)] 311137K(506816K), 0.0008595 secs] [Times: user=0.00 sys=0.00, real=0.00 secs] 
2020-10-27T21:11:48.832+0800: 9.881: [CMS-concurrent-sweep-start]
2020-10-27T21:11:48.832+0800: 9.881: [CMS-concurrent-sweep: 0.001/0.001 secs] [Times: user=0.00 sys=0.00, real=0.00 secs] 
2020-10-27T21:11:48.832+0800: 9.881: [CMS-concurrent-reset-start]
2020-10-27T21:11:48.832+0800: 9.881: [CMS-concurrent-reset: 0.000/0.000 secs] [Times: user=0.00 sys=0.00, real=0.00 secs] 
2020-10-27T21:11:48.925+0800: 9.974: [GC (Allocation Failure) 2020-10-27T21:11:48.925+0800: 9.974: [ParNew: 157219K->17472K(157248K), 0.0078211 secs] 366808K->271378K(506816K), 0.0078761 secs] [Times: user=0.00 sys=0.00, real=0.01 secs] 
2020-10-27T21:11:48.933+0800: 9.982: [GC (CMS Initial Mark) [1 CMS-initial-mark: 253906K(349568K)] 274306K(506816K), 0.0002795 secs] [Times: user=0.00 sys=0.00, real=0.00 secs] 
2020-10-27T21:11:48.933+0800: 9.982: [CMS-concurrent-mark-start]
2020-10-27T21:11:48.935+0800: 9.983: [CMS-concurrent-mark: 0.001/0.001 secs] [Times: user=0.02 sys=0.00, real=0.00 secs] 
2020-10-27T21:11:48.935+0800: 9.983: [CMS-concurrent-preclean-start]
2020-10-27T21:11:48.935+0800: 9.984: [CMS-concurrent-preclean: 0.000/0.000 secs] [Times: user=0.00 sys=0.00, real=0.00 secs] 
2020-10-27T21:11:48.935+0800: 9.984: [CMS-concurrent-abortable-preclean-start]
2020-10-27T21:11:49.018+0800: 10.068: [GC (Allocation Failure) 2020-10-27T21:11:49.018+0800: 10.068: [ParNew: 157248K->17472K(157248K), 0.0069555 secs] 411154K->313746K(506816K), 0.0070170 secs] [Times: user=0.00 sys=0.00, real=0.01 secs] 
Heap
 par new generation   total 157248K, used 51526K [0x00000000e0000000, 0x00000000eaaa0000, 0x00000000eaaa0000)
  eden space 139776K,  24% used [0x00000000e0000000, 0x00000000e21418d8, 0x00000000e8880000)
  from space 17472K, 100% used [0x00000000e8880000, 0x00000000e9990000, 0x00000000e9990000)
  to   space 17472K,   0% used [0x00000000e9990000, 0x00000000e9990000, 0x00000000eaaa0000)
 concurrent mark-sweep generation total 349568K, used 296274K [0x00000000eaaa0000, 0x0000000100000000, 0x0000000100000000)
 Metaspace       used 2707K, capacity 4486K, committed 4864K, reserved 1056768K
  class space    used 291K, capacity 386K, committed 512K, reserved 1048576K
