Java HotSpot(TM) 64-Bit Server VM (25.211-b12) for windows-amd64 JRE (1.8.0_211-b12), built on Apr  1 2019 20:53:26 by "java_re" with MS VC++ 10.0 (VS2010)
Memory: 4k page, physical 16640612k(9234424k free), swap 16640612k(7468340k free)
CommandLine flags: -XX:InitialHeapSize=4294967296 -XX:MaxHeapSize=4294967296 -XX:MaxNewSize=348966912 -XX:MaxTenuringThreshold=6 -XX:NewSize=348966912 -XX:OldPLABSize=16 -XX:OldSize=697933824 -XX:+PrintGC -XX:+PrintGCDateStamps -XX:+PrintGCDetails -XX:+PrintGCTimeStamps -XX:+UseCompressedClassPointers -XX:+UseCompressedOops -XX:+UseConcMarkSweepGC -XX:-UseLargePagesIndividualAllocation -XX:+UseParNewGC 
2020-10-27T21:13:42.787+0800: 0.387: [GC (Allocation Failure) 2020-10-27T21:13:42.787+0800: 0.388: [ParNew: 272640K->34047K(306688K), 0.0188393 secs] 272640K->75981K(4160256K), 0.0190051 secs] [Times: user=0.06 sys=0.00, real=0.02 secs] 
2020-10-27T21:13:43.010+0800: 0.611: [GC (Allocation Failure) 2020-10-27T21:13:43.010+0800: 0.611: [ParNew: 306687K->34048K(306688K), 0.0238517 secs] 348621K->142388K(4160256K), 0.0239115 secs] [Times: user=0.08 sys=0.05, real=0.02 secs] 
2020-10-27T21:13:43.258+0800: 0.859: [GC (Allocation Failure) 2020-10-27T21:13:43.258+0800: 0.859: [ParNew: 306688K->34048K(306688K), 0.0372024 secs] 415028K->209539K(4160256K), 0.0372615 secs] [Times: user=0.19 sys=0.00, real=0.04 secs] 
2020-10-27T21:13:43.460+0800: 1.060: [GC (Allocation Failure) 2020-10-27T21:13:43.460+0800: 1.060: [ParNew: 306688K->34048K(306688K), 0.0308981 secs] 482179K->262618K(4160256K), 0.0309543 secs] [Times: user=0.09 sys=0.03, real=0.03 secs] 
2020-10-27T21:13:43.693+0800: 1.294: [GC (Allocation Failure) 2020-10-27T21:13:43.694+0800: 1.294: [ParNew: 306688K->34048K(306688K), 0.0481228 secs] 535258K->327274K(4160256K), 0.0482488 secs] [Times: user=0.14 sys=0.02, real=0.05 secs] 
2020-10-27T21:13:43.958+0800: 1.559: [GC (Allocation Failure) 2020-10-27T21:13:43.958+0800: 1.559: [ParNew: 306688K->34048K(306688K), 0.0331814 secs] 599914K->387531K(4160256K), 0.0332396 secs] [Times: user=0.11 sys=0.02, real=0.03 secs] 
2020-10-27T21:13:44.194+0800: 1.794: [GC (Allocation Failure) 2020-10-27T21:13:44.194+0800: 1.794: [ParNew: 306688K->34048K(306688K), 0.0373255 secs] 660171K->455477K(4160256K), 0.0373830 secs] [Times: user=0.16 sys=0.03, real=0.04 secs] 
2020-10-27T21:13:44.417+0800: 2.018: [GC (Allocation Failure) 2020-10-27T21:13:44.417+0800: 2.018: [ParNew: 306688K->34048K(306688K), 0.0377616 secs] 728117K->525605K(4160256K), 0.0378185 secs] [Times: user=0.13 sys=0.06, real=0.04 secs] 
2020-10-27T21:13:44.646+0800: 2.246: [GC (Allocation Failure) 2020-10-27T21:13:44.646+0800: 2.246: [ParNew: 306688K->34048K(306688K), 0.0348472 secs] 798245K->592005K(4160256K), 0.0349039 secs] [Times: user=0.09 sys=0.03, real=0.03 secs] 
2020-10-27T21:13:44.881+0800: 2.481: [GC (Allocation Failure) 2020-10-27T21:13:44.881+0800: 2.481: [ParNew: 306486K->34048K(306688K), 0.0393554 secs] 864443K->667048K(4160256K), 0.0394110 secs] [Times: user=0.17 sys=0.02, real=0.04 secs] 
2020-10-27T21:13:45.112+0800: 2.713: [GC (Allocation Failure) 2020-10-27T21:13:45.112+0800: 2.713: [ParNew: 306688K->34048K(306688K), 0.0389019 secs] 939688K->734526K(4160256K), 0.0389584 secs] [Times: user=0.09 sys=0.01, real=0.04 secs] 
2020-10-27T21:13:45.341+0800: 2.941: [GC (Allocation Failure) 2020-10-27T21:13:45.341+0800: 2.941: [ParNew: 306688K->34048K(306688K), 0.0289914 secs] 1007166K->787854K(4160256K), 0.0290533 secs] [Times: user=0.05 sys=0.02, real=0.03 secs] 
2020-10-27T21:13:45.549+0800: 3.149: [GC (Allocation Failure) 2020-10-27T21:13:45.549+0800: 3.149: [ParNew: 306688K->34048K(306688K), 0.0380252 secs] 1060494K->861870K(4160256K), 0.0380807 secs] [Times: user=0.09 sys=0.03, real=0.04 secs] 
2020-10-27T21:13:45.748+0800: 3.348: [GC (Allocation Failure) 2020-10-27T21:13:45.748+0800: 3.348: [ParNew: 306688K->34048K(306688K), 0.0393339 secs] 1134510K->934817K(4160256K), 0.0393890 secs] [Times: user=0.08 sys=0.05, real=0.04 secs] 
2020-10-27T21:13:46.014+0800: 3.614: [GC (Allocation Failure) 2020-10-27T21:13:46.014+0800: 3.614: [ParNew: 306495K->34048K(306688K), 0.0398989 secs] 1207265K->1009271K(4160256K), 0.0399561 secs] [Times: user=0.08 sys=0.03, real=0.04 secs] 
2020-10-27T21:13:46.268+0800: 3.869: [GC (Allocation Failure) 2020-10-27T21:13:46.268+0800: 3.869: [ParNew: 306688K->34048K(306688K), 0.0381182 secs] 1281911K->1081865K(4160256K), 0.0381796 secs] [Times: user=0.09 sys=0.03, real=0.04 secs] 
2020-10-27T21:13:46.537+0800: 4.137: [GC (Allocation Failure) 2020-10-27T21:13:46.537+0800: 4.137: [ParNew: 306688K->34048K(306688K), 0.0417650 secs] 1354505K->1158480K(4160256K), 0.0418195 secs] [Times: user=0.14 sys=0.02, real=0.04 secs] 
2020-10-27T21:13:46.752+0800: 4.353: [GC (Allocation Failure) 2020-10-27T21:13:46.752+0800: 4.353: [ParNew: 306688K->34048K(306688K), 0.0346988 secs] 1431120K->1223021K(4160256K), 0.0347594 secs] [Times: user=0.11 sys=0.02, real=0.03 secs] 
2020-10-27T21:13:46.968+0800: 4.569: [GC (Allocation Failure) 2020-10-27T21:13:46.968+0800: 4.569: [ParNew: 306688K->34048K(306688K), 0.0349509 secs] 1495661K->1291117K(4160256K), 0.0350116 secs] [Times: user=0.08 sys=0.03, real=0.04 secs] 
2020-10-27T21:13:47.188+0800: 4.788: [GC (Allocation Failure) 2020-10-27T21:13:47.188+0800: 4.788: [ParNew: 306688K->34048K(306688K), 0.0335340 secs] 1563757K->1352817K(4160256K), 0.0335895 secs] [Times: user=0.09 sys=0.03, real=0.03 secs] 
2020-10-27T21:13:47.384+0800: 4.985: [GC (Allocation Failure) 2020-10-27T21:13:47.384+0800: 4.985: [ParNew: 306684K->34048K(306688K), 0.0613505 secs] 1625453K->1421961K(4160256K), 0.0614602 secs] [Times: user=0.22 sys=0.03, real=0.06 secs] 
2020-10-27T21:13:47.632+0800: 5.233: [GC (Allocation Failure) 2020-10-27T21:13:47.632+0800: 5.233: [ParNew: 306688K->34048K(306688K), 0.0309240 secs] 1694601K->1482866K(4160256K), 0.0309849 secs] [Times: user=0.06 sys=0.05, real=0.03 secs] 
2020-10-27T21:13:47.827+0800: 5.427: [GC (Allocation Failure) 2020-10-27T21:13:47.827+0800: 5.427: [ParNew: 306688K->34048K(306688K), 0.0312652 secs] 1755506K->1545765K(4160256K), 0.0313228 secs] [Times: user=0.11 sys=0.02, real=0.03 secs] 
2020-10-27T21:13:48.058+0800: 5.659: [GC (Allocation Failure) 2020-10-27T21:13:48.058+0800: 5.659: [ParNew: 306688K->34048K(306688K), 0.0361934 secs] 1818405K->1612742K(4160256K), 0.0362526 secs] [Times: user=0.13 sys=0.00, real=0.04 secs] 
2020-10-27T21:13:48.274+0800: 5.874: [GC (Allocation Failure) 2020-10-27T21:13:48.274+0800: 5.874: [ParNew: 306476K->34048K(306688K), 0.0397353 secs] 1885170K->1683183K(4160256K), 0.0398049 secs] [Times: user=0.14 sys=0.02, real=0.04 secs] 
2020-10-27T21:13:48.496+0800: 6.097: [GC (Allocation Failure) 2020-10-27T21:13:48.496+0800: 6.097: [ParNew: 306688K->34048K(306688K), 0.0348980 secs] 1955823K->1747041K(4160256K), 0.0349558 secs] [Times: user=0.11 sys=0.01, real=0.03 secs] 
2020-10-27T21:13:48.736+0800: 6.336: [GC (Allocation Failure) 2020-10-27T21:13:48.736+0800: 6.336: [ParNew: 306688K->34048K(306688K), 0.0364035 secs] 2019681K->1818026K(4160256K), 0.0364537 secs] [Times: user=0.13 sys=0.00, real=0.03 secs] 
2020-10-27T21:13:48.966+0800: 6.567: [GC (Allocation Failure) 2020-10-27T21:13:48.966+0800: 6.567: [ParNew: 306688K->34048K(306688K), 0.0351954 secs] 2090666K->1883179K(4160256K), 0.0352528 secs] [Times: user=0.09 sys=0.03, real=0.03 secs] 
2020-10-27T21:13:49.196+0800: 6.797: [GC (Allocation Failure) 2020-10-27T21:13:49.196+0800: 6.797: [ParNew: 306666K->34048K(306688K), 0.0341301 secs] 2155797K->1948402K(4160256K), 0.0341865 secs] [Times: user=0.19 sys=0.00, real=0.03 secs] 
2020-10-27T21:13:49.434+0800: 7.034: [GC (Allocation Failure) 2020-10-27T21:13:49.434+0800: 7.034: [ParNew: 306688K->34048K(306688K), 0.0309626 secs] 2221042K->2011758K(4160256K), 0.0310179 secs] [Times: user=0.09 sys=0.02, real=0.03 secs] 
2020-10-27T21:13:49.465+0800: 7.065: [GC (CMS Initial Mark) [1 CMS-initial-mark: 1977710K(3853568K)] 2017840K(4160256K), 0.0002873 secs] [Times: user=0.00 sys=0.00, real=0.00 secs] 
2020-10-27T21:13:49.465+0800: 7.066: [CMS-concurrent-mark-start]
2020-10-27T21:13:49.493+0800: 7.093: [CMS-concurrent-mark: 0.028/0.028 secs] [Times: user=0.02 sys=0.00, real=0.03 secs] 
2020-10-27T21:13:49.493+0800: 7.093: [CMS-concurrent-preclean-start]
2020-10-27T21:13:49.497+0800: 7.097: [CMS-concurrent-preclean: 0.003/0.003 secs] [Times: user=0.02 sys=0.00, real=0.00 secs] 
2020-10-27T21:13:49.497+0800: 7.097: [CMS-concurrent-abortable-preclean-start]
2020-10-27T21:13:49.656+0800: 7.256: [GC (Allocation Failure) 2020-10-27T21:13:49.656+0800: 7.257: [ParNew: 306688K->34048K(306688K), 0.0325218 secs] 2284398K->2078945K(4160256K), 0.0325821 secs] [Times: user=0.09 sys=0.03, real=0.03 secs] 
2020-10-27T21:13:49.688+0800: 7.289: [CMS-concurrent-abortable-preclean: 0.006/0.192 secs] [Times: user=0.09 sys=0.03, real=0.19 secs] 
2020-10-27T21:13:49.689+0800: 7.289: [GC (CMS Final Remark) [YG occupancy: 34336 K (306688 K)]2020-10-27T21:13:49.689+0800: 7.289: [Rescan (parallel) , 0.0013552 secs]2020-10-27T21:13:49.690+0800: 7.291: [weak refs processing, 0.0000113 secs]2020-10-27T21:13:49.690+0800: 7.291: [class unloading, 0.0003101 secs]2020-10-27T21:13:49.690+0800: 7.291: [scrub symbol table, 0.0003147 secs]2020-10-27T21:13:49.691+0800: 7.291: [scrub string table, 0.0000811 secs][1 CMS-remark: 2044897K(3853568K)] 2079233K(4160256K), 0.0021399 secs] [Times: user=0.00 sys=0.00, real=0.00 secs] 
2020-10-27T21:13:49.691+0800: 7.291: [CMS-concurrent-sweep-start]
2020-10-27T21:13:49.693+0800: 7.293: [CMS-concurrent-sweep: 0.002/0.002 secs] [Times: user=0.00 sys=0.00, real=0.00 secs] 
2020-10-27T21:13:49.693+0800: 7.293: [CMS-concurrent-reset-start]
2020-10-27T21:13:49.695+0800: 7.296: [CMS-concurrent-reset: 0.002/0.002 secs] [Times: user=0.00 sys=0.00, real=0.00 secs] 
2020-10-27T21:13:49.874+0800: 7.474: [GC (Allocation Failure) 2020-10-27T21:13:49.874+0800: 7.474: [ParNew: 306688K->34048K(306688K), 0.0177881 secs] 528907K->328010K(4160256K), 0.0178443 secs] [Times: user=0.06 sys=0.00, real=0.02 secs] 
2020-10-27T21:13:50.080+0800: 7.680: [GC (Allocation Failure) 2020-10-27T21:13:50.080+0800: 7.680: [ParNew: 306688K->34048K(306688K), 0.0179228 secs] 600650K->397831K(4160256K), 0.0179844 secs] [Times: user=0.05 sys=0.00, real=0.02 secs] 
2020-10-27T21:13:50.319+0800: 7.920: [GC (Allocation Failure) 2020-10-27T21:13:50.319+0800: 7.920: [ParNew: 306688K->34048K(306688K), 0.0169750 secs] 670471K->470244K(4160256K), 0.0170309 secs] [Times: user=0.06 sys=0.00, real=0.02 secs] 
2020-10-27T21:13:50.500+0800: 8.101: [GC (Allocation Failure) 2020-10-27T21:13:50.500+0800: 8.101: [ParNew: 306688K->34048K(306688K), 0.0170483 secs] 742884K->540256K(4160256K), 0.0171110 secs] [Times: user=0.05 sys=0.00, real=0.02 secs] 
2020-10-27T21:13:50.711+0800: 8.312: [GC (Allocation Failure) 2020-10-27T21:13:50.711+0800: 8.312: [ParNew: 306688K->34048K(306688K), 0.0168692 secs] 812896K->602406K(4160256K), 0.0169247 secs] [Times: user=0.06 sys=0.00, real=0.02 secs] 
2020-10-27T21:13:50.923+0800: 8.523: [GC (Allocation Failure) 2020-10-27T21:13:50.923+0800: 8.523: [ParNew: 306616K->34048K(306688K), 0.0184519 secs] 874974K->674213K(4160256K), 0.0185157 secs] [Times: user=0.05 sys=0.00, real=0.02 secs] 
2020-10-27T21:13:51.115+0800: 8.716: [GC (Allocation Failure) 2020-10-27T21:13:51.115+0800: 8.716: [ParNew: 306688K->34048K(306688K), 0.0165637 secs] 946853K->740081K(4160256K), 0.0166202 secs] [Times: user=0.05 sys=0.00, real=0.02 secs] 
2020-10-27T21:13:51.331+0800: 8.931: [GC (Allocation Failure) 2020-10-27T21:13:51.331+0800: 8.931: [ParNew: 306688K->34048K(306688K), 0.0164095 secs] 1012721K->808145K(4160256K), 0.0164659 secs] [Times: user=0.06 sys=0.00, real=0.02 secs] 
2020-10-27T21:13:51.514+0800: 9.114: [GC (Allocation Failure) 2020-10-27T21:13:51.514+0800: 9.114: [ParNew: 306688K->34048K(306688K), 0.0183154 secs] 1080785K->880211K(4160256K), 0.0183900 secs] [Times: user=0.06 sys=0.00, real=0.02 secs] 
2020-10-27T21:13:51.723+0800: 9.323: [GC (Allocation Failure) 2020-10-27T21:13:51.723+0800: 9.323: [ParNew: 306688K->34048K(306688K), 0.0164443 secs] 1152851K->942591K(4160256K), 0.0165004 secs] [Times: user=0.06 sys=0.00, real=0.02 secs] 
2020-10-27T21:13:51.916+0800: 9.516: [GC (Allocation Failure) 2020-10-27T21:13:51.916+0800: 9.517: [ParNew: 306591K->34048K(306688K), 0.0177403 secs] 1215135K->1018978K(4160256K), 0.0178011 secs] [Times: user=0.11 sys=0.02, real=0.02 secs] 
2020-10-27T21:13:52.123+0800: 9.723: [GC (Allocation Failure) 2020-10-27T21:13:52.123+0800: 9.723: [ParNew: 306036K->34048K(306688K), 0.0176461 secs] 1290967K->1089613K(4160256K), 0.0177023 secs] [Times: user=0.06 sys=0.00, real=0.02 secs] 
2020-10-27T21:13:52.352+0800: 9.953: [GC (Allocation Failure) 2020-10-27T21:13:52.352+0800: 9.953: [ParNew: 306688K->34048K(306688K), 0.0165563 secs] 1362253K->1149045K(4160256K), 0.0166136 secs] [Times: user=0.06 sys=0.00, real=0.02 secs] 
Heap
 par new generation   total 306688K, used 275655K [0x00000006c0000000, 0x00000006d4cc0000, 0x00000006d4cc0000)
  eden space 272640K,  88% used [0x00000006c0000000, 0x00000006cebf1c98, 0x00000006d0a40000)
  from space 34048K, 100% used [0x00000006d0a40000, 0x00000006d2b80000, 0x00000006d2b80000)
  to   space 34048K,   0% used [0x00000006d2b80000, 0x00000006d2b80000, 0x00000006d4cc0000)
 concurrent mark-sweep generation total 3853568K, used 1114997K [0x00000006d4cc0000, 0x00000007c0000000, 0x00000007c0000000)
 Metaspace       used 2707K, capacity 4486K, committed 4864K, reserved 1056768K
  class space    used 291K, capacity 386K, committed 512K, reserved 1048576K
