Java HotSpot(TM) 64-Bit Server VM (25.211-b12) for windows-amd64 JRE (1.8.0_211-b12), built on Apr  1 2019 20:53:26 by "java_re" with MS VC++ 10.0 (VS2010)
Memory: 4k page, physical 16640612k(9216036k free), swap 16640612k(7444848k free)
CommandLine flags: -XX:InitialHeapSize=1073741824 -XX:MaxHeapSize=1073741824 -XX:+PrintGC -XX:+PrintGCDateStamps -XX:+PrintGCDetails -XX:+PrintGCTimeStamps -XX:+UseCompressedClassPointers -XX:+UseCompressedOops -XX:-UseLargePagesIndividualAllocation -XX:+UseSerialGC 
2020-10-27T21:11:59.734+0800: 0.360: [GC (Allocation Failure) 2020-10-27T21:11:59.734+0800: 0.360: [DefNew: 279616K->34944K(314560K), 0.0339210 secs] 279616K->77230K(1013632K), 0.0340732 secs] [Times: user=0.03 sys=0.00, real=0.03 secs] 
2020-10-27T21:11:59.971+0800: 0.597: [GC (Allocation Failure) 2020-10-27T21:11:59.971+0800: 0.597: [DefNew: 314560K->34943K(314560K), 0.0428029 secs] 356846K->143206K(1013632K), 0.0428558 secs] [Times: user=0.02 sys=0.03, real=0.04 secs] 
2020-10-27T21:12:00.241+0800: 0.867: [GC (Allocation Failure) 2020-10-27T21:12:00.241+0800: 0.867: [DefNew: 314559K->34943K(314560K), 0.0314358 secs] 422822K->207542K(1013632K), 0.0314858 secs] [Times: user=0.03 sys=0.00, real=0.03 secs] 
2020-10-27T21:12:00.492+0800: 1.118: [GC (Allocation Failure) 2020-10-27T21:12:00.492+0800: 1.118: [DefNew: 314559K->34944K(314560K), 0.0279577 secs] 487158K->264041K(1013632K), 0.0280064 secs] [Times: user=0.02 sys=0.02, real=0.03 secs] 
2020-10-27T21:12:00.689+0800: 1.315: [GC (Allocation Failure) 2020-10-27T21:12:00.689+0800: 1.315: [DefNew: 314560K->34943K(314560K), 0.0315433 secs] 543657K->329165K(1013632K), 0.0315964 secs] [Times: user=0.02 sys=0.02, real=0.03 secs] 
2020-10-27T21:12:00.932+0800: 1.559: [GC (Allocation Failure) 2020-10-27T21:12:00.932+0800: 1.559: [DefNew: 314559K->34943K(314560K), 0.0316661 secs] 608781K->394641K(1013632K), 0.0317220 secs] [Times: user=0.03 sys=0.00, real=0.03 secs] 
2020-10-27T21:12:01.165+0800: 1.791: [GC (Allocation Failure) 2020-10-27T21:12:01.165+0800: 1.791: [DefNew: 314559K->34943K(314560K), 0.0305667 secs] 674257K->458012K(1013632K), 0.0306253 secs] [Times: user=0.00 sys=0.03, real=0.03 secs] 
2020-10-27T21:12:01.385+0800: 2.012: [GC (Allocation Failure) 2020-10-27T21:12:01.385+0800: 2.012: [DefNew: 314559K->34943K(314560K), 0.0284909 secs] 737628K->516823K(1013632K), 0.0285474 secs] [Times: user=0.02 sys=0.01, real=0.03 secs] 
2020-10-27T21:12:01.636+0800: 2.262: [GC (Allocation Failure) 2020-10-27T21:12:01.636+0800: 2.262: [DefNew: 314559K->34942K(314560K), 0.0320457 secs] 796439K->583572K(1013632K), 0.0320971 secs] [Times: user=0.01 sys=0.02, real=0.03 secs] 
2020-10-27T21:12:01.841+0800: 2.467: [GC (Allocation Failure) 2020-10-27T21:12:01.841+0800: 2.467: [DefNew: 314558K->34942K(314560K), 0.0313878 secs] 863188K->649104K(1013632K), 0.0314395 secs] [Times: user=0.02 sys=0.02, real=0.03 secs] 
2020-10-27T21:12:02.080+0800: 2.706: [GC (Allocation Failure) 2020-10-27T21:12:02.080+0800: 2.706: [DefNew: 314558K->34944K(314560K), 0.0304556 secs] 928720K->709611K(1013632K), 0.0305068 secs] [Times: user=0.03 sys=0.00, real=0.03 secs] 
2020-10-27T21:12:02.296+0800: 2.922: [GC (Allocation Failure) 2020-10-27T21:12:02.296+0800: 2.922: [DefNew: 314560K->314560K(314560K), 0.0000137 secs]2020-10-27T21:12:02.296+0800: 2.922: [Tenured: 674667K->231199K(699072K), 0.0252661 secs] 989227K->231199K(1013632K), [Metaspace: 2700K->2700K(1056768K)], 0.0253465 secs] [Times: user=0.02 sys=0.00, real=0.03 secs] 
2020-10-27T21:12:02.502+0800: 3.128: [GC (Allocation Failure) 2020-10-27T21:12:02.502+0800: 3.128: [DefNew: 279616K->34943K(314560K), 0.0089153 secs] 510815K->306969K(1013632K), 0.0089677 secs] [Times: user=0.00 sys=0.00, real=0.01 secs] 
2020-10-27T21:12:02.740+0800: 3.365: [GC (Allocation Failure) 2020-10-27T21:12:02.740+0800: 3.366: [DefNew: 314559K->34943K(314560K), 0.0108908 secs] 586585K->360833K(1013632K), 0.0109440 secs] [Times: user=0.01 sys=0.00, real=0.01 secs] 
2020-10-27T21:12:02.901+0800: 3.528: [GC (Allocation Failure) 2020-10-27T21:12:02.901+0800: 3.528: [DefNew: 314559K->34943K(314560K), 0.0111018 secs] 640449K->418218K(1013632K), 0.0111584 secs] [Times: user=0.02 sys=0.00, real=0.01 secs] 
2020-10-27T21:12:03.117+0800: 3.743: [GC (Allocation Failure) 2020-10-27T21:12:03.117+0800: 3.743: [DefNew: 314559K->34944K(314560K), 0.0122187 secs] 697834K->483484K(1013632K), 0.0122735 secs] [Times: user=0.01 sys=0.00, real=0.01 secs] 
2020-10-27T21:12:03.319+0800: 3.945: [GC (Allocation Failure) 2020-10-27T21:12:03.319+0800: 3.945: [DefNew: 314560K->34943K(314560K), 0.0117957 secs] 763100K->542127K(1013632K), 0.0118528 secs] [Times: user=0.02 sys=0.00, real=0.01 secs] 
2020-10-27T21:12:03.552+0800: 4.178: [GC (Allocation Failure) 2020-10-27T21:12:03.552+0800: 4.178: [DefNew: 314559K->34943K(314560K), 0.0121370 secs] 821743K->606195K(1013632K), 0.0121849 secs] [Times: user=0.02 sys=0.00, real=0.01 secs] 
2020-10-27T21:12:03.752+0800: 4.378: [GC (Allocation Failure) 2020-10-27T21:12:03.752+0800: 4.378: [DefNew: 314559K->34942K(314560K), 0.0114954 secs] 885811K->661687K(1013632K), 0.0115513 secs] [Times: user=0.01 sys=0.00, real=0.01 secs] 
2020-10-27T21:12:03.944+0800: 4.570: [GC (Allocation Failure) 2020-10-27T21:12:03.944+0800: 4.571: [DefNew: 314558K->34942K(314560K), 0.0165340 secs] 941303K->724806K(1013632K), 0.0165892 secs] [Times: user=0.01 sys=0.00, real=0.02 secs] 
2020-10-27T21:12:04.180+0800: 4.806: [GC (Allocation Failure) 2020-10-27T21:12:04.180+0800: 4.806: [DefNew: 314558K->314558K(314560K), 0.0000143 secs]2020-10-27T21:12:04.180+0800: 4.806: [Tenured: 689863K->214257K(699072K), 0.0232361 secs] 1004422K->214257K(1013632K), [Metaspace: 2700K->2700K(1056768K)], 0.0233149 secs] [Times: user=0.03 sys=0.00, real=0.02 secs] 
2020-10-27T21:12:04.398+0800: 5.024: [GC (Allocation Failure) 2020-10-27T21:12:04.398+0800: 5.024: [DefNew: 279616K->34943K(314560K), 0.0098739 secs] 493873K->290612K(1013632K), 0.0099364 secs] [Times: user=0.02 sys=0.00, real=0.01 secs] 
2020-10-27T21:12:04.589+0800: 5.215: [GC (Allocation Failure) 2020-10-27T21:12:04.589+0800: 5.215: [DefNew: 314559K->34943K(314560K), 0.0122600 secs] 570228K->354811K(1013632K), 0.0123125 secs] [Times: user=0.02 sys=0.00, real=0.01 secs] 
2020-10-27T21:12:04.809+0800: 5.435: [GC (Allocation Failure) 2020-10-27T21:12:04.809+0800: 5.435: [DefNew: 314559K->34942K(314560K), 0.0121370 secs] 634427K->421368K(1013632K), 0.0121912 secs] [Times: user=0.00 sys=0.00, real=0.01 secs] 
2020-10-27T21:12:05.024+0800: 5.649: [GC (Allocation Failure) 2020-10-27T21:12:05.024+0800: 5.649: [DefNew: 314558K->34943K(314560K), 0.0120389 secs] 700984K->484898K(1013632K), 0.0120909 secs] [Times: user=0.02 sys=0.00, real=0.01 secs] 
2020-10-27T21:12:05.212+0800: 5.838: [GC (Allocation Failure) 2020-10-27T21:12:05.212+0800: 5.838: [DefNew: 314559K->34943K(314560K), 0.0111814 secs] 764514K->543031K(1013632K), 0.0112362 secs] [Times: user=0.01 sys=0.00, real=0.01 secs] 
2020-10-27T21:12:05.415+0800: 6.042: [GC (Allocation Failure) 2020-10-27T21:12:05.415+0800: 6.042: [DefNew: 314559K->34943K(314560K), 0.0119651 secs] 822647K->604989K(1013632K), 0.0120204 secs] [Times: user=0.02 sys=0.00, real=0.01 secs] 
2020-10-27T21:12:05.615+0800: 6.241: [GC (Allocation Failure) 2020-10-27T21:12:05.615+0800: 6.241: [DefNew: 314559K->34944K(314560K), 0.0117500 secs] 884605K->664709K(1013632K), 0.0118044 secs] [Times: user=0.02 sys=0.00, real=0.01 secs] 
2020-10-27T21:12:05.819+0800: 6.445: [GC (Allocation Failure) 2020-10-27T21:12:05.819+0800: 6.445: [DefNew: 314560K->314560K(314560K), 0.0000128 secs]2020-10-27T21:12:05.819+0800: 6.445: [Tenured: 629765K->227317K(699072K), 0.0241168 secs] 944325K->227317K(1013632K), [Metaspace: 2700K->2700K(1056768K)], 0.0241923 secs] [Times: user=0.03 sys=0.00, real=0.02 secs] 
2020-10-27T21:12:06.048+0800: 6.674: [GC (Allocation Failure) 2020-10-27T21:12:06.048+0800: 6.674: [DefNew: 279616K->34943K(314560K), 0.0092907 secs] 506933K->294104K(1013632K), 0.0093472 secs] [Times: user=0.00 sys=0.00, real=0.01 secs] 
2020-10-27T21:12:06.285+0800: 6.911: [GC (Allocation Failure) 2020-10-27T21:12:06.285+0800: 6.911: [DefNew: 314559K->34942K(314560K), 0.0119964 secs] 573720K->359322K(1013632K), 0.0120585 secs] [Times: user=0.02 sys=0.00, real=0.01 secs] 
2020-10-27T21:12:06.503+0800: 7.129: [GC (Allocation Failure) 2020-10-27T21:12:06.503+0800: 7.129: [DefNew: 314558K->34943K(314560K), 0.0124426 secs] 638938K->428936K(1013632K), 0.0124969 secs] [Times: user=0.01 sys=0.00, real=0.01 secs] 
2020-10-27T21:12:06.729+0800: 7.355: [GC (Allocation Failure) 2020-10-27T21:12:06.729+0800: 7.355: [DefNew: 314559K->34942K(314560K), 0.0113101 secs] 708552K->487800K(1013632K), 0.0113680 secs] [Times: user=0.02 sys=0.00, real=0.01 secs] 
2020-10-27T21:12:06.923+0800: 7.549: [GC (Allocation Failure) 2020-10-27T21:12:06.923+0800: 7.549: [DefNew: 314558K->34943K(314560K), 0.0118825 secs] 767416K->550290K(1013632K), 0.0119356 secs] [Times: user=0.02 sys=0.00, real=0.01 secs] 
2020-10-27T21:12:07.133+0800: 7.759: [GC (Allocation Failure) 2020-10-27T21:12:07.133+0800: 7.759: [DefNew: 314417K->34942K(314560K), 0.0125923 secs] 829764K->616004K(1013632K), 0.0126464 secs] [Times: user=0.02 sys=0.00, real=0.01 secs] 
2020-10-27T21:12:07.339+0800: 7.965: [GC (Allocation Failure) 2020-10-27T21:12:07.339+0800: 7.965: [DefNew: 314558K->34943K(314560K), 0.0116488 secs] 895620K->669207K(1013632K), 0.0117061 secs] [Times: user=0.02 sys=0.00, real=0.01 secs] 
2020-10-27T21:12:07.556+0800: 8.182: [GC (Allocation Failure) 2020-10-27T21:12:07.556+0800: 8.182: [DefNew: 314559K->314559K(314560K), 0.0000131 secs]2020-10-27T21:12:07.556+0800: 8.182: [Tenured: 634263K->187500K(699072K), 0.0241864 secs] 948823K->187500K(1013632K), [Metaspace: 2700K->2700K(1056768K)], 0.0242636 secs] [Times: user=0.03 sys=0.00, real=0.03 secs] 
2020-10-27T21:12:07.780+0800: 8.407: [GC (Allocation Failure) 2020-10-27T21:12:07.780+0800: 8.407: [DefNew: 279616K->34943K(314560K), 0.0097884 secs] 467116K->269005K(1013632K), 0.0098412 secs] [Times: user=0.00 sys=0.00, real=0.01 secs] 
2020-10-27T21:12:07.987+0800: 8.613: [GC (Allocation Failure) 2020-10-27T21:12:07.987+0800: 8.613: [DefNew: 314559K->34942K(314560K), 0.0117303 secs] 548621K->332770K(1013632K), 0.0117840 secs] [Times: user=0.02 sys=0.00, real=0.01 secs] 
2020-10-27T21:12:08.181+0800: 8.808: [GC (Allocation Failure) 2020-10-27T21:12:08.182+0800: 8.808: [DefNew: 314558K->34943K(314560K), 0.0215692 secs] 612386K->398906K(1013632K), 0.0216782 secs] [Times: user=0.03 sys=0.00, real=0.02 secs] 
2020-10-27T21:12:08.406+0800: 9.031: [GC (Allocation Failure) 2020-10-27T21:12:08.406+0800: 9.031: [DefNew: 314559K->34943K(314560K), 0.0109789 secs] 678522K->453714K(1013632K), 0.0110363 secs] [Times: user=0.00 sys=0.00, real=0.01 secs] 
2020-10-27T21:12:08.600+0800: 9.226: [GC (Allocation Failure) 2020-10-27T21:12:08.600+0800: 9.226: [DefNew: 314559K->34941K(314560K), 0.0121568 secs] 733330K->516087K(1013632K), 0.0122120 secs] [Times: user=0.02 sys=0.00, real=0.01 secs] 
2020-10-27T21:12:08.794+0800: 9.420: [GC (Allocation Failure) 2020-10-27T21:12:08.794+0800: 9.420: [DefNew: 314557K->34943K(314560K), 0.0123254 secs] 795703K->584915K(1013632K), 0.0123796 secs] [Times: user=0.00 sys=0.00, real=0.01 secs] 
2020-10-27T21:12:08.996+0800: 9.622: [GC (Allocation Failure) 2020-10-27T21:12:08.996+0800: 9.622: [DefNew: 314536K->34943K(314560K), 0.0123026 secs] 864508K->650380K(1013632K), 0.0123597 secs] [Times: user=0.00 sys=0.00, real=0.01 secs] 
2020-10-27T21:12:09.190+0800: 9.817: [GC (Allocation Failure) 2020-10-27T21:12:09.190+0800: 9.817: [DefNew: 314559K->34940K(314560K), 0.0133275 secs] 929996K->724580K(1013632K), 0.0133822 secs] [Times: user=0.02 sys=0.00, real=0.01 secs] 
2020-10-27T21:12:09.403+0800: 10.029: [GC (Allocation Failure) 2020-10-27T21:12:09.403+0800: 10.029: [DefNew: 314556K->314556K(314560K), 0.0000137 secs]2020-10-27T21:12:09.403+0800: 10.029: [Tenured: 689640K->219537K(699072K), 0.0263647 secs] 1004196K->219537K(1013632K), [Metaspace: 2700K->2700K(1056768K)], 0.0264482 secs] [Times: user=0.02 sys=0.00, real=0.03 secs] 
Heap
 def new generation   total 314560K, used 67006K [0x00000000c0000000, 0x00000000d5550000, 0x00000000d5550000)
  eden space 279616K,  23% used [0x00000000c0000000, 0x00000000c416f9e8, 0x00000000d1110000)
  from space 34944K,   0% used [0x00000000d3330000, 0x00000000d3330000, 0x00000000d5550000)
  to   space 34944K,   0% used [0x00000000d1110000, 0x00000000d1110000, 0x00000000d3330000)
 tenured generation   total 699072K, used 219537K [0x00000000d5550000, 0x0000000100000000, 0x0000000100000000)
   the space 699072K,  31% used [0x00000000d5550000, 0x00000000e2bb4460, 0x00000000e2bb4600, 0x0000000100000000)
 Metaspace       used 2707K, capacity 4486K, committed 4864K, reserved 1056768K
  class space    used 291K, capacity 386K, committed 512K, reserved 1048576K
