Java HotSpot(TM) 64-Bit Server VM (25.211-b12) for windows-amd64 JRE (1.8.0_211-b12), built on Apr  1 2019 20:53:26 by "java_re" with MS VC++ 10.0 (VS2010)
Memory: 4k page, physical 16640612k(9231292k free), swap 16640612k(7466060k free)
CommandLine flags: -XX:InitialHeapSize=4294967296 -XX:MaxHeapSize=4294967296 -XX:+PrintGC -XX:+PrintGCDateStamps -XX:+PrintGCDetails -XX:+PrintGCTimeStamps -XX:+UseCompressedClassPointers -XX:+UseCompressedOops -XX:-UseLargePagesIndividualAllocation -XX:+UseSerialGC 
2020-10-27T21:13:22.955+0800: 1.247: [GC (Allocation Failure) 2020-10-27T21:13:22.955+0800: 1.247: [DefNew: 1118528K->139776K(1258304K), 0.0711353 secs] 1118528K->171046K(4054528K), 0.0712964 secs] [Times: user=0.05 sys=0.03, real=0.07 secs] 
2020-10-27T21:13:23.867+0800: 2.158: [GC (Allocation Failure) 2020-10-27T21:13:23.867+0800: 2.158: [DefNew: 1258304K->139775K(1258304K), 0.0767713 secs] 1289574K->216282K(4054528K), 0.0768249 secs] [Times: user=0.03 sys=0.05, real=0.08 secs] 
2020-10-27T21:13:24.670+0800: 2.960: [GC (Allocation Failure) 2020-10-27T21:13:24.670+0800: 2.960: [DefNew: 1258303K->139775K(1258304K), 0.0335947 secs] 1334810K->256600K(4054528K), 0.0336502 secs] [Times: user=0.00 sys=0.03, real=0.03 secs] 
2020-10-27T21:13:25.461+0800: 3.751: [GC (Allocation Failure) 2020-10-27T21:13:25.461+0800: 3.751: [DefNew: 1258303K->139775K(1258304K), 0.0384449 secs] 1375128K->309626K(4054528K), 0.0385017 secs] [Times: user=0.05 sys=0.00, real=0.04 secs] 
2020-10-27T21:13:26.344+0800: 4.635: [GC (Allocation Failure) 2020-10-27T21:13:26.344+0800: 4.635: [DefNew: 1258303K->139775K(1258304K), 0.0329773 secs] 1428154K->349614K(4054528K), 0.0330300 secs] [Times: user=0.00 sys=0.03, real=0.03 secs] 
2020-10-27T21:13:27.131+0800: 5.422: [GC (Allocation Failure) 2020-10-27T21:13:27.131+0800: 5.422: [DefNew: 1258303K->139775K(1258304K), 0.0359609 secs] 1468142K->397046K(4054528K), 0.0360206 secs] [Times: user=0.03 sys=0.00, real=0.04 secs] 
2020-10-27T21:13:27.915+0800: 6.206: [GC (Allocation Failure) 2020-10-27T21:13:27.915+0800: 6.206: [DefNew: 1258303K->139775K(1258304K), 0.0342280 secs] 1515574K->438995K(4054528K), 0.0342819 secs] [Times: user=0.03 sys=0.02, real=0.03 secs] 
2020-10-27T21:13:28.715+0800: 7.006: [GC (Allocation Failure) 2020-10-27T21:13:28.715+0800: 7.006: [DefNew: 1258303K->139775K(1258304K), 0.0340834 secs] 1557523K->479377K(4054528K), 0.0341408 secs] [Times: user=0.02 sys=0.02, real=0.03 secs] 
2020-10-27T21:13:29.546+0800: 7.836: [GC (Allocation Failure) 2020-10-27T21:13:29.546+0800: 7.836: [DefNew: 1258303K->139773K(1258304K), 0.0389373 secs] 1597905K->533679K(4054528K), 0.0389898 secs] [Times: user=0.00 sys=0.03, real=0.04 secs] 
2020-10-27T21:13:30.358+0800: 8.649: [GC (Allocation Failure) 2020-10-27T21:13:30.358+0800: 8.649: [DefNew: 1258301K->139775K(1258304K), 0.0331031 secs] 1652207K->572114K(4054528K), 0.0331617 secs] [Times: user=0.03 sys=0.00, real=0.03 secs] 
2020-10-27T21:13:31.111+0800: 9.402: [GC (Allocation Failure) 2020-10-27T21:13:31.111+0800: 9.402: [DefNew: 1258303K->139775K(1258304K), 0.0324260 secs] 1690642K->610412K(4054528K), 0.0324809 secs] [Times: user=0.02 sys=0.02, real=0.03 secs] 
Heap
 def new generation   total 1258304K, used 1258303K [0x00000006c0000000, 0x0000000715550000, 0x0000000715550000)
  eden space 1118528K, 100% used [0x00000006c0000000, 0x0000000704450000, 0x0000000704450000)
  from space 139776K,  99% used [0x000000070ccd0000, 0x000000071554ff88, 0x0000000715550000)
  to   space 139776K,   0% used [0x0000000704450000, 0x0000000704450000, 0x000000070ccd0000)
 tenured generation   total 2796224K, used 470636K [0x0000000715550000, 0x00000007c0000000, 0x00000007c0000000)
   the space 2796224K,  16% used [0x0000000715550000, 0x00000007320eb1c8, 0x00000007320eb200, 0x00000007c0000000)
 Metaspace       used 2707K, capacity 4486K, committed 4864K, reserved 1056768K
  class space    used 291K, capacity 386K, committed 512K, reserved 1048576K
