Java HotSpot(TM) 64-Bit Server VM (25.211-b12) for windows-amd64 JRE (1.8.0_211-b12), built on Apr  1 2019 20:53:26 by "java_re" with MS VC++ 10.0 (VS2010)
Memory: 4k page, physical 16640612k(9254368k free), swap 16640612k(7484720k free)
CommandLine flags: -XX:InitialHeapSize=1073741824 -XX:MaxGCPauseMillis=10 -XX:MaxHeapSize=1073741824 -XX:+PrintGC -XX:+PrintGCDateStamps -XX:+PrintGCTimeStamps -XX:+UseCompressedClassPointers -XX:+UseCompressedOops -XX:+UseG1GC -XX:-UseLargePagesIndividualAllocation 
2020-10-27T21:12:30.308+0800: 0.191: [GC pause (G1 Evacuation Pause) (young) 63M->21M(1024M), 0.0033539 secs]
2020-10-27T21:12:30.369+0800: 0.251: [GC pause (G1 Evacuation Pause) (young) 79M->43M(1024M), 0.0037656 secs]
2020-10-27T21:12:30.412+0800: 0.294: [GC pause (G1 Evacuation Pause) (young) 95M->58M(1024M), 0.0032286 secs]
2020-10-27T21:12:30.456+0800: 0.339: [GC pause (G1 Evacuation Pause) (young) 111M->71M(1024M), 0.0033806 secs]
2020-10-27T21:12:30.490+0800: 0.373: [GC pause (G1 Evacuation Pause) (young) 128M->86M(1024M), 0.0030861 secs]
2020-10-27T21:12:30.541+0800: 0.423: [GC pause (G1 Evacuation Pause) (young) 141M->107M(1024M), 0.0036251 secs]
2020-10-27T21:12:30.583+0800: 0.465: [GC pause (G1 Evacuation Pause) (young) 164M->121M(1024M), 0.0028339 secs]
2020-10-27T21:12:30.623+0800: 0.505: [GC pause (G1 Evacuation Pause) (young) 175M->137M(1024M), 0.0033447 secs]
2020-10-27T21:12:30.669+0800: 0.551: [GC pause (G1 Evacuation Pause) (young) 197M->160M(1024M), 0.0037322 secs]
2020-10-27T21:12:30.701+0800: 0.584: [GC pause (G1 Evacuation Pause) (young) 215M->175M(1024M), 0.0033512 secs]
2020-10-27T21:12:30.739+0800: 0.621: [GC pause (G1 Evacuation Pause) (young) 230M->193M(1024M), 0.0031193 secs]
2020-10-27T21:12:30.774+0800: 0.656: [GC pause (G1 Evacuation Pause) (young) 244M->205M(1024M), 0.0033026 secs]
2020-10-27T21:12:30.814+0800: 0.696: [GC pause (G1 Evacuation Pause) (young) 261M->219M(1024M), 0.0037796 secs]
2020-10-27T21:12:30.854+0800: 0.737: [GC pause (G1 Evacuation Pause) (young) 277M->235M(1024M), 0.0034841 secs]
2020-10-27T21:12:30.911+0800: 0.794: [GC pause (G1 Evacuation Pause) (young) 294M->245M(1024M), 0.0036368 secs]
2020-10-27T21:12:30.945+0800: 0.828: [GC pause (G1 Evacuation Pause) (young) 307M->257M(1024M), 0.0027512 secs]
2020-10-27T21:12:30.978+0800: 0.861: [GC pause (G1 Evacuation Pause) (young) 312M->270M(1024M), 0.0055667 secs]
2020-10-27T21:12:31.017+0800: 0.900: [GC pause (G1 Evacuation Pause) (young) 322M->287M(1024M), 0.0031113 secs]
2020-10-27T21:12:31.061+0800: 0.943: [GC pause (G1 Evacuation Pause) (young) 339M->297M(1024M), 0.0034657 secs]
2020-10-27T21:12:31.094+0800: 0.977: [GC pause (G1 Evacuation Pause) (young) 356M->310M(1024M), 0.0037175 secs]
2020-10-27T21:12:31.130+0800: 1.012: [GC pause (G1 Evacuation Pause) (young) 362M->319M(1024M), 0.0031244 secs]
2020-10-27T21:12:31.177+0800: 1.059: [GC pause (G1 Evacuation Pause) (young) 381M->334M(1024M), 0.0035291 secs]
2020-10-27T21:12:31.221+0800: 1.104: [GC pause (G1 Evacuation Pause) (young) 388M->348M(1024M), 0.0038120 secs]
2020-10-27T21:12:31.254+0800: 1.137: [GC pause (G1 Evacuation Pause) (young) 406M->364M(1024M), 0.0035554 secs]
2020-10-27T21:12:31.307+0800: 1.190: [GC pause (G1 Evacuation Pause) (young) 419M->379M(1024M), 0.0039928 secs]
2020-10-27T21:12:31.356+0800: 1.239: [GC pause (G1 Evacuation Pause) (young) 435M->392M(1024M), 0.0036757 secs]
2020-10-27T21:12:31.400+0800: 1.282: [GC pause (G1 Evacuation Pause) (young) 445M->401M(1024M), 0.0035594 secs]
2020-10-27T21:12:31.450+0800: 1.332: [GC pause (G1 Evacuation Pause) (young) 461M->413M(1024M), 0.0039619 secs]
2020-10-27T21:12:31.486+0800: 1.369: [GC pause (G1 Evacuation Pause) (young) 468M->425M(1024M), 0.0032920 secs]
2020-10-27T21:12:31.535+0800: 1.417: [GC pause (G1 Evacuation Pause) (young) 479M->439M(1024M), 0.0043436 secs]
2020-10-27T21:12:31.553+0800: 1.435: [GC pause (G1 Humongous Allocation) (young) (initial-mark) 452M->444M(1024M), 0.0019860 secs]
2020-10-27T21:12:31.555+0800: 1.437: [GC concurrent-root-region-scan-start]
2020-10-27T21:12:31.555+0800: 1.437: [GC concurrent-root-region-scan-end, 0.0000675 secs]
2020-10-27T21:12:31.555+0800: 1.437: [GC concurrent-mark-start]
2020-10-27T21:12:31.558+0800: 1.440: [GC concurrent-mark-end, 0.0029876 secs]
2020-10-27T21:12:31.558+0800: 1.440: [GC remark, 0.0011629 secs]
2020-10-27T21:12:31.559+0800: 1.441: [GC cleanup 453M->354M(1024M), 0.0003940 secs]
2020-10-27T21:12:31.560+0800: 1.442: [GC concurrent-cleanup-start]
2020-10-27T21:12:31.560+0800: 1.442: [GC concurrent-cleanup-end, 0.0000471 secs]
2020-10-27T21:12:31.634+0800: 1.517: [GC pause (G1 Evacuation Pause) (young) 451M->371M(1024M), 0.0047418 secs]
2020-10-27T21:12:31.687+0800: 1.570: [GC pause (G1 Evacuation Pause) (mixed) 421M->353M(1024M), 0.0040622 secs]
2020-10-27T21:12:31.731+0800: 1.613: [GC pause (G1 Evacuation Pause) (mixed) 410M->336M(1024M), 0.0035547 secs]
2020-10-27T21:12:31.777+0800: 1.659: [GC pause (G1 Evacuation Pause) (mixed) 391M->324M(1024M), 0.0042128 secs]
2020-10-27T21:12:31.835+0800: 1.717: [GC pause (G1 Evacuation Pause) (mixed) 376M->311M(1024M), 0.0038788 secs]
2020-10-27T21:12:31.886+0800: 1.769: [GC pause (G1 Evacuation Pause) (mixed) 369M->317M(1024M), 0.0041061 secs]
2020-10-27T21:12:31.923+0800: 1.806: [GC pause (G1 Evacuation Pause) (young) 372M->330M(1024M), 0.0035446 secs]
2020-10-27T21:12:31.960+0800: 1.842: [GC pause (G1 Evacuation Pause) (young) 393M->348M(1024M), 0.0036941 secs]
2020-10-27T21:12:32.005+0800: 1.888: [GC pause (G1 Evacuation Pause) (young) 421M->369M(1024M), 0.0034952 secs]
2020-10-27T21:12:32.071+0800: 1.954: [GC pause (G1 Evacuation Pause) (young) 446M->385M(1024M), 0.0038513 secs]
2020-10-27T21:12:32.124+0800: 2.007: [GC pause (G1 Evacuation Pause) (young) 464M->403M(1024M), 0.0043961 secs]
2020-10-27T21:12:32.175+0800: 2.057: [GC pause (G1 Evacuation Pause) (young) 479M->423M(1024M), 0.0038948 secs]
2020-10-27T21:12:32.209+0800: 2.091: [GC pause (G1 Humongous Allocation) (young) (initial-mark) 478M->434M(1024M), 0.0035917 secs]
2020-10-27T21:12:32.213+0800: 2.095: [GC concurrent-root-region-scan-start]
2020-10-27T21:12:32.213+0800: 2.095: [GC concurrent-root-region-scan-end, 0.0001284 secs]
2020-10-27T21:12:32.213+0800: 2.095: [GC concurrent-mark-start]
2020-10-27T21:12:32.215+0800: 2.098: [GC concurrent-mark-end, 0.0024394 secs]
2020-10-27T21:12:32.215+0800: 2.098: [GC remark, 0.0010970 secs]
2020-10-27T21:12:32.217+0800: 2.099: [GC cleanup 439M->384M(1024M), 0.0008329 secs]
2020-10-27T21:12:32.218+0800: 2.100: [GC concurrent-cleanup-start]
2020-10-27T21:12:32.218+0800: 2.100: [GC concurrent-cleanup-end, 0.0000305 secs]
2020-10-27T21:12:32.280+0800: 2.162: [GC pause (G1 Evacuation Pause) (young) 474M->403M(1024M), 0.0054144 secs]
2020-10-27T21:12:32.319+0800: 2.202: [GC pause (G1 Evacuation Pause) (mixed) 451M->374M(1024M), 0.0032938 secs]
2020-10-27T21:12:32.360+0800: 2.243: [GC pause (G1 Evacuation Pause) (mixed) 434M->350M(1024M), 0.0034937 secs]
2020-10-27T21:12:32.406+0800: 2.289: [GC pause (G1 Evacuation Pause) (mixed) 409M->333M(1024M), 0.0040089 secs]
2020-10-27T21:12:32.455+0800: 2.337: [GC pause (G1 Evacuation Pause) (mixed) 388M->312M(1024M), 0.0040328 secs]
2020-10-27T21:12:32.492+0800: 2.374: [GC pause (G1 Evacuation Pause) (mixed) 366M->305M(1024M), 0.0040034 secs]
2020-10-27T21:12:32.520+0800: 2.403: [GC pause (G1 Evacuation Pause) (young) 357M->315M(1024M), 0.0029680 secs]
2020-10-27T21:12:32.573+0800: 2.455: [GC pause (G1 Evacuation Pause) (young) 386M->332M(1024M), 0.0036933 secs]
2020-10-27T21:12:32.646+0800: 2.528: [GC pause (G1 Evacuation Pause) (young) 403M->349M(1024M), 0.0041227 secs]
2020-10-27T21:12:32.733+0800: 2.616: [GC pause (G1 Evacuation Pause) (young) 436M->370M(1024M), 0.0047338 secs]
2020-10-27T21:12:32.800+0800: 2.683: [GC pause (G1 Evacuation Pause) (young) 454M->387M(1024M), 0.0041563 secs]
2020-10-27T21:12:32.865+0800: 2.747: [GC pause (G1 Evacuation Pause) (young) 483M->405M(1024M), 0.0045634 secs]
2020-10-27T21:12:32.916+0800: 2.799: [GC pause (G1 Evacuation Pause) (young) 483M->422M(1024M), 0.0041713 secs]
2020-10-27T21:12:32.960+0800: 2.842: [GC pause (G1 Humongous Allocation) (young) (initial-mark) 477M->437M(1024M), 0.0032294 secs]
2020-10-27T21:12:32.963+0800: 2.845: [GC concurrent-root-region-scan-start]
2020-10-27T21:12:32.963+0800: 2.846: [GC concurrent-root-region-scan-end, 0.0001283 secs]
2020-10-27T21:12:32.963+0800: 2.846: [GC concurrent-mark-start]
2020-10-27T21:12:32.966+0800: 2.848: [GC concurrent-mark-end, 0.0025633 secs]
2020-10-27T21:12:32.966+0800: 2.848: [GC remark, 0.0009262 secs]
2020-10-27T21:12:32.967+0800: 2.849: [GC cleanup 439M->349M(1024M), 0.0006513 secs]
2020-10-27T21:12:32.968+0800: 2.850: [GC concurrent-cleanup-start]
2020-10-27T21:12:32.968+0800: 2.850: [GC concurrent-cleanup-end, 0.0000444 secs]
2020-10-27T21:12:33.027+0800: 2.909: [GC pause (G1 Evacuation Pause) (young) 457M->369M(1024M), 0.0055360 secs]
2020-10-27T21:12:33.064+0800: 2.946: [GC pause (G1 Evacuation Pause) (mixed) 416M->349M(1024M), 0.0034609 secs]
2020-10-27T21:12:33.116+0800: 2.999: [GC pause (G1 Evacuation Pause) (mixed) 400M->331M(1024M), 0.0036508 secs]
2020-10-27T21:12:33.155+0800: 3.038: [GC pause (G1 Evacuation Pause) (mixed) 386M->317M(1024M), 0.0036968 secs]
2020-10-27T21:12:33.187+0800: 3.069: [GC pause (G1 Evacuation Pause) (mixed) 372M->303M(1024M), 0.0038655 secs]
2020-10-27T21:12:33.229+0800: 3.112: [GC pause (G1 Evacuation Pause) (mixed) 355M->305M(1024M), 0.0040140 secs]
2020-10-27T21:12:33.280+0800: 3.162: [GC pause (G1 Evacuation Pause) (young) 386M->324M(1024M), 0.0041291 secs]
2020-10-27T21:12:33.330+0800: 3.212: [GC pause (G1 Evacuation Pause) (young) 402M->342M(1024M), 0.0047061 secs]
2020-10-27T21:12:33.395+0800: 3.277: [GC pause (G1 Evacuation Pause) (young) 433M->361M(1024M), 0.0046064 secs]
2020-10-27T21:12:33.432+0800: 3.314: [GC pause (G1 Evacuation Pause) (young) 423M->375M(1024M), 0.0035751 secs]
2020-10-27T21:12:33.504+0800: 3.387: [GC pause (G1 Evacuation Pause) (young) 477M->401M(1024M), 0.0044046 secs]
2020-10-27T21:12:33.539+0800: 3.422: [GC pause (G1 Evacuation Pause) (young) 453M->412M(1024M), 0.0037634 secs]
2020-10-27T21:12:33.586+0800: 3.468: [GC pause (G1 Evacuation Pause) (young) 474M->427M(1024M), 0.0047469 secs]
2020-10-27T21:12:33.597+0800: 3.479: [GC pause (G1 Humongous Allocation) (young) (initial-mark) 443M->432M(1024M), 0.0026601 secs]
2020-10-27T21:12:33.599+0800: 3.482: [GC concurrent-root-region-scan-start]
2020-10-27T21:12:33.600+0800: 3.482: [GC concurrent-root-region-scan-end, 0.0000945 secs]
2020-10-27T21:12:33.600+0800: 3.482: [GC concurrent-mark-start]
2020-10-27T21:12:33.602+0800: 3.485: [GC concurrent-mark-end, 0.0025604 secs]
2020-10-27T21:12:33.602+0800: 3.485: [GC remark, 0.0011372 secs]
2020-10-27T21:12:33.604+0800: 3.486: [GC cleanup 435M->371M(1024M), 0.0005118 secs]
2020-10-27T21:12:33.604+0800: 3.487: [GC concurrent-cleanup-start]
2020-10-27T21:12:33.604+0800: 3.487: [GC concurrent-cleanup-end, 0.0000342 secs]
2020-10-27T21:12:33.712+0800: 3.595: [GC pause (G1 Evacuation Pause) (young) 494M->401M(1024M), 0.0050766 secs]
2020-10-27T21:12:33.760+0800: 3.642: [GC pause (G1 Evacuation Pause) (mixed) 446M->375M(1024M), 0.0037419 secs]
2020-10-27T21:12:33.801+0800: 3.683: [GC pause (G1 Evacuation Pause) (mixed) 427M->358M(1024M), 0.0038444 secs]
2020-10-27T21:12:33.851+0800: 3.734: [GC pause (G1 Evacuation Pause) (mixed) 408M->340M(1024M), 0.0038675 secs]
2020-10-27T21:12:33.891+0800: 3.774: [GC pause (G1 Evacuation Pause) (mixed) 398M->322M(1024M), 0.0040803 secs]
2020-10-27T21:12:33.923+0800: 3.806: [GC pause (G1 Evacuation Pause) (mixed) 376M->320M(1024M), 0.0036990 secs]
2020-10-27T21:12:33.988+0800: 3.871: [GC pause (G1 Evacuation Pause) (young) 399M->339M(1024M), 0.0042991 secs]
2020-10-27T21:12:34.024+0800: 3.906: [GC pause (G1 Evacuation Pause) (young) 395M->349M(1024M), 0.0037343 secs]
2020-10-27T21:12:34.070+0800: 3.952: [GC pause (G1 Evacuation Pause) (young) 406M->363M(1024M), 0.0033815 secs]
2020-10-27T21:12:34.108+0800: 3.990: [GC pause (G1 Evacuation Pause) (young) 426M->373M(1024M), 0.0037427 secs]
2020-10-27T21:12:34.148+0800: 4.030: [GC pause (G1 Evacuation Pause) (young) 426M->387M(1024M), 0.0035298 secs]
2020-10-27T21:12:34.189+0800: 4.071: [GC pause (G1 Evacuation Pause) (young) 442M->397M(1024M), 0.0033158 secs]
2020-10-27T21:12:34.238+0800: 4.121: [GC pause (G1 Evacuation Pause) (young) 466M->412M(1024M), 0.0037765 secs]
2020-10-27T21:12:34.263+0800: 4.146: [GC pause (G1 Humongous Allocation) (young) (initial-mark) 464M->424M(1024M), 0.0034895 secs]
2020-10-27T21:12:34.266+0800: 4.149: [GC concurrent-root-region-scan-start]
2020-10-27T21:12:34.266+0800: 4.149: [GC concurrent-root-region-scan-end, 0.0000752 secs]
2020-10-27T21:12:34.266+0800: 4.149: [GC concurrent-mark-start]
2020-10-27T21:12:34.269+0800: 4.152: [GC concurrent-mark-end, 0.0025837 secs]
2020-10-27T21:12:34.269+0800: 4.152: [GC remark, 0.0010638 secs]
2020-10-27T21:12:34.270+0800: 4.153: [GC cleanup 428M->364M(1024M), 0.0009176 secs]
2020-10-27T21:12:34.271+0800: 4.154: [GC concurrent-cleanup-start]
2020-10-27T21:12:34.271+0800: 4.154: [GC concurrent-cleanup-end, 0.0000464 secs]
2020-10-27T21:12:34.291+0800: 4.174: [GC pause (G1 Evacuation Pause) (young) 415M->371M(1024M), 0.0037003 secs]
2020-10-27T21:12:34.332+0800: 4.214: [GC pause (G1 Evacuation Pause) (mixed) 425M->347M(1024M), 0.0032221 secs]
2020-10-27T21:12:34.358+0800: 4.240: [GC pause (G1 Evacuation Pause) (mixed) 397M->299M(1024M), 0.0065730 secs]
2020-10-27T21:12:34.404+0800: 4.286: [GC pause (G1 Evacuation Pause) (mixed) 354M->289M(1024M), 0.0045597 secs]
2020-10-27T21:12:34.456+0800: 4.339: [GC pause (G1 Evacuation Pause) (mixed) 345M->293M(1024M), 0.0033246 secs]
2020-10-27T21:12:34.513+0800: 4.395: [GC pause (G1 Evacuation Pause) (young) 365M->310M(1024M), 0.0037893 secs]
2020-10-27T21:12:34.559+0800: 4.441: [GC pause (G1 Evacuation Pause) (young) 366M->322M(1024M), 0.0034216 secs]
2020-10-27T21:12:34.603+0800: 4.486: [GC pause (G1 Evacuation Pause) (young) 384M->336M(1024M), 0.0037148 secs]
2020-10-27T21:12:34.642+0800: 4.525: [GC pause (G1 Evacuation Pause) (young) 390M->346M(1024M), 0.0031684 secs]
2020-10-27T21:12:34.691+0800: 4.574: [GC pause (G1 Evacuation Pause) (young) 400M->354M(1024M), 0.0036329 secs]
2020-10-27T21:12:34.753+0800: 4.635: [GC pause (G1 Evacuation Pause) (young) 407M->368M(1024M), 0.0035538 secs]
2020-10-27T21:12:34.822+0800: 4.704: [GC pause (G1 Evacuation Pause) (young) 444M->394M(1024M), 0.0038649 secs]
2020-10-27T21:12:34.868+0800: 4.751: [GC pause (G1 Evacuation Pause) (young) 462M->405M(1024M), 0.0041625 secs]
2020-10-27T21:12:34.888+0800: 4.770: [GC pause (G1 Humongous Allocation) (young) (initial-mark) 466M->420M(1024M), 0.0038656 secs]
2020-10-27T21:12:34.892+0800: 4.774: [GC concurrent-root-region-scan-start]
2020-10-27T21:12:34.892+0800: 4.774: [GC concurrent-root-region-scan-end, 0.0000783 secs]
2020-10-27T21:12:34.892+0800: 4.774: [GC concurrent-mark-start]
2020-10-27T21:12:34.895+0800: 4.777: [GC concurrent-mark-end, 0.0025742 secs]
2020-10-27T21:12:34.895+0800: 4.777: [GC remark, 0.0010330 secs]
2020-10-27T21:12:34.896+0800: 4.778: [GC cleanup 424M->364M(1024M), 0.0008859 secs]
2020-10-27T21:12:34.897+0800: 4.779: [GC concurrent-cleanup-start]
2020-10-27T21:12:34.897+0800: 4.779: [GC concurrent-cleanup-end, 0.0000328 secs]
2020-10-27T21:12:34.928+0800: 4.810: [GC pause (G1 Evacuation Pause) (young) 412M->371M(1024M), 0.0032510 secs]
2020-10-27T21:12:34.965+0800: 4.848: [GC pause (G1 Evacuation Pause) (mixed) 428M->357M(1024M), 0.0040128 secs]
2020-10-27T21:12:35.007+0800: 4.890: [GC pause (G1 Evacuation Pause) (mixed) 413M->341M(1024M), 0.0039273 secs]
2020-10-27T21:12:35.046+0800: 4.929: [GC pause (G1 Evacuation Pause) (mixed) 392M->327M(1024M), 0.0037796 secs]
2020-10-27T21:12:35.077+0800: 4.959: [GC pause (G1 Evacuation Pause) (mixed) 389M->312M(1024M), 0.0083524 secs]
2020-10-27T21:12:35.124+0800: 5.006: [GC pause (G1 Evacuation Pause) (mixed) 373M->311M(1024M), 0.0038772 secs]
2020-10-27T21:12:35.164+0800: 5.046: [GC pause (G1 Evacuation Pause) (young) 368M->322M(1024M), 0.0038219 secs]
2020-10-27T21:12:35.217+0800: 5.099: [GC pause (G1 Evacuation Pause) (young) 378M->335M(1024M), 0.0094923 secs]
2020-10-27T21:12:35.256+0800: 5.138: [GC pause (G1 Evacuation Pause) (young) 386M->346M(1024M), 0.0030268 secs]
2020-10-27T21:12:35.297+0800: 5.179: [GC pause (G1 Evacuation Pause) (young) 404M->362M(1024M), 0.0035554 secs]
2020-10-27T21:12:35.357+0800: 5.240: [GC pause (G1 Evacuation Pause) (young) 420M->380M(1024M), 0.0036015 secs]
2020-10-27T21:12:35.402+0800: 5.285: [GC pause (G1 Evacuation Pause) (young) 436M->394M(1024M), 0.0039126 secs]
2020-10-27T21:12:35.453+0800: 5.335: [GC pause (G1 Evacuation Pause) (young) 449M->407M(1024M), 0.0032255 secs]
2020-10-27T21:12:35.510+0800: 5.393: [GC pause (G1 Evacuation Pause) (young) 481M->428M(1024M), 0.0040252 secs]
2020-10-27T21:12:35.533+0800: 5.415: [GC pause (G1 Humongous Allocation) (young) (initial-mark) 451M->429M(1024M), 0.0027077 secs]
2020-10-27T21:12:35.535+0800: 5.418: [GC concurrent-root-region-scan-start]
2020-10-27T21:12:35.536+0800: 5.418: [GC concurrent-root-region-scan-end, 0.0001206 secs]
2020-10-27T21:12:35.536+0800: 5.418: [GC concurrent-mark-start]
2020-10-27T21:12:35.538+0800: 5.421: [GC concurrent-mark-end, 0.0024803 secs]
2020-10-27T21:12:35.538+0800: 5.421: [GC remark, 0.0011201 secs]
2020-10-27T21:12:35.540+0800: 5.422: [GC cleanup 434M->369M(1024M), 0.0003721 secs]
2020-10-27T21:12:35.540+0800: 5.422: [GC concurrent-cleanup-start]
2020-10-27T21:12:35.540+0800: 5.422: [GC concurrent-cleanup-end, 0.0000368 secs]
2020-10-27T21:12:35.595+0800: 5.477: [GC pause (G1 Evacuation Pause) (young) 451M->383M(1024M), 0.0038330 secs]
2020-10-27T21:12:35.625+0800: 5.507: [GC pause (G1 Evacuation Pause) (mixed) 439M->366M(1024M), 0.0041405 secs]
2020-10-27T21:12:35.662+0800: 5.544: [GC pause (G1 Evacuation Pause) (mixed) 422M->347M(1024M), 0.0034090 secs]
2020-10-27T21:12:35.709+0800: 5.592: [GC pause (G1 Evacuation Pause) (mixed) 405M->330M(1024M), 0.0036355 secs]
2020-10-27T21:12:35.781+0800: 5.664: [GC pause (G1 Evacuation Pause) (mixed) 388M->311M(1024M), 0.0042842 secs]
2020-10-27T21:12:35.827+0800: 5.710: [GC pause (G1 Evacuation Pause) (mixed) 373M->307M(1024M), 0.0100377 secs]
2020-10-27T21:12:35.867+0800: 5.750: [GC pause (G1 Evacuation Pause) (young) 361M->317M(1024M), 0.0036651 secs]
2020-10-27T21:12:35.926+0800: 5.808: [GC pause (G1 Evacuation Pause) (young) 375M->331M(1024M), 0.0035162 secs]
2020-10-27T21:12:35.965+0800: 5.847: [GC pause (G1 Evacuation Pause) (young) 388M->349M(1024M), 0.0038211 secs]
2020-10-27T21:12:36.017+0800: 5.899: [GC pause (G1 Evacuation Pause) (young) 407M->362M(1024M), 0.0033457 secs]
2020-10-27T21:12:36.054+0800: 5.936: [GC pause (G1 Evacuation Pause) (young) 414M->377M(1024M), 0.0031645 secs]
2020-10-27T21:12:36.104+0800: 5.987: [GC pause (G1 Evacuation Pause) (young) 431M->386M(1024M), 0.0036651 secs]
2020-10-27T21:12:36.156+0800: 6.038: [GC pause (G1 Evacuation Pause) (young) 441M->402M(1024M), 0.0035335 secs]
2020-10-27T21:12:36.192+0800: 6.075: [GC pause (G1 Evacuation Pause) (young) 455M->411M(1024M), 0.0029359 secs]
2020-10-27T21:12:36.264+0800: 6.146: [GC pause (G1 Evacuation Pause) (young) 475M->427M(1024M), 0.0037626 secs]
2020-10-27T21:12:36.307+0800: 6.189: [GC pause (G1 Humongous Allocation) (young) (initial-mark) 478M->438M(1024M), 0.0032549 secs]
2020-10-27T21:12:36.310+0800: 6.193: [GC concurrent-root-region-scan-start]
2020-10-27T21:12:36.310+0800: 6.193: [GC concurrent-root-region-scan-end, 0.0000727 secs]
2020-10-27T21:12:36.310+0800: 6.193: [GC concurrent-mark-start]
2020-10-27T21:12:36.313+0800: 6.195: [GC concurrent-mark-end, 0.0025574 secs]
2020-10-27T21:12:36.313+0800: 6.195: [GC remark, 0.0011329 secs]
2020-10-27T21:12:36.314+0800: 6.197: [GC cleanup 442M->363M(1024M), 0.0005567 secs]
2020-10-27T21:12:36.315+0800: 6.197: [GC concurrent-cleanup-start]
2020-10-27T21:12:36.315+0800: 6.197: [GC concurrent-cleanup-end, 0.0000404 secs]
2020-10-27T21:12:36.378+0800: 6.260: [GC pause (G1 Evacuation Pause) (young) 451M->382M(1024M), 0.0043024 secs]
2020-10-27T21:12:36.417+0800: 6.299: [GC pause (G1 Evacuation Pause) (mixed) 433M->303M(1024M), 0.0049794 secs]
2020-10-27T21:12:36.446+0800: 6.328: [GC pause (G1 Evacuation Pause) (mixed) 358M->272M(1024M), 0.0048357 secs]
2020-10-27T21:12:36.483+0800: 6.366: [GC pause (G1 Evacuation Pause) (mixed) 330M->281M(1024M), 0.0034417 secs]
2020-10-27T21:12:36.533+0800: 6.416: [GC pause (G1 Evacuation Pause) (young) 338M->293M(1024M), 0.0035753 secs]
2020-10-27T21:12:36.577+0800: 6.459: [GC pause (G1 Evacuation Pause) (young) 344M->308M(1024M), 0.0084632 secs]
2020-10-27T21:12:36.630+0800: 6.512: [GC pause (G1 Evacuation Pause) (young) 368M->324M(1024M), 0.0039533 secs]
2020-10-27T21:12:36.669+0800: 6.551: [GC pause (G1 Evacuation Pause) (young) 381M->336M(1024M), 0.0031561 secs]
2020-10-27T21:12:36.723+0800: 6.605: [GC pause (G1 Evacuation Pause) (young) 392M->348M(1024M), 0.0075756 secs]
2020-10-27T21:12:36.781+0800: 6.663: [GC pause (G1 Evacuation Pause) (young) 403M->363M(1024M), 0.0035643 secs]
2020-10-27T21:12:36.831+0800: 6.714: [GC pause (G1 Evacuation Pause) (young) 422M->379M(1024M), 0.0038548 secs]
2020-10-27T21:12:36.899+0800: 6.782: [GC pause (G1 Evacuation Pause) (young) 436M->398M(1024M), 0.0060598 secs]
2020-10-27T21:12:36.939+0800: 6.822: [GC pause (G1 Evacuation Pause) (young) 454M->408M(1024M), 0.0036308 secs]
2020-10-27T21:12:36.983+0800: 6.865: [GC pause (G1 Evacuation Pause) (young) 464M->424M(1024M), 0.0035252 secs]
2020-10-27T21:12:37.024+0800: 6.906: [GC pause (G1 Humongous Allocation) (young) (initial-mark) 476M->434M(1024M), 0.0036866 secs]
2020-10-27T21:12:37.028+0800: 6.910: [GC concurrent-root-region-scan-start]
2020-10-27T21:12:37.028+0800: 6.910: [GC concurrent-root-region-scan-end, 0.0001259 secs]
2020-10-27T21:12:37.028+0800: 6.910: [GC concurrent-mark-start]
2020-10-27T21:12:37.030+0800: 6.913: [GC concurrent-mark-end, 0.0027168 secs]
2020-10-27T21:12:37.030+0800: 6.913: [GC remark, 0.0009510 secs]
2020-10-27T21:12:37.031+0800: 6.914: [GC cleanup 445M->368M(1024M), 0.0004079 secs]
2020-10-27T21:12:37.032+0800: 6.914: [GC concurrent-cleanup-start]
2020-10-27T21:12:37.032+0800: 6.914: [GC concurrent-cleanup-end, 0.0000384 secs]
2020-10-27T21:12:37.080+0800: 6.963: [GC pause (G1 Evacuation Pause) (young) 435M->379M(1024M), 0.0040246 secs]
2020-10-27T21:12:37.120+0800: 7.002: [GC pause (G1 Evacuation Pause) (mixed) 436M->314M(1024M), 0.0044945 secs]
2020-10-27T21:12:37.177+0800: 7.059: [GC pause (G1 Evacuation Pause) (mixed) 371M->295M(1024M), 0.0045269 secs]
2020-10-27T21:12:37.214+0800: 7.097: [GC pause (G1 Evacuation Pause) (mixed) 345M->292M(1024M), 0.0033365 secs]
2020-10-27T21:12:37.261+0800: 7.144: [GC pause (G1 Evacuation Pause) (young) 362M->304M(1024M), 0.0037553 secs]
2020-10-27T21:12:37.313+0800: 7.196: [GC pause (G1 Evacuation Pause) (young) 362M->316M(1024M), 0.0032825 secs]
2020-10-27T21:12:37.349+0800: 7.231: [GC pause (G1 Evacuation Pause) (young) 372M->328M(1024M), 0.0035010 secs]
2020-10-27T21:12:37.406+0800: 7.288: [GC pause (G1 Evacuation Pause) (young) 394M->342M(1024M), 0.0069612 secs]
2020-10-27T21:12:37.450+0800: 7.332: [GC pause (G1 Evacuation Pause) (young) 398M->352M(1024M), 0.0033244 secs]
2020-10-27T21:12:37.497+0800: 7.379: [GC pause (G1 Evacuation Pause) (young) 407M->367M(1024M), 0.0035634 secs]
2020-10-27T21:12:37.550+0800: 7.432: [GC pause (G1 Evacuation Pause) (young) 425M->381M(1024M), 0.0035438 secs]
2020-10-27T21:12:37.591+0800: 7.474: [GC pause (G1 Evacuation Pause) (young) 445M->398M(1024M), 0.0033157 secs]
2020-10-27T21:12:37.653+0800: 7.536: [GC pause (G1 Evacuation Pause) (young) 478M->419M(1024M), 0.0038413 secs]
2020-10-27T21:12:37.692+0800: 7.574: [GC pause (G1 Humongous Allocation) (young) (initial-mark) 475M->433M(1024M), 0.0035018 secs]
2020-10-27T21:12:37.695+0800: 7.578: [GC concurrent-root-region-scan-start]
2020-10-27T21:12:37.695+0800: 7.578: [GC concurrent-root-region-scan-end, 0.0001229 secs]
2020-10-27T21:12:37.695+0800: 7.578: [GC concurrent-mark-start]
2020-10-27T21:12:37.698+0800: 7.581: [GC concurrent-mark-end, 0.0026348 secs]
2020-10-27T21:12:37.698+0800: 7.581: [GC remark, 0.0011612 secs]
2020-10-27T21:12:37.699+0800: 7.582: [GC cleanup 441M->371M(1024M), 0.0008995 secs]
2020-10-27T21:12:37.700+0800: 7.583: [GC concurrent-cleanup-start]
2020-10-27T21:12:37.700+0800: 7.583: [GC concurrent-cleanup-end, 0.0000381 secs]
2020-10-27T21:12:37.756+0800: 7.638: [GC pause (G1 Evacuation Pause) (young) 470M->390M(1024M), 0.0058731 secs]
2020-10-27T21:12:37.796+0800: 7.678: [GC pause (G1 Evacuation Pause) (mixed) 443M->368M(1024M), 0.0037431 secs]
2020-10-27T21:12:37.840+0800: 7.722: [GC pause (G1 Evacuation Pause) (mixed) 426M->351M(1024M), 0.0036831 secs]
2020-10-27T21:12:37.875+0800: 7.757: [GC pause (G1 Evacuation Pause) (mixed) 406M->337M(1024M), 0.0041565 secs]
2020-10-27T21:12:37.925+0800: 7.808: [GC pause (G1 Evacuation Pause) (mixed) 395M->325M(1024M), 0.0039804 secs]
2020-10-27T21:12:37.976+0800: 7.859: [GC pause (G1 Evacuation Pause) (mixed) 383M->329M(1024M), 0.0035775 secs]
2020-10-27T21:12:38.034+0800: 7.916: [GC pause (G1 Evacuation Pause) (young) 404M->342M(1024M), 0.0036276 secs]
2020-10-27T21:12:38.078+0800: 7.961: [GC pause (G1 Evacuation Pause) (young) 390M->351M(1024M), 0.0031482 secs]
2020-10-27T21:12:38.116+0800: 7.999: [GC pause (G1 Evacuation Pause) (young) 413M->360M(1024M), 0.0033408 secs]
2020-10-27T21:12:38.141+0800: 8.023: [GC pause (G1 Evacuation Pause) (young) 417M->375M(1024M), 0.0032501 secs]
2020-10-27T21:12:38.166+0800: 8.048: [GC pause (G1 Evacuation Pause) (young) 429M->382M(1024M), 0.0037295 secs]
2020-10-27T21:12:38.214+0800: 8.096: [GC pause (G1 Evacuation Pause) (young) 436M->393M(1024M), 0.0035524 secs]
2020-10-27T21:12:38.258+0800: 8.140: [GC pause (G1 Evacuation Pause) (young) 447M->405M(1024M), 0.0038730 secs]
2020-10-27T21:12:38.299+0800: 8.181: [GC pause (G1 Evacuation Pause) (young) 470M->416M(1024M), 0.0039142 secs]
2020-10-27T21:12:38.332+0800: 8.215: [GC pause (G1 Evacuation Pause) (young) 468M->428M(1024M), 0.0036507 secs]
2020-10-27T21:12:38.346+0800: 8.229: [GC pause (G1 Humongous Allocation) (young) (initial-mark) 442M->432M(1024M), 0.0021979 secs]
2020-10-27T21:12:38.348+0800: 8.231: [GC concurrent-root-region-scan-start]
2020-10-27T21:12:38.348+0800: 8.231: [GC concurrent-root-region-scan-end, 0.0001218 secs]
2020-10-27T21:12:38.348+0800: 8.231: [GC concurrent-mark-start]
2020-10-27T21:12:38.351+0800: 8.234: [GC concurrent-mark-end, 0.0024957 secs]
2020-10-27T21:12:38.351+0800: 8.234: [GC remark, 0.0010029 secs]
2020-10-27T21:12:38.352+0800: 8.235: [GC cleanup 437M->374M(1024M), 0.0006680 secs]
2020-10-27T21:12:38.353+0800: 8.236: [GC concurrent-cleanup-start]
2020-10-27T21:12:38.353+0800: 8.236: [GC concurrent-cleanup-end, 0.0000332 secs]
2020-10-27T21:12:38.395+0800: 8.278: [GC pause (G1 Evacuation Pause) (young) 449M->386M(1024M), 0.0037426 secs]
2020-10-27T21:12:38.432+0800: 8.314: [GC pause (G1 Evacuation Pause) (mixed) 435M->364M(1024M), 0.0036332 secs]
2020-10-27T21:12:38.481+0800: 8.363: [GC pause (G1 Evacuation Pause) (mixed) 419M->346M(1024M), 0.0037434 secs]
2020-10-27T21:12:38.514+0800: 8.396: [GC pause (G1 Evacuation Pause) (mixed) 403M->333M(1024M), 0.0039147 secs]
2020-10-27T21:12:38.584+0800: 8.466: [GC pause (G1 Evacuation Pause) (mixed) 390M->321M(1024M), 0.0093025 secs]
2020-10-27T21:12:38.633+0800: 8.515: [GC pause (G1 Evacuation Pause) (mixed) 370M->317M(1024M), 0.0038086 secs]
2020-10-27T21:12:38.674+0800: 8.557: [GC pause (G1 Evacuation Pause) (young) 372M->328M(1024M), 0.0033579 secs]
2020-10-27T21:12:38.722+0800: 8.605: [GC pause (G1 Evacuation Pause) (young) 398M->342M(1024M), 0.0032045 secs]
2020-10-27T21:12:38.768+0800: 8.651: [GC pause (G1 Evacuation Pause) (young) 399M->353M(1024M), 0.0037846 secs]
2020-10-27T21:12:38.817+0800: 8.700: [GC pause (G1 Evacuation Pause) (young) 406M->367M(1024M), 0.0040172 secs]
2020-10-27T21:12:38.848+0800: 8.731: [GC pause (G1 Evacuation Pause) (young) 423M->380M(1024M), 0.0035233 secs]
2020-10-27T21:12:38.877+0800: 8.759: [GC pause (G1 Evacuation Pause) (young) 437M->390M(1024M), 0.0029041 secs]
2020-10-27T21:12:38.930+0800: 8.812: [GC pause (G1 Evacuation Pause) (young) 442M->403M(1024M), 0.0082474 secs]
2020-10-27T21:12:38.994+0800: 8.876: [GC pause (G1 Evacuation Pause) (young) 455M->415M(1024M), 0.0029908 secs]
2020-10-27T21:12:39.047+0800: 8.930: [GC pause (G1 Evacuation Pause) (young) 476M->431M(1024M), 0.0041872 secs]
2020-10-27T21:12:39.063+0800: 8.946: [GC pause (G1 Humongous Allocation) (young) (initial-mark) 443M->432M(1024M), 0.0016662 secs]
2020-10-27T21:12:39.064+0800: 8.947: [GC concurrent-root-region-scan-start]
2020-10-27T21:12:39.064+0800: 8.947: [GC concurrent-root-region-scan-end, 0.0000745 secs]
2020-10-27T21:12:39.064+0800: 8.947: [GC concurrent-mark-start]
2020-10-27T21:12:39.067+0800: 8.950: [GC concurrent-mark-end, 0.0025121 secs]
2020-10-27T21:12:39.067+0800: 8.950: [GC remark, 0.0011082 secs]
2020-10-27T21:12:39.068+0800: 8.951: [GC cleanup 437M->362M(1024M), 0.0006808 secs]
2020-10-27T21:12:39.069+0800: 8.952: [GC concurrent-cleanup-start]
2020-10-27T21:12:39.069+0800: 8.952: [GC concurrent-cleanup-end, 0.0000461 secs]
2020-10-27T21:12:39.119+0800: 9.002: [GC pause (G1 Evacuation Pause) (young) 445M->380M(1024M), 0.0038620 secs]
2020-10-27T21:12:39.160+0800: 9.043: [GC pause (G1 Evacuation Pause) (mixed) 430M->344M(1024M), 0.0055451 secs]
2020-10-27T21:12:39.198+0800: 9.081: [GC pause (G1 Evacuation Pause) (mixed) 394M->327M(1024M), 0.0037160 secs]
2020-10-27T21:12:39.227+0800: 9.110: [GC pause (G1 Evacuation Pause) (mixed) 383M->313M(1024M), 0.0038041 secs]
2020-10-27T21:12:39.274+0800: 9.156: [GC pause (G1 Evacuation Pause) (mixed) 374M->299M(1024M), 0.0044689 secs]
2020-10-27T21:12:39.311+0800: 9.193: [GC pause (G1 Evacuation Pause) (young) 351M->312M(1024M), 0.0031288 secs]
2020-10-27T21:12:39.371+0800: 9.253: [GC pause (G1 Evacuation Pause) (young) 387M->334M(1024M), 0.0036670 secs]
2020-10-27T21:12:39.439+0800: 9.322: [GC pause (G1 Evacuation Pause) (young) 418M->350M(1024M), 0.0045025 secs]
2020-10-27T21:12:39.491+0800: 9.374: [GC pause (G1 Evacuation Pause) (young) 418M->362M(1024M), 0.0031852 secs]
2020-10-27T21:12:39.555+0800: 9.437: [GC pause (G1 Evacuation Pause) (young) 448M->382M(1024M), 0.0042519 secs]
2020-10-27T21:12:39.614+0800: 9.496: [GC pause (G1 Evacuation Pause) (young) 473M->401M(1024M), 0.0041230 secs]
2020-10-27T21:12:39.661+0800: 9.543: [GC pause (G1 Evacuation Pause) (young) 471M->421M(1024M), 0.0038064 secs]
2020-10-27T21:12:39.684+0800: 9.566: [GC pause (G1 Humongous Allocation) (young) (initial-mark) 446M->426M(1024M), 0.0025338 secs]
2020-10-27T21:12:39.687+0800: 9.569: [GC concurrent-root-region-scan-start]
2020-10-27T21:12:39.687+0800: 9.569: [GC concurrent-root-region-scan-end, 0.0000635 secs]
2020-10-27T21:12:39.687+0800: 9.569: [GC concurrent-mark-start]
2020-10-27T21:12:39.689+0800: 9.572: [GC concurrent-mark-end, 0.0024461 secs]
2020-10-27T21:12:39.689+0800: 9.572: [GC remark, 0.0010352 secs]
2020-10-27T21:12:39.691+0800: 9.573: [GC cleanup 428M->384M(1024M), 0.0009589 secs]
2020-10-27T21:12:39.692+0800: 9.574: [GC concurrent-cleanup-start]
2020-10-27T21:12:39.692+0800: 9.574: [GC concurrent-cleanup-end, 0.0000254 secs]
2020-10-27T21:12:39.759+0800: 9.641: [GC pause (G1 Evacuation Pause) (young) 490M->408M(1024M), 0.0044503 secs]
2020-10-27T21:12:39.798+0800: 9.681: [GC pause (G1 Evacuation Pause) (mixed) 455M->354M(1024M), 0.0037614 secs]
2020-10-27T21:12:39.824+0800: 9.706: [GC pause (G1 Evacuation Pause) (mixed) 409M->322M(1024M), 0.0047112 secs]
2020-10-27T21:12:39.861+0800: 9.744: [GC pause (G1 Evacuation Pause) (mixed) 374M->305M(1024M), 0.0040358 secs]
2020-10-27T21:12:39.925+0800: 9.807: [GC pause (G1 Evacuation Pause) (young) 379M->322M(1024M), 0.0039228 secs]
2020-10-27T21:12:39.980+0800: 9.863: [GC pause (G1 Evacuation Pause) (young) 380M->332M(1024M), 0.0036842 secs]
2020-10-27T21:12:40.045+0800: 9.928: [GC pause (G1 Evacuation Pause) (young) 415M->350M(1024M), 0.0041037 secs]
2020-10-27T21:12:40.105+0800: 9.987: [GC pause (G1 Evacuation Pause) (young) 430M->361M(1024M), 0.0043868 secs]
2020-10-27T21:12:40.157+0800: 10.039: [GC pause (G1 Evacuation Pause) (young) 412M->374M(1024M), 0.0037831 secs]
2020-10-27T21:12:40.211+0800: 10.094: [GC pause (G1 Evacuation Pause) (young) 442M->391M(1024M), 0.0038346 secs]
