Java HotSpot(TM) 64-Bit Server VM (25.211-b12) for windows-amd64 JRE (1.8.0_211-b12), built on Apr  1 2019 20:53:26 by "java_re" with MS VC++ 10.0 (VS2010)
Memory: 4k page, physical 16640612k(8237608k free), swap 16640612k(6361292k free)
CommandLine flags: -XX:InitialHeapSize=1073741824 -XX:MaxGCPauseMillis=10 -XX:MaxHeapSize=1073741824 -XX:+PrintGC -XX:+PrintGCDateStamps -XX:+PrintGCTimeStamps -XX:+UseCompressedClassPointers -XX:+UseCompressedOops -XX:+UseG1GC -XX:-UseLargePagesIndividualAllocation 
2020-10-27T20:07:55.320+0800: 0.155: [GC pause (G1 Evacuation Pause) (young) 66M->27M(1024M), 0.0041123 secs]
2020-10-27T20:07:55.346+0800: 0.180: [GC pause (G1 Evacuation Pause) (young) 82M->44M(1024M), 0.0036978 secs]
2020-10-27T20:07:55.362+0800: 0.196: [GC pause (G1 Evacuation Pause) (young) 101M->68M(1024M), 0.0041333 secs]
2020-10-27T20:07:55.383+0800: 0.217: [GC pause (G1 Evacuation Pause) (young) 127M->90M(1024M), 0.0043598 secs]
2020-10-27T20:07:55.400+0800: 0.234: [GC pause (G1 Evacuation Pause) (young) 152M->109M(1024M), 0.0037369 secs]
2020-10-27T20:07:55.412+0800: 0.246: [GC pause (G1 Evacuation Pause) (young) 164M->129M(1024M), 0.0034707 secs]
2020-10-27T20:07:55.423+0800: 0.257: [GC pause (G1 Evacuation Pause) (young) 183M->143M(1024M), 0.0033916 secs]
2020-10-27T20:07:55.433+0800: 0.267: [GC pause (G1 Evacuation Pause) (young) 195M->161M(1024M), 0.0033665 secs]
2020-10-27T20:07:55.444+0800: 0.278: [GC pause (G1 Evacuation Pause) (young) 213M->176M(1024M), 0.0030901 secs]
2020-10-27T20:07:55.457+0800: 0.291: [GC pause (G1 Evacuation Pause) (young) 231M->193M(1024M), 0.0033599 secs]
2020-10-27T20:07:55.468+0800: 0.302: [GC pause (G1 Evacuation Pause) (young) 246M->207M(1024M), 0.0038352 secs]
2020-10-27T20:07:55.480+0800: 0.314: [GC pause (G1 Evacuation Pause) (young) 264M->230M(1024M), 0.0039379 secs]
2020-10-27T20:07:55.492+0800: 0.326: [GC pause (G1 Evacuation Pause) (young) 284M->243M(1024M), 0.0031667 secs]
2020-10-27T20:07:55.504+0800: 0.338: [GC pause (G1 Evacuation Pause) (young) 301M->259M(1024M), 0.0030861 secs]
2020-10-27T20:07:55.515+0800: 0.349: [GC pause (G1 Evacuation Pause) (young) 314M->277M(1024M), 0.0033089 secs]
2020-10-27T20:07:55.527+0800: 0.362: [GC pause (G1 Evacuation Pause) (young) 336M->300M(1024M), 0.0042219 secs]
2020-10-27T20:07:55.539+0800: 0.374: [GC pause (G1 Evacuation Pause) (young) 353M->313M(1024M), 0.0029721 secs]
2020-10-27T20:07:55.549+0800: 0.383: [GC pause (G1 Evacuation Pause) (young) 366M->328M(1024M), 0.0034117 secs]
2020-10-27T20:07:55.560+0800: 0.395: [GC pause (G1 Evacuation Pause) (young) 384M->343M(1024M), 0.0034488 secs]
2020-10-27T20:07:55.571+0800: 0.405: [GC pause (G1 Evacuation Pause) (young) 400M->357M(1024M), 0.0033312 secs]
2020-10-27T20:07:55.583+0800: 0.418: [GC pause (G1 Evacuation Pause) (young) 419M->374M(1024M), 0.0034833 secs]
2020-10-27T20:07:55.594+0800: 0.429: [GC pause (G1 Evacuation Pause) (young) 432M->394M(1024M), 0.0032500 secs]
2020-10-27T20:07:55.607+0800: 0.441: [GC pause (G1 Evacuation Pause) (young) 455M->415M(1024M), 0.0038403 secs]
2020-10-27T20:07:55.614+0800: 0.448: [GC pause (G1 Humongous Allocation) (young) (initial-mark) 444M->427M(1024M), 0.0026157 secs]
2020-10-27T20:07:55.616+0800: 0.451: [GC concurrent-root-region-scan-start]
2020-10-27T20:07:55.616+0800: 0.451: [GC concurrent-root-region-scan-end, 0.0000993 secs]
2020-10-27T20:07:55.616+0800: 0.451: [GC concurrent-mark-start]
2020-10-27T20:07:55.620+0800: 0.454: [GC concurrent-mark-end, 0.0034382 secs]
2020-10-27T20:07:55.620+0800: 0.454: [GC remark, 0.0010734 secs]
2020-10-27T20:07:55.621+0800: 0.456: [GC cleanup 456M->439M(1024M), 0.0003615 secs]
2020-10-27T20:07:55.622+0800: 0.456: [GC concurrent-cleanup-start]
2020-10-27T20:07:55.622+0800: 0.456: [GC concurrent-cleanup-end, 0.0000139 secs]
2020-10-27T20:07:55.634+0800: 0.468: [GC pause (G1 Evacuation Pause) (young) 488M->428M(1024M), 0.0036032 secs]
2020-10-27T20:07:55.644+0800: 0.478: [GC pause (G1 Evacuation Pause) (mixed) 481M->414M(1024M), 0.0047419 secs]
2020-10-27T20:07:55.656+0800: 0.490: [GC pause (G1 Evacuation Pause) (mixed) 471M->407M(1024M), 0.0041416 secs]
2020-10-27T20:07:55.667+0800: 0.501: [GC pause (G1 Evacuation Pause) (mixed) 466M->402M(1024M), 0.0047800 secs]
2020-10-27T20:07:55.679+0800: 0.513: [GC pause (G1 Evacuation Pause) (mixed) 459M->403M(1024M), 0.0041646 secs]
2020-10-27T20:07:55.690+0800: 0.524: [GC pause (G1 Humongous Allocation) (young) (initial-mark) 454M->416M(1024M), 0.0034624 secs]
2020-10-27T20:07:55.693+0800: 0.528: [GC concurrent-root-region-scan-start]
2020-10-27T20:07:55.694+0800: 0.528: [GC concurrent-root-region-scan-end, 0.0001087 secs]
2020-10-27T20:07:55.694+0800: 0.528: [GC concurrent-mark-start]
2020-10-27T20:07:55.697+0800: 0.531: [GC concurrent-mark-end, 0.0031701 secs]
2020-10-27T20:07:55.697+0800: 0.531: [GC remark, 0.0011100 secs]
2020-10-27T20:07:55.698+0800: 0.532: [GC cleanup 444M->440M(1024M), 0.0003874 secs]
2020-10-27T20:07:55.698+0800: 0.533: [GC concurrent-cleanup-start]
2020-10-27T20:07:55.698+0800: 0.533: [GC concurrent-cleanup-end, 0.0000100 secs]
2020-10-27T20:07:55.708+0800: 0.542: [GC pause (G1 Evacuation Pause) (young) 490M->432M(1024M), 0.0044331 secs]
2020-10-27T20:07:55.719+0800: 0.553: [GC pause (G1 Evacuation Pause) (mixed) 484M->412M(1024M), 0.0042780 secs]
2020-10-27T20:07:55.731+0800: 0.565: [GC pause (G1 Evacuation Pause) (mixed) 468M->405M(1024M), 0.0046382 secs]
2020-10-27T20:07:55.742+0800: 0.576: [GC pause (G1 Evacuation Pause) (mixed) 457M->400M(1024M), 0.0044648 secs]
2020-10-27T20:07:55.753+0800: 0.587: [GC pause (G1 Evacuation Pause) (mixed) 452M->408M(1024M), 0.0034471 secs]
2020-10-27T20:07:55.761+0800: 0.595: [GC pause (G1 Humongous Allocation) (young) (initial-mark) 448M->419M(1024M), 0.0029484 secs]
2020-10-27T20:07:55.764+0800: 0.598: [GC concurrent-root-region-scan-start]
2020-10-27T20:07:55.764+0800: 0.598: [GC concurrent-root-region-scan-end, 0.0000721 secs]
2020-10-27T20:07:55.764+0800: 0.598: [GC concurrent-mark-start]
2020-10-27T20:07:55.768+0800: 0.602: [GC concurrent-mark-end, 0.0034551 secs]
2020-10-27T20:07:55.768+0800: 0.602: [GC remark, 0.0011251 secs]
2020-10-27T20:07:55.769+0800: 0.603: [GC cleanup 445M->444M(1024M), 0.0004760 secs]
2020-10-27T20:07:55.770+0800: 0.604: [GC concurrent-cleanup-start]
2020-10-27T20:07:55.770+0800: 0.604: [GC concurrent-cleanup-end, 0.0000095 secs]
2020-10-27T20:07:55.797+0800: 0.631: [GC pause (G1 Evacuation Pause) (young) 564M->455M(1024M), 0.0085637 secs]
2020-10-27T20:07:55.811+0800: 0.645: [GC pause (G1 Evacuation Pause) (mixed) 498M->440M(1024M), 0.0045398 secs]
2020-10-27T20:07:55.822+0800: 0.655: [GC pause (G1 Evacuation Pause) (mixed) 493M->435M(1024M), 0.0044702 secs]
2020-10-27T20:07:55.834+0800: 0.668: [GC pause (G1 Evacuation Pause) (mixed) 495M->434M(1024M), 0.0051243 secs]
2020-10-27T20:07:55.846+0800: 0.680: [GC pause (G1 Evacuation Pause) (mixed) 495M->451M(1024M), 0.0033656 secs]
2020-10-27T20:07:55.850+0800: 0.683: [GC pause (G1 Humongous Allocation) (young) (initial-mark) 453M->451M(1024M), 0.0011902 secs]
2020-10-27T20:07:55.851+0800: 0.685: [GC concurrent-root-region-scan-start]
2020-10-27T20:07:55.851+0800: 0.685: [GC concurrent-root-region-scan-end, 0.0000905 secs]
2020-10-27T20:07:55.851+0800: 0.685: [GC concurrent-mark-start]
2020-10-27T20:07:55.854+0800: 0.688: [GC concurrent-mark-end, 0.0031471 secs]
2020-10-27T20:07:55.854+0800: 0.688: [GC remark, 0.0012438 secs]
2020-10-27T20:07:55.856+0800: 0.689: [GC cleanup 475M->473M(1024M), 0.0003836 secs]
2020-10-27T20:07:55.856+0800: 0.690: [GC concurrent-cleanup-start]
2020-10-27T20:07:55.856+0800: 0.690: [GC concurrent-cleanup-end, 0.0000078 secs]
2020-10-27T20:07:55.870+0800: 0.704: [GC pause (G1 Evacuation Pause) (young) 572M->481M(1024M), 0.0053275 secs]
2020-10-27T20:07:55.882+0800: 0.715: [GC pause (G1 Evacuation Pause) (mixed) 534M->471M(1024M), 0.0052282 secs]
2020-10-27T20:07:55.894+0800: 0.729: [GC pause (G1 Evacuation Pause) (mixed) 530M->461M(1024M), 0.0043275 secs]
2020-10-27T20:07:55.905+0800: 0.740: [GC pause (G1 Evacuation Pause) (mixed) 515M->456M(1024M), 0.0049961 secs]
2020-10-27T20:07:55.917+0800: 0.752: [GC pause (G1 Evacuation Pause) (mixed) 516M->469M(1024M), 0.0041130 secs]
2020-10-27T20:07:55.921+0800: 0.756: [GC pause (G1 Humongous Allocation) (young) (initial-mark) 471M->468M(1024M), 0.0013609 secs]
2020-10-27T20:07:55.923+0800: 0.757: [GC concurrent-root-region-scan-start]
2020-10-27T20:07:55.923+0800: 0.758: [GC concurrent-root-region-scan-end, 0.0000812 secs]
2020-10-27T20:07:55.923+0800: 0.758: [GC concurrent-mark-start]
2020-10-27T20:07:55.926+0800: 0.761: [GC concurrent-mark-end, 0.0032061 secs]
2020-10-27T20:07:55.926+0800: 0.761: [GC remark, 0.0012158 secs]
2020-10-27T20:07:55.928+0800: 0.762: [GC cleanup 495M->494M(1024M), 0.0004061 secs]
2020-10-27T20:07:55.928+0800: 0.763: [GC concurrent-cleanup-start]
2020-10-27T20:07:55.928+0800: 0.763: [GC concurrent-cleanup-end, 0.0000075 secs]
2020-10-27T20:07:55.941+0800: 0.775: [GC pause (G1 Evacuation Pause) (young) 589M->499M(1024M), 0.0047383 secs]
2020-10-27T20:07:55.951+0800: 0.785: [GC pause (G1 Evacuation Pause) (mixed) 546M->480M(1024M), 0.0054709 secs]
2020-10-27T20:07:55.963+0800: 0.797: [GC pause (G1 Evacuation Pause) (mixed) 538M->477M(1024M), 0.0048787 secs]
2020-10-27T20:07:55.974+0800: 0.809: [GC pause (G1 Evacuation Pause) (mixed) 535M->468M(1024M), 0.0050831 secs]
2020-10-27T20:07:55.986+0800: 0.821: [GC pause (G1 Evacuation Pause) (mixed) 525M->482M(1024M), 0.0041410 secs]
2020-10-27T20:07:55.992+0800: 0.826: [GC pause (G1 Humongous Allocation) (young) (initial-mark) 491M->484M(1024M), 0.0014493 secs]
2020-10-27T20:07:55.993+0800: 0.828: [GC concurrent-root-region-scan-start]
2020-10-27T20:07:55.993+0800: 0.828: [GC concurrent-root-region-scan-end, 0.0000746 secs]
2020-10-27T20:07:55.993+0800: 0.828: [GC concurrent-mark-start]
2020-10-27T20:07:55.997+0800: 0.831: [GC concurrent-mark-end, 0.0033419 secs]
2020-10-27T20:07:55.997+0800: 0.831: [GC remark, 0.0012551 secs]
2020-10-27T20:07:55.998+0800: 0.833: [GC cleanup 514M->514M(1024M), 0.0003991 secs]
2020-10-27T20:07:56.019+0800: 0.853: [GC pause (G1 Evacuation Pause) (young) 646M->532M(1024M), 0.0058139 secs]
2020-10-27T20:07:56.030+0800: 0.865: [GC pause (G1 Evacuation Pause) (mixed) 578M->512M(1024M), 0.0052541 secs]
2020-10-27T20:07:56.043+0800: 0.877: [GC pause (G1 Evacuation Pause) (mixed) 564M->496M(1024M), 0.0047433 secs]
2020-10-27T20:07:56.053+0800: 0.888: [GC pause (G1 Evacuation Pause) (mixed) 547M->487M(1024M), 0.0048753 secs]
2020-10-27T20:07:56.065+0800: 0.899: [GC pause (G1 Evacuation Pause) (mixed) 545M->496M(1024M), 0.0046919 secs]
2020-10-27T20:07:56.070+0800: 0.904: [GC pause (G1 Humongous Allocation) (young) (initial-mark) 496M->496M(1024M), 0.0012431 secs]
2020-10-27T20:07:56.071+0800: 0.905: [GC concurrent-root-region-scan-start]
2020-10-27T20:07:56.071+0800: 0.905: [GC concurrent-root-region-scan-end, 0.0000071 secs]
2020-10-27T20:07:56.071+0800: 0.905: [GC concurrent-mark-start]
2020-10-27T20:07:56.074+0800: 0.909: [GC concurrent-mark-end, 0.0034094 secs]
2020-10-27T20:07:56.074+0800: 0.909: [GC remark, 0.0013945 secs]
2020-10-27T20:07:56.076+0800: 0.910: [GC cleanup 529M->525M(1024M), 0.0003956 secs]
2020-10-27T20:07:56.076+0800: 0.911: [GC concurrent-cleanup-start]
2020-10-27T20:07:56.076+0800: 0.911: [GC concurrent-cleanup-end, 0.0000086 secs]
2020-10-27T20:07:56.099+0800: 0.933: [GC pause (G1 Evacuation Pause) (young) 685M->538M(1024M), 0.0075207 secs]
2020-10-27T20:07:56.112+0800: 0.946: [GC pause (G1 Evacuation Pause) (mixed) 577M->515M(1024M), 0.0044998 secs]
2020-10-27T20:07:56.124+0800: 0.958: [GC pause (G1 Evacuation Pause) (mixed) 572M->505M(1024M), 0.0047346 secs]
2020-10-27T20:07:56.135+0800: 0.969: [GC pause (G1 Evacuation Pause) (mixed) 557M->495M(1024M), 0.0049708 secs]
2020-10-27T20:07:56.147+0800: 0.981: [GC pause (G1 Evacuation Pause) (mixed) 549M->503M(1024M), 0.0043068 secs]
2020-10-27T20:07:56.153+0800: 0.987: [GC pause (G1 Humongous Allocation) (young) (initial-mark) 513M->505M(1024M), 0.0014495 secs]
2020-10-27T20:07:56.154+0800: 0.988: [GC concurrent-root-region-scan-start]
2020-10-27T20:07:56.154+0800: 0.989: [GC concurrent-root-region-scan-end, 0.0000942 secs]
2020-10-27T20:07:56.155+0800: 0.989: [GC concurrent-mark-start]
2020-10-27T20:07:56.158+0800: 0.992: [GC concurrent-mark-end, 0.0034977 secs]
2020-10-27T20:07:56.158+0800: 0.992: [GC remark, 0.0012485 secs]
2020-10-27T20:07:56.159+0800: 0.993: [GC cleanup 530M->527M(1024M), 0.0004012 secs]
2020-10-27T20:07:56.160+0800: 0.994: [GC concurrent-cleanup-start]
2020-10-27T20:07:56.160+0800: 0.994: [GC concurrent-cleanup-end, 0.0000120 secs]
2020-10-27T20:07:56.167+0800: 1.001: [GC pause (G1 Evacuation Pause) (young) 588M->522M(1024M), 0.0043310 secs]
2020-10-27T20:07:56.177+0800: 1.011: [GC pause (G1 Evacuation Pause) (mixed) 571M->502M(1024M), 0.0047292 secs]
2020-10-27T20:07:56.188+0800: 1.022: [GC pause (G1 Evacuation Pause) (mixed) 554M->488M(1024M), 0.0046260 secs]
2020-10-27T20:07:56.199+0800: 1.033: [GC pause (G1 Evacuation Pause) (mixed) 543M->480M(1024M), 0.0054695 secs]
2020-10-27T20:07:56.212+0800: 1.045: [GC pause (G1 Evacuation Pause) (mixed) 539M->485M(1024M), 0.0045336 secs]
2020-10-27T20:07:56.217+0800: 1.050: [GC pause (G1 Humongous Allocation) (young) (initial-mark) 487M->484M(1024M), 0.0010995 secs]
2020-10-27T20:07:56.218+0800: 1.052: [GC concurrent-root-region-scan-start]
2020-10-27T20:07:56.218+0800: 1.052: [GC concurrent-root-region-scan-end, 0.0000832 secs]
2020-10-27T20:07:56.218+0800: 1.052: [GC concurrent-mark-start]
2020-10-27T20:07:56.221+0800: 1.055: [GC concurrent-mark-end, 0.0034423 secs]
2020-10-27T20:07:56.221+0800: 1.055: [GC remark, 0.0012601 secs]
2020-10-27T20:07:56.223+0800: 1.057: [GC cleanup 508M->506M(1024M), 0.0003876 secs]
2020-10-27T20:07:56.223+0800: 1.057: [GC concurrent-cleanup-start]
2020-10-27T20:07:56.223+0800: 1.057: [GC concurrent-cleanup-end, 0.0000087 secs]
2020-10-27T20:07:56.238+0800: 1.072: [GC pause (G1 Evacuation Pause) (young) 630M->521M(1024M), 0.0050664 secs]
2020-10-27T20:07:56.248+0800: 1.081: [GC pause (G1 Evacuation Pause) (mixed) 565M->503M(1024M), 0.0053283 secs]
2020-10-27T20:07:56.258+0800: 1.093: [GC pause (G1 Evacuation Pause) (mixed) 558M->490M(1024M), 0.0049915 secs]
2020-10-27T20:07:56.270+0800: 1.105: [GC pause (G1 Evacuation Pause) (mixed) 545M->480M(1024M), 0.0049802 secs]
2020-10-27T20:07:56.276+0800: 1.111: [GC pause (G1 Humongous Allocation) (young) (initial-mark) 488M->484M(1024M), 0.0015071 secs]
2020-10-27T20:07:56.278+0800: 1.112: [GC concurrent-root-region-scan-start]
2020-10-27T20:07:56.278+0800: 1.112: [GC concurrent-root-region-scan-end, 0.0000847 secs]
2020-10-27T20:07:56.278+0800: 1.112: [GC concurrent-mark-start]
2020-10-27T20:07:56.281+0800: 1.116: [GC concurrent-mark-end, 0.0036308 secs]
2020-10-27T20:07:56.281+0800: 1.116: [GC remark, 0.0012142 secs]
2020-10-27T20:07:56.283+0800: 1.117: [GC cleanup 515M->515M(1024M), 0.0003801 secs]
