Java HotSpot(TM) 64-Bit Server VM (25.211-b12) for windows-amd64 JRE (1.8.0_211-b12), built on Apr  1 2019 20:53:26 by "java_re" with MS VC++ 10.0 (VS2010)
Memory: 4k page, physical 16640612k(8237160k free), swap 16640612k(6360708k free)
CommandLine flags: -XX:InitialHeapSize=536870912 -XX:MaxGCPauseMillis=10 -XX:MaxHeapSize=536870912 -XX:+PrintGC -XX:+PrintGCDateStamps -XX:+PrintGCTimeStamps -XX:+UseCompressedClassPointers -XX:+UseCompressedOops -XX:+UseG1GC -XX:-UseLargePagesIndividualAllocation 
2020-10-27T20:07:50.353+0800: 0.128: [GC pause (G1 Evacuation Pause) (young) 34M->13M(512M), 0.0024235 secs]
2020-10-27T20:07:50.364+0800: 0.139: [GC pause (G1 Evacuation Pause) (young) 43M->23M(512M), 0.0017219 secs]
2020-10-27T20:07:50.370+0800: 0.145: [GC pause (G1 Evacuation Pause) (young) 46M->30M(512M), 0.0018734 secs]
2020-10-27T20:07:50.378+0800: 0.152: [GC pause (G1 Evacuation Pause) (young) 55M->39M(512M), 0.0016445 secs]
2020-10-27T20:07:50.384+0800: 0.159: [GC pause (G1 Evacuation Pause) (young) 64M->47M(512M), 0.0018381 secs]
2020-10-27T20:07:50.391+0800: 0.166: [GC pause (G1 Evacuation Pause) (young) 72M->55M(512M), 0.0018467 secs]
2020-10-27T20:07:50.397+0800: 0.172: [GC pause (G1 Evacuation Pause) (young) 82M->67M(512M), 0.0029782 secs]
2020-10-27T20:07:50.405+0800: 0.180: [GC pause (G1 Evacuation Pause) (young) 93M->76M(512M), 0.0019468 secs]
2020-10-27T20:07:50.414+0800: 0.188: [GC pause (G1 Evacuation Pause) (young) 105M->86M(512M), 0.0030969 secs]
2020-10-27T20:07:50.421+0800: 0.196: [GC pause (G1 Evacuation Pause) (young) 112M->96M(512M), 0.0021288 secs]
2020-10-27T20:07:50.428+0800: 0.203: [GC pause (G1 Evacuation Pause) (young) 122M->107M(512M), 0.0022638 secs]
2020-10-27T20:07:50.436+0800: 0.210: [GC pause (G1 Evacuation Pause) (young) 132M->116M(512M), 0.0021619 secs]
2020-10-27T20:07:50.443+0800: 0.218: [GC pause (G1 Evacuation Pause) (young) 143M->129M(512M), 0.0024527 secs]
2020-10-27T20:07:50.453+0800: 0.228: [GC pause (G1 Evacuation Pause) (young) 158M->135M(512M), 0.0017497 secs]
2020-10-27T20:07:50.458+0800: 0.233: [GC pause (G1 Evacuation Pause) (young) 159M->144M(512M), 0.0019804 secs]
2020-10-27T20:07:50.464+0800: 0.239: [GC pause (G1 Evacuation Pause) (young) 171M->152M(512M), 0.0021129 secs]
2020-10-27T20:07:50.470+0800: 0.244: [GC pause (G1 Evacuation Pause) (young) 175M->159M(512M), 0.0020138 secs]
2020-10-27T20:07:50.481+0800: 0.255: [GC pause (G1 Evacuation Pause) (young) 199M->170M(512M), 0.0028749 secs]
2020-10-27T20:07:50.488+0800: 0.263: [GC pause (G1 Evacuation Pause) (young) 204M->180M(512M), 0.0024282 secs]
2020-10-27T20:07:50.498+0800: 0.273: [GC pause (G1 Evacuation Pause) (young) 226M->195M(512M), 0.0033476 secs]
2020-10-27T20:07:50.505+0800: 0.280: [GC pause (G1 Humongous Allocation) (young) (initial-mark) 226M->209M(512M), 0.0026071 secs]
2020-10-27T20:07:50.508+0800: 0.283: [GC concurrent-root-region-scan-start]
2020-10-27T20:07:50.508+0800: 0.283: [GC concurrent-root-region-scan-end, 0.0001336 secs]
2020-10-27T20:07:50.508+0800: 0.283: [GC concurrent-mark-start]
2020-10-27T20:07:50.510+0800: 0.285: [GC concurrent-mark-end, 0.0020971 secs]
2020-10-27T20:07:50.510+0800: 0.285: [GC remark, 0.0008875 secs]
2020-10-27T20:07:50.511+0800: 0.286: [GC cleanup 230M->230M(512M), 0.0002361 secs]
2020-10-27T20:07:50.517+0800: 0.292: [GC pause (G1 Evacuation Pause) (young) 256M->221M(512M), 0.0035072 secs]
2020-10-27T20:07:50.523+0800: 0.298: [GC pause (G1 Evacuation Pause) (mixed) 246M->219M(512M), 0.0024694 secs]
2020-10-27T20:07:50.529+0800: 0.303: [GC pause (G1 Evacuation Pause) (mixed) 242M->221M(512M), 0.0026939 secs]
2020-10-27T20:07:50.533+0800: 0.308: [GC pause (G1 Humongous Allocation) (young) (initial-mark) 229M->222M(512M), 0.0010697 secs]
2020-10-27T20:07:50.534+0800: 0.309: [GC concurrent-root-region-scan-start]
2020-10-27T20:07:50.534+0800: 0.309: [GC concurrent-root-region-scan-end, 0.0000928 secs]
2020-10-27T20:07:50.534+0800: 0.309: [GC concurrent-mark-start]
2020-10-27T20:07:50.537+0800: 0.311: [GC concurrent-mark-end, 0.0021963 secs]
2020-10-27T20:07:50.537+0800: 0.311: [GC remark, 0.0009362 secs]
2020-10-27T20:07:50.538+0800: 0.312: [GC cleanup 242M->241M(512M), 0.0002502 secs]
2020-10-27T20:07:50.538+0800: 0.312: [GC concurrent-cleanup-start]
2020-10-27T20:07:50.538+0800: 0.312: [GC concurrent-cleanup-end, 0.0000081 secs]
2020-10-27T20:07:50.559+0800: 0.334: [GC pause (G1 Evacuation Pause) (young) 317M->252M(512M), 0.0047097 secs]
2020-10-27T20:07:50.566+0800: 0.340: [GC pause (G1 Evacuation Pause) (mixed) 270M->249M(512M), 0.0026609 secs]
2020-10-27T20:07:50.572+0800: 0.346: [GC pause (G1 Evacuation Pause) (mixed) 274M->252M(512M), 0.0018974 secs]
2020-10-27T20:07:50.574+0800: 0.348: [GC pause (G1 Humongous Allocation) (young) (initial-mark) 254M->252M(512M), 0.0007476 secs]
2020-10-27T20:07:50.575+0800: 0.349: [GC concurrent-root-region-scan-start]
2020-10-27T20:07:50.575+0800: 0.349: [GC concurrent-root-region-scan-end, 0.0000616 secs]
2020-10-27T20:07:50.575+0800: 0.349: [GC concurrent-mark-start]
2020-10-27T20:07:50.577+0800: 0.352: [GC concurrent-mark-end, 0.0022182 secs]
2020-10-27T20:07:50.577+0800: 0.352: [GC remark, 0.0009114 secs]
2020-10-27T20:07:50.578+0800: 0.353: [GC cleanup 265M->265M(512M), 0.0002242 secs]
2020-10-27T20:07:50.606+0800: 0.380: [GC pause (G1 Evacuation Pause) (young) 389M->294M(512M), 0.0062417 secs]
2020-10-27T20:07:50.614+0800: 0.388: [GC pause (G1 Evacuation Pause) (mixed) 306M->284M(512M), 0.0029476 secs]
2020-10-27T20:07:50.620+0800: 0.394: [GC pause (G1 Evacuation Pause) (mixed) 311M->285M(512M), 0.0025287 secs]
2020-10-27T20:07:50.623+0800: 0.397: [GC pause (G1 Humongous Allocation) (young) (initial-mark) 290M->286M(512M), 0.0009405 secs]
2020-10-27T20:07:50.624+0800: 0.398: [GC concurrent-root-region-scan-start]
2020-10-27T20:07:50.624+0800: 0.398: [GC concurrent-root-region-scan-end, 0.0001015 secs]
2020-10-27T20:07:50.624+0800: 0.398: [GC concurrent-mark-start]
2020-10-27T20:07:50.626+0800: 0.400: [GC concurrent-mark-end, 0.0021421 secs]
2020-10-27T20:07:50.626+0800: 0.400: [GC remark, 0.0009556 secs]
2020-10-27T20:07:50.627+0800: 0.402: [GC cleanup 302M->302M(512M), 0.0002468 secs]
2020-10-27T20:07:50.643+0800: 0.417: [GC pause (G1 Evacuation Pause) (young) 410M->322M(512M), 0.0053741 secs]
2020-10-27T20:07:50.649+0800: 0.424: [GC pause (G1 Evacuation Pause) (mixed) 335M->306M(512M), 0.0033622 secs]
2020-10-27T20:07:50.656+0800: 0.431: [GC pause (G1 Evacuation Pause) (mixed) 334M->304M(512M), 0.0032081 secs]
2020-10-27T20:07:50.659+0800: 0.434: [GC pause (G1 Humongous Allocation) (young) (initial-mark) 305M->305M(512M), 0.0007685 secs]
2020-10-27T20:07:50.660+0800: 0.435: [GC concurrent-root-region-scan-start]
2020-10-27T20:07:50.660+0800: 0.435: [GC concurrent-root-region-scan-end, 0.0000809 secs]
2020-10-27T20:07:50.660+0800: 0.435: [GC concurrent-mark-start]
2020-10-27T20:07:50.663+0800: 0.438: [GC concurrent-mark-end, 0.0022899 secs]
2020-10-27T20:07:50.663+0800: 0.438: [GC remark, 0.0010258 secs]
2020-10-27T20:07:50.664+0800: 0.439: [GC cleanup 328M->328M(512M), 0.0002527 secs]
2020-10-27T20:07:50.675+0800: 0.450: [GC pause (G1 Evacuation Pause) (young) 416M->335M(512M), 0.0038945 secs]
2020-10-27T20:07:50.681+0800: 0.456: [GC pause (G1 Evacuation Pause) (mixed) 350M->319M(512M), 0.0037536 secs]
2020-10-27T20:07:50.688+0800: 0.463: [GC pause (G1 Evacuation Pause) (mixed) 345M->322M(512M), 0.0026934 secs]
2020-10-27T20:07:50.691+0800: 0.466: [GC pause (G1 Humongous Allocation) (young) (initial-mark) 323M->322M(512M), 0.0008444 secs]
2020-10-27T20:07:50.692+0800: 0.467: [GC concurrent-root-region-scan-start]
2020-10-27T20:07:50.692+0800: 0.467: [GC concurrent-root-region-scan-end, 0.0000727 secs]
2020-10-27T20:07:50.692+0800: 0.467: [GC concurrent-mark-start]
2020-10-27T20:07:50.694+0800: 0.469: [GC concurrent-mark-end, 0.0022886 secs]
2020-10-27T20:07:50.694+0800: 0.469: [GC remark, 0.0010354 secs]
2020-10-27T20:07:50.696+0800: 0.471: [GC cleanup 343M->342M(512M), 0.0002297 secs]
2020-10-27T20:07:50.696+0800: 0.471: [GC concurrent-cleanup-start]
2020-10-27T20:07:50.696+0800: 0.471: [GC concurrent-cleanup-end, 0.0000076 secs]
2020-10-27T20:07:50.705+0800: 0.480: [GC pause (G1 Evacuation Pause) (young) 409M->348M(512M), 0.0031961 secs]
2020-10-27T20:07:50.711+0800: 0.486: [GC pause (G1 Evacuation Pause) (mixed) 368M->328M(512M), 0.0042590 secs]
2020-10-27T20:07:50.718+0800: 0.493: [GC pause (G1 Evacuation Pause) (mixed) 352M->333M(512M), 0.0021125 secs]
2020-10-27T20:07:50.721+0800: 0.496: [GC pause (G1 Humongous Allocation) (young) (initial-mark) 336M->334M(512M), 0.0008201 secs]
2020-10-27T20:07:50.722+0800: 0.496: [GC concurrent-root-region-scan-start]
2020-10-27T20:07:50.722+0800: 0.497: [GC concurrent-root-region-scan-end, 0.0000861 secs]
2020-10-27T20:07:50.722+0800: 0.497: [GC concurrent-mark-start]
2020-10-27T20:07:50.724+0800: 0.499: [GC concurrent-mark-end, 0.0023894 secs]
2020-10-27T20:07:50.724+0800: 0.499: [GC remark, 0.0010800 secs]
2020-10-27T20:07:50.725+0800: 0.500: [GC cleanup 358M->358M(512M), 0.0002586 secs]
2020-10-27T20:07:50.732+0800: 0.507: [GC pause (G1 Evacuation Pause) (young) 405M->351M(512M), 0.0028302 secs]
2020-10-27T20:07:50.738+0800: 0.513: [GC pause (G1 Evacuation Pause) (mixed) 372M->334M(512M), 0.0048939 secs]
2020-10-27T20:07:50.746+0800: 0.521: [GC pause (G1 Evacuation Pause) (mixed) 361M->340M(512M), 0.0024800 secs]
2020-10-27T20:07:50.749+0800: 0.524: [GC pause (G1 Humongous Allocation) (young) (initial-mark) 341M->340M(512M), 0.0009068 secs]
2020-10-27T20:07:50.750+0800: 0.525: [GC concurrent-root-region-scan-start]
2020-10-27T20:07:50.750+0800: 0.525: [GC concurrent-root-region-scan-end, 0.0000842 secs]
2020-10-27T20:07:50.750+0800: 0.525: [GC concurrent-mark-start]
2020-10-27T20:07:50.753+0800: 0.528: [GC concurrent-mark-end, 0.0029955 secs]
2020-10-27T20:07:50.753+0800: 0.528: [GC remark, 0.0010935 secs]
2020-10-27T20:07:50.754+0800: 0.529: [GC cleanup 361M->361M(512M), 0.0002362 secs]
2020-10-27T20:07:50.759+0800: 0.533: [GC pause (G1 Evacuation Pause) (young) 399M->352M(512M), 0.0029942 secs]
2020-10-27T20:07:50.764+0800: 0.539: [GC pause (G1 Evacuation Pause) (mixed) 376M->351M(512M), 0.0036670 secs]
2020-10-27T20:07:50.772+0800: 0.547: [GC pause (G1 Evacuation Pause) (mixed) 381M->354M(512M), 0.0035766 secs]
2020-10-27T20:07:50.778+0800: 0.553: [GC pause (G1 Evacuation Pause) (mixed) 380M->357M(512M), 0.0023620 secs]
2020-10-27T20:07:50.781+0800: 0.556: [GC pause (G1 Humongous Allocation) (young) (initial-mark) 357M->356M(512M), 0.0008241 secs]
2020-10-27T20:07:50.782+0800: 0.557: [GC concurrent-root-region-scan-start]
2020-10-27T20:07:50.782+0800: 0.557: [GC concurrent-root-region-scan-end, 0.0000063 secs]
2020-10-27T20:07:50.782+0800: 0.557: [GC concurrent-mark-start]
2020-10-27T20:07:50.785+0800: 0.559: [GC concurrent-mark-end, 0.0027061 secs]
2020-10-27T20:07:50.785+0800: 0.559: [GC remark, 0.0011040 secs]
2020-10-27T20:07:50.786+0800: 0.561: [GC cleanup 379M->378M(512M), 0.0002526 secs]
2020-10-27T20:07:50.786+0800: 0.561: [GC concurrent-cleanup-start]
2020-10-27T20:07:50.786+0800: 0.561: [GC concurrent-cleanup-end, 0.0000065 secs]
2020-10-27T20:07:50.789+0800: 0.564: [GC pause (G1 Evacuation Pause) (young) 401M->372M(512M), 0.0025312 secs]
2020-10-27T20:07:50.795+0800: 0.569: [GC pause (G1 Evacuation Pause) (mixed) 396M->360M(512M), 0.0032328 secs]
2020-10-27T20:07:50.801+0800: 0.576: [GC pause (G1 Evacuation Pause) (mixed) 389M->358M(512M), 0.0039703 secs]
2020-10-27T20:07:50.808+0800: 0.582: [GC pause (G1 Evacuation Pause) (mixed) 382M->365M(512M), 0.0021223 secs]
2020-10-27T20:07:50.810+0800: 0.585: [GC pause (G1 Humongous Allocation) (young) (initial-mark) 365M->366M(512M), 0.0007825 secs]
2020-10-27T20:07:50.811+0800: 0.586: [GC concurrent-root-region-scan-start]
2020-10-27T20:07:50.811+0800: 0.586: [GC concurrent-root-region-scan-end, 0.0000059 secs]
2020-10-27T20:07:50.811+0800: 0.586: [GC concurrent-mark-start]
2020-10-27T20:07:50.814+0800: 0.588: [GC concurrent-mark-end, 0.0026401 secs]
2020-10-27T20:07:50.814+0800: 0.588: [GC remark, 0.0011270 secs]
2020-10-27T20:07:50.815+0800: 0.590: [GC cleanup 388M->388M(512M), 0.0002621 secs]
2020-10-27T20:07:50.817+0800: 0.591: [GC pause (G1 Evacuation Pause) (young) 400M->376M(512M), 0.0019451 secs]
2020-10-27T20:07:50.822+0800: 0.597: [GC pause (G1 Evacuation Pause) (mixed) 405M->364M(512M), 0.0044393 secs]
2020-10-27T20:07:50.830+0800: 0.605: [GC pause (G1 Evacuation Pause) (mixed) 390M->367M(512M), 0.0027552 secs]
2020-10-27T20:07:50.833+0800: 0.608: [GC pause (G1 Humongous Allocation) (young) (initial-mark) 368M->367M(512M), 0.0008229 secs]
2020-10-27T20:07:50.834+0800: 0.609: [GC concurrent-root-region-scan-start]
2020-10-27T20:07:50.834+0800: 0.609: [GC concurrent-root-region-scan-end, 0.0000157 secs]
2020-10-27T20:07:50.834+0800: 0.609: [GC concurrent-mark-start]
2020-10-27T20:07:50.837+0800: 0.612: [GC concurrent-mark-end, 0.0028114 secs]
2020-10-27T20:07:50.837+0800: 0.612: [GC remark, 0.0011231 secs]
2020-10-27T20:07:50.838+0800: 0.613: [GC cleanup 394M->394M(512M), 0.0002697 secs]
2020-10-27T20:07:50.840+0800: 0.614: [GC pause (G1 Evacuation Pause) (young) 399M->376M(512M), 0.0019464 secs]
2020-10-27T20:07:50.845+0800: 0.620: [GC pause (G1 Evacuation Pause) (mixed) 403M->370M(512M), 0.0041109 secs]
2020-10-27T20:07:50.852+0800: 0.627: [GC pause (G1 Evacuation Pause) (mixed) 396M->371M(512M), 0.0029943 secs]
2020-10-27T20:07:50.857+0800: 0.632: [GC pause (G1 Humongous Allocation) (young) (initial-mark) 384M->374M(512M), 0.0011452 secs]
2020-10-27T20:07:50.859+0800: 0.633: [GC concurrent-root-region-scan-start]
2020-10-27T20:07:50.859+0800: 0.633: [GC concurrent-root-region-scan-end, 0.0000826 secs]
2020-10-27T20:07:50.859+0800: 0.633: [GC concurrent-mark-start]
2020-10-27T20:07:50.861+0800: 0.636: [GC concurrent-mark-end, 0.0026283 secs]
2020-10-27T20:07:50.861+0800: 0.636: [GC remark, 0.0011335 secs]
2020-10-27T20:07:50.863+0800: 0.637: [GC cleanup 390M->389M(512M), 0.0002493 secs]
2020-10-27T20:07:50.863+0800: 0.637: [GC concurrent-cleanup-start]
2020-10-27T20:07:50.863+0800: 0.637: [GC concurrent-cleanup-end, 0.0000072 secs]
2020-10-27T20:07:50.864+0800: 0.639: [GC pause (G1 Evacuation Pause) (young) 397M->379M(512M), 0.0015603 secs]
2020-10-27T20:07:50.869+0800: 0.643: [GC pause (G1 Evacuation Pause) (mixed) 405M->368M(512M), 0.0044623 secs]
2020-10-27T20:07:50.874+0800: 0.648: [GC pause (G1 Humongous Allocation) (young) (initial-mark) 371M->369M(512M), 0.0010434 secs]
2020-10-27T20:07:50.875+0800: 0.649: [GC concurrent-root-region-scan-start]
2020-10-27T20:07:50.875+0800: 0.650: [GC concurrent-root-region-scan-end, 0.0000711 secs]
2020-10-27T20:07:50.875+0800: 0.650: [GC concurrent-mark-start]
2020-10-27T20:07:50.878+0800: 0.652: [GC concurrent-mark-end, 0.0025904 secs]
2020-10-27T20:07:50.878+0800: 0.652: [GC remark, 0.0011633 secs]
2020-10-27T20:07:50.879+0800: 0.653: [GC cleanup 396M->396M(512M), 0.0002516 secs]
2020-10-27T20:07:50.880+0800: 0.654: [GC pause (G1 Evacuation Pause) (young) 399M->375M(512M), 0.0019241 secs]
2020-10-27T20:07:50.885+0800: 0.660: [GC pause (G1 Evacuation Pause) (mixed) 405M->376M(512M), 0.0033512 secs]
2020-10-27T20:07:50.892+0800: 0.667: [GC pause (G1 Evacuation Pause) (mixed) 402M->382M(512M), 0.0028669 secs]
2020-10-27T20:07:50.895+0800: 0.670: [GC pause (G1 Humongous Allocation) (young) (initial-mark) 383M->382M(512M), 0.0007743 secs]
2020-10-27T20:07:50.896+0800: 0.671: [GC concurrent-root-region-scan-start]
2020-10-27T20:07:50.896+0800: 0.671: [GC concurrent-root-region-scan-end, 0.0000156 secs]
2020-10-27T20:07:50.896+0800: 0.671: [GC concurrent-mark-start]
2020-10-27T20:07:50.899+0800: 0.673: [GC concurrent-mark-end, 0.0026410 secs]
2020-10-27T20:07:50.899+0800: 0.673: [GC remark, 0.0014104 secs]
2020-10-27T20:07:50.900+0800: 0.675: [GC cleanup 405M->405M(512M), 0.0002706 secs]
2020-10-27T20:07:50.902+0800: 0.676: [GC pause (G1 Evacuation Pause) (young) 416M->392M(512M), 0.0020748 secs]
2020-10-27T20:07:50.908+0800: 0.682: [GC pause (G1 Evacuation Pause) (mixed) 418M->385M(512M), 0.0031317 secs]
2020-10-27T20:07:50.913+0800: 0.688: [GC pause (G1 Evacuation Pause) (mixed) 412M->382M(512M), 0.0036095 secs]
2020-10-27T20:07:50.923+0800: 0.698: [GC pause (G1 Evacuation Pause) (mixed) 409M->390M(512M), 0.0026432 secs]
2020-10-27T20:07:50.926+0800: 0.700: [GC pause (G1 Humongous Allocation) (young) (initial-mark) 391M->391M(512M), 0.0007898 secs]
2020-10-27T20:07:50.927+0800: 0.701: [GC concurrent-root-region-scan-start]
2020-10-27T20:07:50.927+0800: 0.701: [GC concurrent-root-region-scan-end, 0.0000656 secs]
2020-10-27T20:07:50.927+0800: 0.701: [GC concurrent-mark-start]
2020-10-27T20:07:50.930+0800: 0.704: [GC concurrent-mark-end, 0.0027260 secs]
2020-10-27T20:07:50.930+0800: 0.704: [GC remark, 0.0011825 secs]
2020-10-27T20:07:50.931+0800: 0.705: [GC cleanup 417M->417M(512M), 0.0002543 secs]
2020-10-27T20:07:50.932+0800: 0.707: [GC pause (G1 Evacuation Pause) (young) 422M->400M(512M), 0.0024331 secs]
2020-10-27T20:07:50.938+0800: 0.712: [GC pause (G1 Evacuation Pause) (mixed)-- 429M->419M(512M), 0.0028741 secs]
2020-10-27T20:07:50.944+0800: 0.718: [GC pause (G1 Evacuation Pause) (mixed)-- 445M->438M(512M), 0.0018184 secs]
2020-10-27T20:07:50.947+0800: 0.721: [GC pause (G1 Evacuation Pause) (mixed)-- 447M->443M(512M), 0.0008227 secs]
2020-10-27T20:07:50.948+0800: 0.722: [GC pause (G1 Humongous Allocation) (young) (initial-mark) 446M->444M(512M), 0.0005547 secs]
2020-10-27T20:07:50.949+0800: 0.723: [GC concurrent-root-region-scan-start]
2020-10-27T20:07:50.949+0800: 0.723: [GC concurrent-root-region-scan-end, 0.0000645 secs]
2020-10-27T20:07:50.949+0800: 0.723: [GC concurrent-mark-start]
2020-10-27T20:07:50.949+0800: 0.723: [GC pause (G1 Humongous Allocation) (young)-- 448M->446M(512M), 0.0007020 secs]
2020-10-27T20:07:50.950+0800: 0.725: [GC pause (G1 Evacuation Pause) (young)-- 448M->448M(512M), 0.0007085 secs]
2020-10-27T20:07:50.952+0800: 0.726: [GC pause (G1 Evacuation Pause) (young)-- 449M->449M(512M), 0.0007792 secs]
2020-10-27T20:07:50.953+0800: 0.727: [Full GC (Allocation Failure)  449M->327M(512M), 0.0301682 secs]
2020-10-27T20:07:50.983+0800: 0.757: [GC concurrent-mark-abort]
2020-10-27T20:07:50.984+0800: 0.758: [GC pause (G1 Humongous Allocation) (young) (initial-mark) 330M->327M(512M), 0.0005278 secs]
2020-10-27T20:07:50.984+0800: 0.758: [GC concurrent-root-region-scan-start]
2020-10-27T20:07:50.984+0800: 0.759: [GC concurrent-root-region-scan-end, 0.0000773 secs]
2020-10-27T20:07:50.984+0800: 0.759: [GC concurrent-mark-start]
2020-10-27T20:07:50.987+0800: 0.761: [GC concurrent-mark-end, 0.0024800 secs]
2020-10-27T20:07:50.987+0800: 0.761: [GC remark, 0.0011639 secs]
2020-10-27T20:07:50.988+0800: 0.762: [GC cleanup 350M->350M(512M), 0.0002841 secs]
2020-10-27T20:07:50.990+0800: 0.764: [GC pause (G1 Evacuation Pause) (young) 356M->336M(512M), 0.0016785 secs]
2020-10-27T20:07:50.992+0800: 0.766: [GC pause (G1 Humongous Allocation) (young) (initial-mark) 342M->338M(512M), 0.0010114 secs]
2020-10-27T20:07:50.993+0800: 0.767: [GC concurrent-root-region-scan-start]
2020-10-27T20:07:50.993+0800: 0.767: [GC concurrent-root-region-scan-end, 0.0000765 secs]
2020-10-27T20:07:50.993+0800: 0.767: [GC concurrent-mark-start]
2020-10-27T20:07:50.996+0800: 0.770: [GC concurrent-mark-end, 0.0025838 secs]
2020-10-27T20:07:50.996+0800: 0.770: [GC remark, 0.0011939 secs]
2020-10-27T20:07:50.997+0800: 0.771: [GC cleanup 361M->361M(512M), 0.0002825 secs]
2020-10-27T20:07:50.998+0800: 0.773: [GC pause (G1 Evacuation Pause) (young) 365M->347M(512M), 0.0020858 secs]
2020-10-27T20:07:51.004+0800: 0.778: [GC pause (G1 Evacuation Pause) (mixed) 375M->349M(512M), 0.0023225 secs]
2020-10-27T20:07:51.008+0800: 0.782: [GC pause (G1 Humongous Allocation) (young) (initial-mark) 357M->350M(512M), 0.0009773 secs]
2020-10-27T20:07:51.009+0800: 0.783: [GC concurrent-root-region-scan-start]
2020-10-27T20:07:51.009+0800: 0.783: [GC concurrent-root-region-scan-end, 0.0000780 secs]
2020-10-27T20:07:51.009+0800: 0.783: [GC concurrent-mark-start]
2020-10-27T20:07:51.011+0800: 0.785: [GC concurrent-mark-end, 0.0026495 secs]
2020-10-27T20:07:51.011+0800: 0.786: [GC remark, 0.0011536 secs]
2020-10-27T20:07:51.013+0800: 0.787: [GC cleanup 372M->372M(512M), 0.0002763 secs]
2020-10-27T20:07:51.014+0800: 0.788: [GC pause (G1 Evacuation Pause) (young) 377M->357M(512M), 0.0019102 secs]
2020-10-27T20:07:51.019+0800: 0.793: [GC pause (G1 Evacuation Pause) (mixed) 382M->358M(512M), 0.0024568 secs]
2020-10-27T20:07:51.024+0800: 0.799: [GC pause (G1 Evacuation Pause) (mixed) 383M->364M(512M), 0.0029865 secs]
2020-10-27T20:07:51.027+0800: 0.802: [GC pause (G1 Humongous Allocation) (young) (initial-mark) 365M->364M(512M), 0.0009113 secs]
2020-10-27T20:07:51.028+0800: 0.803: [GC concurrent-root-region-scan-start]
2020-10-27T20:07:51.028+0800: 0.803: [GC concurrent-root-region-scan-end, 0.0000154 secs]
2020-10-27T20:07:51.028+0800: 0.803: [GC concurrent-mark-start]
2020-10-27T20:07:51.031+0800: 0.806: [GC concurrent-mark-end, 0.0028151 secs]
2020-10-27T20:07:51.031+0800: 0.806: [GC remark, 0.0011544 secs]
2020-10-27T20:07:51.032+0800: 0.807: [GC cleanup 384M->384M(512M), 0.0002606 secs]
2020-10-27T20:07:51.035+0800: 0.810: [GC pause (G1 Evacuation Pause) (young) 402M->374M(512M), 0.0028251 secs]
2020-10-27T20:07:51.041+0800: 0.816: [GC pause (G1 Evacuation Pause) (mixed)-- 398M->391M(512M), 0.0033308 secs]
2020-10-27T20:07:51.047+0800: 0.822: [GC pause (G1 Evacuation Pause) (mixed)-- 414M->412M(512M), 0.0021168 secs]
2020-10-27T20:07:51.050+0800: 0.825: [GC pause (G1 Humongous Allocation) (young) (initial-mark) 414M->412M(512M), 0.0009958 secs]
2020-10-27T20:07:51.051+0800: 0.826: [GC concurrent-root-region-scan-start]
2020-10-27T20:07:51.051+0800: 0.826: [GC concurrent-root-region-scan-end, 0.0000884 secs]
2020-10-27T20:07:51.051+0800: 0.826: [GC concurrent-mark-start]
2020-10-27T20:07:51.053+0800: 0.828: [GC pause (G1 Evacuation Pause) (young)-- 427M->423M(512M), 0.0007408 secs]
2020-10-27T20:07:51.054+0800: 0.829: [GC pause (G1 Humongous Allocation) (young)-- 428M->427M(512M), 0.0004795 secs]
2020-10-27T20:07:51.055+0800: 0.830: [GC pause (G1 Evacuation Pause) (young) 428M->427M(512M), 0.0004268 secs]
2020-10-27T20:07:51.056+0800: 0.831: [GC pause (G1 Humongous Allocation) (young) 428M->427M(512M), 0.0004246 secs]
2020-10-27T20:07:51.056+0800: 0.831: [GC pause (G1 Evacuation Pause) (young) 428M->428M(512M), 0.0004702 secs]
2020-10-27T20:07:51.057+0800: 0.832: [GC pause (G1 Evacuation Pause) (young) 428M->428M(512M), 0.0004120 secs]
2020-10-27T20:07:51.057+0800: 0.832: [Full GC (Allocation Failure)  428M->332M(512M), 0.0310237 secs]
2020-10-27T20:07:51.088+0800: 0.863: [GC concurrent-mark-abort]
2020-10-27T20:07:51.088+0800: 0.863: [GC pause (G1 Humongous Allocation) (young) (initial-mark) 332M->332M(512M), 0.0004700 secs]
2020-10-27T20:07:51.089+0800: 0.864: [GC concurrent-root-region-scan-start]
2020-10-27T20:07:51.089+0800: 0.864: [GC concurrent-root-region-scan-end, 0.0000127 secs]
2020-10-27T20:07:51.089+0800: 0.864: [GC concurrent-mark-start]
2020-10-27T20:07:51.091+0800: 0.866: [GC concurrent-mark-end, 0.0026000 secs]
2020-10-27T20:07:51.092+0800: 0.866: [GC remark, 0.0011507 secs]
2020-10-27T20:07:51.093+0800: 0.868: [GC cleanup 354M->354M(512M), 0.0002383 secs]
2020-10-27T20:07:51.094+0800: 0.869: [GC pause (G1 Evacuation Pause) (young) 362M->343M(512M), 0.0018464 secs]
2020-10-27T20:07:51.096+0800: 0.871: [GC pause (G1 Humongous Allocation) (young) (initial-mark) 343M->343M(512M), 0.0007638 secs]
2020-10-27T20:07:51.097+0800: 0.872: [GC concurrent-root-region-scan-start]
2020-10-27T20:07:51.097+0800: 0.872: [GC concurrent-root-region-scan-end, 0.0000055 secs]
2020-10-27T20:07:51.097+0800: 0.872: [GC concurrent-mark-start]
2020-10-27T20:07:51.100+0800: 0.875: [GC concurrent-mark-end, 0.0028601 secs]
2020-10-27T20:07:51.100+0800: 0.875: [GC remark, 0.0011681 secs]
2020-10-27T20:07:51.101+0800: 0.876: [GC cleanup 369M->369M(512M), 0.0002506 secs]
2020-10-27T20:07:51.103+0800: 0.877: [GC pause (G1 Evacuation Pause) (young) 375M->349M(512M), 0.0019030 secs]
2020-10-27T20:07:51.107+0800: 0.882: [GC pause (G1 Evacuation Pause) (mixed) 373M->357M(512M), 0.0025774 secs]
2020-10-27T20:07:51.110+0800: 0.885: [GC pause (G1 Humongous Allocation) (young) (initial-mark) 358M->356M(512M), 0.0007701 secs]
2020-10-27T20:07:51.111+0800: 0.886: [GC concurrent-root-region-scan-start]
2020-10-27T20:07:51.111+0800: 0.886: [GC concurrent-root-region-scan-end, 0.0000150 secs]
2020-10-27T20:07:51.111+0800: 0.886: [GC concurrent-mark-start]
2020-10-27T20:07:51.114+0800: 0.889: [GC concurrent-mark-end, 0.0027922 secs]
2020-10-27T20:07:51.114+0800: 0.889: [GC remark, 0.0011694 secs]
2020-10-27T20:07:51.115+0800: 0.890: [GC cleanup 377M->377M(512M), 0.0002472 secs]
2020-10-27T20:07:51.117+0800: 0.892: [GC pause (G1 Evacuation Pause) (young) 385M->362M(512M), 0.0014657 secs]
2020-10-27T20:07:51.122+0800: 0.897: [GC pause (G1 Evacuation Pause) (mixed) 386M->361M(512M), 0.0027646 secs]
2020-10-27T20:07:51.128+0800: 0.903: [GC pause (G1 Evacuation Pause) (mixed) 387M->365M(512M), 0.0030617 secs]
2020-10-27T20:07:51.131+0800: 0.906: [GC pause (G1 Humongous Allocation) (young) (initial-mark) 365M->366M(512M), 0.0007804 secs]
2020-10-27T20:07:51.132+0800: 0.907: [GC concurrent-root-region-scan-start]
2020-10-27T20:07:51.132+0800: 0.907: [GC concurrent-root-region-scan-end, 0.0000059 secs]
2020-10-27T20:07:51.132+0800: 0.907: [GC concurrent-mark-start]
2020-10-27T20:07:51.135+0800: 0.909: [GC concurrent-mark-end, 0.0028092 secs]
2020-10-27T20:07:51.135+0800: 0.909: [GC remark, 0.0011661 secs]
2020-10-27T20:07:51.136+0800: 0.911: [GC cleanup 386M->386M(512M), 0.0002329 secs]
2020-10-27T20:07:51.137+0800: 0.912: [GC pause (G1 Evacuation Pause) (young) 396M->374M(512M), 0.0017990 secs]
2020-10-27T20:07:51.143+0800: 0.918: [GC pause (G1 Evacuation Pause) (mixed) 399M->373M(512M), 0.0028318 secs]
2020-10-27T20:07:51.149+0800: 0.924: [GC pause (G1 Evacuation Pause) (mixed) 398M->375M(512M), 0.0031832 secs]
2020-10-27T20:07:51.155+0800: 0.930: [GC pause (G1 Evacuation Pause) (mixed) 400M->380M(512M), 0.0020009 secs]
2020-10-27T20:07:51.159+0800: 0.933: [GC pause (G1 Humongous Allocation) (young) (initial-mark) 389M->381M(512M), 0.0011415 secs]
2020-10-27T20:07:51.160+0800: 0.935: [GC concurrent-root-region-scan-start]
2020-10-27T20:07:51.160+0800: 0.935: [GC concurrent-root-region-scan-end, 0.0000890 secs]
2020-10-27T20:07:51.160+0800: 0.935: [GC concurrent-mark-start]
2020-10-27T20:07:51.163+0800: 0.937: [GC concurrent-mark-end, 0.0028735 secs]
2020-10-27T20:07:51.163+0800: 0.938: [GC remark, 0.0011764 secs]
2020-10-27T20:07:51.164+0800: 0.939: [GC cleanup 408M->408M(512M), 0.0002468 secs]
2020-10-27T20:07:51.165+0800: 0.939: [GC pause (G1 Evacuation Pause) (young) 408M->389M(512M), 0.0017810 secs]
2020-10-27T20:07:51.170+0800: 0.945: [GC pause (G1 Evacuation Pause) (mixed)-- 416M->398M(512M), 0.0026564 secs]
2020-10-27T20:07:51.176+0800: 0.951: [GC pause (G1 Evacuation Pause) (mixed)-- 424M->420M(512M), 0.0020754 secs]
2020-10-27T20:07:51.180+0800: 0.954: [GC pause (G1 Evacuation Pause) (mixed)-- 434M->430M(512M), 0.0010351 secs]
2020-10-27T20:07:51.182+0800: 0.956: [GC pause (G1 Humongous Allocation) (young) (initial-mark)-- 434M->434M(512M), 0.0006255 secs]
2020-10-27T20:07:51.182+0800: 0.957: [GC concurrent-root-region-scan-start]
2020-10-27T20:07:51.182+0800: 0.957: [GC concurrent-root-region-scan-end, 0.0000628 secs]
2020-10-27T20:07:51.182+0800: 0.957: [GC concurrent-mark-start]
2020-10-27T20:07:51.182+0800: 0.957: [GC pause (G1 Evacuation Pause) (young)-- 435M->435M(512M), 0.0004903 secs]
2020-10-27T20:07:51.183+0800: 0.958: [GC pause (G1 Evacuation Pause) (young) 435M->435M(512M), 0.0003576 secs]
2020-10-27T20:07:51.183+0800: 0.958: [Full GC (Allocation Failure)  435M->341M(512M), 0.0320607 secs]
2020-10-27T20:07:51.216+0800: 0.990: [GC concurrent-mark-abort]
2020-10-27T20:07:51.216+0800: 0.991: [GC pause (G1 Humongous Allocation) (young) (initial-mark) 343M->341M(512M), 0.0005103 secs]
2020-10-27T20:07:51.216+0800: 0.991: [GC concurrent-root-region-scan-start]
2020-10-27T20:07:51.217+0800: 0.991: [GC concurrent-root-region-scan-end, 0.0000908 secs]
2020-10-27T20:07:51.217+0800: 0.991: [GC concurrent-mark-start]
2020-10-27T20:07:51.219+0800: 0.994: [GC concurrent-mark-end, 0.0026395 secs]
2020-10-27T20:07:51.219+0800: 0.994: [GC remark, 0.0012479 secs]
2020-10-27T20:07:51.221+0800: 0.995: [GC cleanup 362M->362M(512M), 0.0002452 secs]
2020-10-27T20:07:51.222+0800: 0.997: [GC pause (G1 Evacuation Pause) (young) 371M->345M(512M), 0.0015136 secs]
2020-10-27T20:07:51.225+0800: 0.999: [GC pause (G1 Humongous Allocation) (young) (initial-mark) 349M->346M(512M), 0.0009927 secs]
2020-10-27T20:07:51.226+0800: 1.000: [GC concurrent-root-region-scan-start]
2020-10-27T20:07:51.226+0800: 1.000: [GC concurrent-root-region-scan-end, 0.0000695 secs]
2020-10-27T20:07:51.226+0800: 1.000: [GC concurrent-mark-start]
2020-10-27T20:07:51.228+0800: 1.003: [GC concurrent-mark-end, 0.0025145 secs]
2020-10-27T20:07:51.228+0800: 1.003: [GC remark, 0.0012795 secs]
2020-10-27T20:07:51.230+0800: 1.004: [GC cleanup 366M->366M(512M), 0.0003930 secs]
2020-10-27T20:07:51.231+0800: 1.006: [GC pause (G1 Evacuation Pause) (young) 373M->354M(512M), 0.0015838 secs]
2020-10-27T20:07:51.236+0800: 1.010: [GC pause (G1 Evacuation Pause) (mixed) 379M->358M(512M), 0.0025034 secs]
2020-10-27T20:07:51.239+0800: 1.013: [GC pause (G1 Humongous Allocation) (young) (initial-mark) 360M->359M(512M), 0.0008881 secs]
2020-10-27T20:07:51.240+0800: 1.014: [GC concurrent-root-region-scan-start]
2020-10-27T20:07:51.240+0800: 1.014: [GC concurrent-root-region-scan-end, 0.0001157 secs]
2020-10-27T20:07:51.240+0800: 1.014: [GC concurrent-mark-start]
2020-10-27T20:07:51.242+0800: 1.017: [GC concurrent-mark-end, 0.0027058 secs]
2020-10-27T20:07:51.243+0800: 1.017: [GC remark, 0.0013052 secs]
2020-10-27T20:07:51.244+0800: 1.019: [GC cleanup 384M->384M(512M), 0.0003508 secs]
2020-10-27T20:07:51.245+0800: 1.019: [GC pause (G1 Evacuation Pause) (young) 386M->367M(512M), 0.0016216 secs]
2020-10-27T20:07:51.250+0800: 1.024: [GC pause (G1 Evacuation Pause) (mixed) 392M->368M(512M), 0.0032247 secs]
2020-10-27T20:07:51.256+0800: 1.030: [GC pause (G1 Evacuation Pause) (mixed) 392M->370M(512M), 0.0025144 secs]
2020-10-27T20:07:51.258+0800: 1.033: [GC pause (G1 Humongous Allocation) (young) (initial-mark) 371M->371M(512M), 0.0010047 secs]
2020-10-27T20:07:51.260+0800: 1.034: [GC concurrent-root-region-scan-start]
2020-10-27T20:07:51.260+0800: 1.034: [GC concurrent-root-region-scan-end, 0.0000208 secs]
2020-10-27T20:07:51.260+0800: 1.034: [GC concurrent-mark-start]
2020-10-27T20:07:51.263+0800: 1.037: [GC concurrent-mark-end, 0.0029728 secs]
2020-10-27T20:07:51.263+0800: 1.037: [GC remark, 0.0012101 secs]
2020-10-27T20:07:51.264+0800: 1.038: [GC cleanup 392M->392M(512M), 0.0002630 secs]
2020-10-27T20:07:51.266+0800: 1.040: [GC pause (G1 Evacuation Pause) (young) 403M->382M(512M), 0.0021488 secs]
2020-10-27T20:07:51.271+0800: 1.046: [GC pause (G1 Evacuation Pause) (mixed)-- 409M->387M(512M), 0.0029400 secs]
2020-10-27T20:07:51.277+0800: 1.051: [GC pause (G1 Evacuation Pause) (mixed)-- 410M->404M(512M), 0.0028760 secs]
2020-10-27T20:07:51.280+0800: 1.055: [GC pause (G1 Humongous Allocation) (young) (initial-mark) 406M->405M(512M), 0.0009664 secs]
2020-10-27T20:07:51.281+0800: 1.056: [GC concurrent-root-region-scan-start]
2020-10-27T20:07:51.281+0800: 1.056: [GC concurrent-root-region-scan-end, 0.0000163 secs]
2020-10-27T20:07:51.281+0800: 1.056: [GC concurrent-mark-start]
2020-10-27T20:07:51.284+0800: 1.059: [GC concurrent-mark-end, 0.0029989 secs]
2020-10-27T20:07:51.284+0800: 1.059: [GC remark, 0.0011830 secs]
2020-10-27T20:07:51.286+0800: 1.060: [GC cleanup 418M->417M(512M), 0.0002778 secs]
2020-10-27T20:07:51.286+0800: 1.060: [GC concurrent-cleanup-start]
2020-10-27T20:07:51.286+0800: 1.060: [GC concurrent-cleanup-end, 0.0000085 secs]
2020-10-27T20:07:51.288+0800: 1.062: [GC pause (G1 Evacuation Pause) (young)-- 430M->420M(512M), 0.0011885 secs]
2020-10-27T20:07:51.291+0800: 1.065: [GC pause (G1 Evacuation Pause) (mixed)-- 432M->429M(512M), 0.0010048 secs]
2020-10-27T20:07:51.293+0800: 1.067: [GC pause (G1 Humongous Allocation) (mixed)-- 433M->431M(512M), 0.0008194 secs]
2020-10-27T20:07:51.294+0800: 1.068: [GC pause (G1 Evacuation Pause) (young) (initial-mark)-- 434M->432M(512M), 0.0005236 secs]
2020-10-27T20:07:51.294+0800: 1.069: [GC concurrent-root-region-scan-start]
2020-10-27T20:07:51.294+0800: 1.069: [GC concurrent-root-region-scan-end, 0.0000052 secs]
2020-10-27T20:07:51.294+0800: 1.069: [GC concurrent-mark-start]
2020-10-27T20:07:51.295+0800: 1.069: [GC pause (G1 Humongous Allocation) (young)-- 434M->433M(512M), 0.0004062 secs]
2020-10-27T20:07:51.295+0800: 1.069: [GC pause (G1 Humongous Allocation) (young) 434M->434M(512M), 0.0004244 secs]
2020-10-27T20:07:51.296+0800: 1.070: [Full GC (Allocation Failure)  434M->347M(512M), 0.0328013 secs]
2020-10-27T20:07:51.329+0800: 1.103: [GC concurrent-mark-abort]
2020-10-27T20:07:51.329+0800: 1.103: [GC pause (G1 Humongous Allocation) (young) (initial-mark) 349M->347M(512M), 0.0005522 secs]
2020-10-27T20:07:51.330+0800: 1.104: [GC concurrent-root-region-scan-start]
2020-10-27T20:07:51.330+0800: 1.104: [GC concurrent-root-region-scan-end, 0.0000718 secs]
2020-10-27T20:07:51.330+0800: 1.104: [GC concurrent-mark-start]
2020-10-27T20:07:51.332+0800: 1.107: [GC concurrent-mark-end, 0.0025524 secs]
2020-10-27T20:07:51.332+0800: 1.107: [GC remark, 0.0013383 secs]
2020-10-27T20:07:51.334+0800: 1.108: [GC cleanup 371M->371M(512M), 0.0002347 secs]
