Java HotSpot(TM) 64-Bit Server VM (25.211-b12) for windows-amd64 JRE (1.8.0_211-b12), built on Apr  1 2019 20:53:26 by "java_re" with MS VC++ 10.0 (VS2010)
Memory: 4k page, physical 16640612k(8263400k free), swap 16640612k(6374608k free)
CommandLine flags: -XX:InitialHeapSize=536870912 -XX:MaxHeapSize=536870912 -XX:+PrintGC -XX:+PrintGCDateStamps -XX:+PrintGCDetails -XX:+PrintGCTimeStamps -XX:+UseCompressedClassPointers -XX:+UseCompressedOops -XX:-UseLargePagesIndividualAllocation -XX:+UseSerialGC 
2020-10-27T20:07:46.762+0800: 0.185: [GC (Allocation Failure) 2020-10-27T20:07:46.762+0800: 0.185: [DefNew: 139776K->17471K(157248K), 0.0198221 secs] 139776K->45140K(506816K), 0.0199750 secs] [Times: user=0.00 sys=0.02, real=0.02 secs] 
2020-10-27T20:07:46.802+0800: 0.225: [GC (Allocation Failure) 2020-10-27T20:07:46.802+0800: 0.225: [DefNew: 157247K->17470K(157248K), 0.0231211 secs] 184916K->82850K(506816K), 0.0231714 secs] [Times: user=0.02 sys=0.02, real=0.02 secs] 
2020-10-27T20:07:46.841+0800: 0.264: [GC (Allocation Failure) 2020-10-27T20:07:46.841+0800: 0.264: [DefNew: 157246K->17471K(157248K), 0.0201192 secs] 222626K->128016K(506816K), 0.0201713 secs] [Times: user=0.02 sys=0.00, real=0.02 secs] 
2020-10-27T20:07:46.878+0800: 0.301: [GC (Allocation Failure) 2020-10-27T20:07:46.878+0800: 0.301: [DefNew: 157247K->17471K(157248K), 0.0205096 secs] 267792K->172430K(506816K), 0.0205611 secs] [Times: user=0.02 sys=0.00, real=0.02 secs] 
2020-10-27T20:07:46.916+0800: 0.340: [GC (Allocation Failure) 2020-10-27T20:07:46.916+0800: 0.340: [DefNew: 157247K->17471K(157248K), 0.0196336 secs] 312206K->216294K(506816K), 0.0196875 secs] [Times: user=0.02 sys=0.01, real=0.02 secs] 
2020-10-27T20:07:46.952+0800: 0.376: [GC (Allocation Failure) 2020-10-27T20:07:46.952+0800: 0.376: [DefNew: 157247K->17470K(157248K), 0.0197303 secs] 356070K->261614K(506816K), 0.0197826 secs] [Times: user=0.02 sys=0.00, real=0.02 secs] 
2020-10-27T20:07:46.986+0800: 0.410: [GC (Allocation Failure) 2020-10-27T20:07:46.986+0800: 0.410: [DefNew: 157246K->17471K(157248K), 0.0191597 secs] 401390K->304917K(506816K), 0.0192083 secs] [Times: user=0.00 sys=0.02, real=0.02 secs] 
2020-10-27T20:07:47.021+0800: 0.445: [GC (Allocation Failure) 2020-10-27T20:07:47.021+0800: 0.445: [DefNew: 157247K->17471K(157248K), 0.0181785 secs] 444693K->344813K(506816K), 0.0182322 secs] [Times: user=0.02 sys=0.00, real=0.02 secs] 
2020-10-27T20:07:47.056+0800: 0.480: [GC (Allocation Failure) 2020-10-27T20:07:47.056+0800: 0.480: [DefNew: 157247K->157247K(157248K), 0.0000130 secs]2020-10-27T20:07:47.056+0800: 0.480: [Tenured: 327341K->273579K(349568K), 0.0311097 secs] 484589K->273579K(506816K), [Metaspace: 2698K->2698K(1056768K)], 0.0311901 secs] [Times: user=0.03 sys=0.00, real=0.03 secs] 
2020-10-27T20:07:47.103+0800: 0.527: [GC (Allocation Failure) 2020-10-27T20:07:47.103+0800: 0.527: [DefNew: 139776K->17468K(157248K), 0.0055739 secs] 413355K->318531K(506816K), 0.0056251 secs] [Times: user=0.02 sys=0.00, real=0.01 secs] 
2020-10-27T20:07:47.125+0800: 0.548: [GC (Allocation Failure) 2020-10-27T20:07:47.125+0800: 0.548: [DefNew: 157244K->17468K(157248K), 0.0144907 secs] 458307K->366752K(506816K), 0.0145497 secs] [Times: user=0.00 sys=0.01, real=0.02 secs] 
2020-10-27T20:07:47.154+0800: 0.577: [GC (Allocation Failure) 2020-10-27T20:07:47.154+0800: 0.577: [DefNew: 157170K->157170K(157248K), 0.0000135 secs]2020-10-27T20:07:47.154+0800: 0.577: [Tenured: 349284K->317208K(349568K), 0.0349332 secs] 506454K->317208K(506816K), [Metaspace: 2698K->2698K(1056768K)], 0.0350132 secs] [Times: user=0.03 sys=0.00, real=0.03 secs] 
2020-10-27T20:07:47.204+0800: 0.627: [GC (Allocation Failure) 2020-10-27T20:07:47.204+0800: 0.627: [DefNew: 139631K->139631K(157248K), 0.0000129 secs]2020-10-27T20:07:47.204+0800: 0.627: [Tenured: 317208K->330487K(349568K), 0.0356912 secs] 456840K->330487K(506816K), [Metaspace: 2698K->2698K(1056768K)], 0.0357709 secs] [Times: user=0.03 sys=0.00, real=0.04 secs] 
2020-10-27T20:07:47.256+0800: 0.679: [GC (Allocation Failure) 2020-10-27T20:07:47.256+0800: 0.679: [DefNew: 139776K->139776K(157248K), 0.0000614 secs]2020-10-27T20:07:47.256+0800: 0.679: [Tenured: 330487K->318396K(349568K), 0.0381471 secs] 470263K->318396K(506816K), [Metaspace: 2698K->2698K(1056768K)], 0.0382757 secs] [Times: user=0.05 sys=0.00, real=0.04 secs] 
2020-10-27T20:07:47.310+0800: 0.734: [GC (Allocation Failure) 2020-10-27T20:07:47.310+0800: 0.734: [DefNew: 139776K->139776K(157248K), 0.0000135 secs]2020-10-27T20:07:47.310+0800: 0.734: [Tenured: 318396K->341698K(349568K), 0.0242372 secs] 458172K->341698K(506816K), [Metaspace: 2698K->2698K(1056768K)], 0.0243158 secs] [Times: user=0.02 sys=0.00, real=0.03 secs] 
2020-10-27T20:07:47.350+0800: 0.773: [GC (Allocation Failure) 2020-10-27T20:07:47.350+0800: 0.773: [DefNew: 139776K->139776K(157248K), 0.0000129 secs]2020-10-27T20:07:47.350+0800: 0.773: [Tenured: 341698K->348264K(349568K), 0.0326490 secs] 481474K->348264K(506816K), [Metaspace: 2698K->2698K(1056768K)], 0.0327258 secs] [Times: user=0.03 sys=0.00, real=0.03 secs] 
2020-10-27T20:07:47.399+0800: 0.822: [GC (Allocation Failure) 2020-10-27T20:07:47.399+0800: 0.822: [DefNew: 139638K->139638K(157248K), 0.0000129 secs]2020-10-27T20:07:47.399+0800: 0.822: [Tenured: 348264K->349286K(349568K), 0.0367467 secs] 487902K->355413K(506816K), [Metaspace: 2698K->2698K(1056768K)], 0.0368257 secs] [Times: user=0.05 sys=0.00, real=0.04 secs] 
2020-10-27T20:07:47.453+0800: 0.876: [Full GC (Allocation Failure) 2020-10-27T20:07:47.453+0800: 0.876: [Tenured: 349502K->347529K(349568K), 0.0401859 secs] 506739K->347529K(506816K), [Metaspace: 2698K->2698K(1056768K)], 0.0402434 secs] [Times: user=0.03 sys=0.00, real=0.04 secs] 
2020-10-27T20:07:47.509+0800: 0.933: [GC (Allocation Failure) 2020-10-27T20:07:47.509+0800: 0.933: [DefNew: 139686K->139686K(157248K), 0.0000131 secs]2020-10-27T20:07:47.509+0800: 0.933: [Tenured: 347529K->349510K(349568K), 0.0305288 secs] 487216K->364369K(506816K), [Metaspace: 2698K->2698K(1056768K)], 0.0306073 secs] [Times: user=0.03 sys=0.00, real=0.03 secs] 
2020-10-27T20:07:47.556+0800: 0.979: [Full GC (Allocation Failure) 2020-10-27T20:07:47.556+0800: 0.979: [Tenured: 349537K->349562K(349568K), 0.0404023 secs] 506785K->372961K(506816K), [Metaspace: 2698K->2698K(1056768K)], 0.0404532 secs] [Times: user=0.05 sys=0.00, real=0.04 secs] 
2020-10-27T20:07:47.614+0800: 1.038: [Full GC (Allocation Failure) 2020-10-27T20:07:47.614+0800: 1.038: [Tenured: 349562K->349448K(349568K), 0.0469318 secs] 506781K->368838K(506816K), [Metaspace: 2698K->2698K(1056768K)], 0.0469890 secs] [Times: user=0.05 sys=0.00, real=0.05 secs] 
Heap
 def new generation   total 157248K, used 139776K [0x00000000e0000000, 0x00000000eaaa0000, 0x00000000eaaa0000)
  eden space 139776K, 100% used [0x00000000e0000000, 0x00000000e8880000, 0x00000000e8880000)
  from space 17472K,   0% used [0x00000000e8880000, 0x00000000e8880000, 0x00000000e9990000)
  to   space 17472K,   0% used [0x00000000e9990000, 0x00000000e9990000, 0x00000000eaaa0000)
 tenured generation   total 349568K, used 349448K [0x00000000eaaa0000, 0x0000000100000000, 0x0000000100000000)
   the space 349568K,  99% used [0x00000000eaaa0000, 0x00000000fffe23a0, 0x00000000fffe2400, 0x0000000100000000)
 Metaspace       used 2705K, capacity 4486K, committed 4864K, reserved 1056768K
  class space    used 291K, capacity 386K, committed 512K, reserved 1048576K
