Java HotSpot(TM) 64-Bit Server VM (25.211-b12) for windows-amd64 JRE (1.8.0_211-b12), built on Apr  1 2019 20:53:26 by "java_re" with MS VC++ 10.0 (VS2010)
Memory: 4k page, physical 16640612k(8242148k free), swap 16640612k(6370004k free)
CommandLine flags: -XX:InitialHeapSize=2147483648 -XX:MaxGCPauseMillis=10 -XX:MaxHeapSize=2147483648 -XX:+PrintGC -XX:+PrintGCDateStamps -XX:+PrintGCTimeStamps -XX:+UseCompressedClassPointers -XX:+UseCompressedOops -XX:+UseG1GC -XX:-UseLargePagesIndividualAllocation 
2020-10-27T20:08:00.467+0800: 0.214: [GC pause (G1 Evacuation Pause) (young) 124M->40M(2048M), 0.0057001 secs]
2020-10-27T20:08:00.492+0800: 0.239: [GC pause (G1 Evacuation Pause) (young) 153M->77M(2048M), 0.0053818 secs]
2020-10-27T20:08:00.518+0800: 0.265: [GC pause (G1 Evacuation Pause) (young) 196M->114M(2048M), 0.0057441 secs]
2020-10-27T20:08:00.539+0800: 0.286: [GC pause (G1 Evacuation Pause) (young) 228M->154M(2048M), 0.0068955 secs]
2020-10-27T20:08:00.561+0800: 0.308: [GC pause (G1 Evacuation Pause) (young) 263M->185M(2048M), 0.0059664 secs]
2020-10-27T20:08:00.582+0800: 0.328: [GC pause (G1 Evacuation Pause) (young) 293M->214M(2048M), 0.0051508 secs]
2020-10-27T20:08:00.604+0800: 0.351: [GC pause (G1 Evacuation Pause) (young) 328M->254M(2048M), 0.0061367 secs]
2020-10-27T20:08:00.626+0800: 0.372: [GC pause (G1 Evacuation Pause) (young) 363M->280M(2048M), 0.0055391 secs]
2020-10-27T20:08:00.645+0800: 0.391: [GC pause (G1 Evacuation Pause) (young) 386M->308M(2048M), 0.0052797 secs]
2020-10-27T20:08:00.663+0800: 0.410: [GC pause (G1 Evacuation Pause) (young) 416M->341M(2048M), 0.0054794 secs]
2020-10-27T20:08:00.683+0800: 0.429: [GC pause (G1 Evacuation Pause) (young) 449M->378M(2048M), 0.0057540 secs]
2020-10-27T20:08:00.708+0800: 0.454: [GC pause (G1 Evacuation Pause) (young) 496M->407M(2048M), 0.0050398 secs]
2020-10-27T20:08:00.727+0800: 0.473: [GC pause (G1 Evacuation Pause) (young) 519M->433M(2048M), 0.0051860 secs]
2020-10-27T20:08:00.746+0800: 0.493: [GC pause (G1 Evacuation Pause) (young) 547M->464M(2048M), 0.0057628 secs]
2020-10-27T20:08:00.765+0800: 0.512: [GC pause (G1 Evacuation Pause) (young) 569M->488M(2048M), 0.0054935 secs]
2020-10-27T20:08:00.785+0800: 0.532: [GC pause (G1 Evacuation Pause) (young) 598M->515M(2048M), 0.0055474 secs]
2020-10-27T20:08:00.807+0800: 0.554: [GC pause (G1 Evacuation Pause) (young) 633M->559M(2048M), 0.0071208 secs]
2020-10-27T20:08:00.830+0800: 0.577: [GC pause (G1 Evacuation Pause) (young) 674M->596M(2048M), 0.0059345 secs]
2020-10-27T20:08:00.851+0800: 0.598: [GC pause (G1 Evacuation Pause) (young) 707M->624M(2048M), 0.0059597 secs]
2020-10-27T20:08:00.872+0800: 0.619: [GC pause (G1 Evacuation Pause) (young) 741M->656M(2048M), 0.0053527 secs]
2020-10-27T20:08:00.891+0800: 0.638: [GC pause (G1 Evacuation Pause) (young) 767M->683M(2048M), 0.0052294 secs]
2020-10-27T20:08:00.912+0800: 0.659: [GC pause (G1 Evacuation Pause) (young) 796M->719M(2048M), 0.0060442 secs]
2020-10-27T20:08:00.933+0800: 0.680: [GC pause (G1 Evacuation Pause) (young) 830M->749M(2048M), 0.0056449 secs]
2020-10-27T20:08:00.953+0800: 0.700: [GC pause (G1 Evacuation Pause) (young) 860M->782M(2048M), 0.0060934 secs]
2020-10-27T20:08:00.973+0800: 0.720: [GC pause (G1 Evacuation Pause) (young) 890M->811M(2048M), 0.0054165 secs]
2020-10-27T20:08:00.993+0800: 0.740: [GC pause (G1 Evacuation Pause) (young) 922M->835M(2048M), 0.0053696 secs]
2020-10-27T20:08:01.012+0800: 0.758: [GC pause (G1 Evacuation Pause) (young) 943M->860M(2048M), 0.0056956 secs]
2020-10-27T20:08:01.023+0800: 0.770: [GC pause (G1 Humongous Allocation) (young) (initial-mark) 902M->875M(2048M), 0.0035049 secs]
2020-10-27T20:08:01.027+0800: 0.773: [GC concurrent-root-region-scan-start]
2020-10-27T20:08:01.027+0800: 0.773: [GC concurrent-root-region-scan-end, 0.0001184 secs]
2020-10-27T20:08:01.027+0800: 0.773: [GC concurrent-mark-start]
2020-10-27T20:08:01.033+0800: 0.779: [GC concurrent-mark-end, 0.0060732 secs]
2020-10-27T20:08:01.033+0800: 0.779: [GC remark, 0.0013215 secs]
2020-10-27T20:08:01.034+0800: 0.781: [GC cleanup 916M->735M(2048M), 0.0007502 secs]
2020-10-27T20:08:01.035+0800: 0.782: [GC concurrent-cleanup-start]
2020-10-27T20:08:01.035+0800: 0.782: [GC concurrent-cleanup-end, 0.0001386 secs]
2020-10-27T20:08:01.051+0800: 0.797: [GC pause (G1 Evacuation Pause) (young) 815M->720M(2048M), 0.0049924 secs]
2020-10-27T20:08:01.069+0800: 0.816: [GC pause (G1 Evacuation Pause) (mixed) 828M->683M(2048M), 0.0052854 secs]
2020-10-27T20:08:01.089+0800: 0.835: [GC pause (G1 Evacuation Pause) (mixed) 797M->652M(2048M), 0.0059079 secs]
2020-10-27T20:08:01.109+0800: 0.855: [GC pause (G1 Evacuation Pause) (mixed) 761M->624M(2048M), 0.0059623 secs]
2020-10-27T20:08:01.127+0800: 0.874: [GC pause (G1 Evacuation Pause) (mixed) 751M->601M(2048M), 0.0066935 secs]
2020-10-27T20:08:01.147+0800: 0.894: [GC pause (G1 Evacuation Pause) (mixed) 716M->613M(2048M), 0.0057466 secs]
2020-10-27T20:08:01.167+0800: 0.914: [GC pause (G1 Evacuation Pause) (young) 733M->641M(2048M), 0.0046902 secs]
2020-10-27T20:08:01.186+0800: 0.933: [GC pause (G1 Evacuation Pause) (young) 749M->665M(2048M), 0.0049976 secs]
2020-10-27T20:08:01.205+0800: 0.952: [GC pause (G1 Evacuation Pause) (young) 775M->691M(2048M), 0.0054696 secs]
2020-10-27T20:08:01.224+0800: 0.971: [GC pause (G1 Evacuation Pause) (young) 803M->718M(2048M), 0.0053804 secs]
2020-10-27T20:08:01.245+0800: 0.992: [GC pause (G1 Evacuation Pause) (young) 841M->749M(2048M), 0.0055375 secs]
2020-10-27T20:08:01.264+0800: 1.011: [GC pause (G1 Evacuation Pause) (young) 858M->771M(2048M), 0.0050915 secs]
2020-10-27T20:08:01.283+0800: 1.030: [GC pause (G1 Evacuation Pause) (young) 888M->800M(2048M), 0.0054613 secs]
2020-10-27T20:08:01.302+0800: 1.049: [GC pause (G1 Evacuation Pause) (young) 907M->836M(2048M), 0.0052087 secs]
2020-10-27T20:08:01.321+0800: 1.068: [GC pause (G1 Humongous Allocation) (young) (initial-mark) 946M->871M(2048M), 0.0054355 secs]
2020-10-27T20:08:01.326+0800: 1.073: [GC concurrent-root-region-scan-start]
2020-10-27T20:08:01.327+0800: 1.073: [GC concurrent-root-region-scan-end, 0.0000827 secs]
2020-10-27T20:08:01.327+0800: 1.073: [GC concurrent-mark-start]
2020-10-27T20:08:01.332+0800: 1.078: [GC concurrent-mark-end, 0.0049990 secs]
2020-10-27T20:08:01.332+0800: 1.078: [GC remark, 0.0013113 secs]
2020-10-27T20:08:01.333+0800: 1.080: [GC cleanup 914M->772M(2048M), 0.0006826 secs]
2020-10-27T20:08:01.334+0800: 1.080: [GC concurrent-cleanup-start]
2020-10-27T20:08:01.334+0800: 1.080: [GC concurrent-cleanup-end, 0.0000841 secs]
2020-10-27T20:08:01.344+0800: 1.090: [GC pause (G1 Evacuation Pause) (young) 845M->760M(2048M), 0.0051307 secs]
2020-10-27T20:08:01.362+0800: 1.108: [GC pause (G1 Evacuation Pause) (mixed) 865M->716M(2048M), 0.0055628 secs]
2020-10-27T20:08:01.380+0800: 1.127: [GC pause (G1 Evacuation Pause) (mixed) 825M->685M(2048M), 0.0065180 secs]
2020-10-27T20:08:01.399+0800: 1.145: [GC pause (G1 Evacuation Pause) (mixed) 793M->656M(2048M), 0.0066897 secs]
