Java HotSpot(TM) 64-Bit Server VM (25.211-b12) for windows-amd64 JRE (1.8.0_211-b12), built on Apr  1 2019 20:53:26 by "java_re" with MS VC++ 10.0 (VS2010)
Memory: 4k page, physical 16640612k(8239872k free), swap 16640612k(6364744k free)
CommandLine flags: -XX:InitialHeapSize=1073741824 -XX:MaxHeapSize=1073741824 -XX:+PrintGC -XX:+PrintGCDateStamps -XX:+PrintGCDetails -XX:+PrintGCTimeStamps -XX:+UseCompressedClassPointers -XX:+UseCompressedOops -XX:-UseLargePagesIndividualAllocation -XX:+UseSerialGC 
2020-10-27T20:07:51.670+0800: 0.235: [GC (Allocation Failure) 2020-10-27T20:07:51.670+0800: 0.235: [DefNew: 279616K->34944K(314560K), 0.0335761 secs] 279616K->81247K(1013632K), 0.0337433 secs] [Times: user=0.00 sys=0.03, real=0.03 secs] 
2020-10-27T20:07:51.740+0800: 0.305: [GC (Allocation Failure) 2020-10-27T20:07:51.740+0800: 0.305: [DefNew: 314560K->34944K(314560K), 0.0463583 secs] 360863K->162263K(1013632K), 0.0464161 secs] [Times: user=0.03 sys=0.02, real=0.05 secs] 
2020-10-27T20:07:51.819+0800: 0.385: [GC (Allocation Failure) 2020-10-27T20:07:51.819+0800: 0.385: [DefNew: 314560K->34943K(314560K), 0.0342637 secs] 441879K->238860K(1013632K), 0.0343166 secs] [Times: user=0.02 sys=0.01, real=0.04 secs] 
2020-10-27T20:07:51.884+0800: 0.449: [GC (Allocation Failure) 2020-10-27T20:07:51.884+0800: 0.449: [DefNew: 314559K->34943K(314560K), 0.0375588 secs] 518476K->322577K(1013632K), 0.0376192 secs] [Times: user=0.00 sys=0.05, real=0.04 secs] 
2020-10-27T20:07:51.950+0800: 0.515: [GC (Allocation Failure) 2020-10-27T20:07:51.950+0800: 0.515: [DefNew: 314559K->34943K(314560K), 0.0331185 secs] 602193K->396725K(1013632K), 0.0331732 secs] [Times: user=0.02 sys=0.02, real=0.03 secs] 
2020-10-27T20:07:52.012+0800: 0.577: [GC (Allocation Failure) 2020-10-27T20:07:52.012+0800: 0.577: [DefNew: 314559K->34943K(314560K), 0.0379995 secs] 676341K->480446K(1013632K), 0.0380566 secs] [Times: user=0.02 sys=0.02, real=0.04 secs] 
2020-10-27T20:07:52.081+0800: 0.646: [GC (Allocation Failure) 2020-10-27T20:07:52.081+0800: 0.646: [DefNew: 314559K->34943K(314560K), 0.0341419 secs] 760062K->554939K(1013632K), 0.0341949 secs] [Times: user=0.00 sys=0.03, real=0.03 secs] 
2020-10-27T20:07:52.144+0800: 0.710: [GC (Allocation Failure) 2020-10-27T20:07:52.144+0800: 0.710: [DefNew: 314559K->34942K(314560K), 0.0353107 secs] 834555K->633369K(1013632K), 0.0353729 secs] [Times: user=0.00 sys=0.03, real=0.03 secs] 
2020-10-27T20:07:52.211+0800: 0.777: [GC (Allocation Failure) 2020-10-27T20:07:52.211+0800: 0.777: [DefNew: 314110K->34943K(314560K), 0.0361165 secs] 912536K->714510K(1013632K), 0.0361719 secs] [Times: user=0.02 sys=0.03, real=0.04 secs] 
2020-10-27T20:07:52.280+0800: 0.846: [GC (Allocation Failure) 2020-10-27T20:07:52.280+0800: 0.846: [DefNew: 314559K->314559K(314560K), 0.0000154 secs]2020-10-27T20:07:52.280+0800: 0.846: [Tenured: 679566K->373635K(699072K), 0.0399035 secs] 994126K->373635K(1013632K), [Metaspace: 2698K->2698K(1056768K)], 0.0399958 secs] [Times: user=0.03 sys=0.00, real=0.04 secs] 
2020-10-27T20:07:52.353+0800: 0.919: [GC (Allocation Failure) 2020-10-27T20:07:52.353+0800: 0.919: [DefNew: 279616K->34943K(314560K), 0.0139434 secs] 653251K->465329K(1013632K), 0.0140053 secs] [Times: user=0.02 sys=0.00, real=0.01 secs] 
2020-10-27T20:07:52.406+0800: 0.972: [GC (Allocation Failure) 2020-10-27T20:07:52.407+0800: 0.972: [DefNew: 314559K->34942K(314560K), 0.0140264 secs] 744945K->534931K(1013632K), 0.0140908 secs] [Times: user=0.01 sys=0.00, real=0.02 secs] 
2020-10-27T20:07:52.451+0800: 1.016: [GC (Allocation Failure) 2020-10-27T20:07:52.451+0800: 1.016: [DefNew: 314558K->34943K(314560K), 0.0145376 secs] 814547K->617801K(1013632K), 0.0146081 secs] [Times: user=0.02 sys=0.00, real=0.02 secs] 
2020-10-27T20:07:52.496+0800: 1.061: [GC (Allocation Failure) 2020-10-27T20:07:52.496+0800: 1.061: [DefNew: 314559K->34944K(314560K), 0.0151416 secs] 897417K->695924K(1013632K), 0.0151982 secs] [Times: user=0.02 sys=0.00, real=0.01 secs] 
Heap
 def new generation   total 314560K, used 212371K [0x00000000c0000000, 0x00000000d5550000, 0x00000000d5550000)
  eden space 279616K,  63% used [0x00000000c0000000, 0x00000000cad44cc8, 0x00000000d1110000)
  from space 34944K, 100% used [0x00000000d3330000, 0x00000000d5550000, 0x00000000d5550000)
  to   space 34944K,   0% used [0x00000000d1110000, 0x00000000d1110000, 0x00000000d3330000)
 tenured generation   total 699072K, used 660980K [0x00000000d5550000, 0x0000000100000000, 0x0000000100000000)
   the space 699072K,  94% used [0x00000000d5550000, 0x00000000fdacd3f8, 0x00000000fdacd400, 0x0000000100000000)
 Metaspace       used 2705K, capacity 4486K, committed 4864K, reserved 1056768K
  class space    used 291K, capacity 386K, committed 512K, reserved 1048576K
