Java HotSpot(TM) 64-Bit Server VM (25.211-b12) for windows-amd64 JRE (1.8.0_211-b12), built on Apr  1 2019 20:53:26 by "java_re" with MS VC++ 10.0 (VS2010)
Memory: 4k page, physical 16640612k(8237656k free), swap 16640612k(6365808k free)
CommandLine flags: -XX:InitialHeapSize=2147483648 -XX:MaxHeapSize=2147483648 -XX:+PrintGC -XX:+PrintGCDateStamps -XX:+PrintGCDetails -XX:+PrintGCTimeStamps -XX:+UseCompressedClassPointers -XX:+UseCompressedOops -XX:-UseLargePagesIndividualAllocation -XX:+UseSerialGC 
2020-10-27T20:07:56.768+0800: 0.358: [GC (Allocation Failure) 2020-10-27T20:07:56.768+0800: 0.358: [DefNew: 559232K->69888K(629120K), 0.0621483 secs] 559232K->155099K(2027264K), 0.0622979 secs] [Times: user=0.03 sys=0.03, real=0.06 secs] 
2020-10-27T20:07:56.899+0800: 0.489: [GC (Allocation Failure) 2020-10-27T20:07:56.899+0800: 0.489: [DefNew: 629120K->69887K(629120K), 0.0794038 secs] 714331K->285689K(2027264K), 0.0794578 secs] [Times: user=0.05 sys=0.03, real=0.08 secs] 
2020-10-27T20:07:57.040+0800: 0.630: [GC (Allocation Failure) 2020-10-27T20:07:57.040+0800: 0.630: [DefNew: 629119K->69886K(629120K), 0.0554545 secs] 844921K->403091K(2027264K), 0.0555100 secs] [Times: user=0.03 sys=0.03, real=0.06 secs] 
2020-10-27T20:07:57.157+0800: 0.747: [GC (Allocation Failure) 2020-10-27T20:07:57.157+0800: 0.747: [DefNew: 629118K->69888K(629120K), 0.0576211 secs] 962323K->527504K(2027264K), 0.0576785 secs] [Times: user=0.05 sys=0.02, real=0.06 secs] 
2020-10-27T20:07:57.277+0800: 0.866: [GC (Allocation Failure) 2020-10-27T20:07:57.277+0800: 0.866: [DefNew: 629120K->69887K(629120K), 0.0635974 secs] 1086736K->651917K(2027264K), 0.0636534 secs] [Times: user=0.06 sys=0.02, real=0.06 secs] 
2020-10-27T20:07:57.403+0800: 0.993: [GC (Allocation Failure) 2020-10-27T20:07:57.403+0800: 0.993: [DefNew: 629119K->69886K(629120K), 0.0578878 secs] 1211149K->776505K(2027264K), 0.0579401 secs] [Times: user=0.00 sys=0.05, real=0.06 secs] 
Heap
 def new generation   total 629120K, used 603726K [0x0000000080000000, 0x00000000aaaa0000, 0x00000000aaaa0000)
  eden space 559232K,  95% used [0x0000000080000000, 0x00000000a0953ef0, 0x00000000a2220000)
  from space 69888K,  99% used [0x00000000a2220000, 0x00000000a665fbe8, 0x00000000a6660000)
  to   space 69888K,   0% used [0x00000000a6660000, 0x00000000a6660000, 0x00000000aaaa0000)
 tenured generation   total 1398144K, used 706618K [0x00000000aaaa0000, 0x0000000100000000, 0x0000000100000000)
   the space 1398144K,  50% used [0x00000000aaaa0000, 0x00000000d5caeb88, 0x00000000d5caec00, 0x0000000100000000)
 Metaspace       used 2705K, capacity 4486K, committed 4864K, reserved 1056768K
  class space    used 291K, capacity 386K, committed 512K, reserved 1048576K
