Java HotSpot(TM) 64-Bit Server VM (25.211-b12) for windows-amd64 JRE (1.8.0_211-b12), built on Apr  1 2019 20:53:26 by "java_re" with MS VC++ 10.0 (VS2010)
Memory: 4k page, physical 16640612k(8236152k free), swap 16640612k(6363200k free)
CommandLine flags: -XX:InitialHeapSize=536870912 -XX:MaxHeapSize=536870912 -XX:MaxNewSize=178958336 -XX:MaxTenuringThreshold=6 -XX:NewSize=178958336 -XX:OldPLABSize=16 -XX:OldSize=357912576 -XX:+PrintGC -XX:+PrintGCDateStamps -XX:+PrintGCDetails -XX:+PrintGCTimeStamps -XX:+UseCompressedClassPointers -XX:+UseCompressedOops -XX:+UseConcMarkSweepGC -XX:-UseLargePagesIndividualAllocation -XX:+UseParNewGC 
2020-10-27T20:07:49.168+0800: 0.169: [GC (Allocation Failure) 2020-10-27T20:07:49.168+0800: 0.169: [ParNew: 139776K->17472K(157248K), 0.0090262 secs] 139776K->46455K(506816K), 0.0091926 secs] [Times: user=0.00 sys=0.00, real=0.01 secs] 
2020-10-27T20:07:49.194+0800: 0.194: [GC (Allocation Failure) 2020-10-27T20:07:49.194+0800: 0.194: [ParNew: 157248K->17472K(157248K), 0.0108222 secs] 186231K->92238K(506816K), 0.0108800 secs] [Times: user=0.00 sys=0.06, real=0.01 secs] 
2020-10-27T20:07:49.221+0800: 0.221: [GC (Allocation Failure) 2020-10-27T20:07:49.221+0800: 0.221: [ParNew: 157248K->17472K(157248K), 0.0187055 secs] 232014K->136640K(506816K), 0.0187786 secs] [Times: user=0.06 sys=0.00, real=0.02 secs] 
2020-10-27T20:07:49.256+0800: 0.256: [GC (Allocation Failure) 2020-10-27T20:07:49.256+0800: 0.256: [ParNew: 156627K->17470K(157248K), 0.0188752 secs] 275795K->182904K(506816K), 0.0189300 secs] [Times: user=0.05 sys=0.00, real=0.02 secs] 
2020-10-27T20:07:49.292+0800: 0.292: [GC (Allocation Failure) 2020-10-27T20:07:49.292+0800: 0.292: [ParNew: 157246K->17472K(157248K), 0.0173621 secs] 322680K->225176K(506816K), 0.0174294 secs] [Times: user=0.09 sys=0.02, real=0.02 secs] 
2020-10-27T20:07:49.309+0800: 0.309: [GC (CMS Initial Mark) [1 CMS-initial-mark: 207704K(349568K)] 228391K(506816K), 0.0001154 secs] [Times: user=0.00 sys=0.00, real=0.00 secs] 
2020-10-27T20:07:49.309+0800: 0.309: [CMS-concurrent-mark-start]
2020-10-27T20:07:49.313+0800: 0.313: [CMS-concurrent-mark: 0.003/0.003 secs] [Times: user=0.00 sys=0.00, real=0.00 secs] 
2020-10-27T20:07:49.313+0800: 0.313: [CMS-concurrent-preclean-start]
2020-10-27T20:07:49.313+0800: 0.313: [CMS-concurrent-preclean: 0.000/0.000 secs] [Times: user=0.00 sys=0.00, real=0.00 secs] 
2020-10-27T20:07:49.313+0800: 0.313: [CMS-concurrent-abortable-preclean-start]
2020-10-27T20:07:49.327+0800: 0.327: [GC (Allocation Failure) 2020-10-27T20:07:49.327+0800: 0.327: [ParNew: 157248K->17472K(157248K), 0.0166632 secs] 364952K->266320K(506816K), 0.0167148 secs] [Times: user=0.02 sys=0.03, real=0.02 secs] 
2020-10-27T20:07:49.360+0800: 0.359: [GC (Allocation Failure) 2020-10-27T20:07:49.360+0800: 0.359: [ParNew: 156918K->17472K(157248K), 0.0174439 secs] 405767K->308744K(506816K), 0.0175072 secs] [Times: user=0.05 sys=0.02, real=0.02 secs] 
2020-10-27T20:07:49.393+0800: 0.393: [GC (Allocation Failure) 2020-10-27T20:07:49.394+0800: 0.393: [ParNew: 157248K->17469K(157248K), 0.0159697 secs] 448520K->347814K(506816K), 0.0160440 secs] [Times: user=0.06 sys=0.00, real=0.02 secs] 
2020-10-27T20:07:49.410+0800: 0.410: [CMS-concurrent-abortable-preclean: 0.003/0.097 secs] [Times: user=0.17 sys=0.05, real=0.10 secs] 
2020-10-27T20:07:49.410+0800: 0.410: [GC (CMS Final Remark) [YG occupancy: 23880 K (157248 K)]2020-10-27T20:07:49.410+0800: 0.410: [Rescan (parallel) , 0.0001878 secs]2020-10-27T20:07:49.411+0800: 0.410: [weak refs processing, 0.0000100 secs]2020-10-27T20:07:49.411+0800: 0.410: [class unloading, 0.0001873 secs]2020-10-27T20:07:49.411+0800: 0.410: [scrub symbol table, 0.0002788 secs]2020-10-27T20:07:49.411+0800: 0.411: [scrub string table, 0.0000831 secs][1 CMS-remark: 330344K(349568K)] 354224K(506816K), 0.0008133 secs] [Times: user=0.00 sys=0.00, real=0.00 secs] 
2020-10-27T20:07:49.411+0800: 0.411: [CMS-concurrent-sweep-start]
2020-10-27T20:07:49.412+0800: 0.412: [CMS-concurrent-sweep: 0.001/0.001 secs] [Times: user=0.00 sys=0.00, real=0.00 secs] 
2020-10-27T20:07:49.412+0800: 0.412: [CMS-concurrent-reset-start]
2020-10-27T20:07:49.412+0800: 0.412: [CMS-concurrent-reset: 0.000/0.000 secs] [Times: user=0.00 sys=0.00, real=0.00 secs] 
2020-10-27T20:07:49.426+0800: 0.425: [GC (Allocation Failure) 2020-10-27T20:07:49.426+0800: 0.425: [ParNew: 157245K->17469K(157248K), 0.0102451 secs] 445727K->354594K(506816K), 0.0103056 secs] [Times: user=0.06 sys=0.00, real=0.01 secs] 
2020-10-27T20:07:49.436+0800: 0.436: [GC (CMS Initial Mark) [1 CMS-initial-mark: 337125K(349568K)] 354866K(506816K), 0.0001001 secs] [Times: user=0.00 sys=0.00, real=0.00 secs] 
2020-10-27T20:07:49.436+0800: 0.436: [CMS-concurrent-mark-start]
2020-10-27T20:07:49.438+0800: 0.438: [CMS-concurrent-mark: 0.002/0.002 secs] [Times: user=0.00 sys=0.00, real=0.00 secs] 
2020-10-27T20:07:49.438+0800: 0.438: [CMS-concurrent-preclean-start]
2020-10-27T20:07:49.439+0800: 0.438: [CMS-concurrent-preclean: 0.000/0.000 secs] [Times: user=0.00 sys=0.00, real=0.00 secs] 
2020-10-27T20:07:49.439+0800: 0.438: [CMS-concurrent-abortable-preclean-start]
2020-10-27T20:07:49.439+0800: 0.438: [CMS-concurrent-abortable-preclean: 0.000/0.000 secs] [Times: user=0.00 sys=0.00, real=0.00 secs] 
2020-10-27T20:07:49.439+0800: 0.438: [GC (CMS Final Remark) [YG occupancy: 36126 K (157248 K)]2020-10-27T20:07:49.439+0800: 0.438: [Rescan (parallel) , 0.0001754 secs]2020-10-27T20:07:49.439+0800: 0.438: [weak refs processing, 0.0000101 secs]2020-10-27T20:07:49.439+0800: 0.438: [class unloading, 0.0001747 secs]2020-10-27T20:07:49.439+0800: 0.439: [scrub symbol table, 0.0002722 secs]2020-10-27T20:07:49.439+0800: 0.439: [scrub string table, 0.0000816 secs][1 CMS-remark: 337125K(349568K)] 373252K(506816K), 0.0007724 secs] [Times: user=0.00 sys=0.00, real=0.00 secs] 
2020-10-27T20:07:49.439+0800: 0.439: [CMS-concurrent-sweep-start]
2020-10-27T20:07:49.440+0800: 0.440: [CMS-concurrent-sweep: 0.001/0.001 secs] [Times: user=0.00 sys=0.00, real=0.00 secs] 
2020-10-27T20:07:49.440+0800: 0.440: [CMS-concurrent-reset-start]
2020-10-27T20:07:49.440+0800: 0.440: [CMS-concurrent-reset: 0.000/0.000 secs] [Times: user=0.00 sys=0.00, real=0.00 secs] 
2020-10-27T20:07:49.453+0800: 0.453: [GC (Allocation Failure) 2020-10-27T20:07:49.453+0800: 0.453: [ParNew: 157245K->17469K(157248K), 0.0084549 secs] 399744K->306947K(506816K), 0.0085161 secs] [Times: user=0.00 sys=0.00, real=0.01 secs] 
2020-10-27T20:07:49.462+0800: 0.462: [GC (CMS Initial Mark) [1 CMS-initial-mark: 289478K(349568K)] 307019K(506816K), 0.0000699 secs] [Times: user=0.00 sys=0.00, real=0.00 secs] 
2020-10-27T20:07:49.462+0800: 0.462: [CMS-concurrent-mark-start]
2020-10-27T20:07:49.464+0800: 0.463: [CMS-concurrent-mark: 0.002/0.002 secs] [Times: user=0.00 sys=0.00, real=0.00 secs] 
2020-10-27T20:07:49.464+0800: 0.463: [CMS-concurrent-preclean-start]
2020-10-27T20:07:49.464+0800: 0.464: [CMS-concurrent-preclean: 0.000/0.000 secs] [Times: user=0.00 sys=0.00, real=0.00 secs] 
2020-10-27T20:07:49.464+0800: 0.464: [CMS-concurrent-abortable-preclean-start]
2020-10-27T20:07:49.479+0800: 0.478: [GC (Allocation Failure) 2020-10-27T20:07:49.479+0800: 0.478: [ParNew: 157245K->17469K(157248K), 0.0080567 secs] 446723K->350929K(506816K), 0.0081198 secs] [Times: user=0.06 sys=0.00, real=0.01 secs] 
2020-10-27T20:07:49.487+0800: 0.487: [CMS-concurrent-abortable-preclean: 0.000/0.023 secs] [Times: user=0.09 sys=0.00, real=0.02 secs] 
2020-10-27T20:07:49.487+0800: 0.487: [GC (CMS Final Remark) [YG occupancy: 20487 K (157248 K)]2020-10-27T20:07:49.487+0800: 0.487: [Rescan (parallel) , 0.0002249 secs]2020-10-27T20:07:49.487+0800: 0.487: [weak refs processing, 0.0000096 secs]2020-10-27T20:07:49.487+0800: 0.487: [class unloading, 0.0001827 secs]2020-10-27T20:07:49.488+0800: 0.487: [scrub symbol table, 0.0002778 secs]2020-10-27T20:07:49.488+0800: 0.487: [scrub string table, 0.0000811 secs][1 CMS-remark: 333460K(349568K)] 353947K(506816K), 0.0008322 secs] [Times: user=0.00 sys=0.00, real=0.00 secs] 
2020-10-27T20:07:49.488+0800: 0.488: [CMS-concurrent-sweep-start]
2020-10-27T20:07:49.489+0800: 0.488: [CMS-concurrent-sweep: 0.001/0.001 secs] [Times: user=0.00 sys=0.00, real=0.00 secs] 
2020-10-27T20:07:49.489+0800: 0.488: [CMS-concurrent-reset-start]
2020-10-27T20:07:49.489+0800: 0.488: [CMS-concurrent-reset: 0.000/0.000 secs] [Times: user=0.00 sys=0.00, real=0.00 secs] 
2020-10-27T20:07:49.503+0800: 0.503: [GC (Allocation Failure) 2020-10-27T20:07:49.503+0800: 0.503: [ParNew: 157245K->157245K(157248K), 0.0000164 secs]2020-10-27T20:07:49.503+0800: 0.503: [CMS: 303891K->301829K(349568K), 0.0363894 secs] 461137K->301829K(506816K), [Metaspace: 2698K->2698K(1056768K)], 0.0364788 secs] [Times: user=0.03 sys=0.00, real=0.04 secs] 
2020-10-27T20:07:49.539+0800: 0.539: [GC (CMS Initial Mark) [1 CMS-initial-mark: 301829K(349568K)] 301901K(506816K), 0.0001031 secs] [Times: user=0.00 sys=0.00, real=0.00 secs] 
2020-10-27T20:07:49.539+0800: 0.540: [CMS-concurrent-mark-start]
2020-10-27T20:07:49.541+0800: 0.541: [CMS-concurrent-mark: 0.002/0.002 secs] [Times: user=0.00 sys=0.00, real=0.00 secs] 
2020-10-27T20:07:49.541+0800: 0.541: [CMS-concurrent-preclean-start]
2020-10-27T20:07:49.541+0800: 0.542: [CMS-concurrent-preclean: 0.000/0.000 secs] [Times: user=0.00 sys=0.00, real=0.00 secs] 
2020-10-27T20:07:49.541+0800: 0.542: [CMS-concurrent-abortable-preclean-start]
2020-10-27T20:07:49.555+0800: 0.556: [GC (Allocation Failure) 2020-10-27T20:07:49.555+0800: 0.556: [ParNew: 139536K->17471K(157248K), 0.0061525 secs] 441366K->348811K(506816K), 0.0062092 secs] [Times: user=0.06 sys=0.00, real=0.01 secs] 
2020-10-27T20:07:49.562+0800: 0.562: [CMS-concurrent-abortable-preclean: 0.000/0.020 secs] [Times: user=0.08 sys=0.00, real=0.02 secs] 
2020-10-27T20:07:49.562+0800: 0.562: [GC (CMS Final Remark) [YG occupancy: 21549 K (157248 K)]2020-10-27T20:07:49.562+0800: 0.562: [Rescan (parallel) , 0.0002863 secs]2020-10-27T20:07:49.562+0800: 0.562: [weak refs processing, 0.0000083 secs]2020-10-27T20:07:49.562+0800: 0.562: [class unloading, 0.0001575 secs]2020-10-27T20:07:49.562+0800: 0.563: [scrub symbol table, 0.0002698 secs]2020-10-27T20:07:49.563+0800: 0.563: [scrub string table, 0.0000900 secs][1 CMS-remark: 331339K(349568K)] 352889K(506816K), 0.0008627 secs] [Times: user=0.00 sys=0.00, real=0.00 secs] 
2020-10-27T20:07:49.563+0800: 0.563: [CMS-concurrent-sweep-start]
2020-10-27T20:07:49.563+0800: 0.563: [CMS-concurrent-sweep: 0.000/0.000 secs] [Times: user=0.00 sys=0.00, real=0.00 secs] 
2020-10-27T20:07:49.563+0800: 0.563: [CMS-concurrent-reset-start]
2020-10-27T20:07:49.563+0800: 0.564: [CMS-concurrent-reset: 0.000/0.000 secs] [Times: user=0.00 sys=0.00, real=0.00 secs] 
2020-10-27T20:07:49.579+0800: 0.579: [GC (Allocation Failure) 2020-10-27T20:07:49.579+0800: 0.579: [ParNew: 157247K->157247K(157248K), 0.0000154 secs]2020-10-27T20:07:49.579+0800: 0.579: [CMS: 331303K->311669K(349568K), 0.0381646 secs] 488551K->311669K(506816K), [Metaspace: 2698K->2698K(1056768K)], 0.0382489 secs] [Times: user=0.03 sys=0.00, real=0.04 secs] 
2020-10-27T20:07:49.617+0800: 0.617: [GC (CMS Initial Mark) [1 CMS-initial-mark: 311669K(349568K)] 315252K(506816K), 0.0000770 secs] [Times: user=0.00 sys=0.00, real=0.00 secs] 
2020-10-27T20:07:49.617+0800: 0.618: [CMS-concurrent-mark-start]
2020-10-27T20:07:49.619+0800: 0.620: [CMS-concurrent-mark: 0.002/0.002 secs] [Times: user=0.00 sys=0.00, real=0.00 secs] 
2020-10-27T20:07:49.619+0800: 0.620: [CMS-concurrent-preclean-start]
2020-10-27T20:07:49.620+0800: 0.620: [CMS-concurrent-preclean: 0.000/0.000 secs] [Times: user=0.00 sys=0.00, real=0.00 secs] 
2020-10-27T20:07:49.620+0800: 0.620: [CMS-concurrent-abortable-preclean-start]
2020-10-27T20:07:49.634+0800: 0.634: [GC (Allocation Failure) 2020-10-27T20:07:49.634+0800: 0.634: [ParNew: 139776K->17471K(157248K), 0.0063041 secs] 451445K->356612K(506816K), 0.0063592 secs] [Times: user=0.06 sys=0.00, real=0.01 secs] 
2020-10-27T20:07:49.641+0800: 0.641: [CMS-concurrent-abortable-preclean: 0.000/0.021 secs] [Times: user=0.08 sys=0.00, real=0.02 secs] 
2020-10-27T20:07:49.641+0800: 0.641: [GC (CMS Final Remark) [YG occupancy: 20844 K (157248 K)]2020-10-27T20:07:49.641+0800: 0.641: [Rescan (parallel) , 0.0003194 secs]2020-10-27T20:07:49.641+0800: 0.641: [weak refs processing, 0.0000099 secs]2020-10-27T20:07:49.641+0800: 0.641: [class unloading, 0.0001577 secs]2020-10-27T20:07:49.641+0800: 0.641: [scrub symbol table, 0.0002612 secs]2020-10-27T20:07:49.641+0800: 0.642: [scrub string table, 0.0000816 secs][1 CMS-remark: 339140K(349568K)] 359985K(506816K), 0.0008827 secs] [Times: user=0.00 sys=0.00, real=0.00 secs] 
2020-10-27T20:07:49.642+0800: 0.642: [CMS-concurrent-sweep-start]
2020-10-27T20:07:49.642+0800: 0.642: [CMS-concurrent-sweep: 0.000/0.000 secs] [Times: user=0.00 sys=0.00, real=0.00 secs] 
2020-10-27T20:07:49.642+0800: 0.642: [CMS-concurrent-reset-start]
2020-10-27T20:07:49.642+0800: 0.642: [CMS-concurrent-reset: 0.000/0.000 secs] [Times: user=0.00 sys=0.00, real=0.00 secs] 
2020-10-27T20:07:49.657+0800: 0.657: [GC (Allocation Failure) 2020-10-27T20:07:49.657+0800: 0.657: [ParNew: 157185K->157185K(157248K), 0.0000158 secs]2020-10-27T20:07:49.657+0800: 0.657: [CMS: 338938K->321941K(349568K), 0.0376003 secs] 496123K->321941K(506816K), [Metaspace: 2698K->2698K(1056768K)], 0.0376834 secs] [Times: user=0.03 sys=0.00, real=0.04 secs] 
2020-10-27T20:07:49.695+0800: 0.695: [GC (CMS Initial Mark) [1 CMS-initial-mark: 321941K(349568K)] 325604K(506816K), 0.0002762 secs] [Times: user=0.00 sys=0.00, real=0.00 secs] 
2020-10-27T20:07:49.695+0800: 0.695: [CMS-concurrent-mark-start]
2020-10-27T20:07:49.697+0800: 0.697: [CMS-concurrent-mark: 0.002/0.002 secs] [Times: user=0.00 sys=0.00, real=0.00 secs] 
2020-10-27T20:07:49.697+0800: 0.697: [CMS-concurrent-preclean-start]
2020-10-27T20:07:49.698+0800: 0.698: [CMS-concurrent-preclean: 0.000/0.000 secs] [Times: user=0.00 sys=0.00, real=0.00 secs] 
2020-10-27T20:07:49.698+0800: 0.698: [CMS-concurrent-abortable-preclean-start]
2020-10-27T20:07:49.711+0800: 0.711: [GC (Allocation Failure) 2020-10-27T20:07:49.711+0800: 0.711: [ParNew (promotion failed): 139693K->157165K(157248K), 0.0087110 secs]2020-10-27T20:07:49.720+0800: 0.720: [CMS2020-10-27T20:07:49.720+0800: 0.720: [CMS-concurrent-abortable-preclean: 0.000/0.022 secs] [Times: user=0.08 sys=0.00, real=0.02 secs] 
 (concurrent mode failure): 349388K->329286K(349568K), 0.0383509 secs] 461635K->329286K(506816K), [Metaspace: 2698K->2698K(1056768K)], 0.0471482 secs] [Times: user=0.09 sys=0.00, real=0.05 secs] 
2020-10-27T20:07:49.775+0800: 0.775: [GC (Allocation Failure) 2020-10-27T20:07:49.775+0800: 0.775: [ParNew: 139776K->139776K(157248K), 0.0000155 secs]2020-10-27T20:07:49.775+0800: 0.775: [CMS: 329286K->334432K(349568K), 0.0394517 secs] 469062K->334432K(506816K), [Metaspace: 2698K->2698K(1056768K)], 0.0395354 secs] [Times: user=0.05 sys=0.00, real=0.04 secs] 
2020-10-27T20:07:49.815+0800: 0.814: [GC (CMS Initial Mark) [1 CMS-initial-mark: 334432K(349568K)] 337280K(506816K), 0.0002962 secs] [Times: user=0.00 sys=0.00, real=0.00 secs] 
2020-10-27T20:07:49.815+0800: 0.815: [CMS-concurrent-mark-start]
2020-10-27T20:07:49.817+0800: 0.816: [CMS-concurrent-mark: 0.002/0.002 secs] [Times: user=0.00 sys=0.00, real=0.00 secs] 
2020-10-27T20:07:49.817+0800: 0.817: [CMS-concurrent-preclean-start]
2020-10-27T20:07:49.817+0800: 0.817: [CMS-concurrent-preclean: 0.000/0.000 secs] [Times: user=0.00 sys=0.00, real=0.00 secs] 
2020-10-27T20:07:49.817+0800: 0.817: [CMS-concurrent-abortable-preclean-start]
2020-10-27T20:07:49.817+0800: 0.817: [CMS-concurrent-abortable-preclean: 0.000/0.000 secs] [Times: user=0.00 sys=0.00, real=0.00 secs] 
2020-10-27T20:07:49.817+0800: 0.817: [GC (CMS Final Remark) [YG occupancy: 21374 K (157248 K)]2020-10-27T20:07:49.817+0800: 0.817: [Rescan (parallel) , 0.0002738 secs]2020-10-27T20:07:49.818+0800: 0.817: [weak refs processing, 0.0000105 secs]2020-10-27T20:07:49.818+0800: 0.817: [class unloading, 0.0001903 secs]2020-10-27T20:07:49.818+0800: 0.818: [scrub symbol table, 0.0002837 secs]2020-10-27T20:07:49.818+0800: 0.818: [scrub string table, 0.0000806 secs][1 CMS-remark: 334432K(349568K)] 355807K(506816K), 0.0008960 secs] [Times: user=0.00 sys=0.00, real=0.00 secs] 
2020-10-27T20:07:49.819+0800: 0.818: [CMS-concurrent-sweep-start]
2020-10-27T20:07:49.819+0800: 0.819: [CMS-concurrent-sweep: 0.000/0.000 secs] [Times: user=0.00 sys=0.00, real=0.00 secs] 
2020-10-27T20:07:49.819+0800: 0.819: [CMS-concurrent-reset-start]
2020-10-27T20:07:49.819+0800: 0.819: [CMS-concurrent-reset: 0.000/0.000 secs] [Times: user=0.00 sys=0.00, real=0.00 secs] 
2020-10-27T20:07:49.833+0800: 0.832: [GC (Allocation Failure) 2020-10-27T20:07:49.833+0800: 0.832: [ParNew: 139776K->139776K(157248K), 0.0000179 secs]2020-10-27T20:07:49.833+0800: 0.832: [CMS: 334060K->337780K(349568K), 0.0425036 secs] 473836K->337780K(506816K), [Metaspace: 2698K->2698K(1056768K)], 0.0425925 secs] [Times: user=0.05 sys=0.00, real=0.04 secs] 
2020-10-27T20:07:49.875+0800: 0.875: [GC (CMS Initial Mark) [1 CMS-initial-mark: 337780K(349568K)] 341087K(506816K), 0.0000767 secs] [Times: user=0.00 sys=0.00, real=0.00 secs] 
2020-10-27T20:07:49.875+0800: 0.875: [CMS-concurrent-mark-start]
2020-10-27T20:07:49.877+0800: 0.877: [CMS-concurrent-mark: 0.002/0.002 secs] [Times: user=0.00 sys=0.00, real=0.00 secs] 
2020-10-27T20:07:49.877+0800: 0.877: [CMS-concurrent-preclean-start]
2020-10-27T20:07:49.878+0800: 0.877: [CMS-concurrent-preclean: 0.000/0.000 secs] [Times: user=0.00 sys=0.00, real=0.00 secs] 
2020-10-27T20:07:49.878+0800: 0.877: [CMS-concurrent-abortable-preclean-start]
2020-10-27T20:07:49.878+0800: 0.877: [CMS-concurrent-abortable-preclean: 0.000/0.000 secs] [Times: user=0.00 sys=0.00, real=0.00 secs] 
2020-10-27T20:07:49.878+0800: 0.877: [GC (CMS Final Remark) [YG occupancy: 22386 K (157248 K)]2020-10-27T20:07:49.878+0800: 0.877: [Rescan (parallel) , 0.0003201 secs]2020-10-27T20:07:49.878+0800: 0.878: [weak refs processing, 0.0000101 secs]2020-10-27T20:07:49.878+0800: 0.878: [class unloading, 0.0001745 secs]2020-10-27T20:07:49.878+0800: 0.878: [scrub symbol table, 0.0002807 secs]2020-10-27T20:07:49.879+0800: 0.878: [scrub string table, 0.0000801 secs][1 CMS-remark: 337780K(349568K)] 360166K(506816K), 0.0009289 secs] [Times: user=0.00 sys=0.00, real=0.00 secs] 
2020-10-27T20:07:49.879+0800: 0.878: [CMS-concurrent-sweep-start]
2020-10-27T20:07:49.879+0800: 0.879: [CMS-concurrent-sweep: 0.000/0.000 secs] [Times: user=0.00 sys=0.00, real=0.00 secs] 
2020-10-27T20:07:49.879+0800: 0.879: [CMS-concurrent-reset-start]
2020-10-27T20:07:49.880+0800: 0.879: [CMS-concurrent-reset: 0.000/0.000 secs] [Times: user=0.00 sys=0.00, real=0.00 secs] 
2020-10-27T20:07:49.893+0800: 0.893: [GC (Allocation Failure) 2020-10-27T20:07:49.893+0800: 0.893: [ParNew: 139776K->139776K(157248K), 0.0000162 secs]2020-10-27T20:07:49.893+0800: 0.893: [CMS: 337047K->346568K(349568K), 0.0486685 secs] 476823K->346568K(506816K), [Metaspace: 2698K->2698K(1056768K)], 0.0487433 secs] [Times: user=0.05 sys=0.00, real=0.05 secs] 
2020-10-27T20:07:49.941+0800: 0.942: [GC (CMS Initial Mark) [1 CMS-initial-mark: 346568K(349568K)] 346698K(506816K), 0.0000873 secs] [Times: user=0.00 sys=0.00, real=0.00 secs] 
2020-10-27T20:07:49.942+0800: 0.942: [CMS-concurrent-mark-start]
2020-10-27T20:07:49.943+0800: 0.944: [CMS-concurrent-mark: 0.002/0.002 secs] [Times: user=0.00 sys=0.00, real=0.00 secs] 
2020-10-27T20:07:49.943+0800: 0.944: [CMS-concurrent-preclean-start]
2020-10-27T20:07:49.944+0800: 0.944: [CMS-concurrent-preclean: 0.000/0.000 secs] [Times: user=0.00 sys=0.00, real=0.00 secs] 
2020-10-27T20:07:49.944+0800: 0.944: [CMS-concurrent-abortable-preclean-start]
2020-10-27T20:07:49.944+0800: 0.944: [CMS-concurrent-abortable-preclean: 0.000/0.000 secs] [Times: user=0.00 sys=0.00, real=0.00 secs] 
2020-10-27T20:07:49.944+0800: 0.944: [GC (CMS Final Remark) [YG occupancy: 20037 K (157248 K)]2020-10-27T20:07:49.944+0800: 0.944: [Rescan (parallel) , 0.0001712 secs]2020-10-27T20:07:49.944+0800: 0.944: [weak refs processing, 0.0000107 secs]2020-10-27T20:07:49.944+0800: 0.944: [class unloading, 0.0001787 secs]2020-10-27T20:07:49.944+0800: 0.945: [scrub symbol table, 0.0002826 secs]2020-10-27T20:07:49.945+0800: 0.945: [scrub string table, 0.0000843 secs][1 CMS-remark: 346568K(349568K)] 366605K(506816K), 0.0007931 secs] [Times: user=0.00 sys=0.00, real=0.00 secs] 
2020-10-27T20:07:49.945+0800: 0.945: [CMS-concurrent-sweep-start]
2020-10-27T20:07:49.945+0800: 0.946: [CMS-concurrent-sweep: 0.000/0.000 secs] [Times: user=0.00 sys=0.00, real=0.00 secs] 
2020-10-27T20:07:49.945+0800: 0.946: [CMS-concurrent-reset-start]
2020-10-27T20:07:49.946+0800: 0.946: [CMS-concurrent-reset: 0.000/0.000 secs] [Times: user=0.00 sys=0.00, real=0.00 secs] 
2020-10-27T20:07:49.959+0800: 0.960: [GC (Allocation Failure) 2020-10-27T20:07:49.960+0800: 0.960: [ParNew: 139776K->139776K(157248K), 0.0000174 secs]2020-10-27T20:07:49.960+0800: 0.960: [CMS: 345661K->349481K(349568K), 0.0442290 secs] 485437K->358140K(506816K), [Metaspace: 2698K->2698K(1056768K)], 0.0443228 secs] [Times: user=0.05 sys=0.00, real=0.04 secs] 
2020-10-27T20:07:50.004+0800: 1.004: [GC (CMS Initial Mark) [1 CMS-initial-mark: 349481K(349568K)] 358360K(506816K), 0.0000867 secs] [Times: user=0.00 sys=0.00, real=0.00 secs] 
2020-10-27T20:07:50.004+0800: 1.004: [CMS-concurrent-mark-start]
2020-10-27T20:07:50.006+0800: 1.006: [CMS-concurrent-mark: 0.002/0.002 secs] [Times: user=0.00 sys=0.00, real=0.00 secs] 
2020-10-27T20:07:50.006+0800: 1.006: [CMS-concurrent-preclean-start]
2020-10-27T20:07:50.007+0800: 1.007: [CMS-concurrent-preclean: 0.001/0.001 secs] [Times: user=0.00 sys=0.00, real=0.00 secs] 
2020-10-27T20:07:50.007+0800: 1.007: [CMS-concurrent-abortable-preclean-start]
2020-10-27T20:07:50.007+0800: 1.007: [CMS-concurrent-abortable-preclean: 0.000/0.000 secs] [Times: user=0.00 sys=0.00, real=0.00 secs] 
2020-10-27T20:07:50.007+0800: 1.008: [GC (CMS Final Remark) [YG occupancy: 38525 K (157248 K)]2020-10-27T20:07:50.008+0800: 1.008: [Rescan (parallel) , 0.0001961 secs]2020-10-27T20:07:50.008+0800: 1.008: [weak refs processing, 0.0000111 secs]2020-10-27T20:07:50.008+0800: 1.008: [class unloading, 0.0001851 secs]2020-10-27T20:07:50.008+0800: 1.008: [scrub symbol table, 0.0002751 secs]2020-10-27T20:07:50.008+0800: 1.008: [scrub string table, 0.0000824 secs][1 CMS-remark: 349481K(349568K)] 388006K(506816K), 0.0008149 secs] [Times: user=0.00 sys=0.00, real=0.00 secs] 
2020-10-27T20:07:50.008+0800: 1.008: [CMS-concurrent-sweep-start]
2020-10-27T20:07:50.009+0800: 1.009: [CMS-concurrent-sweep: 0.000/0.000 secs] [Times: user=0.00 sys=0.00, real=0.00 secs] 
2020-10-27T20:07:50.009+0800: 1.009: [CMS-concurrent-reset-start]
2020-10-27T20:07:50.009+0800: 1.009: [CMS-concurrent-reset: 0.000/0.000 secs] [Times: user=0.00 sys=0.00, real=0.00 secs] 
2020-10-27T20:07:50.022+0800: 1.022: [GC (Allocation Failure) 2020-10-27T20:07:50.022+0800: 1.022: [ParNew: 157221K->157221K(157248K), 0.0000153 secs]2020-10-27T20:07:50.022+0800: 1.022: [CMS: 349481K->349471K(349568K), 0.0434256 secs] 506702K->362523K(506816K), [Metaspace: 2698K->2698K(1056768K)], 0.0435085 secs] [Times: user=0.05 sys=0.00, real=0.04 secs] 
2020-10-27T20:07:50.066+0800: 1.066: [GC (CMS Initial Mark) [1 CMS-initial-mark: 349471K(349568K)] 365399K(506816K), 0.0001613 secs] [Times: user=0.00 sys=0.00, real=0.00 secs] 
2020-10-27T20:07:50.066+0800: 1.066: [CMS-concurrent-mark-start]
2020-10-27T20:07:50.068+0800: 1.068: [CMS-concurrent-mark: 0.002/0.002 secs] [Times: user=0.00 sys=0.00, real=0.00 secs] 
2020-10-27T20:07:50.068+0800: 1.068: [CMS-concurrent-preclean-start]
2020-10-27T20:07:50.069+0800: 1.069: [CMS-concurrent-preclean: 0.001/0.001 secs] [Times: user=0.00 sys=0.00, real=0.00 secs] 
2020-10-27T20:07:50.069+0800: 1.069: [CMS-concurrent-abortable-preclean-start]
2020-10-27T20:07:50.069+0800: 1.069: [CMS-concurrent-abortable-preclean: 0.000/0.000 secs] [Times: user=0.00 sys=0.00, real=0.00 secs] 
2020-10-27T20:07:50.069+0800: 1.069: [GC (CMS Final Remark) [YG occupancy: 36618 K (157248 K)]2020-10-27T20:07:50.069+0800: 1.069: [Rescan (parallel) , 0.0002261 secs]2020-10-27T20:07:50.069+0800: 1.069: [weak refs processing, 0.0000105 secs]2020-10-27T20:07:50.069+0800: 1.069: [class unloading, 0.0001988 secs]2020-10-27T20:07:50.070+0800: 1.070: [scrub symbol table, 0.0003147 secs]2020-10-27T20:07:50.070+0800: 1.070: [scrub string table, 0.0000852 secs][1 CMS-remark: 349471K(349568K)] 386090K(506816K), 0.0008969 secs] [Times: user=0.00 sys=0.00, real=0.00 secs] 
2020-10-27T20:07:50.070+0800: 1.070: [CMS-concurrent-sweep-start]
2020-10-27T20:07:50.071+0800: 1.070: [CMS-concurrent-sweep: 0.000/0.000 secs] [Times: user=0.00 sys=0.00, real=0.00 secs] 
2020-10-27T20:07:50.071+0800: 1.071: [CMS-concurrent-reset-start]
2020-10-27T20:07:50.071+0800: 1.071: [CMS-concurrent-reset: 0.000/0.000 secs] [Times: user=0.00 sys=0.00, real=0.00 secs] 
2020-10-27T20:07:50.086+0800: 1.086: [GC (Allocation Failure) 2020-10-27T20:07:50.086+0800: 1.086: [ParNew: 157175K->157175K(157248K), 0.0000154 secs]2020-10-27T20:07:50.086+0800: 1.086: [CMS: 349471K->349405K(349568K), 0.0427221 secs] 506646K->361883K(506816K), [Metaspace: 2698K->2698K(1056768K)], 0.0428093 secs] [Times: user=0.05 sys=0.00, real=0.04 secs] 
2020-10-27T20:07:50.129+0800: 1.129: [GC (CMS Initial Mark) [1 CMS-initial-mark: 349405K(349568K)] 362026K(506816K), 0.0001199 secs] [Times: user=0.00 sys=0.00, real=0.00 secs] 
2020-10-27T20:07:50.129+0800: 1.129: [CMS-concurrent-mark-start]
Heap
 par new generation   total 157248K, used 18197K [0x00000000e0000000, 0x00000000eaaa0000, 0x00000000eaaa0000)
  eden space 139776K,  13% used [0x00000000e0000000, 0x00000000e11c56c8, 0x00000000e8880000)
  from space 17472K,   0% used [0x00000000e8880000, 0x00000000e8880000, 0x00000000e9990000)
  to   space 17472K,   0% used [0x00000000e9990000, 0x00000000e9990000, 0x00000000eaaa0000)
 concurrent mark-sweep generation total 349568K, used 349405K [0x00000000eaaa0000, 0x0000000100000000, 0x0000000100000000)
 Metaspace       used 2705K, capacity 4486K, committed 4864K, reserved 1056768K
  class space    used 291K, capacity 386K, committed 512K, reserved 1048576K
