Java HotSpot(TM) 64-Bit Server VM (25.211-b12) for windows-amd64 JRE (1.8.0_211-b12), built on Apr  1 2019 20:53:26 by "java_re" with MS VC++ 10.0 (VS2010)
Memory: 4k page, physical 16640612k(8137424k free), swap 16640612k(6257936k free)
CommandLine flags: -XX:InitialHeapSize=4294967296 -XX:MaxHeapSize=4294967296 -XX:+PrintGC -XX:+PrintGCDateStamps -XX:+PrintGCDetails -XX:+PrintGCTimeStamps -XX:+UseCompressedClassPointers -XX:+UseCompressedOops -XX:-UseLargePagesIndividualAllocation -XX:+UseParallelGC 
2020-10-27T20:13:54.495+0800: 0.609: [GC (Allocation Failure) [PSYoungGen: 1048576K->174579K(1223168K)] 1048576K->228022K(4019712K), 0.0364423 secs] [Times: user=0.06 sys=0.11, real=0.04 secs] 
2020-10-27T20:13:54.653+0800: 0.767: [GC (Allocation Failure) [PSYoungGen: 1223155K->174581K(1223168K)] 1276598K->365769K(4019712K), 0.0500162 secs] [Times: user=0.03 sys=0.13, real=0.05 secs] 
2020-10-27T20:13:54.813+0800: 0.928: [GC (Allocation Failure) [PSYoungGen: 1223157K->174573K(1223168K)] 1414345K->487351K(4019712K), 0.0377663 secs] [Times: user=0.06 sys=0.06, real=0.04 secs] 
2020-10-27T20:13:54.966+0800: 1.080: [GC (Allocation Failure) [PSYoungGen: 1223149K->174576K(1223168K)] 1535927K->619866K(4019712K), 0.0399967 secs] [Times: user=0.06 sys=0.06, real=0.04 secs] 
Heap
 PSYoungGen      total 1223168K, used 216615K [0x000000076ab00000, 0x00000007c0000000, 0x00000007c0000000)
  eden space 1048576K, 4% used [0x000000076ab00000,0x000000076d40dba0,0x00000007aab00000)
  from space 174592K, 99% used [0x00000007b5580000,0x00000007bfffc3f0,0x00000007c0000000)
  to   space 174592K, 0% used [0x00000007aab00000,0x00000007aab00000,0x00000007b5580000)
 ParOldGen       total 2796544K, used 445289K [0x00000006c0000000, 0x000000076ab00000, 0x000000076ab00000)
  object space 2796544K, 15% used [0x00000006c0000000,0x00000006db2da6a0,0x000000076ab00000)
 Metaspace       used 2705K, capacity 4486K, committed 4864K, reserved 1056768K
  class space    used 291K, capacity 386K, committed 512K, reserved 1048576K
