Java HotSpot(TM) 64-Bit Server VM (25.211-b12) for windows-amd64 JRE (1.8.0_211-b12), built on Apr  1 2019 20:53:26 by "java_re" with MS VC++ 10.0 (VS2010)
Memory: 4k page, physical 16640612k(8136008k free), swap 16640612k(6254652k free)
CommandLine flags: -XX:InitialHeapSize=4294967296 -XX:MaxGCPauseMillis=10 -XX:MaxHeapSize=4294967296 -XX:+PrintGC -XX:+PrintGCDateStamps -XX:+PrintGCTimeStamps -XX:+UseCompressedClassPointers -XX:+UseCompressedOops -XX:+UseG1GC -XX:-UseLargePagesIndividualAllocation 
2020-10-27T20:13:56.794+0800: 0.264: [GC pause (G1 Evacuation Pause) (young) 204M->68M(4096M), 0.0107129 secs]
2020-10-27T20:13:56.829+0800: 0.299: [GC pause (G1 Evacuation Pause) (young) 246M->125M(4096M), 0.0108786 secs]
2020-10-27T20:13:56.865+0800: 0.335: [GC pause (G1 Evacuation Pause) (young) 303M->178M(4096M), 0.0105481 secs]
2020-10-27T20:13:56.899+0800: 0.369: [GC pause (G1 Evacuation Pause) (young) 356M->229M(4096M), 0.0105684 secs]
2020-10-27T20:13:56.932+0800: 0.402: [GC pause (G1 Evacuation Pause) (young) 407M->285M(4096M), 0.0112481 secs]
2020-10-27T20:13:56.969+0800: 0.440: [GC pause (G1 Evacuation Pause) (young) 463M->336M(4096M), 0.0098120 secs]
2020-10-27T20:13:57.000+0800: 0.471: [GC pause (G1 Evacuation Pause) (young) 514M->398M(4096M), 0.0106608 secs]
2020-10-27T20:13:57.038+0800: 0.509: [GC pause (G1 Evacuation Pause) (young) 576M->457M(4096M), 0.0100466 secs]
2020-10-27T20:13:57.072+0800: 0.542: [GC pause (G1 Evacuation Pause) (young) 635M->519M(4096M), 0.0102843 secs]
2020-10-27T20:13:57.103+0800: 0.573: [GC pause (G1 Evacuation Pause) (young) 697M->588M(4096M), 0.0107156 secs]
2020-10-27T20:13:57.135+0800: 0.605: [GC pause (G1 Evacuation Pause) (young) 766M->658M(4096M), 0.0110345 secs]
2020-10-27T20:13:57.165+0800: 0.635: [GC pause (G1 Evacuation Pause) (young) 836M->725M(4096M), 0.0100699 secs]
2020-10-27T20:13:57.195+0800: 0.666: [GC pause (G1 Evacuation Pause) (young) 903M->791M(4096M), 0.0104158 secs]
2020-10-27T20:13:57.226+0800: 0.696: [GC pause (G1 Evacuation Pause) (young) 969M->856M(4096M), 0.0104836 secs]
2020-10-27T20:13:57.259+0800: 0.729: [GC pause (G1 Evacuation Pause) (young) 1034M->922M(4096M), 0.0101710 secs]
2020-10-27T20:13:57.290+0800: 0.760: [GC pause (G1 Evacuation Pause) (young) 1100M->987M(4096M), 0.0101690 secs]
2020-10-27T20:13:57.322+0800: 0.792: [GC pause (G1 Evacuation Pause) (young) 1165M->1052M(4096M), 0.0099313 secs]
2020-10-27T20:13:57.351+0800: 0.822: [GC pause (G1 Evacuation Pause) (young) 1230M->1119M(4096M), 0.0103945 secs]
2020-10-27T20:13:57.383+0800: 0.853: [GC pause (G1 Evacuation Pause) (young) 1297M->1177M(4096M), 0.0093595 secs]
2020-10-27T20:13:57.412+0800: 0.883: [GC pause (G1 Evacuation Pause) (young) 1355M->1233M(4096M), 0.0091808 secs]
2020-10-27T20:13:57.442+0800: 0.913: [GC pause (G1 Evacuation Pause) (young) 1411M->1296M(4096M), 0.0106229 secs]
2020-10-27T20:13:57.473+0800: 0.944: [GC pause (G1 Evacuation Pause) (young) 1474M->1363M(4096M), 0.0107561 secs]
2020-10-27T20:13:57.505+0800: 0.975: [GC pause (G1 Evacuation Pause) (young) 1541M->1435M(4096M), 0.0105743 secs]
2020-10-27T20:13:57.537+0800: 1.008: [GC pause (G1 Evacuation Pause) (young) 1613M->1498M(4096M), 0.0103606 secs]
2020-10-27T20:13:57.567+0800: 1.038: [GC pause (G1 Evacuation Pause) (young) 1676M->1561M(4096M), 0.0101748 secs]
2020-10-27T20:13:57.599+0800: 1.069: [GC pause (G1 Evacuation Pause) (young) 1739M->1617M(4096M), 0.0089791 secs]
2020-10-27T20:13:57.629+0800: 1.099: [GC pause (G1 Evacuation Pause) (young) 1795M->1686M(4096M), 0.0106179 secs]
2020-10-27T20:13:57.660+0800: 1.130: [GC pause (G1 Evacuation Pause) (young) 1864M->1744M(4096M), 0.0093096 secs]
2020-10-27T20:13:57.693+0800: 1.162: [GC pause (G1 Evacuation Pause) (young) 1922M->1805M(4096M), 0.0099685 secs]
