Java HotSpot(TM) 64-Bit Server VM (25.211-b12) for windows-amd64 JRE (1.8.0_211-b12), built on Apr  1 2019 20:53:26 by "java_re" with MS VC++ 10.0 (VS2010)
Memory: 4k page, physical 16640612k(9323372k free), swap 16640612k(7519552k free)
CommandLine flags: -XX:InitialHeapSize=1073741824 -XX:MaxHeapSize=1073741824 -XX:+PrintGC -XX:+PrintGCDateStamps -XX:+PrintGCDetails -XX:+PrintGCTimeStamps -XX:+UseCompressedClassPointers -XX:+UseCompressedOops -XX:-UseLargePagesIndividualAllocation -XX:+UseParallelGC 
2020-10-27T20:54:16.517+0800: 0.335: [GC (Allocation Failure) [PSYoungGen: 261691K->43518K(305664K)] 261691K->75745K(1005056K), 0.0144257 secs] [Times: user=0.02 sys=0.02, real=0.01 secs] 
2020-10-27T20:54:16.612+0800: 0.430: [GC (Allocation Failure) [PSYoungGen: 305662K->43513K(305664K)] 337889K->144040K(1005056K), 0.0186938 secs] [Times: user=0.03 sys=0.03, real=0.02 secs] 
2020-10-27T20:54:16.745+0800: 0.564: [GC (Allocation Failure) [PSYoungGen: 305657K->43504K(305664K)] 406184K->196250K(1005056K), 0.0254440 secs] [Times: user=0.03 sys=0.05, real=0.03 secs] 
2020-10-27T20:54:16.863+0800: 0.681: [GC (Allocation Failure) [PSYoungGen: 305648K->43517K(305664K)] 458394K->254290K(1005056K), 0.0206438 secs] [Times: user=0.05 sys=0.02, real=0.02 secs] 
2020-10-27T20:54:16.960+0800: 0.778: [GC (Allocation Failure) [PSYoungGen: 305661K->43511K(305664K)] 516434K->311368K(1005056K), 0.0154727 secs] [Times: user=0.06 sys=0.00, real=0.02 secs] 
2020-10-27T20:54:17.045+0800: 0.864: [GC (Allocation Failure) [PSYoungGen: 305655K->43519K(164352K)] 573512K->369257K(863744K), 0.0161260 secs] [Times: user=0.03 sys=0.03, real=0.02 secs] 
2020-10-27T20:54:17.097+0800: 0.916: [GC (Allocation Failure) [PSYoungGen: 164351K->72691K(193536K)] 490089K->400340K(892928K), 0.0083181 secs] [Times: user=0.06 sys=0.00, real=0.01 secs] 
2020-10-27T20:54:17.131+0800: 0.950: [GC (Allocation Failure) [PSYoungGen: 193160K->89396K(233472K)] 520808K->422447K(932864K), 0.0109041 secs] [Times: user=0.05 sys=0.02, real=0.01 secs] 
2020-10-27T20:54:17.179+0800: 0.997: [GC (Allocation Failure) [PSYoungGen: 206644K->96455K(232960K)] 539695K->449102K(932352K), 0.0127767 secs] [Times: user=0.03 sys=0.01, real=0.01 secs] 
2020-10-27T20:54:17.217+0800: 1.035: [GC (Allocation Failure) [PSYoungGen: 213703K->72260K(230912K)] 566350K->470650K(930304K), 0.0186619 secs] [Times: user=0.06 sys=0.00, real=0.02 secs] 
2020-10-27T20:54:17.272+0800: 1.090: [GC (Allocation Failure) [PSYoungGen: 188996K->35266K(232960K)] 587386K->492652K(932352K), 0.0132403 secs] [Times: user=0.02 sys=0.05, real=0.01 secs] 
2020-10-27T20:54:17.325+0800: 1.143: [GC (Allocation Failure) [PSYoungGen: 152002K->42153K(232960K)] 609388K->526695K(932352K), 0.0095446 secs] [Times: user=0.00 sys=0.00, real=0.01 secs] 
2020-10-27T20:54:17.372+0800: 1.190: [GC (Allocation Failure) [PSYoungGen: 158128K->40144K(232960K)] 642669K->558064K(932352K), 0.0099836 secs] [Times: user=0.00 sys=0.00, real=0.01 secs] 
2020-10-27T20:54:17.412+0800: 1.231: [GC (Allocation Failure) [PSYoungGen: 156880K->37657K(232960K)] 674800K->588549K(932352K), 0.0107219 secs] [Times: user=0.05 sys=0.02, real=0.01 secs] 
2020-10-27T20:54:17.447+0800: 1.266: [GC (Allocation Failure) [PSYoungGen: 154393K->36179K(232960K)] 705285K->617466K(932352K), 0.0090948 secs] [Times: user=0.02 sys=0.03, real=0.01 secs] 
2020-10-27T20:54:17.488+0800: 1.307: [GC (Allocation Failure) [PSYoungGen: 152675K->38660K(232960K)] 733963K->649000K(932352K), 0.0084142 secs] [Times: user=0.05 sys=0.02, real=0.01 secs] 
2020-10-27T20:54:17.532+0800: 1.351: [GC (Allocation Failure) [PSYoungGen: 155396K->29115K(232960K)] 765736K->669058K(932352K), 0.0078345 secs] [Times: user=0.00 sys=0.00, real=0.01 secs] 
2020-10-27T20:54:17.540+0800: 1.359: [Full GC (Ergonomics) [PSYoungGen: 29115K->0K(232960K)] [ParOldGen: 639943K->184026K(699392K)] 669058K->184026K(932352K), [Metaspace: 2700K->2700K(1056768K)], 0.0325039 secs] [Times: user=0.08 sys=0.00, real=0.03 secs] 
2020-10-27T20:54:17.612+0800: 1.431: [GC (Allocation Failure) [PSYoungGen: 116708K->39453K(232960K)] 300735K->223480K(932352K), 0.0042587 secs] [Times: user=0.00 sys=0.00, real=0.01 secs] 
2020-10-27T20:54:17.651+0800: 1.470: [GC (Allocation Failure) [PSYoungGen: 155785K->32942K(232960K)] 339812K->247978K(932352K), 0.0073188 secs] [Times: user=0.06 sys=0.00, real=0.01 secs] 
2020-10-27T20:54:17.684+0800: 1.502: [GC (Allocation Failure) [PSYoungGen: 149678K->37050K(232960K)] 364714K->278522K(932352K), 0.0072162 secs] [Times: user=0.00 sys=0.00, real=0.01 secs] 
2020-10-27T20:54:17.715+0800: 1.533: [GC (Allocation Failure) [PSYoungGen: 153786K->35246K(232960K)] 395258K->307513K(932352K), 0.0071773 secs] [Times: user=0.00 sys=0.00, real=0.01 secs] 
2020-10-27T20:54:17.778+0800: 1.596: [GC (Allocation Failure) [PSYoungGen: 151982K->34887K(232960K)] 424249K->336750K(932352K), 0.0079381 secs] [Times: user=0.00 sys=0.00, real=0.01 secs] 
2020-10-27T20:54:17.816+0800: 1.635: [GC (Allocation Failure) [PSYoungGen: 151623K->33620K(232960K)] 453486K->363956K(932352K), 0.0065415 secs] [Times: user=0.00 sys=0.00, real=0.01 secs] 
2020-10-27T20:54:17.845+0800: 1.664: [GC (Allocation Failure) [PSYoungGen: 149707K->39641K(240640K)] 480044K->397744K(940032K), 0.0068535 secs] [Times: user=0.00 sys=0.00, real=0.01 secs] 
2020-10-27T20:54:17.907+0800: 1.726: [GC (Allocation Failure) [PSYoungGen: 167129K->44228K(236032K)] 525232K->434116K(935424K), 0.0081956 secs] [Times: user=0.00 sys=0.00, real=0.01 secs] 
2020-10-27T20:54:17.941+0800: 1.759: [GC (Allocation Failure) [PSYoungGen: 171716K->43411K(250368K)] 561604K->468499K(949760K), 0.0078182 secs] [Times: user=0.02 sys=0.00, real=0.01 secs] 
2020-10-27T20:54:17.986+0800: 1.804: [GC (Allocation Failure) [PSYoungGen: 190355K->46467K(245760K)] 615443K->501901K(945152K), 0.0112695 secs] [Times: user=0.01 sys=0.00, real=0.01 secs] 
2020-10-27T20:54:18.051+0800: 1.869: [GC (Allocation Failure) [PSYoungGen: 193411K->42372K(259072K)] 648845K->531728K(958464K), 0.0091364 secs] [Times: user=0.06 sys=0.00, real=0.01 secs] 
2020-10-27T20:54:18.107+0800: 1.925: [GC (Allocation Failure) [PSYoungGen: 207236K->51610K(254976K)] 696592K->571523K(954368K), 0.0093918 secs] [Times: user=0.00 sys=0.00, real=0.01 secs] 
2020-10-27T20:54:18.162+0800: 1.981: [GC (Allocation Failure) [PSYoungGen: 216474K->55818K(262656K)] 736387K->614887K(962048K), 0.0100394 secs] [Times: user=0.05 sys=0.00, real=0.01 secs] 
2020-10-27T20:54:18.224+0800: 2.043: [GC (Allocation Failure) [PSYoungGen: 230922K->51101K(261632K)] 789991K->651016K(961024K), 0.0108721 secs] [Times: user=0.06 sys=0.00, real=0.01 secs] 
2020-10-27T20:54:18.274+0800: 2.093: [GC (Allocation Failure) [PSYoungGen: 226205K->52460K(267264K)] 826120K->692635K(966656K), 0.0101037 secs] [Times: user=0.06 sys=0.00, real=0.01 secs] 
2020-10-27T20:54:18.338+0800: 2.156: [GC (Allocation Failure) [PSYoungGen: 235756K->56871K(265216K)] 875931K->732654K(964608K), 0.0113560 secs] [Times: user=0.06 sys=0.00, real=0.01 secs] 
2020-10-27T20:54:18.349+0800: 2.168: [Full GC (Ergonomics) [PSYoungGen: 56871K->0K(265216K)] [ParOldGen: 675782K->187990K(699392K)] 732654K->187990K(964608K), [Metaspace: 2700K->2700K(1056768K)], 0.0236374 secs] [Times: user=0.06 sys=0.00, real=0.02 secs] 
2020-10-27T20:54:18.417+0800: 2.235: [GC (Allocation Failure) [PSYoungGen: 183296K->54818K(269312K)] 371286K->242808K(968704K), 0.0062216 secs] [Times: user=0.06 sys=0.00, real=0.01 secs] 
2020-10-27T20:54:18.466+0800: 2.284: [GC (Allocation Failure) [PSYoungGen: 242722K->50416K(267776K)] 430712K->273494K(967168K), 0.0114150 secs] [Times: user=0.00 sys=0.00, real=0.01 secs] 
2020-10-27T20:54:18.538+0800: 2.357: [GC (Allocation Failure) [PSYoungGen: 238320K->55398K(272896K)] 461398K->313111K(972288K), 0.0114514 secs] [Times: user=0.06 sys=0.00, real=0.01 secs] 
2020-10-27T20:54:18.598+0800: 2.417: [GC (Allocation Failure) [PSYoungGen: 250521K->49343K(271872K)] 508235K->346927K(971264K), 0.0115775 secs] [Times: user=0.06 sys=0.00, real=0.01 secs] 
2020-10-27T20:54:18.653+0800: 2.471: [GC (Allocation Failure) [PSYoungGen: 244927K->58230K(273920K)] 542511K->390270K(973312K), 0.0106550 secs] [Times: user=0.00 sys=0.00, real=0.01 secs] 
2020-10-27T20:54:18.707+0800: 2.526: [GC (Allocation Failure) [PSYoungGen: 257725K->57913K(274432K)] 589765K->429523K(973824K), 0.0100304 secs] [Times: user=0.06 sys=0.00, real=0.01 secs] 
2020-10-27T20:54:18.765+0800: 2.584: [GC (Allocation Failure) [PSYoungGen: 257119K->54726K(275968K)] 628729K->465687K(975360K), 0.0107710 secs] [Times: user=0.00 sys=0.00, real=0.01 secs] 
2020-10-27T20:54:18.830+0800: 2.649: [GC (Allocation Failure) [PSYoungGen: 255942K->60167K(274432K)] 666903K->507999K(973824K), 0.0098875 secs] [Times: user=0.06 sys=0.00, real=0.01 secs] 
2020-10-27T20:54:18.894+0800: 2.714: [GC (Allocation Failure) [PSYoungGen: 261383K->65628K(269824K)] 709215K->552024K(969216K), 0.0115259 secs] [Times: user=0.06 sys=0.00, real=0.01 secs] 
2020-10-27T20:54:18.975+0800: 2.794: [GC (Allocation Failure) [PSYoungGen: 261212K->54632K(272384K)] 747608K->586056K(971776K), 0.0167923 secs] [Times: user=0.02 sys=0.00, real=0.02 secs] 
2020-10-27T20:54:19.054+0800: 2.873: [GC (Allocation Failure) [PSYoungGen: 250216K->57570K(275456K)] 781640K->625716K(974848K), 0.0137341 secs] [Times: user=0.06 sys=0.00, real=0.01 secs] 
2020-10-27T20:54:19.135+0800: 2.953: [GC (Allocation Failure) [PSYoungGen: 258274K->55804K(274432K)] 826420K->665212K(973824K), 0.0134280 secs] [Times: user=0.05 sys=0.00, real=0.01 secs] 
2020-10-27T20:54:19.218+0800: 3.036: [GC (Allocation Failure) [PSYoungGen: 256508K->56799K(278016K)] 865916K->703209K(977408K), 0.0107941 secs] [Times: user=0.00 sys=0.00, real=0.01 secs] 
2020-10-27T20:54:19.277+0800: 3.096: [GC (Allocation Failure) [PSYoungGen: 262623K->61747K(276992K)] 909033K->747519K(976384K), 0.0129403 secs] [Times: user=0.00 sys=0.00, real=0.01 secs] 
2020-10-27T20:54:19.290+0800: 3.109: [Full GC (Ergonomics) [PSYoungGen: 61747K->0K(276992K)] [ParOldGen: 685771K->189855K(699392K)] 747519K->189855K(976384K), [Metaspace: 2700K->2700K(1056768K)], 0.0245544 secs] [Times: user=0.11 sys=0.00, real=0.02 secs] 
2020-10-27T20:54:19.374+0800: 3.192: [GC (Allocation Failure) [PSYoungGen: 205824K->61618K(275968K)] 395679K->251473K(975360K), 0.0067688 secs] [Times: user=0.00 sys=0.00, real=0.01 secs] 
2020-10-27T20:54:19.428+0800: 3.247: [GC (Allocation Failure) [PSYoungGen: 265394K->60110K(276480K)] 455249K->292849K(975872K), 0.0109673 secs] [Times: user=0.06 sys=0.00, real=0.01 secs] 
2020-10-27T20:54:19.498+0800: 3.316: [GC (Allocation Failure) [PSYoungGen: 263886K->63273K(275456K)] 496625K->335255K(974848K), 0.0108444 secs] [Times: user=0.00 sys=0.00, real=0.01 secs] 
2020-10-27T20:54:19.565+0800: 3.383: [GC (Allocation Failure) [PSYoungGen: 266025K->56570K(275968K)] 538007K->372484K(975360K), 0.0122441 secs] [Times: user=0.06 sys=0.00, real=0.01 secs] 
2020-10-27T20:54:19.635+0800: 3.453: [GC (Allocation Failure) [PSYoungGen: 259322K->61328K(276480K)] 575236K->414192K(975872K), 0.0107077 secs] [Times: user=0.06 sys=0.00, real=0.01 secs] 
2020-10-27T20:54:19.703+0800: 3.522: [GC (Allocation Failure) [PSYoungGen: 266128K->57949K(276992K)] 618992K->451031K(976384K), 0.0107804 secs] [Times: user=0.00 sys=0.00, real=0.01 secs] 
2020-10-27T20:54:19.766+0800: 3.584: [GC (Allocation Failure) [PSYoungGen: 262729K->63753K(276480K)] 655811K->497487K(975872K), 0.0105167 secs] [Times: user=0.00 sys=0.00, real=0.01 secs] 
2020-10-27T20:54:19.829+0800: 3.647: [GC (Allocation Failure) [PSYoungGen: 269577K->63760K(269824K)] 703311K->545156K(969216K), 0.0121085 secs] [Times: user=0.06 sys=0.00, real=0.01 secs] 
2020-10-27T20:54:19.896+0800: 3.715: [GC (Allocation Failure) [PSYoungGen: 269584K->60701K(277504K)] 750980K->584534K(976896K), 0.0108468 secs] [Times: user=0.06 sys=0.00, real=0.01 secs] 
2020-10-27T20:54:19.952+0800: 3.770: [GC (Allocation Failure) [PSYoungGen: 266013K->51662K(276992K)] 789846K->618335K(976384K), 0.0108922 secs] [Times: user=0.00 sys=0.00, real=0.01 secs] 
2020-10-27T20:54:20.014+0800: 3.833: [GC (Allocation Failure) [PSYoungGen: 256974K->59456K(278528K)] 823647K->661589K(977920K), 0.0121761 secs] [Times: user=0.00 sys=0.00, real=0.01 secs] 
2020-10-27T20:54:20.093+0800: 3.912: [GC (Allocation Failure) [PSYoungGen: 266304K->59387K(277504K)] 868437K->702601K(976896K), 0.0116061 secs] [Times: user=0.02 sys=0.00, real=0.01 secs] 
2020-10-27T20:54:20.186+0800: 4.005: [GC (Allocation Failure) [PSYoungGen: 266235K->58128K(280064K)] 909449K->741670K(979456K), 0.0107675 secs] [Times: user=0.00 sys=0.00, real=0.01 secs] 
2020-10-27T20:54:20.197+0800: 4.016: [Full GC (Ergonomics) [PSYoungGen: 58128K->0K(280064K)] [ParOldGen: 683541K->187771K(699392K)] 741670K->187771K(979456K), [Metaspace: 2700K->2700K(1056768K)], 0.0228423 secs] [Times: user=0.08 sys=0.00, real=0.02 secs] 
2020-10-27T20:54:20.279+0800: 4.097: [GC (Allocation Failure) [PSYoungGen: 209920K->64292K(279040K)] 397691K->252064K(978432K), 0.0080932 secs] [Times: user=0.00 sys=0.00, real=0.01 secs] 
2020-10-27T20:54:20.355+0800: 4.173: [GC (Allocation Failure) [PSYoungGen: 274212K->59672K(280064K)] 461984K->290218K(979456K), 0.0105312 secs] [Times: user=0.06 sys=0.00, real=0.01 secs] 
2020-10-27T20:54:20.422+0800: 4.241: [GC (Allocation Failure) [PSYoungGen: 269592K->62802K(279040K)] 500138K->331054K(978432K), 0.0133364 secs] [Times: user=0.05 sys=0.00, real=0.01 secs] 
2020-10-27T20:54:20.506+0800: 4.325: [GC (Allocation Failure) [PSYoungGen: 272722K->61778K(279552K)] 540974K->371159K(978944K), 0.0110800 secs] [Times: user=0.06 sys=0.00, real=0.01 secs] 
2020-10-27T20:54:20.572+0800: 4.390: [GC (Allocation Failure) [PSYoungGen: 271698K->62334K(279552K)] 581079K->411034K(978944K), 0.0110338 secs] [Times: user=0.06 sys=0.00, real=0.01 secs] 
2020-10-27T20:54:20.632+0800: 4.450: [GC (Allocation Failure) [PSYoungGen: 271512K->63006K(279552K)] 620213K->450860K(978944K), 0.0111715 secs] [Times: user=0.06 sys=0.00, real=0.01 secs] 
2020-10-27T20:54:20.695+0800: 4.513: [GC (Allocation Failure) [PSYoungGen: 272926K->61299K(279552K)] 660780K->494757K(978944K), 0.0112183 secs] [Times: user=0.06 sys=0.00, real=0.01 secs] 
2020-10-27T20:54:20.756+0800: 4.574: [GC (Allocation Failure) [PSYoungGen: 271219K->57722K(280576K)] 704677K->532205K(979968K), 0.0104852 secs] [Times: user=0.06 sys=0.00, real=0.01 secs] 
2020-10-27T20:54:20.814+0800: 4.633: [GC (Allocation Failure) [PSYoungGen: 269178K->66748K(278528K)] 743661K->583644K(977920K), 0.0144690 secs] [Times: user=0.06 sys=0.00, real=0.01 secs] 
2020-10-27T20:54:20.878+0800: 4.697: [GC (Allocation Failure) [PSYoungGen: 278204K->60079K(279552K)] 795100K->616421K(978944K), 0.0127193 secs] [Times: user=0.06 sys=0.00, real=0.01 secs] 
2020-10-27T20:54:20.950+0800: 4.769: [GC (Allocation Failure) [PSYoungGen: 269487K->64430K(279040K)] 825829K->661183K(978432K), 0.0116873 secs] [Times: user=0.00 sys=0.00, real=0.01 secs] 
2020-10-27T20:54:21.019+0800: 4.838: [GC (Allocation Failure) [PSYoungGen: 273838K->61594K(279552K)] 870591K->705145K(978944K), 0.0113076 secs] [Times: user=0.06 sys=0.00, real=0.01 secs] 
2020-10-27T20:54:21.086+0800: 4.905: [GC (Allocation Failure) [PSYoungGen: 271002K->58732K(279040K)] 914553K->740227K(978432K), 0.0106192 secs] [Times: user=0.05 sys=0.00, real=0.01 secs] 
2020-10-27T20:54:21.097+0800: 4.915: [Full GC (Ergonomics) [PSYoungGen: 58732K->0K(279040K)] [ParOldGen: 681495K->182521K(699392K)] 740227K->182521K(978432K), [Metaspace: 2700K->2700K(1056768K)], 0.0215731 secs] [Times: user=0.06 sys=0.00, real=0.02 secs] 
2020-10-27T20:54:21.186+0800: 5.005: [GC (Allocation Failure) [PSYoungGen: 209273K->67170K(276992K)] 391794K->249691K(976384K), 0.0093993 secs] [Times: user=0.00 sys=0.00, real=0.01 secs] 
2020-10-27T20:54:21.258+0800: 5.077: [GC (Allocation Failure) [PSYoungGen: 275042K->64747K(278528K)] 457563K->293546K(977920K), 0.0139149 secs] [Times: user=0.06 sys=0.00, real=0.01 secs] 
2020-10-27T20:54:21.333+0800: 5.151: [GC (Allocation Failure) [PSYoungGen: 272503K->62017K(279040K)] 501302K->330108K(978432K), 0.0104779 secs] [Times: user=0.06 sys=0.00, real=0.01 secs] 
2020-10-27T20:54:21.396+0800: 5.214: [GC (Allocation Failure) [PSYoungGen: 270401K->55086K(278528K)] 538492K->363896K(977920K), 0.0106324 secs] [Times: user=0.06 sys=0.00, real=0.01 secs] 
2020-10-27T20:54:21.457+0800: 5.276: [GC (Allocation Failure) [PSYoungGen: 263470K->58562K(279040K)] 572280K->399469K(978432K), 0.0101398 secs] [Times: user=0.05 sys=0.00, real=0.01 secs] 
2020-10-27T20:54:21.532+0800: 5.351: [GC (Allocation Failure) [PSYoungGen: 267458K->66990K(275968K)] 608365K->447113K(975360K), 0.0105923 secs] [Times: user=0.00 sys=0.03, real=0.01 secs] 
2020-10-27T20:54:21.622+0800: 5.441: [GC (Allocation Failure) [PSYoungGen: 275886K->62210K(278528K)] 656009K->486448K(977920K), 0.0142922 secs] [Times: user=0.02 sys=0.00, real=0.02 secs] 
2020-10-27T20:54:21.694+0800: 5.512: [GC (Allocation Failure) [PSYoungGen: 269570K->60306K(278016K)] 693808K->527186K(977408K), 0.0128130 secs] [Times: user=0.03 sys=0.00, real=0.01 secs] 
2020-10-27T20:54:21.762+0800: 5.581: [GC (Allocation Failure) [PSYoungGen: 267666K->56640K(279040K)] 734546K->563796K(978432K), 0.0101984 secs] [Times: user=0.00 sys=0.00, real=0.01 secs] 
2020-10-27T20:54:21.843+0800: 5.661: [GC (Allocation Failure) [PSYoungGen: 265536K->65334K(274432K)] 772692K->608637K(973824K), 0.0104278 secs] [Times: user=0.00 sys=0.00, real=0.01 secs] 
2020-10-27T20:54:21.909+0800: 5.728: [GC (Allocation Failure) [PSYoungGen: 274230K->64489K(277504K)] 817533K->655543K(976896K), 0.0115467 secs] [Times: user=0.06 sys=0.00, real=0.01 secs] 
2020-10-27T20:54:21.976+0800: 5.795: [GC (Allocation Failure) [PSYoungGen: 271337K->60866K(278016K)] 862391K->696045K(977408K), 0.0108575 secs] [Times: user=0.06 sys=0.00, real=0.01 secs] 
2020-10-27T20:54:22.044+0800: 5.863: [GC (Allocation Failure) [PSYoungGen: 267714K->64605K(278016K)] 902893K->734750K(977408K), 0.0111789 secs] [Times: user=0.00 sys=0.00, real=0.01 secs] 
2020-10-27T20:54:22.055+0800: 5.874: [Full GC (Ergonomics) [PSYoungGen: 64605K->0K(278016K)] [ParOldGen: 670145K->191153K(699392K)] 734750K->191153K(977408K), [Metaspace: 2700K->2700K(1056768K)], 0.0235457 secs] [Times: user=0.13 sys=0.00, real=0.02 secs] 
2020-10-27T20:54:22.156+0800: 5.974: [GC (Allocation Failure) [PSYoungGen: 207872K->64132K(278528K)] 399025K->255286K(977920K), 0.0074374 secs] [Times: user=0.00 sys=0.00, real=0.01 secs] 
2020-10-27T20:54:22.224+0800: 6.042: [GC (Allocation Failure) [PSYoungGen: 272004K->61872K(279552K)] 463158K->296959K(978944K), 0.0103900 secs] [Times: user=0.06 sys=0.00, real=0.01 secs] 
2020-10-27T20:54:22.283+0800: 6.102: [GC (Allocation Failure) [PSYoungGen: 270656K->66661K(278528K)] 505744K->344876K(977920K), 0.0114714 secs] [Times: user=0.06 sys=0.00, real=0.01 secs] 
2020-10-27T20:54:22.355+0800: 6.174: [GC (Allocation Failure) [PSYoungGen: 275557K->58893K(278528K)] 553772K->380568K(977920K), 0.0109430 secs] [Times: user=0.00 sys=0.00, real=0.01 secs] 
2020-10-27T20:54:22.418+0800: 6.237: [GC (Allocation Failure) [PSYoungGen: 266765K->60003K(278528K)] 588440K->420733K(977920K), 0.0106354 secs] [Times: user=0.00 sys=0.00, real=0.01 secs] 
2020-10-27T20:54:22.492+0800: 6.310: [GC (Allocation Failure) [PSYoungGen: 267513K->57861K(279040K)] 628243K->458719K(978432K), 0.0104857 secs] [Times: user=0.06 sys=0.00, real=0.01 secs] 
2020-10-27T20:54:22.572+0800: 6.390: [GC (Allocation Failure) [PSYoungGen: 266757K->59006K(279040K)] 667615K->497468K(978432K), 0.0106378 secs] [Times: user=0.06 sys=0.00, real=0.01 secs] 
2020-10-27T20:54:22.636+0800: 6.455: [GC (Allocation Failure) [PSYoungGen: 267902K->65652K(278528K)] 706364K->543352K(977920K), 0.0107560 secs] [Times: user=0.00 sys=0.00, real=0.01 secs] 
2020-10-27T20:54:22.690+0800: 6.509: [GC (Allocation Failure) [PSYoungGen: 274548K->52833K(262144K)] 752248K->576278K(961536K), 0.0099550 secs] [Times: user=0.05 sys=0.00, real=0.01 secs] 
2020-10-27T20:54:22.760+0800: 6.579: [GC (Allocation Failure) [PSYoungGen: 261508K->68387K(274944K)] 784952K->624815K(974336K), 0.0107085 secs] [Times: user=0.06 sys=0.00, real=0.01 secs] 
2020-10-27T20:54:22.820+0800: 6.638: [GC (Allocation Failure) [PSYoungGen: 271538K->58995K(276480K)] 827966K->661101K(975872K), 0.0113351 secs] [Times: user=0.06 sys=0.00, real=0.01 secs] 
2020-10-27T20:54:22.880+0800: 6.698: [GC (Allocation Failure) [PSYoungGen: 262771K->58355K(277504K)] 864877K->703987K(976896K), 0.0115344 secs] [Times: user=0.06 sys=0.00, real=0.01 secs] 
2020-10-27T20:54:22.957+0800: 6.776: [GC (Allocation Failure) [PSYoungGen: 263436K->58937K(276992K)] 909067K->747187K(976384K), 0.0105215 secs] [Times: user=0.06 sys=0.00, real=0.01 secs] 
2020-10-27T20:54:22.968+0800: 6.786: [Full GC (Ergonomics) [PSYoungGen: 58937K->0K(276992K)] [ParOldGen: 688250K->189826K(699392K)] 747187K->189826K(976384K), [Metaspace: 2707K->2707K(1056768K)], 0.0227064 secs] [Times: user=0.06 sys=0.00, real=0.02 secs] 
2020-10-27T20:54:23.050+0800: 6.869: [GC (Allocation Failure) [PSYoungGen: 205312K->55352K(278016K)] 395138K->245179K(977408K), 0.0055547 secs] [Times: user=0.00 sys=0.00, real=0.01 secs] 
2020-10-27T20:54:23.120+0800: 6.939: [GC (Allocation Failure) [PSYoungGen: 262200K->62042K(278016K)] 452027K->288211K(977408K), 0.0101188 secs] [Times: user=0.06 sys=0.00, real=0.01 secs] 
2020-10-27T20:54:23.200+0800: 7.019: [GC (Allocation Failure) [PSYoungGen: 268890K->57721K(279040K)] 495059K->323647K(978432K), 0.0103368 secs] [Times: user=0.00 sys=0.00, real=0.01 secs] 
2020-10-27T20:54:23.264+0800: 7.082: [GC (Allocation Failure) [PSYoungGen: 266105K->60963K(278528K)] 532031K->365733K(977920K), 0.0103471 secs] [Times: user=0.00 sys=0.00, real=0.01 secs] 
2020-10-27T20:54:23.323+0800: 7.141: [GC (Allocation Failure) [PSYoungGen: 269347K->67484K(275968K)] 574117K->410421K(975360K), 0.0109236 secs] [Times: user=0.06 sys=0.00, real=0.01 secs] 
2020-10-27T20:54:23.393+0800: 7.212: [GC (Allocation Failure) [PSYoungGen: 274332K->55497K(278016K)] 617269K->445728K(977408K), 0.0106075 secs] [Times: user=0.06 sys=0.00, real=0.01 secs] 
2020-10-27T20:54:23.467+0800: 7.286: [GC (Allocation Failure) [PSYoungGen: 262345K->57282K(278528K)] 652576K->484813K(977920K), 0.0130994 secs] [Times: user=0.06 sys=0.00, real=0.01 secs] 
2020-10-27T20:54:23.540+0800: 7.359: [GC (Allocation Failure) [PSYoungGen: 264642K->63825K(278016K)] 692173K->529225K(977408K), 0.0107557 secs] [Times: user=0.06 sys=0.00, real=0.01 secs] 
2020-10-27T20:54:23.600+0800: 7.418: [GC (Allocation Failure) [PSYoungGen: 271185K->64212K(278016K)] 736585K->570152K(977408K), 0.0112150 secs] [Times: user=0.06 sys=0.00, real=0.01 secs] 
2020-10-27T20:54:23.667+0800: 7.485: [GC (Allocation Failure) [PSYoungGen: 271060K->60554K(278016K)] 777000K->605521K(977408K), 0.0107166 secs] [Times: user=0.05 sys=0.00, real=0.01 secs] 
2020-10-27T20:54:23.731+0800: 7.550: [GC (Allocation Failure) [PSYoungGen: 267402K->61512K(279552K)] 812369K->647482K(978944K), 0.0108279 secs] [Times: user=0.00 sys=0.00, real=0.01 secs] 
2020-10-27T20:54:23.790+0800: 7.609: [GC (Allocation Failure) [PSYoungGen: 270920K->67438K(276992K)] 856890K->698851K(976384K), 0.0120913 secs] [Times: user=0.06 sys=0.00, real=0.01 secs] 
2020-10-27T20:54:23.851+0800: 7.670: [GC (Allocation Failure) [PSYoungGen: 276846K->61754K(279040K)] 908259K->739307K(978432K), 0.0111894 secs] [Times: user=0.06 sys=0.00, real=0.01 secs] 
2020-10-27T20:54:23.862+0800: 7.681: [Full GC (Ergonomics) [PSYoungGen: 61754K->0K(279040K)] [ParOldGen: 677552K->185556K(699392K)] 739307K->185556K(978432K), [Metaspace: 2707K->2707K(1056768K)], 0.0221295 secs] [Times: user=0.06 sys=0.00, real=0.02 secs] 
2020-10-27T20:54:23.940+0800: 7.759: [GC (Allocation Failure) [PSYoungGen: 207872K->62454K(278016K)] 393428K->248010K(977408K), 0.0062965 secs] [Times: user=0.00 sys=0.00, real=0.01 secs] 
2020-10-27T20:54:23.998+0800: 7.817: [GC (Allocation Failure) [PSYoungGen: 270326K->60320K(280064K)] 455882K->285433K(979456K), 0.0102610 secs] [Times: user=0.00 sys=0.00, real=0.01 secs] 
2020-10-27T20:54:24.054+0800: 7.873: [GC (Allocation Failure) [PSYoungGen: 270752K->61816K(279552K)] 495865K->331288K(978944K), 0.0113088 secs] [Times: user=0.06 sys=0.00, real=0.01 secs] 
2020-10-27T20:54:24.123+0800: 7.942: [GC (Allocation Failure) [PSYoungGen: 272248K->62732K(280576K)] 541720K->369565K(979968K), 0.0108744 secs] [Times: user=0.00 sys=0.00, real=0.01 secs] 
2020-10-27T20:54:24.185+0800: 8.004: [GC (Allocation Failure) [PSYoungGen: 274700K->61400K(280576K)] 581533K->412316K(979968K), 0.0112464 secs] [Times: user=0.00 sys=0.00, real=0.01 secs] 
2020-10-27T20:54:24.270+0800: 8.089: [GC (Allocation Failure) [PSYoungGen: 273368K->67575K(277504K)] 624284K->458288K(976896K), 0.0105852 secs] [Times: user=0.06 sys=0.00, real=0.01 secs] 
2020-10-27T20:54:24.346+0800: 8.164: [GC (Allocation Failure) [PSYoungGen: 277495K->58559K(279552K)] 668208K->493862K(978944K), 0.0111799 secs] [Times: user=0.06 sys=0.00, real=0.01 secs] 
2020-10-27T20:54:24.409+0800: 8.228: [GC (Allocation Failure) [PSYoungGen: 268479K->58108K(280064K)] 703782K->529888K(979456K), 0.0096611 secs] [Times: user=0.06 sys=0.00, real=0.01 secs] 
2020-10-27T20:54:24.471+0800: 8.289: [GC (Allocation Failure) [PSYoungGen: 269052K->59141K(280064K)] 740832K->572841K(979456K), 0.0109937 secs] [Times: user=0.06 sys=0.00, real=0.01 secs] 
2020-10-27T20:54:24.539+0800: 8.358: [GC (Allocation Failure) [PSYoungGen: 270085K->61881K(280576K)] 783785K->616887K(979968K), 0.0107680 secs] [Times: user=0.06 sys=0.00, real=0.01 secs] 
2020-10-27T20:54:24.625+0800: 8.444: [GC (Allocation Failure) [PSYoungGen: 273337K->66859K(278528K)] 828343K->660803K(977920K), 0.0112056 secs] [Times: user=0.00 sys=0.00, real=0.01 secs] 
2020-10-27T20:54:24.703+0800: 8.521: [GC (Allocation Failure) [PSYoungGen: 278315K->62347K(280064K)] 872259K->698802K(979456K), 0.0107513 secs] [Times: user=0.00 sys=0.00, real=0.01 secs] 
2020-10-27T20:54:24.770+0800: 8.588: [GC (Allocation Failure) [PSYoungGen: 272779K->56172K(279552K)] 909234K->737152K(978944K), 0.0106934 secs] [Times: user=0.06 sys=0.00, real=0.01 secs] 
2020-10-27T20:54:24.781+0800: 8.599: [Full GC (Ergonomics) [PSYoungGen: 56172K->0K(279552K)] [ParOldGen: 680980K->179190K(699392K)] 737152K->179190K(978944K), [Metaspace: 2707K->2707K(1056768K)], 0.0222281 secs] [Times: user=0.06 sys=0.00, real=0.02 secs] 
2020-10-27T20:54:24.856+0800: 8.674: [GC (Allocation Failure) [PSYoungGen: 210432K->58348K(280064K)] 389622K->237539K(979456K), 0.0063354 secs] [Times: user=0.00 sys=0.00, real=0.01 secs] 
2020-10-27T20:54:24.904+0800: 8.723: [GC (Allocation Failure) [PSYoungGen: 268780K->57985K(279552K)] 447971K->281182K(978944K), 0.0109958 secs] [Times: user=0.00 sys=0.00, real=0.01 secs] 
2020-10-27T20:54:24.980+0800: 8.799: [GC (Allocation Failure) [PSYoungGen: 268417K->64349K(279040K)] 491614K->328022K(978432K), 0.0110289 secs] [Times: user=0.00 sys=0.00, real=0.01 secs] 
2020-10-27T20:54:25.050+0800: 8.868: [GC (Allocation Failure) [PSYoungGen: 274269K->60583K(279552K)] 537942K->370853K(978944K), 0.0114530 secs] [Times: user=0.05 sys=0.00, real=0.01 secs] 
2020-10-27T20:54:25.115+0800: 8.934: [GC (Allocation Failure) [PSYoungGen: 270503K->68227K(276480K)] 580773K->417410K(975872K), 0.0117176 secs] [Times: user=0.06 sys=0.00, real=0.01 secs] 
2020-10-27T20:54:25.187+0800: 9.006: [GC (Allocation Failure) [PSYoungGen: 276099K->68651K(276992K)] 625282K->457154K(976384K), 0.0113920 secs] [Times: user=0.00 sys=0.00, real=0.01 secs] 
2020-10-27T20:54:25.246+0800: 9.064: [GC (Allocation Failure) [PSYoungGen: 276523K->61676K(277504K)] 665026K->493551K(976896K), 0.0113120 secs] [Times: user=0.06 sys=0.00, real=0.01 secs] 
2020-10-27T20:54:25.325+0800: 9.144: [GC (Allocation Failure) [PSYoungGen: 266988K->61147K(276992K)] 698863K->533630K(976384K), 0.0113513 secs] [Times: user=0.00 sys=0.00, real=0.01 secs] 
2020-10-27T20:54:25.385+0800: 9.204: [GC (Allocation Failure) [PSYoungGen: 266459K->58332K(278528K)] 738942K->570772K(977920K), 0.0104209 secs] [Times: user=0.06 sys=0.00, real=0.01 secs] 
2020-10-27T20:54:25.454+0800: 9.273: [GC (Allocation Failure) [PSYoungGen: 266203K->56084K(278528K)] 778642K->606770K(977920K), 0.0098942 secs] [Times: user=0.00 sys=0.00, real=0.01 secs] 
2020-10-27T20:54:25.539+0800: 9.358: [GC (Allocation Failure) [PSYoungGen: 263721K->54135K(277504K)] 814408K->641023K(976896K), 0.0101631 secs] [Times: user=0.06 sys=0.00, real=0.01 secs] 
2020-10-27T20:54:25.596+0800: 9.415: [GC (Allocation Failure) [PSYoungGen: 260228K->58732K(278016K)] 847116K->682912K(977408K), 0.0107717 secs] [Times: user=0.06 sys=0.00, real=0.01 secs] 
2020-10-27T20:54:25.661+0800: 9.480: [GC (Allocation Failure) [PSYoungGen: 265554K->61377K(279552K)] 889734K->725720K(978944K), 0.0116937 secs] [Times: user=0.05 sys=0.00, real=0.01 secs] 
2020-10-27T20:54:25.673+0800: 9.492: [Full GC (Ergonomics) [PSYoungGen: 61377K->0K(279552K)] [ParOldGen: 664342K->183117K(699392K)] 725720K->183117K(978944K), [Metaspace: 2707K->2707K(1056768K)], 0.0225563 secs] [Times: user=0.06 sys=0.00, real=0.02 secs] 
2020-10-27T20:54:25.773+0800: 9.591: [GC (Allocation Failure) [PSYoungGen: 209408K->66766K(276480K)] 392525K->249884K(975872K), 0.0071517 secs] [Times: user=0.06 sys=0.00, real=0.01 secs] 
2020-10-27T20:54:25.832+0800: 9.650: [GC (Allocation Failure) [PSYoungGen: 276174K->60421K(279040K)] 459292K->284111K(978432K), 0.0109354 secs] [Times: user=0.06 sys=0.00, real=0.01 secs] 
2020-10-27T20:54:25.889+0800: 9.707: [GC (Allocation Failure) [PSYoungGen: 268293K->64302K(278016K)] 491983K->327345K(977408K), 0.0104653 secs] [Times: user=0.00 sys=0.00, real=0.01 secs] 
2020-10-27T20:54:25.943+0800: 9.762: [GC (Allocation Failure) [PSYoungGen: 272174K->63253K(278528K)] 535217K->370157K(977920K), 0.0111124 secs] [Times: user=0.06 sys=0.00, real=0.01 secs] 
2020-10-27T20:54:26.002+0800: 9.821: [GC (Allocation Failure) [PSYoungGen: 271125K->61178K(278528K)] 578029K->413812K(977920K), 0.0155621 secs] [Times: user=0.05 sys=0.00, real=0.01 secs] 
2020-10-27T20:54:26.084+0800: 9.903: [GC (Allocation Failure) [PSYoungGen: 268520K->53311K(278528K)] 621154K->446660K(977920K), 0.0150959 secs] [Times: user=0.01 sys=0.00, real=0.01 secs] 
2020-10-27T20:54:26.173+0800: 9.991: [GC (Allocation Failure) [PSYoungGen: 262207K->66737K(275968K)] 655556K->495783K(975360K), 0.0103625 secs] [Times: user=0.00 sys=0.00, real=0.01 secs] 
2020-10-27T20:54:26.255+0800: 10.074: [GC (Allocation Failure) [PSYoungGen: 275633K->61392K(278528K)] 704679K->535381K(977920K), 0.0127781 secs] [Times: user=0.06 sys=0.00, real=0.01 secs] 
Heap
 PSYoungGen      total 278528K, used 254536K [0x00000000eab00000, 0x0000000100000000, 0x0000000100000000)
  eden space 206848K, 93% used [0x00000000eab00000,0x00000000f679e060,0x00000000f7500000)
  from space 71680K, 85% used [0x00000000fba00000,0x00000000ff5f4078,0x0000000100000000)
  to   space 70656K, 0% used [0x00000000f7500000,0x00000000f7500000,0x00000000fba00000)
 ParOldGen       total 699392K, used 473989K [0x00000000c0000000, 0x00000000eab00000, 0x00000000eab00000)
  object space 699392K, 67% used [0x00000000c0000000,0x00000000dcee1578,0x00000000eab00000)
 Metaspace       used 2714K, capacity 4490K, committed 4864K, reserved 1056768K
  class space    used 291K, capacity 386K, committed 512K, reserved 1048576K
