Java HotSpot(TM) 64-Bit Server VM (25.211-b12) for windows-amd64 JRE (1.8.0_211-b12), built on Apr  1 2019 20:53:26 by "java_re" with MS VC++ 10.0 (VS2010)
Memory: 4k page, physical 16640612k(9333336k free), swap 16640612k(7534488k free)
CommandLine flags: -XX:InitialHeapSize=4294967296 -XX:MaxHeapSize=4294967296 -XX:MaxNewSize=348966912 -XX:MaxTenuringThreshold=6 -XX:NewSize=348966912 -XX:OldPLABSize=16 -XX:OldSize=697933824 -XX:+PrintGC -XX:+PrintGCDateStamps -XX:+PrintGCDetails -XX:+PrintGCTimeStamps -XX:+UseCompressedClassPointers -XX:+UseCompressedOops -XX:+UseConcMarkSweepGC -XX:-UseLargePagesIndividualAllocation -XX:+UseParNewGC 
2020-10-27T20:55:49.429+0800: 0.308: [GC (Allocation Failure) 2020-10-27T20:55:49.429+0800: 0.308: [ParNew: 272197K->34047K(306688K), 0.0204482 secs] 272197K->67005K(4160256K), 0.0206088 secs] [Times: user=0.09 sys=0.03, real=0.02 secs] 
2020-10-27T20:55:49.527+0800: 0.405: [GC (Allocation Failure) 2020-10-27T20:55:49.527+0800: 0.405: [ParNew: 306687K->34048K(306688K), 0.0250312 secs] 339645K->129641K(4160256K), 0.0250904 secs] [Times: user=0.05 sys=0.06, real=0.03 secs] 
2020-10-27T20:55:49.634+0800: 0.513: [GC (Allocation Failure) 2020-10-27T20:55:49.634+0800: 0.513: [ParNew: 306688K->34048K(306688K), 0.0384707 secs] 402281K->202654K(4160256K), 0.0385270 secs] [Times: user=0.16 sys=0.03, real=0.04 secs] 
2020-10-27T20:55:49.749+0800: 0.627: [GC (Allocation Failure) 2020-10-27T20:55:49.749+0800: 0.628: [ParNew: 306688K->34048K(306688K), 0.0322354 secs] 475294K->264762K(4160256K), 0.0322928 secs] [Times: user=0.11 sys=0.02, real=0.03 secs] 
2020-10-27T20:55:49.891+0800: 0.769: [GC (Allocation Failure) 2020-10-27T20:55:49.891+0800: 0.769: [ParNew: 306688K->34048K(306688K), 0.0411675 secs] 537402K->325971K(4160256K), 0.0412428 secs] [Times: user=0.09 sys=0.00, real=0.04 secs] 
2020-10-27T20:55:50.028+0800: 0.907: [GC (Allocation Failure) 2020-10-27T20:55:50.028+0800: 0.907: [ParNew: 306688K->34048K(306688K), 0.0320832 secs] 598611K->385756K(4160256K), 0.0321487 secs] [Times: user=0.08 sys=0.02, real=0.03 secs] 
2020-10-27T20:55:50.155+0800: 1.033: [GC (Allocation Failure) 2020-10-27T20:55:50.155+0800: 1.033: [ParNew: 306688K->34048K(306688K), 0.0313988 secs] 658396K->448920K(4160256K), 0.0314595 secs] [Times: user=0.11 sys=0.01, real=0.03 secs] 
2020-10-27T20:55:50.260+0800: 1.138: [GC (Allocation Failure) 2020-10-27T20:55:50.260+0800: 1.138: [ParNew: 306688K->34048K(306688K), 0.0362884 secs] 721560K->523603K(4160256K), 0.0363447 secs] [Times: user=0.17 sys=0.02, real=0.04 secs] 
2020-10-27T20:55:50.386+0800: 1.265: [GC (Allocation Failure) 2020-10-27T20:55:50.386+0800: 1.265: [ParNew: 306102K->34048K(306688K), 0.0288716 secs] 795658K->580262K(4160256K), 0.0289261 secs] [Times: user=0.05 sys=0.00, real=0.03 secs] 
2020-10-27T20:55:50.499+0800: 1.377: [GC (Allocation Failure) 2020-10-27T20:55:50.499+0800: 1.377: [ParNew: 306688K->34048K(306688K), 0.0339503 secs] 852902K->649687K(4160256K), 0.0340080 secs] [Times: user=0.11 sys=0.00, real=0.03 secs] 
2020-10-27T20:55:50.616+0800: 1.495: [GC (Allocation Failure) 2020-10-27T20:55:50.617+0800: 1.495: [ParNew: 306688K->34048K(306688K), 0.0308252 secs] 922327K->712672K(4160256K), 0.0308832 secs] [Times: user=0.09 sys=0.01, real=0.03 secs] 
2020-10-27T20:55:50.714+0800: 1.592: [GC (Allocation Failure) 2020-10-27T20:55:50.714+0800: 1.592: [ParNew: 306688K->34048K(306688K), 0.0309246 secs] 985312K->778068K(4160256K), 0.0309819 secs] [Times: user=0.11 sys=0.02, real=0.03 secs] 
2020-10-27T20:55:50.827+0800: 1.706: [GC (Allocation Failure) 2020-10-27T20:55:50.827+0800: 1.706: [ParNew: 306358K->34048K(306688K), 0.0301627 secs] 1050378K->841155K(4160256K), 0.0302221 secs] [Times: user=0.08 sys=0.02, real=0.03 secs] 
2020-10-27T20:55:50.921+0800: 1.800: [GC (Allocation Failure) 2020-10-27T20:55:50.922+0800: 1.800: [ParNew: 306688K->34048K(306688K), 0.0368663 secs] 1113795K->918828K(4160256K), 0.0369532 secs] [Times: user=0.13 sys=0.00, real=0.04 secs] 
2020-10-27T20:55:51.044+0800: 1.922: [GC (Allocation Failure) 2020-10-27T20:55:51.044+0800: 1.922: [ParNew: 306688K->34048K(306688K), 0.0318769 secs] 1191468K->983595K(4160256K), 0.0319340 secs] [Times: user=0.11 sys=0.00, real=0.03 secs] 
2020-10-27T20:55:51.150+0800: 2.028: [GC (Allocation Failure) 2020-10-27T20:55:51.150+0800: 2.029: [ParNew: 306688K->34048K(306688K), 0.0332269 secs] 1256235K->1048757K(4160256K), 0.0332863 secs] [Times: user=0.16 sys=0.03, real=0.03 secs] 
2020-10-27T20:55:51.259+0800: 2.137: [GC (Allocation Failure) 2020-10-27T20:55:51.259+0800: 2.137: [ParNew: 306688K->34048K(306688K), 0.0329759 secs] 1321397K->1114740K(4160256K), 0.0330328 secs] [Times: user=0.08 sys=0.03, real=0.03 secs] 
2020-10-27T20:55:51.370+0800: 2.248: [GC (Allocation Failure) 2020-10-27T20:55:51.370+0800: 2.248: [ParNew: 306688K->34048K(306688K), 0.0360847 secs] 1387380K->1182879K(4160256K), 0.0361484 secs] [Times: user=0.13 sys=0.05, real=0.04 secs] 
2020-10-27T20:55:51.501+0800: 2.379: [GC (Allocation Failure) 2020-10-27T20:55:51.501+0800: 2.379: [ParNew: 306688K->34048K(306688K), 0.0416856 secs] 1455519K->1257444K(4160256K), 0.0417669 secs] [Times: user=0.09 sys=0.03, real=0.04 secs] 
2020-10-27T20:55:51.631+0800: 2.510: [GC (Allocation Failure) 2020-10-27T20:55:51.632+0800: 2.510: [ParNew: 306688K->34048K(306688K), 0.0320370 secs] 1530084K->1321324K(4160256K), 0.0320951 secs] [Times: user=0.11 sys=0.02, real=0.03 secs] 
2020-10-27T20:55:51.732+0800: 2.610: [GC (Allocation Failure) 2020-10-27T20:55:51.732+0800: 2.610: [ParNew: 306688K->34048K(306688K), 0.0312155 secs] 1593964K->1386797K(4160256K), 0.0312747 secs] [Times: user=0.11 sys=0.01, real=0.03 secs] 
2020-10-27T20:55:51.826+0800: 2.704: [GC (Allocation Failure) 2020-10-27T20:55:51.826+0800: 2.704: [ParNew: 306688K->34048K(306688K), 0.0340853 secs] 1659437K->1457331K(4160256K), 0.0341441 secs] [Times: user=0.09 sys=0.03, real=0.03 secs] 
2020-10-27T20:55:51.937+0800: 2.816: [GC (Allocation Failure) 2020-10-27T20:55:51.938+0800: 2.816: [ParNew: 306138K->34048K(306688K), 0.0300282 secs] 1729422K->1518311K(4160256K), 0.0300963 secs] [Times: user=0.11 sys=0.02, real=0.03 secs] 
2020-10-27T20:55:52.033+0800: 2.912: [GC (Allocation Failure) 2020-10-27T20:55:52.033+0800: 2.912: [ParNew: 306688K->34048K(306688K), 0.0303484 secs] 1790951K->1579365K(4160256K), 0.0304058 secs] [Times: user=0.09 sys=0.03, real=0.03 secs] 
2020-10-27T20:55:52.146+0800: 3.024: [GC (Allocation Failure) 2020-10-27T20:55:52.146+0800: 3.024: [ParNew: 306688K->34048K(306688K), 0.0304512 secs] 1852005K->1643951K(4160256K), 0.0305082 secs] [Times: user=0.13 sys=0.00, real=0.03 secs] 
2020-10-27T20:55:52.242+0800: 3.120: [GC (Allocation Failure) 2020-10-27T20:55:52.242+0800: 3.120: [ParNew: 306688K->34048K(306688K), 0.0302761 secs] 1916591K->1709527K(4160256K), 0.0303360 secs] [Times: user=0.11 sys=0.02, real=0.03 secs] 
2020-10-27T20:55:52.356+0800: 3.235: [GC (Allocation Failure) 2020-10-27T20:55:52.356+0800: 3.235: [ParNew: 306688K->34048K(306688K), 0.0300734 secs] 1982167K->1773397K(4160256K), 0.0301291 secs] [Times: user=0.03 sys=0.03, real=0.03 secs] 
2020-10-27T20:55:52.453+0800: 3.331: [GC (Allocation Failure) 2020-10-27T20:55:52.453+0800: 3.331: [ParNew: 306688K->34048K(306688K), 0.0315845 secs] 2046037K->1838717K(4160256K), 0.0316306 secs] [Times: user=0.06 sys=0.03, real=0.03 secs] 
2020-10-27T20:55:52.569+0800: 3.447: [GC (Allocation Failure) 2020-10-27T20:55:52.569+0800: 3.447: [ParNew: 306688K->34048K(306688K), 0.0317567 secs] 2111357K->1905208K(4160256K), 0.0318152 secs] [Times: user=0.09 sys=0.03, real=0.03 secs] 
2020-10-27T20:55:52.677+0800: 3.555: [GC (Allocation Failure) 2020-10-27T20:55:52.677+0800: 3.555: [ParNew: 306688K->34048K(306688K), 0.0344163 secs] 2177848K->1979771K(4160256K), 0.0344734 secs] [Times: user=0.09 sys=0.03, real=0.03 secs] 
2020-10-27T20:55:52.711+0800: 3.590: [GC (CMS Initial Mark) [1 CMS-initial-mark: 1945723K(3853568K)] 1985464K(4160256K), 0.0001071 secs] [Times: user=0.00 sys=0.00, real=0.00 secs] 
2020-10-27T20:55:52.712+0800: 3.590: [CMS-concurrent-mark-start]
2020-10-27T20:55:52.740+0800: 3.618: [CMS-concurrent-mark: 0.028/0.028 secs] [Times: user=0.02 sys=0.02, real=0.03 secs] 
2020-10-27T20:55:52.740+0800: 3.618: [CMS-concurrent-preclean-start]
2020-10-27T20:55:52.743+0800: 3.621: [CMS-concurrent-preclean: 0.003/0.003 secs] [Times: user=0.00 sys=0.00, real=0.00 secs] 
2020-10-27T20:55:52.743+0800: 3.621: [CMS-concurrent-abortable-preclean-start]
2020-10-27T20:55:52.802+0800: 3.680: [GC (Allocation Failure) 2020-10-27T20:55:52.802+0800: 3.680: [ParNew: 306590K->34048K(306688K), 0.0297085 secs] 2252313K->2041935K(4160256K), 0.0297662 secs] [Times: user=0.11 sys=0.01, real=0.03 secs] 
2020-10-27T20:55:52.916+0800: 3.794: [GC (Allocation Failure) 2020-10-27T20:55:52.916+0800: 3.794: [ParNew2020-10-27T20:55:52.940+0800: 3.817: [CMS-concurrent-abortable-preclean: 0.010/0.196 secs] [Times: user=0.20 sys=0.05, real=0.20 secs] 
: 306688K->34048K(306688K), 0.0314813 secs] 2314575K->2109612K(4160256K), 0.0315335 secs] [Times: user=0.08 sys=0.03, real=0.03 secs] 
2020-10-27T20:55:52.948+0800: 3.826: [GC (CMS Final Remark) [YG occupancy: 39713 K (306688 K)]2020-10-27T20:55:52.948+0800: 3.826: [Rescan (parallel) , 0.0015326 secs]2020-10-27T20:55:52.949+0800: 3.827: [weak refs processing, 0.0000117 secs]2020-10-27T20:55:52.949+0800: 3.827: [class unloading, 0.0002079 secs]2020-10-27T20:55:52.949+0800: 3.827: [scrub symbol table, 0.0002783 secs]2020-10-27T20:55:52.950+0800: 3.828: [scrub string table, 0.0000805 secs][1 CMS-remark: 2075564K(3853568K)] 2115278K(4160256K), 0.0021872 secs] [Times: user=0.02 sys=0.00, real=0.00 secs] 
2020-10-27T20:55:52.950+0800: 3.828: [CMS-concurrent-sweep-start]
2020-10-27T20:55:52.952+0800: 3.830: [CMS-concurrent-sweep: 0.002/0.002 secs] [Times: user=0.00 sys=0.00, real=0.00 secs] 
2020-10-27T20:55:52.952+0800: 3.830: [CMS-concurrent-reset-start]
2020-10-27T20:55:52.954+0800: 3.833: [CMS-concurrent-reset: 0.003/0.003 secs] [Times: user=0.00 sys=0.00, real=0.00 secs] 
2020-10-27T20:55:53.032+0800: 3.911: [GC (Allocation Failure) 2020-10-27T20:55:53.032+0800: 3.911: [ParNew: 306688K->34048K(306688K), 0.0155762 secs] 597743K->393261K(4160256K), 0.0156329 secs] [Times: user=0.06 sys=0.00, real=0.02 secs] 
2020-10-27T20:55:53.117+0800: 3.996: [GC (Allocation Failure) 2020-10-27T20:55:53.118+0800: 3.996: [ParNew: 306688K->34048K(306688K), 0.0151451 secs] 665901K->461184K(4160256K), 0.0152053 secs] [Times: user=0.06 sys=0.00, real=0.02 secs] 
2020-10-27T20:55:53.198+0800: 4.076: [GC (Allocation Failure) 2020-10-27T20:55:53.198+0800: 4.076: [ParNew: 306688K->34048K(306688K), 0.0148696 secs] 733824K->526725K(4160256K), 0.0149270 secs] [Times: user=0.06 sys=0.00, real=0.02 secs] 
2020-10-27T20:55:53.275+0800: 4.153: [GC (Allocation Failure) 2020-10-27T20:55:53.275+0800: 4.153: [ParNew: 306688K->34048K(306688K), 0.0156786 secs] 799365K->595337K(4160256K), 0.0157377 secs] [Times: user=0.06 sys=0.00, real=0.02 secs] 
2020-10-27T20:55:53.355+0800: 4.233: [GC (Allocation Failure) 2020-10-27T20:55:53.355+0800: 4.233: [ParNew: 306688K->34048K(306688K), 0.0154039 secs] 867977K->666235K(4160256K), 0.0154606 secs] [Times: user=0.06 sys=0.00, real=0.01 secs] 
2020-10-27T20:55:53.463+0800: 4.341: [GC (Allocation Failure) 2020-10-27T20:55:53.463+0800: 4.341: [ParNew: 306688K->34048K(306688K), 0.0151159 secs] 938875K->726918K(4160256K), 0.0151725 secs] [Times: user=0.06 sys=0.00, real=0.01 secs] 
2020-10-27T20:55:53.538+0800: 4.416: [GC (Allocation Failure) 2020-10-27T20:55:53.538+0800: 4.416: [ParNew: 306688K->34048K(306688K), 0.0158677 secs] 999558K->797443K(4160256K), 0.0159263 secs] [Times: user=0.06 sys=0.00, real=0.02 secs] 
2020-10-27T20:55:53.620+0800: 4.498: [GC (Allocation Failure) 2020-10-27T20:55:53.620+0800: 4.498: [ParNew: 306688K->34048K(306688K), 0.0224425 secs] 1070083K->857345K(4160256K), 0.0225552 secs] [Times: user=0.11 sys=0.00, real=0.02 secs] 
2020-10-27T20:55:53.729+0800: 4.608: [GC (Allocation Failure) 2020-10-27T20:55:53.729+0800: 4.608: [ParNew: 306688K->34048K(306688K), 0.0155178 secs] 1129985K->926796K(4160256K), 0.0155736 secs] [Times: user=0.02 sys=0.00, real=0.02 secs] 
2020-10-27T20:55:53.825+0800: 4.704: [GC (Allocation Failure) 2020-10-27T20:55:53.825+0800: 4.704: [ParNew: 306688K->34048K(306688K), 0.0152079 secs] 1199436K->995517K(4160256K), 0.0152679 secs] [Times: user=0.06 sys=0.00, real=0.02 secs] 
2020-10-27T20:55:53.909+0800: 4.788: [GC (Allocation Failure) 2020-10-27T20:55:53.910+0800: 4.788: [ParNew: 306688K->34048K(306688K), 0.0144245 secs] 1268157K->1056639K(4160256K), 0.0144838 secs] [Times: user=0.06 sys=0.00, real=0.02 secs] 
2020-10-27T20:55:54.002+0800: 4.880: [GC (Allocation Failure) 2020-10-27T20:55:54.002+0800: 4.880: [ParNew: 306688K->34048K(306688K), 0.0156282 secs] 1329279K->1124726K(4160256K), 0.0156853 secs] [Times: user=0.05 sys=0.00, real=0.02 secs] 
2020-10-27T20:55:54.105+0800: 4.984: [GC (Allocation Failure) 2020-10-27T20:55:54.105+0800: 4.984: [ParNew: 306688K->34048K(306688K), 0.0144355 secs] 1397366K->1183741K(4160256K), 0.0144907 secs] [Times: user=0.00 sys=0.00, real=0.01 secs] 
2020-10-27T20:55:54.195+0800: 5.073: [GC (Allocation Failure) 2020-10-27T20:55:54.195+0800: 5.073: [ParNew: 306688K->34048K(306688K), 0.0144870 secs] 1456381K->1241765K(4160256K), 0.0145469 secs] [Times: user=0.06 sys=0.00, real=0.02 secs] 
2020-10-27T20:55:54.272+0800: 5.151: [GC (Allocation Failure) 2020-10-27T20:55:54.272+0800: 5.151: [ParNew: 306593K->34048K(306688K), 0.0158252 secs] 1514311K->1308935K(4160256K), 0.0158871 secs] [Times: user=0.06 sys=0.00, real=0.02 secs] 
2020-10-27T20:55:54.368+0800: 5.246: [GC (Allocation Failure) 2020-10-27T20:55:54.368+0800: 5.246: [ParNew: 306688K->34048K(306688K), 0.0151400 secs] 1581575K->1373463K(4160256K), 0.0151953 secs] [Times: user=0.06 sys=0.00, real=0.02 secs] 
2020-10-27T20:55:54.457+0800: 5.335: [GC (Allocation Failure) 2020-10-27T20:55:54.457+0800: 5.335: [ParNew: 306688K->34048K(306688K), 0.0154163 secs] 1646103K->1439285K(4160256K), 0.0154755 secs] [Times: user=0.06 sys=0.00, real=0.01 secs] 
2020-10-27T20:55:54.559+0800: 5.437: [GC (Allocation Failure) 2020-10-27T20:55:54.559+0800: 5.437: [ParNew: 306688K->34048K(306688K), 0.0149268 secs] 1711925K->1502719K(4160256K), 0.0149858 secs] [Times: user=0.00 sys=0.00, real=0.01 secs] 
2020-10-27T20:55:54.637+0800: 5.515: [GC (Allocation Failure) 2020-10-27T20:55:54.637+0800: 5.515: [ParNew: 306688K->34048K(306688K), 0.0166896 secs] 1775359K->1571915K(4160256K), 0.0167507 secs] [Times: user=0.05 sys=0.00, real=0.02 secs] 
2020-10-27T20:55:54.725+0800: 5.603: [GC (Allocation Failure) 2020-10-27T20:55:54.725+0800: 5.603: [ParNew: 306688K->34048K(306688K), 0.0148243 secs] 1844555K->1632872K(4160256K), 0.0148831 secs] [Times: user=0.06 sys=0.00, real=0.02 secs] 
2020-10-27T20:55:54.801+0800: 5.679: [GC (Allocation Failure) 2020-10-27T20:55:54.801+0800: 5.679: [ParNew: 306688K->34048K(306688K), 0.0158835 secs] 1905512K->1703351K(4160256K), 0.0159438 secs] [Times: user=0.05 sys=0.00, real=0.02 secs] 
2020-10-27T20:55:54.886+0800: 5.765: [GC (Allocation Failure) 2020-10-27T20:55:54.886+0800: 5.765: [ParNew: 306688K->34048K(306688K), 0.0149160 secs] 1975991K->1762586K(4160256K), 0.0149740 secs] [Times: user=0.06 sys=0.00, real=0.02 secs] 
2020-10-27T20:55:54.962+0800: 5.840: [GC (Allocation Failure) 2020-10-27T20:55:54.962+0800: 5.840: [ParNew: 306688K->34048K(306688K), 0.0254823 secs] 2035226K->1825228K(4160256K), 0.0255967 secs] [Times: user=0.11 sys=0.00, real=0.03 secs] 
2020-10-27T20:55:55.055+0800: 5.933: [GC (Allocation Failure) 2020-10-27T20:55:55.055+0800: 5.933: [ParNew: 306688K->34048K(306688K), 0.0175863 secs] 2097868K->1895033K(4160256K), 0.0176426 secs] [Times: user=0.05 sys=0.00, real=0.02 secs] 
2020-10-27T20:55:55.144+0800: 6.022: [GC (Allocation Failure) 2020-10-27T20:55:55.144+0800: 6.022: [ParNew: 306688K->34048K(306688K), 0.0142928 secs] 2167673K->1956055K(4160256K), 0.0143516 secs] [Times: user=0.06 sys=0.00, real=0.01 secs] 
2020-10-27T20:55:55.224+0800: 6.103: [GC (Allocation Failure) 2020-10-27T20:55:55.224+0800: 6.103: [ParNew: 306688K->34048K(306688K), 0.0147901 secs] 2228695K->2011810K(4160256K), 0.0148464 secs] [Times: user=0.06 sys=0.00, real=0.02 secs] 
2020-10-27T20:55:55.315+0800: 6.193: [GC (Allocation Failure) 2020-10-27T20:55:55.315+0800: 6.193: [ParNew: 306688K->34048K(306688K), 0.0156290 secs] 2284450K->2075938K(4160256K), 0.0157251 secs] [Times: user=0.05 sys=0.00, real=0.01 secs] 
2020-10-27T20:55:55.390+0800: 6.268: [GC (Allocation Failure) 2020-10-27T20:55:55.390+0800: 6.268: [ParNew: 306688K->34048K(306688K), 0.0243807 secs] 2348578K->2145464K(4160256K), 0.0244439 secs] [Times: user=0.06 sys=0.00, real=0.02 secs] 
2020-10-27T20:55:55.484+0800: 6.362: [GC (Allocation Failure) 2020-10-27T20:55:55.484+0800: 6.362: [ParNew: 306688K->34048K(306688K), 0.0332361 secs] 2418104K->2217876K(4160256K), 0.0332941 secs] [Times: user=0.11 sys=0.02, real=0.03 secs] 
2020-10-27T20:55:55.598+0800: 6.477: [GC (Allocation Failure) 2020-10-27T20:55:55.598+0800: 6.477: [ParNew: 306688K->34048K(306688K), 0.0302940 secs] 2490516K->2284793K(4160256K), 0.0303530 secs] [Times: user=0.11 sys=0.02, real=0.03 secs] 
2020-10-27T20:55:55.706+0800: 6.585: [GC (Allocation Failure) 2020-10-27T20:55:55.706+0800: 6.585: [ParNew: 306688K->34048K(306688K), 0.0283991 secs] 2557433K->2345942K(4160256K), 0.0284593 secs] [Times: user=0.08 sys=0.05, real=0.03 secs] 
2020-10-27T20:55:55.808+0800: 6.686: [GC (Allocation Failure) 2020-10-27T20:55:55.808+0800: 6.686: [ParNew: 306688K->34048K(306688K), 0.0301979 secs] 2618582K->2412734K(4160256K), 0.0302561 secs] [Times: user=0.08 sys=0.03, real=0.03 secs] 
2020-10-27T20:55:55.915+0800: 6.793: [GC (Allocation Failure) 2020-10-27T20:55:55.915+0800: 6.793: [ParNew: 306688K->34048K(306688K), 0.0317486 secs] 2685374K->2477927K(4160256K), 0.0318043 secs] [Times: user=0.08 sys=0.03, real=0.03 secs] 
2020-10-27T20:55:56.027+0800: 6.906: [GC (Allocation Failure) 2020-10-27T20:55:56.027+0800: 6.906: [ParNew: 306688K->34048K(306688K), 0.0318266 secs] 2750567K->2546050K(4160256K), 0.0318878 secs] [Times: user=0.08 sys=0.02, real=0.03 secs] 
2020-10-27T20:55:56.133+0800: 7.011: [GC (Allocation Failure) 2020-10-27T20:55:56.133+0800: 7.011: [ParNew: 306688K->34048K(306688K), 0.0289822 secs] 2818690K->2610647K(4160256K), 0.0290396 secs] [Times: user=0.11 sys=0.02, real=0.03 secs] 
2020-10-27T20:55:56.239+0800: 7.117: [GC (Allocation Failure) 2020-10-27T20:55:56.239+0800: 7.117: [ParNew: 306561K->34048K(306688K), 0.0284257 secs] 2883160K->2672115K(4160256K), 0.0284854 secs] [Times: user=0.09 sys=0.02, real=0.03 secs] 
2020-10-27T20:55:56.346+0800: 7.224: [GC (Allocation Failure) 2020-10-27T20:55:56.346+0800: 7.224: [ParNew: 306688K->34048K(306688K), 0.0306005 secs] 2944755K->2738713K(4160256K), 0.0306605 secs] [Times: user=0.13 sys=0.00, real=0.03 secs] 
2020-10-27T20:55:56.468+0800: 7.347: [GC (Allocation Failure) 2020-10-27T20:55:56.468+0800: 7.347: [ParNew: 306688K->34048K(306688K), 0.0325801 secs] 3011353K->2798524K(4160256K), 0.0326419 secs] [Times: user=0.06 sys=0.02, real=0.03 secs] 
2020-10-27T20:55:56.575+0800: 7.453: [GC (Allocation Failure) 2020-10-27T20:55:56.575+0800: 7.453: [ParNew: 306688K->34048K(306688K), 0.0371271 secs] 3071164K->2869310K(4160256K), 0.0371891 secs] [Times: user=0.09 sys=0.01, real=0.04 secs] 
2020-10-27T20:55:56.689+0800: 7.567: [GC (Allocation Failure) 2020-10-27T20:55:56.689+0800: 7.567: [ParNew: 306688K->34048K(306688K), 0.0327651 secs] 3141950K->2933144K(4160256K), 0.0328267 secs] [Times: user=0.11 sys=0.00, real=0.03 secs] 
2020-10-27T20:55:56.801+0800: 7.680: [GC (Allocation Failure) 2020-10-27T20:55:56.801+0800: 7.680: [ParNew: 306688K->34048K(306688K), 0.0326869 secs] 3205784K->2998840K(4160256K), 0.0327476 secs] [Times: user=0.11 sys=0.02, real=0.03 secs] 
2020-10-27T20:55:56.936+0800: 7.814: [GC (Allocation Failure) 2020-10-27T20:55:56.936+0800: 7.814: [ParNew: 306688K->34048K(306688K), 0.0365665 secs] 3271480K->3067804K(4160256K), 0.0366278 secs] [Times: user=0.09 sys=0.01, real=0.04 secs] 
2020-10-27T20:55:57.047+0800: 7.925: [GC (Allocation Failure) 2020-10-27T20:55:57.047+0800: 7.925: [ParNew: 306688K->34048K(306688K), 0.0337498 secs] 3340444K->3128085K(4160256K), 0.0338104 secs] [Times: user=0.09 sys=0.02, real=0.03 secs] 
2020-10-27T20:55:57.153+0800: 8.032: [GC (Allocation Failure) 2020-10-27T20:55:57.153+0800: 8.032: [ParNew: 306688K->34048K(306688K), 0.0375314 secs] 3400725K->3200547K(4160256K), 0.0375968 secs] [Times: user=0.09 sys=0.03, real=0.04 secs] 
2020-10-27T20:55:57.255+0800: 8.133: [GC (Allocation Failure) 2020-10-27T20:55:57.255+0800: 8.133: [ParNew: 306688K->34048K(306688K), 0.0341607 secs] 3473187K->3261711K(4160256K), 0.0342270 secs] [Times: user=0.11 sys=0.02, real=0.03 secs] 
2020-10-27T20:55:57.397+0800: 8.275: [GC (Allocation Failure) 2020-10-27T20:55:57.398+0800: 8.276: [ParNew: 306688K->34048K(306688K), 0.0533563 secs] 3534351K->3327476K(4160256K), 0.0534670 secs] [Times: user=0.19 sys=0.02, real=0.05 secs] 
2020-10-27T20:55:57.541+0800: 8.419: [GC (Allocation Failure) 2020-10-27T20:55:57.541+0800: 8.420: [ParNew: 306688K->34048K(306688K), 0.0333111 secs] 3600116K->3391925K(4160256K), 0.0333676 secs] [Times: user=0.14 sys=0.01, real=0.03 secs] 
2020-10-27T20:55:57.644+0800: 8.523: [GC (Allocation Failure) 2020-10-27T20:55:57.644+0800: 8.523: [ParNew: 306688K->34048K(306688K), 0.0314010 secs] 3664565K->3454239K(4160256K), 0.0314595 secs] [Times: user=0.11 sys=0.02, real=0.03 secs] 
2020-10-27T20:55:57.756+0800: 8.634: [GC (Allocation Failure) 2020-10-27T20:55:57.756+0800: 8.634: [ParNew: 306688K->34048K(306688K), 0.0354950 secs] 3726879K->3521438K(4160256K), 0.0355522 secs] [Times: user=0.09 sys=0.01, real=0.04 secs] 
2020-10-27T20:55:57.858+0800: 8.737: [GC (Allocation Failure) 2020-10-27T20:55:57.858+0800: 8.737: [ParNew: 306437K->34048K(306688K), 0.0350822 secs] 3793827K->3589338K(4160256K), 0.0351361 secs] [Times: user=0.09 sys=0.02, real=0.04 secs] 
2020-10-27T20:55:57.894+0800: 8.772: [GC (CMS Initial Mark) [1 CMS-initial-mark: 3555290K(3853568K)] 3595046K(4160256K), 0.0000772 secs] [Times: user=0.00 sys=0.00, real=0.00 secs] 
2020-10-27T20:55:57.894+0800: 8.772: [CMS-concurrent-mark-start]
2020-10-27T20:55:57.906+0800: 8.785: [CMS-concurrent-mark: 0.012/0.012 secs] [Times: user=0.02 sys=0.00, real=0.01 secs] 
2020-10-27T20:55:57.906+0800: 8.785: [CMS-concurrent-preclean-start]
2020-10-27T20:55:57.909+0800: 8.788: [CMS-concurrent-preclean: 0.003/0.003 secs] [Times: user=0.00 sys=0.00, real=0.00 secs] 
2020-10-27T20:55:57.909+0800: 8.788: [CMS-concurrent-abortable-preclean-start]
2020-10-27T20:55:57.969+0800: 8.847: [GC (Allocation Failure) 2020-10-27T20:55:57.969+0800: 8.847: [ParNew: 306688K->34048K(306688K), 0.0336243 secs] 3861978K->3648940K(4160256K), 0.0336866 secs] [Times: user=0.09 sys=0.03, real=0.03 secs] 
2020-10-27T20:55:58.093+0800: 8.971: [GC (Allocation Failure) 2020-10-27T20:55:58.093+0800: 8.971: [ParNew2020-10-27T20:55:58.110+0800: 8.988: [CMS-concurrent-abortable-preclean: 0.010/0.200 secs] [Times: user=0.17 sys=0.05, real=0.20 secs] 
: 306688K->34048K(306688K), 0.0359327 secs] 3921580K->3714216K(4160256K), 0.0359900 secs] [Times: user=0.08 sys=0.03, real=0.04 secs] 
2020-10-27T20:55:58.129+0800: 9.007: [GC (CMS Final Remark) [YG occupancy: 34506 K (306688 K)]2020-10-27T20:55:58.129+0800: 9.007: [Rescan (parallel) , 0.0014004 secs]2020-10-27T20:55:58.131+0800: 9.009: [weak refs processing, 0.0000109 secs]2020-10-27T20:55:58.131+0800: 9.009: [class unloading, 0.0001875 secs]2020-10-27T20:55:58.131+0800: 9.009: [scrub symbol table, 0.0002666 secs]2020-10-27T20:55:58.131+0800: 9.009: [scrub string table, 0.0000803 secs][1 CMS-remark: 3680168K(3853568K)] 3714675K(4160256K), 0.0020091 secs] [Times: user=0.00 sys=0.00, real=0.00 secs] 
2020-10-27T20:55:58.132+0800: 9.010: [CMS-concurrent-sweep-start]
2020-10-27T20:55:58.136+0800: 9.014: [CMS-concurrent-sweep: 0.004/0.004 secs] [Times: user=0.00 sys=0.00, real=0.00 secs] 
2020-10-27T20:55:58.136+0800: 9.014: [CMS-concurrent-reset-start]
2020-10-27T20:55:58.139+0800: 9.017: [CMS-concurrent-reset: 0.003/0.003 secs] [Times: user=0.01 sys=0.00, real=0.00 secs] 
2020-10-27T20:55:58.207+0800: 9.086: [GC (Allocation Failure) 2020-10-27T20:55:58.207+0800: 9.086: [ParNew: 306688K->34048K(306688K), 0.0157197 secs] 593739K->390959K(4160256K), 0.0157749 secs] [Times: user=0.05 sys=0.01, real=0.02 secs] 
2020-10-27T20:55:58.291+0800: 9.170: [GC (Allocation Failure) 2020-10-27T20:55:58.291+0800: 9.170: [ParNew: 306688K->34048K(306688K), 0.0148948 secs] 663599K->451434K(4160256K), 0.0149505 secs] [Times: user=0.06 sys=0.00, real=0.02 secs] 
2020-10-27T20:55:58.370+0800: 9.249: [GC (Allocation Failure) 2020-10-27T20:55:58.370+0800: 9.249: [ParNew: 306688K->34048K(306688K), 0.0158509 secs] 724074K->520105K(4160256K), 0.0159092 secs] [Times: user=0.00 sys=0.00, real=0.02 secs] 
2020-10-27T20:55:58.463+0800: 9.341: [GC (Allocation Failure) 2020-10-27T20:55:58.463+0800: 9.341: [ParNew: 306688K->34048K(306688K), 0.0160035 secs] 792745K->591923K(4160256K), 0.0160606 secs] [Times: user=0.06 sys=0.00, real=0.02 secs] 
2020-10-27T20:55:58.538+0800: 9.416: [GC (Allocation Failure) 2020-10-27T20:55:58.538+0800: 9.416: [ParNew: 306688K->34048K(306688K), 0.0140954 secs] 864563K->643338K(4160256K), 0.0141671 secs] [Times: user=0.06 sys=0.00, real=0.01 secs] 
2020-10-27T20:55:58.618+0800: 9.496: [GC (Allocation Failure) 2020-10-27T20:55:58.618+0800: 9.496: [ParNew: 306688K->34048K(306688K), 0.0151923 secs] 915978K->705749K(4160256K), 0.0152483 secs] [Times: user=0.06 sys=0.00, real=0.01 secs] 
2020-10-27T20:55:58.722+0800: 9.600: [GC (Allocation Failure) 2020-10-27T20:55:58.722+0800: 9.600: [ParNew: 306688K->34048K(306688K), 0.0159185 secs] 978389K->777280K(4160256K), 0.0159748 secs] [Times: user=0.05 sys=0.02, real=0.02 secs] 
2020-10-27T20:55:58.798+0800: 9.676: [GC (Allocation Failure) 2020-10-27T20:55:58.798+0800: 9.676: [ParNew: 306688K->34048K(306688K), 0.0152770 secs] 1049920K->846656K(4160256K), 0.0153358 secs] [Times: user=0.05 sys=0.00, real=0.01 secs] 
2020-10-27T20:55:58.906+0800: 9.784: [GC (Allocation Failure) 2020-10-27T20:55:58.906+0800: 9.784: [ParNew: 306688K->34048K(306688K), 0.0148381 secs] 1119296K->908900K(4160256K), 0.0148976 secs] [Times: user=0.05 sys=0.00, real=0.02 secs] 
2020-10-27T20:55:58.995+0800: 9.874: [GC (Allocation Failure) 2020-10-27T20:55:58.995+0800: 9.874: [ParNew: 306688K->34048K(306688K), 0.0150474 secs] 1181540K->970140K(4160256K), 0.0151062 secs] [Times: user=0.06 sys=0.00, real=0.02 secs] 
2020-10-27T20:55:59.089+0800: 9.968: [GC (Allocation Failure) 2020-10-27T20:55:59.089+0800: 9.968: [ParNew: 306688K->34048K(306688K), 0.0157329 secs] 1242780K->1041471K(4160256K), 0.0157877 secs] [Times: user=0.06 sys=0.00, real=0.02 secs] 
2020-10-27T20:55:59.166+0800: 10.045: [GC (Allocation Failure) 2020-10-27T20:55:59.166+0800: 10.045: [ParNew: 306688K->34048K(306688K), 0.0158400 secs] 1314111K->1108608K(4160256K), 0.0158977 secs] [Times: user=0.06 sys=0.00, real=0.02 secs] 
Heap
 par new generation   total 306688K, used 198730K [0x00000006c0000000, 0x00000006d4cc0000, 0x00000006d4cc0000)
  eden space 272640K,  60% used [0x00000006c0000000, 0x00000006ca0d2970, 0x00000006d0a40000)
  from space 34048K, 100% used [0x00000006d0a40000, 0x00000006d2b80000, 0x00000006d2b80000)
  to   space 34048K,   0% used [0x00000006d2b80000, 0x00000006d2b80000, 0x00000006d4cc0000)
 concurrent mark-sweep generation total 3853568K, used 1074560K [0x00000006d4cc0000, 0x00000007c0000000, 0x00000007c0000000)
 Metaspace       used 2714K, capacity 4490K, committed 4864K, reserved 1056768K
  class space    used 291K, capacity 386K, committed 512K, reserved 1048576K
