Java HotSpot(TM) 64-Bit Server VM (25.211-b12) for windows-amd64 JRE (1.8.0_211-b12), built on Apr  1 2019 20:53:26 by "java_re" with MS VC++ 10.0 (VS2010)
Memory: 4k page, physical 16640612k(9345172k free), swap 16640612k(7550344k free)
CommandLine flags: -XX:InitialHeapSize=2147483648 -XX:MaxHeapSize=2147483648 -XX:+PrintGC -XX:+PrintGCDateStamps -XX:+PrintGCDetails -XX:+PrintGCTimeStamps -XX:+UseCompressedClassPointers -XX:+UseCompressedOops -XX:-UseLargePagesIndividualAllocation -XX:+UseSerialGC 
2020-10-27T20:54:47.457+0800: 0.457: [GC (Allocation Failure) 2020-10-27T20:54:47.457+0800: 0.457: [DefNew: 559232K->69888K(629120K), 0.0559197 secs] 559232K->130350K(2027264K), 0.0560648 secs] [Times: user=0.06 sys=0.00, real=0.06 secs] 
2020-10-27T20:54:47.714+0800: 0.714: [GC (Allocation Failure) 2020-10-27T20:54:47.714+0800: 0.714: [DefNew: 629120K->69886K(629120K), 0.0616215 secs] 689582K->206282K(2027264K), 0.0616764 secs] [Times: user=0.00 sys=0.06, real=0.06 secs] 
2020-10-27T20:54:47.960+0800: 0.959: [GC (Allocation Failure) 2020-10-27T20:54:47.960+0800: 0.959: [DefNew: 629118K->69888K(629120K), 0.0419486 secs] 765514K->284692K(2027264K), 0.0420062 secs] [Times: user=0.03 sys=0.02, real=0.04 secs] 
2020-10-27T20:54:48.198+0800: 1.197: [GC (Allocation Failure) 2020-10-27T20:54:48.198+0800: 1.198: [DefNew: 629120K->69886K(629120K), 0.0425025 secs] 843924K->363215K(2027264K), 0.0425618 secs] [Times: user=0.03 sys=0.02, real=0.04 secs] 
2020-10-27T20:54:48.397+0800: 1.396: [GC (Allocation Failure) 2020-10-27T20:54:48.397+0800: 1.396: [DefNew: 629118K->69888K(629120K), 0.0422437 secs] 922447K->441453K(2027264K), 0.0423000 secs] [Times: user=0.03 sys=0.02, real=0.04 secs] 
2020-10-27T20:54:48.580+0800: 1.579: [GC (Allocation Failure) 2020-10-27T20:54:48.580+0800: 1.579: [DefNew: 629120K->69887K(629120K), 0.0433915 secs] 1000685K->524597K(2027264K), 0.0434466 secs] [Times: user=0.03 sys=0.02, real=0.04 secs] 
2020-10-27T20:54:48.789+0800: 1.788: [GC (Allocation Failure) 2020-10-27T20:54:48.789+0800: 1.788: [DefNew: 629060K->69887K(629120K), 0.0413587 secs] 1083770K->603271K(2027264K), 0.0414544 secs] [Times: user=0.03 sys=0.01, real=0.04 secs] 
2020-10-27T20:54:48.994+0800: 1.993: [GC (Allocation Failure) 2020-10-27T20:54:48.994+0800: 1.993: [DefNew: 629119K->69887K(629120K), 0.0437650 secs] 1162503K->687539K(2027264K), 0.0438198 secs] [Times: user=0.05 sys=0.00, real=0.04 secs] 
2020-10-27T20:54:49.174+0800: 2.174: [GC (Allocation Failure) 2020-10-27T20:54:49.174+0800: 2.174: [DefNew: 629119K->69887K(629120K), 0.0381021 secs] 1246771K->759332K(2027264K), 0.0381560 secs] [Times: user=0.02 sys=0.02, real=0.04 secs] 
2020-10-27T20:54:49.382+0800: 2.381: [GC (Allocation Failure) 2020-10-27T20:54:49.382+0800: 2.381: [DefNew: 629119K->69887K(629120K), 0.0397120 secs] 1318564K->834769K(2027264K), 0.0397659 secs] [Times: user=0.02 sys=0.03, real=0.04 secs] 
2020-10-27T20:54:49.583+0800: 2.583: [GC (Allocation Failure) 2020-10-27T20:54:49.583+0800: 2.583: [DefNew: 629119K->69888K(629120K), 0.0460417 secs] 1394001K->912266K(2027264K), 0.0461415 secs] [Times: user=0.03 sys=0.02, real=0.05 secs] 
2020-10-27T20:54:49.777+0800: 2.776: [GC (Allocation Failure) 2020-10-27T20:54:49.777+0800: 2.777: [DefNew: 629120K->69887K(629120K), 0.0393971 secs] 1471498K->984407K(2027264K), 0.0394528 secs] [Times: user=0.03 sys=0.02, real=0.04 secs] 
2020-10-27T20:54:49.990+0800: 2.990: [GC (Allocation Failure) 2020-10-27T20:54:49.991+0800: 2.990: [DefNew: 629119K->69886K(629120K), 0.0477474 secs] 1543639K->1058764K(2027264K), 0.0478511 secs] [Times: user=0.03 sys=0.02, real=0.05 secs] 
2020-10-27T20:54:50.164+0800: 3.163: [GC (Allocation Failure) 2020-10-27T20:54:50.164+0800: 3.163: [DefNew: 629118K->69888K(629120K), 0.0402288 secs] 1617996K->1139294K(2027264K), 0.0402843 secs] [Times: user=0.05 sys=0.00, real=0.04 secs] 
2020-10-27T20:54:50.358+0800: 3.358: [GC (Allocation Failure) 2020-10-27T20:54:50.358+0800: 3.358: [DefNew: 629120K->69887K(629120K), 0.0399561 secs] 1698526K->1216406K(2027264K), 0.0400158 secs] [Times: user=0.02 sys=0.02, real=0.04 secs] 
2020-10-27T20:54:50.537+0800: 3.537: [GC (Allocation Failure) 2020-10-27T20:54:50.537+0800: 3.537: [DefNew: 629119K->69887K(629120K), 0.0375352 secs] 1775638K->1288143K(2027264K), 0.0375897 secs] [Times: user=0.02 sys=0.03, real=0.04 secs] 
2020-10-27T20:54:50.719+0800: 3.718: [GC (Allocation Failure) 2020-10-27T20:54:50.719+0800: 3.718: [DefNew: 629119K->69887K(629120K), 0.0451468 secs] 1847375K->1361772K(2027264K), 0.0452172 secs] [Times: user=0.01 sys=0.03, real=0.04 secs] 
2020-10-27T20:54:50.920+0800: 3.919: [GC (Allocation Failure) 2020-10-27T20:54:50.920+0800: 3.919: [DefNew: 629119K->69888K(629120K), 0.0398465 secs] 1921004K->1440520K(2027264K), 0.0399084 secs] [Times: user=0.02 sys=0.02, real=0.04 secs] 
2020-10-27T20:54:51.123+0800: 4.122: [GC (Allocation Failure) 2020-10-27T20:54:51.123+0800: 4.122: [DefNew: 629120K->629120K(629120K), 0.0000164 secs]2020-10-27T20:54:51.123+0800: 4.122: [Tenured: 1370632K->241481K(1398144K), 0.0249444 secs] 1999752K->241481K(2027264K), [Metaspace: 2700K->2700K(1056768K)], 0.0250322 secs] [Times: user=0.02 sys=0.00, real=0.03 secs] 
2020-10-27T20:54:51.293+0800: 4.293: [GC (Allocation Failure) 2020-10-27T20:54:51.293+0800: 4.293: [DefNew: 559232K->69888K(629120K), 0.0148073 secs] 800713K->364723K(2027264K), 0.0148599 secs] [Times: user=0.02 sys=0.00, real=0.02 secs] 
2020-10-27T20:54:51.484+0800: 4.484: [GC (Allocation Failure) 2020-10-27T20:54:51.484+0800: 4.484: [DefNew: 629120K->69886K(629120K), 0.0184367 secs] 923955K->449183K(2027264K), 0.0184972 secs] [Times: user=0.02 sys=0.00, real=0.02 secs] 
2020-10-27T20:54:51.674+0800: 4.674: [GC (Allocation Failure) 2020-10-27T20:54:51.674+0800: 4.674: [DefNew: 628867K->69887K(629120K), 0.0180506 secs] 1008164K->529557K(2027264K), 0.0181042 secs] [Times: user=0.02 sys=0.00, real=0.02 secs] 
2020-10-27T20:54:51.856+0800: 4.855: [GC (Allocation Failure) 2020-10-27T20:54:51.856+0800: 4.855: [DefNew: 629119K->69887K(629120K), 0.0178035 secs] 1088789K->607207K(2027264K), 0.0178646 secs] [Times: user=0.02 sys=0.00, real=0.02 secs] 
2020-10-27T20:54:52.037+0800: 5.037: [GC (Allocation Failure) 2020-10-27T20:54:52.037+0800: 5.037: [DefNew: 629119K->69887K(629120K), 0.0172455 secs] 1166439K->681732K(2027264K), 0.0172987 secs] [Times: user=0.01 sys=0.00, real=0.02 secs] 
2020-10-27T20:54:52.211+0800: 5.211: [GC (Allocation Failure) 2020-10-27T20:54:52.211+0800: 5.211: [DefNew: 629119K->69887K(629120K), 0.0179676 secs] 1240964K->757835K(2027264K), 0.0180269 secs] [Times: user=0.02 sys=0.00, real=0.02 secs] 
2020-10-27T20:54:52.380+0800: 5.379: [GC (Allocation Failure) 2020-10-27T20:54:52.380+0800: 5.379: [DefNew: 629119K->69887K(629120K), 0.0172440 secs] 1317067K->832274K(2027264K), 0.0172986 secs] [Times: user=0.02 sys=0.00, real=0.02 secs] 
2020-10-27T20:54:52.547+0800: 5.546: [GC (Allocation Failure) 2020-10-27T20:54:52.547+0800: 5.546: [DefNew: 629119K->69887K(629120K), 0.0194683 secs] 1391506K->911320K(2027264K), 0.0195205 secs] [Times: user=0.01 sys=0.00, real=0.02 secs] 
2020-10-27T20:54:52.710+0800: 5.709: [GC (Allocation Failure) 2020-10-27T20:54:52.710+0800: 5.709: [DefNew: 629119K->69887K(629120K), 0.0174109 secs] 1470552K->987325K(2027264K), 0.0174664 secs] [Times: user=0.02 sys=0.00, real=0.02 secs] 
2020-10-27T20:54:52.844+0800: 5.844: [GC (Allocation Failure) 2020-10-27T20:54:52.844+0800: 5.844: [DefNew: 629119K->69887K(629120K), 0.0174376 secs] 1546557K->1061966K(2027264K), 0.0174930 secs] [Times: user=0.01 sys=0.00, real=0.02 secs] 
2020-10-27T20:54:53.009+0800: 6.008: [GC (Allocation Failure) 2020-10-27T20:54:53.009+0800: 6.008: [DefNew: 629119K->69888K(629120K), 0.0179252 secs] 1621198K->1139636K(2027264K), 0.0179830 secs] [Times: user=0.02 sys=0.00, real=0.02 secs] 
2020-10-27T20:54:53.184+0800: 6.184: [GC (Allocation Failure) 2020-10-27T20:54:53.184+0800: 6.184: [DefNew: 629120K->69887K(629120K), 0.0173915 secs] 1698868K->1213321K(2027264K), 0.0174423 secs] [Times: user=0.01 sys=0.00, real=0.02 secs] 
2020-10-27T20:54:53.330+0800: 6.330: [GC (Allocation Failure) 2020-10-27T20:54:53.330+0800: 6.330: [DefNew: 629119K->69887K(629120K), 0.0168516 secs] 1772553K->1282379K(2027264K), 0.0169071 secs] [Times: user=0.01 sys=0.00, real=0.02 secs] 
2020-10-27T20:54:53.475+0800: 6.474: [GC (Allocation Failure) 2020-10-27T20:54:53.475+0800: 6.474: [DefNew: 629119K->69887K(629120K), 0.0172781 secs] 1841611K->1356311K(2027264K), 0.0173303 secs] [Times: user=0.02 sys=0.00, real=0.02 secs] 
2020-10-27T20:54:53.657+0800: 6.656: [GC (Allocation Failure) 2020-10-27T20:54:53.657+0800: 6.656: [DefNew: 629119K->69887K(629120K), 0.0199603 secs] 1915543K->1436009K(2027264K), 0.0200144 secs] [Times: user=0.01 sys=0.00, real=0.02 secs] 
2020-10-27T20:54:53.821+0800: 6.820: [GC (Allocation Failure) 2020-10-27T20:54:53.821+0800: 6.820: [DefNew: 629119K->629119K(629120K), 0.0000130 secs]2020-10-27T20:54:53.821+0800: 6.820: [Tenured: 1366121K->243152K(1398144K), 0.0247154 secs] 1995241K->243152K(2027264K), [Metaspace: 2707K->2707K(1056768K)], 0.0247931 secs] [Times: user=0.03 sys=0.00, real=0.02 secs] 
2020-10-27T20:54:53.976+0800: 6.976: [GC (Allocation Failure) 2020-10-27T20:54:53.976+0800: 6.976: [DefNew: 559232K->69886K(629120K), 0.0160280 secs] 802384K->373336K(2027264K), 0.0160856 secs] [Times: user=0.02 sys=0.00, real=0.02 secs] 
2020-10-27T20:54:54.148+0800: 7.147: [GC (Allocation Failure) 2020-10-27T20:54:54.148+0800: 7.147: [DefNew: 629118K->69887K(629120K), 0.0173438 secs] 932568K->446107K(2027264K), 0.0174000 secs] [Times: user=0.02 sys=0.00, real=0.02 secs] 
2020-10-27T20:54:54.320+0800: 7.320: [GC (Allocation Failure) 2020-10-27T20:54:54.320+0800: 7.320: [DefNew: 629019K->69887K(629120K), 0.0186698 secs] 1005239K->527890K(2027264K), 0.0187246 secs] [Times: user=0.02 sys=0.00, real=0.02 secs] 
2020-10-27T20:54:54.515+0800: 7.514: [GC (Allocation Failure) 2020-10-27T20:54:54.515+0800: 7.514: [DefNew: 629119K->69887K(629120K), 0.0171565 secs] 1087122K->599511K(2027264K), 0.0172116 secs] [Times: user=0.02 sys=0.00, real=0.02 secs] 
2020-10-27T20:54:54.681+0800: 7.681: [GC (Allocation Failure) 2020-10-27T20:54:54.681+0800: 7.681: [DefNew: 629119K->69887K(629120K), 0.0170635 secs] 1158743K->671419K(2027264K), 0.0171185 secs] [Times: user=0.02 sys=0.00, real=0.02 secs] 
2020-10-27T20:54:54.843+0800: 7.842: [GC (Allocation Failure) 2020-10-27T20:54:54.843+0800: 7.842: [DefNew: 629119K->69887K(629120K), 0.0190780 secs] 1230651K->757313K(2027264K), 0.0191338 secs] [Times: user=0.01 sys=0.00, real=0.02 secs] 
2020-10-27T20:54:55.036+0800: 8.036: [GC (Allocation Failure) 2020-10-27T20:54:55.036+0800: 8.036: [DefNew: 629119K->69887K(629120K), 0.0174026 secs] 1316545K->830444K(2027264K), 0.0174594 secs] [Times: user=0.02 sys=0.00, real=0.02 secs] 
2020-10-27T20:54:55.238+0800: 8.238: [GC (Allocation Failure) 2020-10-27T20:54:55.238+0800: 8.238: [DefNew: 629119K->69887K(629120K), 0.0175666 secs] 1389676K->905806K(2027264K), 0.0176214 secs] [Times: user=0.02 sys=0.00, real=0.02 secs] 
2020-10-27T20:54:55.409+0800: 8.409: [GC (Allocation Failure) 2020-10-27T20:54:55.409+0800: 8.409: [DefNew: 629119K->69887K(629120K), 0.0175197 secs] 1465038K->981032K(2027264K), 0.0175712 secs] [Times: user=0.01 sys=0.00, real=0.02 secs] 
2020-10-27T20:54:55.602+0800: 8.602: [GC (Allocation Failure) 2020-10-27T20:54:55.602+0800: 8.602: [DefNew: 629119K->69887K(629120K), 0.0185402 secs] 1540264K->1062171K(2027264K), 0.0185933 secs] [Times: user=0.03 sys=0.00, real=0.02 secs] 
2020-10-27T20:54:55.759+0800: 8.758: [GC (Allocation Failure) 2020-10-27T20:54:55.759+0800: 8.758: [DefNew: 629119K->69887K(629120K), 0.0182314 secs] 1621403K->1142336K(2027264K), 0.0182854 secs] [Times: user=0.02 sys=0.00, real=0.02 secs] 
2020-10-27T20:54:55.953+0800: 8.953: [GC (Allocation Failure) 2020-10-27T20:54:55.953+0800: 8.953: [DefNew: 629119K->69887K(629120K), 0.0189335 secs] 1701568K->1227309K(2027264K), 0.0189899 secs] [Times: user=0.01 sys=0.00, real=0.02 secs] 
2020-10-27T20:54:56.110+0800: 9.110: [GC (Allocation Failure) 2020-10-27T20:54:56.110+0800: 9.110: [DefNew: 629119K->69887K(629120K), 0.0175625 secs] 1786541K->1305655K(2027264K), 0.0176148 secs] [Times: user=0.02 sys=0.00, real=0.02 secs] 
2020-10-27T20:54:56.275+0800: 9.275: [GC (Allocation Failure) 2020-10-27T20:54:56.275+0800: 9.275: [DefNew: 629119K->69887K(629120K), 0.0185962 secs] 1864887K->1382370K(2027264K), 0.0186503 secs] [Times: user=0.03 sys=0.00, real=0.02 secs] 
2020-10-27T20:54:56.450+0800: 9.449: [GC (Allocation Failure) 2020-10-27T20:54:56.450+0800: 9.449: [DefNew: 629119K->629119K(629120K), 0.0000136 secs]2020-10-27T20:54:56.450+0800: 9.449: [Tenured: 1312482K->252143K(1398144K), 0.0253242 secs] 1941602K->252143K(2027264K), [Metaspace: 2707K->2707K(1056768K)], 0.0254028 secs] [Times: user=0.02 sys=0.00, real=0.03 secs] 
2020-10-27T20:54:56.635+0800: 9.635: [GC (Allocation Failure) 2020-10-27T20:54:56.635+0800: 9.635: [DefNew: 559232K->69887K(629120K), 0.0147799 secs] 811375K->374935K(2027264K), 0.0148357 secs] [Times: user=0.02 sys=0.00, real=0.02 secs] 
2020-10-27T20:54:56.780+0800: 9.779: [GC (Allocation Failure) 2020-10-27T20:54:56.780+0800: 9.779: [DefNew: 629119K->69887K(629120K), 0.0173330 secs] 934167K->447440K(2027264K), 0.0173887 secs] [Times: user=0.01 sys=0.00, real=0.02 secs] 
2020-10-27T20:54:56.924+0800: 9.924: [GC (Allocation Failure) 2020-10-27T20:54:56.924+0800: 9.924: [DefNew: 629119K->69885K(629120K), 0.0164052 secs] 1006672K->509572K(2027264K), 0.0164595 secs] [Times: user=0.02 sys=0.00, real=0.02 secs] 
2020-10-27T20:54:57.069+0800: 10.068: [GC (Allocation Failure) 2020-10-27T20:54:57.069+0800: 10.068: [DefNew: 629117K->69888K(629120K), 0.0172952 secs] 1068804K->584616K(2027264K), 0.0173495 secs] [Times: user=0.02 sys=0.00, real=0.02 secs] 
Heap
 def new generation   total 629120K, used 164263K [0x0000000080000000, 0x00000000aaaa0000, 0x00000000aaaa0000)
  eden space 559232K,  16% used [0x0000000080000000, 0x0000000085c29ef8, 0x00000000a2220000)
  from space 69888K, 100% used [0x00000000a6660000, 0x00000000aaaa0000, 0x00000000aaaa0000)
  to   space 69888K,   0% used [0x00000000a2220000, 0x00000000a2220000, 0x00000000a6660000)
 tenured generation   total 1398144K, used 514728K [0x00000000aaaa0000, 0x0000000100000000, 0x0000000100000000)
   the space 1398144K,  36% used [0x00000000aaaa0000, 0x00000000ca14a0d0, 0x00000000ca14a200, 0x0000000100000000)
 Metaspace       used 2714K, capacity 4490K, committed 4864K, reserved 1056768K
  class space    used 291K, capacity 386K, committed 512K, reserved 1048576K
