Java HotSpot(TM) 64-Bit Server VM (25.211-b12) for windows-amd64 JRE (1.8.0_211-b12), built on Apr  1 2019 20:53:26 by "java_re" with MS VC++ 10.0 (VS2010)
Memory: 4k page, physical 16640612k(9321072k free), swap 16640612k(7520328k free)
CommandLine flags: -XX:InitialHeapSize=536870912 -XX:MaxHeapSize=536870912 -XX:+PrintGC -XX:+PrintGCDateStamps -XX:+PrintGCDetails -XX:+PrintGCTimeStamps -XX:+UseCompressedClassPointers -XX:+UseCompressedOops -XX:-UseLargePagesIndividualAllocation -XX:+UseParallelGC 
2020-10-27T20:53:35.301+0800: 0.229: [GC (Allocation Failure) [PSYoungGen: 131584K->21488K(153088K)] 131584K->44178K(502784K), 0.0073391 secs] [Times: user=0.02 sys=0.00, real=0.01 secs] 
2020-10-27T20:53:35.341+0800: 0.269: [GC (Allocation Failure) [PSYoungGen: 153072K->21493K(153088K)] 175762K->79882K(502784K), 0.0102480 secs] [Times: user=0.00 sys=0.00, real=0.01 secs] 
2020-10-27T20:53:35.391+0800: 0.319: [GC (Allocation Failure) [PSYoungGen: 153077K->21484K(153088K)] 211466K->117293K(502784K), 0.0080866 secs] [Times: user=0.00 sys=0.00, real=0.01 secs] 
2020-10-27T20:53:35.453+0800: 0.381: [GC (Allocation Failure) [PSYoungGen: 153068K->21493K(153088K)] 248877K->155189K(502784K), 0.0088604 secs] [Times: user=0.00 sys=0.00, real=0.01 secs] 
2020-10-27T20:53:35.487+0800: 0.415: [GC (Allocation Failure) [PSYoungGen: 153077K->21501K(153088K)] 286773K->186775K(502784K), 0.0077695 secs] [Times: user=0.00 sys=0.00, real=0.01 secs] 
2020-10-27T20:53:35.541+0800: 0.469: [GC (Allocation Failure) [PSYoungGen: 153046K->21492K(80384K)] 318320K->223281K(430080K), 0.0091591 secs] [Times: user=0.06 sys=0.00, real=0.01 secs] 
2020-10-27T20:53:35.569+0800: 0.498: [GC (Allocation Failure) [PSYoungGen: 80372K->36680K(116736K)] 282161K->242502K(466432K), 0.0048560 secs] [Times: user=0.06 sys=0.00, real=0.00 secs] 
2020-10-27T20:53:35.590+0800: 0.518: [GC (Allocation Failure) [PSYoungGen: 95233K->47332K(116736K)] 301056K->257550K(466432K), 0.0061015 secs] [Times: user=0.00 sys=0.00, real=0.01 secs] 
2020-10-27T20:53:35.607+0800: 0.535: [GC (Allocation Failure) [PSYoungGen: 105554K->54445K(116736K)] 315772K->271809K(466432K), 0.0075606 secs] [Times: user=0.00 sys=0.00, real=0.01 secs] 
2020-10-27T20:53:35.631+0800: 0.559: [GC (Allocation Failure) [PSYoungGen: 113138K->41441K(116736K)] 330501K->289111K(466432K), 0.0088316 secs] [Times: user=0.06 sys=0.00, real=0.01 secs] 
2020-10-27T20:53:35.661+0800: 0.589: [GC (Allocation Failure) [PSYoungGen: 99721K->18634K(116736K)] 347391K->301488K(466432K), 0.0071870 secs] [Times: user=0.05 sys=0.02, real=0.01 secs] 
2020-10-27T20:53:35.684+0800: 0.612: [GC (Allocation Failure) [PSYoungGen: 77257K->17789K(116736K)] 360111K->316210K(466432K), 0.0056933 secs] [Times: user=0.00 sys=0.00, real=0.00 secs] 
2020-10-27T20:53:35.689+0800: 0.617: [Full GC (Ergonomics) [PSYoungGen: 17789K->0K(116736K)] [ParOldGen: 298420K->170758K(349696K)] 316210K->170758K(466432K), [Metaspace: 2699K->2699K(1056768K)], 0.0232177 secs] [Times: user=0.06 sys=0.00, real=0.02 secs] 
2020-10-27T20:53:35.732+0800: 0.659: [GC (Allocation Failure) [PSYoungGen: 58880K->20022K(116736K)] 229638K->190781K(466432K), 0.0024143 secs] [Times: user=0.00 sys=0.00, real=0.00 secs] 
2020-10-27T20:53:35.752+0800: 0.680: [GC (Allocation Failure) [PSYoungGen: 78830K->22321K(116736K)] 249589K->211874K(466432K), 0.0045117 secs] [Times: user=0.00 sys=0.00, real=0.00 secs] 
2020-10-27T20:53:35.775+0800: 0.702: [GC (Allocation Failure) [PSYoungGen: 80967K->21428K(116736K)] 270520K->232149K(466432K), 0.0051682 secs] [Times: user=0.03 sys=0.00, real=0.00 secs] 
2020-10-27T20:53:35.803+0800: 0.730: [GC (Allocation Failure) [PSYoungGen: 80198K->20606K(116736K)] 290920K->250779K(466432K), 0.0041248 secs] [Times: user=0.00 sys=0.00, real=0.00 secs] 
2020-10-27T20:53:35.820+0800: 0.748: [GC (Allocation Failure) [PSYoungGen: 79368K->19598K(116736K)] 309540K->269049K(466432K), 0.0041197 secs] [Times: user=0.00 sys=0.00, real=0.00 secs] 
2020-10-27T20:53:35.840+0800: 0.767: [GC (Allocation Failure) [PSYoungGen: 78478K->16839K(116736K)] 327929K->283815K(466432K), 0.0046029 secs] [Times: user=0.00 sys=0.00, real=0.00 secs] 
2020-10-27T20:53:35.856+0800: 0.785: [GC (Allocation Failure) [PSYoungGen: 75719K->19729K(116736K)] 342695K->302333K(466432K), 0.0052061 secs] [Times: user=0.00 sys=0.00, real=0.01 secs] 
2020-10-27T20:53:35.882+0800: 0.810: [GC (Allocation Failure) [PSYoungGen: 78334K->22279K(116736K)] 360937K->322060K(466432K), 0.0043448 secs] [Times: user=0.06 sys=0.00, real=0.00 secs] 
2020-10-27T20:53:35.900+0800: 0.828: [GC (Allocation Failure) [PSYoungGen: 80646K->16207K(116736K)] 380428K->335625K(466432K), 0.0133019 secs] [Times: user=0.02 sys=0.03, real=0.01 secs] 
2020-10-27T20:53:35.913+0800: 0.842: [Full GC (Ergonomics) [PSYoungGen: 16207K->0K(116736K)] [ParOldGen: 319418K->195039K(349696K)] 335625K->195039K(466432K), [Metaspace: 2699K->2699K(1056768K)], 0.0301977 secs] [Times: user=0.05 sys=0.00, real=0.03 secs] 
2020-10-27T20:53:35.972+0800: 0.901: [GC (Allocation Failure) [PSYoungGen: 58867K->19915K(116736K)] 253907K->214955K(466432K), 0.0111326 secs] [Times: user=0.00 sys=0.00, real=0.01 secs] 
2020-10-27T20:53:36.012+0800: 0.940: [GC (Allocation Failure) [PSYoungGen: 78294K->20164K(116736K)] 273334K->231370K(466432K), 0.0091421 secs] [Times: user=0.00 sys=0.00, real=0.01 secs] 
2020-10-27T20:53:36.043+0800: 0.971: [GC (Allocation Failure) [PSYoungGen: 78769K->21384K(116736K)] 289975K->251912K(466432K), 0.0117527 secs] [Times: user=0.00 sys=0.00, real=0.01 secs] 
2020-10-27T20:53:36.079+0800: 1.007: [GC (Allocation Failure) [PSYoungGen: 80264K->20257K(116736K)] 310792K->269747K(466432K), 0.0043755 secs] [Times: user=0.00 sys=0.00, real=0.01 secs] 
2020-10-27T20:53:36.110+0800: 1.038: [GC (Allocation Failure) [PSYoungGen: 78699K->22042K(118272K)] 328189K->290438K(467968K), 0.0049110 secs] [Times: user=0.00 sys=0.00, real=0.01 secs] 
2020-10-27T20:53:36.136+0800: 1.064: [GC (Allocation Failure) [PSYoungGen: 81904K->20228K(116736K)] 350300K->308677K(466432K), 0.0045383 secs] [Times: user=0.06 sys=0.00, real=0.00 secs] 
2020-10-27T20:53:36.157+0800: 1.085: [GC (Allocation Failure) [PSYoungGen: 80105K->18359K(122368K)] 368554K->325005K(472064K), 0.0043028 secs] [Times: user=0.00 sys=0.00, real=0.00 secs] 
2020-10-27T20:53:36.183+0800: 1.111: [GC (Allocation Failure) [PSYoungGen: 86368K->21259K(120320K)] 393014K->344389K(470016K), 0.0089345 secs] [Times: user=0.03 sys=0.00, real=0.01 secs] 
2020-10-27T20:53:36.192+0800: 1.120: [Full GC (Ergonomics) [PSYoungGen: 21259K->0K(120320K)] [ParOldGen: 323129K->190252K(349696K)] 344389K->190252K(470016K), [Metaspace: 2700K->2700K(1056768K)], 0.0249683 secs] [Times: user=0.13 sys=0.00, real=0.03 secs] 
2020-10-27T20:53:36.238+0800: 1.167: [GC (Allocation Failure) [PSYoungGen: 68045K->19554K(125952K)] 258298K->209807K(475648K), 0.0023982 secs] [Times: user=0.00 sys=0.00, real=0.00 secs] 
2020-10-27T20:53:36.263+0800: 1.192: [GC (Allocation Failure) [PSYoungGen: 95330K->24151K(124416K)] 285583K->231045K(474112K), 0.0046587 secs] [Times: user=0.00 sys=0.00, real=0.00 secs] 
2020-10-27T20:53:36.281+0800: 1.210: [GC (Allocation Failure) [PSYoungGen: 99840K->25166K(130048K)] 306734K->249570K(479744K), 0.0051348 secs] [Times: user=0.00 sys=0.00, real=0.01 secs] 
2020-10-27T20:53:36.312+0800: 1.241: [GC (Allocation Failure) [PSYoungGen: 109134K->26209K(128512K)] 333538K->271436K(478208K), 0.0047612 secs] [Times: user=0.00 sys=0.00, real=0.00 secs] 
2020-10-27T20:53:36.345+0800: 1.273: [GC (Allocation Failure) [PSYoungGen: 110171K->28932K(131584K)] 355398K->297592K(481280K), 0.0053418 secs] [Times: user=0.00 sys=0.00, real=0.00 secs] 
2020-10-27T20:53:36.369+0800: 1.297: [GC (Allocation Failure) [PSYoungGen: 117154K->23315K(131584K)] 385814K->319162K(481280K), 0.0056302 secs] [Times: user=0.06 sys=0.00, real=0.01 secs] 
2020-10-27T20:53:36.393+0800: 1.321: [GC (Allocation Failure) [PSYoungGen: 111891K->26979K(133632K)] 407738K->343365K(483328K), 0.0050045 secs] [Times: user=0.00 sys=0.00, real=0.01 secs] 
2020-10-27T20:53:36.417+0800: 1.345: [GC (Allocation Failure) [PSYoungGen: 118815K->28548K(133120K)] 435201K->367553K(482816K), 0.0062502 secs] [Times: user=0.06 sys=0.00, real=0.01 secs] 
2020-10-27T20:53:36.424+0800: 1.352: [Full GC (Ergonomics) [PSYoungGen: 28548K->0K(133120K)] [ParOldGen: 339004K->187868K(349696K)] 367553K->187868K(482816K), [Metaspace: 2700K->2700K(1056768K)], 0.0228631 secs] [Times: user=0.06 sys=0.00, real=0.02 secs] 
2020-10-27T20:53:36.471+0800: 1.399: [GC (Allocation Failure) [PSYoungGen: 92113K->29119K(134144K)] 279982K->216988K(483840K), 0.0036194 secs] [Times: user=0.00 sys=0.00, real=0.00 secs] 
2020-10-27T20:53:36.501+0800: 1.429: [GC (Allocation Failure) [PSYoungGen: 122508K->27469K(134144K)] 310376K->239558K(483840K), 0.0052474 secs] [Times: user=0.00 sys=0.00, real=0.01 secs] 
2020-10-27T20:53:36.526+0800: 1.453: [GC (Allocation Failure) [PSYoungGen: 121165K->29372K(134656K)] 333254K->265342K(484352K), 0.0074433 secs] [Times: user=0.06 sys=0.00, real=0.01 secs] 
2020-10-27T20:53:36.562+0800: 1.490: [GC (Allocation Failure) [PSYoungGen: 124092K->34776K(129536K)] 360062K->295599K(479232K), 0.0062377 secs] [Times: user=0.00 sys=0.00, real=0.01 secs] 
2020-10-27T20:53:36.596+0800: 1.523: [GC (Allocation Failure) [PSYoungGen: 129496K->26972K(134656K)] 390319K->315987K(484352K), 0.0056606 secs] [Times: user=0.00 sys=0.00, real=0.00 secs] 
2020-10-27T20:53:36.620+0800: 1.548: [GC (Allocation Failure) [PSYoungGen: 119396K->31159K(133120K)] 408411K->343025K(482816K), 0.0061085 secs] [Times: user=0.06 sys=0.00, real=0.01 secs] 
2020-10-27T20:53:36.650+0800: 1.578: [GC (Allocation Failure) [PSYoungGen: 124006K->30251K(134656K)] 435872K->369569K(484352K), 0.0059770 secs] [Times: user=0.06 sys=0.00, real=0.01 secs] 
2020-10-27T20:53:36.656+0800: 1.584: [Full GC (Ergonomics) [PSYoungGen: 30251K->0K(134656K)] [ParOldGen: 339317K->188181K(349696K)] 369569K->188181K(484352K), [Metaspace: 2700K->2700K(1056768K)], 0.0221091 secs] [Times: user=0.06 sys=0.00, real=0.02 secs] 
2020-10-27T20:53:36.703+0800: 1.631: [GC (Allocation Failure) [PSYoungGen: 94208K->29054K(134144K)] 282389K->217236K(483840K), 0.0031224 secs] [Times: user=0.00 sys=0.00, real=0.00 secs] 
2020-10-27T20:53:36.735+0800: 1.663: [GC (Allocation Failure) [PSYoungGen: 123262K->28624K(136192K)] 311444K->242157K(485888K), 0.0058742 secs] [Times: user=0.00 sys=0.00, real=0.01 secs] 
2020-10-27T20:53:36.771+0800: 1.699: [GC (Allocation Failure) [PSYoungGen: 125392K->29884K(135168K)] 338925K->268902K(484864K), 0.0058264 secs] [Times: user=0.00 sys=0.00, real=0.01 secs] 
2020-10-27T20:53:36.802+0800: 1.730: [GC (Allocation Failure) [PSYoungGen: 126652K->31607K(136192K)] 365670K->293685K(485888K), 0.0054766 secs] [Times: user=0.00 sys=0.00, real=0.00 secs] 
2020-10-27T20:53:36.837+0800: 1.765: [GC (Allocation Failure) [PSYoungGen: 129399K->31664K(129536K)] 391477K->317273K(479232K), 0.0068192 secs] [Times: user=0.05 sys=0.00, real=0.01 secs] 
2020-10-27T20:53:36.870+0800: 1.797: [GC (Allocation Failure) [PSYoungGen: 129456K->33245K(134656K)] 415065K->345138K(484352K), 0.0068828 secs] [Times: user=0.06 sys=0.00, real=0.01 secs] 
2020-10-27T20:53:36.901+0800: 1.828: [GC (Allocation Failure) [PSYoungGen: 128989K->28008K(135168K)] 440882K->367012K(484864K), 0.0061142 secs] [Times: user=0.06 sys=0.00, real=0.01 secs] 
2020-10-27T20:53:36.907+0800: 1.835: [Full GC (Ergonomics) [PSYoungGen: 28008K->0K(135168K)] [ParOldGen: 339004K->186185K(349696K)] 367012K->186185K(484864K), [Metaspace: 2700K->2700K(1056768K)], 0.0215519 secs] [Times: user=0.06 sys=0.00, real=0.02 secs] 
2020-10-27T20:53:36.961+0800: 1.889: [GC (Allocation Failure) [PSYoungGen: 95744K->36046K(132608K)] 281929K->222231K(482304K), 0.0037269 secs] [Times: user=0.06 sys=0.00, real=0.00 secs] 
2020-10-27T20:53:36.990+0800: 1.918: [GC (Allocation Failure) [PSYoungGen: 129742K->28215K(134144K)] 315927K->245249K(483840K), 0.0064126 secs] [Times: user=0.06 sys=0.00, real=0.01 secs] 
2020-10-27T20:53:37.017+0800: 1.945: [GC (Allocation Failure) [PSYoungGen: 121911K->29763K(136192K)] 338945K->270810K(485888K), 0.0053781 secs] [Times: user=0.00 sys=0.00, real=0.01 secs] 
2020-10-27T20:53:37.050+0800: 1.979: [GC (Allocation Failure) [PSYoungGen: 126531K->30077K(135168K)] 367578K->297138K(484864K), 0.0056406 secs] [Times: user=0.00 sys=0.00, real=0.01 secs] 
2020-10-27T20:53:37.074+0800: 2.002: [GC (Allocation Failure) [PSYoungGen: 126845K->33395K(135680K)] 393906K->327637K(485376K), 0.0082902 secs] [Times: user=0.00 sys=0.00, real=0.01 secs] 
2020-10-27T20:53:37.112+0800: 2.040: [GC (Allocation Failure) [PSYoungGen: 131115K->31574K(136192K)] 425357K->352701K(485888K), 0.0060503 secs] [Times: user=0.00 sys=0.00, real=0.01 secs] 
2020-10-27T20:53:37.118+0800: 2.046: [Full GC (Ergonomics) [PSYoungGen: 31574K->0K(136192K)] [ParOldGen: 321126K->193819K(349696K)] 352701K->193819K(485888K), [Metaspace: 2700K->2700K(1056768K)], 0.0225161 secs] [Times: user=0.13 sys=0.00, real=0.02 secs] 
2020-10-27T20:53:37.184+0800: 2.112: [GC (Allocation Failure) [PSYoungGen: 97727K->27457K(136704K)] 291546K->221276K(486400K), 0.0033917 secs] [Times: user=0.00 sys=0.00, real=0.00 secs] 
2020-10-27T20:53:37.204+0800: 2.132: [GC (Allocation Failure) [PSYoungGen: 125761K->36801K(135168K)] 319580K->253527K(484864K), 0.0063788 secs] [Times: user=0.00 sys=0.00, real=0.01 secs] 
2020-10-27T20:53:37.235+0800: 2.163: [GC (Allocation Failure) [PSYoungGen: 134877K->31615K(135168K)] 351604K->279306K(484864K), 0.0068922 secs] [Times: user=0.00 sys=0.00, real=0.01 secs] 
2020-10-27T20:53:37.268+0800: 2.195: [GC (Allocation Failure) [PSYoungGen: 127359K->30016K(135168K)] 375050K->302278K(484864K), 0.0056354 secs] [Times: user=0.00 sys=0.00, real=0.01 secs] 
2020-10-27T20:53:37.294+0800: 2.222: [GC (Allocation Failure) [PSYoungGen: 125760K->31017K(136704K)] 398022K->327015K(486400K), 0.0069506 secs] [Times: user=0.00 sys=0.00, real=0.01 secs] 
2020-10-27T20:53:37.329+0800: 2.257: [GC (Allocation Failure) [PSYoungGen: 129321K->32931K(136192K)] 425319K->356629K(485888K), 0.0061498 secs] [Times: user=0.00 sys=0.00, real=0.01 secs] 
2020-10-27T20:53:37.335+0800: 2.263: [Full GC (Ergonomics) [PSYoungGen: 32931K->0K(136192K)] [ParOldGen: 323698K->196116K(349696K)] 356629K->196116K(485888K), [Metaspace: 2700K->2700K(1056768K)], 0.0224546 secs] [Times: user=0.13 sys=0.00, real=0.02 secs] 
2020-10-27T20:53:37.393+0800: 2.320: [GC (Allocation Failure) [PSYoungGen: 98304K->31988K(136704K)] 294420K->228104K(486400K), 0.0032931 secs] [Times: user=0.00 sys=0.00, real=0.00 secs] 
2020-10-27T20:53:37.418+0800: 2.346: [GC (Allocation Failure) [PSYoungGen: 130804K->32416K(136704K)] 326920K->255901K(486400K), 0.0065883 secs] [Times: user=0.00 sys=0.00, real=0.01 secs] 
2020-10-27T20:53:37.445+0800: 2.372: [GC (Allocation Failure) [PSYoungGen: 131050K->27746K(137216K)] 354535K->279247K(486912K), 0.0061739 secs] [Times: user=0.06 sys=0.00, real=0.01 secs] 
2020-10-27T20:53:37.473+0800: 2.401: [GC (Allocation Failure) [PSYoungGen: 127586K->32010K(137216K)] 379087K->305010K(486912K), 0.0057899 secs] [Times: user=0.00 sys=0.00, real=0.01 secs] 
2020-10-27T20:53:37.496+0800: 2.424: [GC (Allocation Failure) [PSYoungGen: 131694K->32001K(137216K)] 404695K->332793K(486912K), 0.0066848 secs] [Times: user=0.00 sys=0.00, real=0.01 secs] 
2020-10-27T20:53:37.537+0800: 2.465: [GC (Allocation Failure) [PSYoungGen: 131841K->36158K(136192K)] 432633K->361902K(485888K), 0.0069792 secs] [Times: user=0.06 sys=0.00, real=0.01 secs] 
2020-10-27T20:53:37.544+0800: 2.472: [Full GC (Ergonomics) [PSYoungGen: 36158K->0K(136192K)] [ParOldGen: 325744K->192933K(349696K)] 361902K->192933K(485888K), [Metaspace: 2700K->2700K(1056768K)], 0.0215725 secs] [Times: user=0.06 sys=0.00, real=0.02 secs] 
2020-10-27T20:53:37.595+0800: 2.523: [GC (Allocation Failure) [PSYoungGen: 99840K->32194K(136704K)] 292773K->225128K(486400K), 0.0036176 secs] [Times: user=0.00 sys=0.00, real=0.00 secs] 
2020-10-27T20:53:37.622+0800: 2.550: [GC (Allocation Failure) [PSYoungGen: 130068K->33161K(136192K)] 323001K->252133K(485888K), 0.0072489 secs] [Times: user=0.00 sys=0.00, real=0.01 secs] 
2020-10-27T20:53:37.660+0800: 2.588: [GC (Allocation Failure) [PSYoungGen: 131465K->32833K(136704K)] 350437K->281080K(486400K), 0.0063971 secs] [Times: user=0.00 sys=0.00, real=0.01 secs] 
2020-10-27T20:53:37.699+0800: 2.627: [GC (Allocation Failure) [PSYoungGen: 131600K->33078K(136704K)] 379847K->308127K(486400K), 0.0061938 secs] [Times: user=0.00 sys=0.00, real=0.01 secs] 
2020-10-27T20:53:37.729+0800: 2.657: [GC (Allocation Failure) [PSYoungGen: 131846K->32572K(137216K)] 406895K->334412K(486912K), 0.0066317 secs] [Times: user=0.05 sys=0.00, real=0.01 secs] 
2020-10-27T20:53:37.760+0800: 2.688: [GC (Allocation Failure) [PSYoungGen: 131840K->37089K(136704K)] 433680K->367760K(486400K), 0.0075100 secs] [Times: user=0.06 sys=0.00, real=0.01 secs] 
2020-10-27T20:53:37.767+0800: 2.695: [Full GC (Ergonomics) [PSYoungGen: 37089K->0K(136704K)] [ParOldGen: 330671K->197427K(349696K)] 367760K->197427K(486400K), [Metaspace: 2700K->2700K(1056768K)], 0.0218639 secs] [Times: user=0.06 sys=0.00, real=0.02 secs] 
2020-10-27T20:53:37.814+0800: 2.741: [GC (Allocation Failure) [PSYoungGen: 99328K->32839K(135680K)] 296755K->230266K(485376K), 0.0034978 secs] [Times: user=0.00 sys=0.00, real=0.00 secs] 
2020-10-27T20:53:37.849+0800: 2.777: [GC (Allocation Failure) [PSYoungGen: 130073K->32922K(136192K)] 327500K->255950K(485888K), 0.0060164 secs] [Times: user=0.00 sys=0.00, real=0.01 secs] 
2020-10-27T20:53:37.878+0800: 2.807: [GC (Allocation Failure) [PSYoungGen: 130714K->29579K(136704K)] 353742K->277265K(486400K), 0.0056747 secs] [Times: user=0.00 sys=0.00, real=0.01 secs] 
2020-10-27T20:53:37.909+0800: 2.837: [GC (Allocation Failure) [PSYoungGen: 128395K->29194K(136704K)] 376081K->301552K(486400K), 0.0055760 secs] [Times: user=0.00 sys=0.00, real=0.01 secs] 
2020-10-27T20:53:37.933+0800: 2.862: [GC (Allocation Failure) [PSYoungGen: 128010K->30139K(137216K)] 400368K->326120K(486912K), 0.0066598 secs] [Times: user=0.00 sys=0.00, real=0.01 secs] 
2020-10-27T20:53:37.964+0800: 2.892: [GC (Allocation Failure) [PSYoungGen: 129467K->31493K(136704K)] 425448K->353536K(486400K), 0.0065907 secs] [Times: user=0.06 sys=0.00, real=0.01 secs] 
2020-10-27T20:53:37.971+0800: 2.899: [Full GC (Ergonomics) [PSYoungGen: 31493K->0K(136704K)] [ParOldGen: 322043K->186735K(349696K)] 353536K->186735K(486400K), [Metaspace: 2700K->2700K(1056768K)], 0.0212649 secs] [Times: user=0.06 sys=0.00, real=0.02 secs] 
2020-10-27T20:53:38.016+0800: 2.944: [GC (Allocation Failure) [PSYoungGen: 99328K->34120K(136704K)] 286063K->220856K(486400K), 0.0036288 secs] [Times: user=0.00 sys=0.00, real=0.00 secs] 
2020-10-27T20:53:38.052+0800: 2.980: [GC (Allocation Failure) [PSYoungGen: 133960K->30992K(137216K)] 320696K->247360K(486912K), 0.0062293 secs] [Times: user=0.00 sys=0.00, real=0.01 secs] 
2020-10-27T20:53:38.098+0800: 3.026: [GC (Allocation Failure) [PSYoungGen: 130832K->32192K(137728K)] 347200K->274254K(487424K), 0.0058501 secs] [Times: user=0.00 sys=0.00, real=0.01 secs] 
2020-10-27T20:53:38.143+0800: 3.071: [GC (Allocation Failure) [PSYoungGen: 132429K->31312K(137728K)] 374491K->300222K(487424K), 0.0057681 secs] [Times: user=0.00 sys=0.00, real=0.01 secs] 
2020-10-27T20:53:38.172+0800: 3.100: [GC (Allocation Failure) [PSYoungGen: 132176K->35824K(136192K)] 401086K->330460K(485888K), 0.0070116 secs] [Times: user=0.00 sys=0.00, real=0.01 secs] 
2020-10-27T20:53:38.205+0800: 3.132: [GC (Allocation Failure) [PSYoungGen: 135261K->33531K(137216K)] 429897K->356769K(486912K), 0.0067623 secs] [Times: user=0.00 sys=0.00, real=0.01 secs] 
2020-10-27T20:53:38.212+0800: 3.139: [Full GC (Ergonomics) [PSYoungGen: 33531K->0K(137216K)] [ParOldGen: 323237K->189598K(349696K)] 356769K->189598K(486912K), [Metaspace: 2700K->2700K(1056768K)], 0.0216763 secs] [Times: user=0.13 sys=0.00, real=0.02 secs] 
2020-10-27T20:53:38.255+0800: 3.183: [GC (Allocation Failure) [PSYoungGen: 99840K->31408K(137728K)] 289438K->221006K(487424K), 0.0034412 secs] [Times: user=0.00 sys=0.00, real=0.00 secs] 
2020-10-27T20:53:38.287+0800: 3.215: [GC (Allocation Failure) [PSYoungGen: 131760K->35972K(136704K)] 321358K->252662K(486400K), 0.0067108 secs] [Times: user=0.06 sys=0.00, real=0.01 secs] 
2020-10-27T20:53:38.322+0800: 3.251: [GC (Allocation Failure) [PSYoungGen: 136324K->35817K(135680K)] 353014K->283732K(485376K), 0.0071044 secs] [Times: user=0.06 sys=0.00, real=0.01 secs] 
2020-10-27T20:53:38.353+0800: 3.281: [GC (Allocation Failure) [PSYoungGen: 133507K->32323K(136192K)] 381422K->308181K(485888K), 0.0063775 secs] [Times: user=0.06 sys=0.00, real=0.01 secs] 
2020-10-27T20:53:38.380+0800: 3.308: [GC (Allocation Failure) [PSYoungGen: 130115K->33820K(136704K)] 405973K->338829K(486400K), 0.0062912 secs] [Times: user=0.00 sys=0.00, real=0.01 secs] 
2020-10-27T20:53:38.410+0800: 3.338: [GC (Allocation Failure) [PSYoungGen: 132124K->29553K(136192K)] 437133K->362172K(485888K), 0.0059785 secs] [Times: user=0.00 sys=0.00, real=0.01 secs] 
2020-10-27T20:53:38.416+0800: 3.344: [Full GC (Ergonomics) [PSYoungGen: 29553K->0K(136192K)] [ParOldGen: 332618K->194537K(349696K)] 362172K->194537K(485888K), [Metaspace: 2700K->2700K(1056768K)], 0.0224360 secs] [Times: user=0.13 sys=0.00, real=0.02 secs] 
2020-10-27T20:53:38.470+0800: 3.398: [GC (Allocation Failure) [PSYoungGen: 98304K->32639K(136704K)] 292841K->227176K(486400K), 0.0037942 secs] [Times: user=0.00 sys=0.00, real=0.00 secs] 
2020-10-27T20:53:38.503+0800: 3.431: [GC (Allocation Failure) [PSYoungGen: 130677K->27953K(136192K)] 325214K->244742K(485888K), 0.0054535 secs] [Times: user=0.00 sys=0.00, real=0.01 secs] 
2020-10-27T20:53:38.536+0800: 3.463: [GC (Allocation Failure) [PSYoungGen: 126182K->36898K(134656K)] 342971K->275635K(484352K), 0.0065420 secs] [Times: user=0.00 sys=0.00, real=0.01 secs] 
2020-10-27T20:53:38.573+0800: 3.500: [GC (Allocation Failure) [PSYoungGen: 133523K->31207K(135680K)] 372261K->298565K(485376K), 0.0067652 secs] [Times: user=0.06 sys=0.00, real=0.01 secs] 
2020-10-27T20:53:38.594+0800: 3.522: [GC (Allocation Failure) [PSYoungGen: 127975K->35257K(134656K)] 395333K->327578K(484352K), 0.0061470 secs] [Times: user=0.00 sys=0.00, real=0.01 secs] 
2020-10-27T20:53:38.624+0800: 3.553: [GC (Allocation Failure) [PSYoungGen: 131001K->35036K(135168K)] 423322K->354865K(484864K), 0.0069874 secs] [Times: user=0.00 sys=0.00, real=0.01 secs] 
2020-10-27T20:53:38.631+0800: 3.560: [Full GC (Ergonomics) [PSYoungGen: 35036K->0K(135168K)] [ParOldGen: 319828K->196535K(349696K)] 354865K->196535K(484864K), [Metaspace: 2700K->2700K(1056768K)], 0.0230893 secs] [Times: user=0.13 sys=0.00, real=0.02 secs] 
2020-10-27T20:53:38.675+0800: 3.603: [GC (Allocation Failure) [PSYoungGen: 95744K->27100K(134144K)] 292279K->223636K(483840K), 0.0028964 secs] [Times: user=0.00 sys=0.00, real=0.00 secs] 
2020-10-27T20:53:38.708+0800: 3.636: [GC (Allocation Failure) [PSYoungGen: 121820K->30765K(134656K)] 318356K->249844K(484352K), 0.0058730 secs] [Times: user=0.00 sys=0.00, real=0.01 secs] 
2020-10-27T20:53:38.742+0800: 3.670: [GC (Allocation Failure) [PSYoungGen: 125485K->34010K(135168K)] 344564K->279977K(484864K), 0.0069063 secs] [Times: user=0.06 sys=0.00, real=0.01 secs] 
2020-10-27T20:53:38.770+0800: 3.698: [GC (Allocation Failure) [PSYoungGen: 129754K->33354K(135168K)] 375721K->309848K(484864K), 0.0062938 secs] [Times: user=0.00 sys=0.00, real=0.01 secs] 
2020-10-27T20:53:38.804+0800: 3.732: [GC (Allocation Failure) [PSYoungGen: 129098K->30182K(135680K)] 405592K->334934K(485376K), 0.0068849 secs] [Times: user=0.06 sys=0.00, real=0.01 secs] 
2020-10-27T20:53:38.837+0800: 3.765: [GC (Allocation Failure) [PSYoungGen: 126950K->30574K(135680K)] 431702K->361245K(485376K), 0.0065826 secs] [Times: user=0.05 sys=0.00, real=0.01 secs] 
2020-10-27T20:53:38.844+0800: 3.772: [Full GC (Ergonomics) [PSYoungGen: 30574K->0K(135680K)] [ParOldGen: 330671K->201286K(349696K)] 361245K->201286K(485376K), [Metaspace: 2700K->2700K(1056768K)], 0.0224164 secs] [Times: user=0.06 sys=0.00, real=0.02 secs] 
2020-10-27T20:53:38.902+0800: 3.829: [GC (Allocation Failure) [PSYoungGen: 96768K->27113K(135168K)] 298054K->228399K(484864K), 0.0029701 secs] [Times: user=0.06 sys=0.00, real=0.00 secs] 
2020-10-27T20:53:38.931+0800: 3.858: [GC (Allocation Failure) [PSYoungGen: 123881K->34798K(131584K)] 325167K->258499K(481280K), 0.0066007 secs] [Times: user=0.06 sys=0.00, real=0.01 secs] 
2020-10-27T20:53:38.969+0800: 3.896: [GC (Allocation Failure) [PSYoungGen: 131566K->32543K(135680K)] 355267K->287161K(485376K), 0.0065612 secs] [Times: user=0.00 sys=0.00, real=0.01 secs] 
2020-10-27T20:53:38.997+0800: 3.925: [GC (Allocation Failure) [PSYoungGen: 128799K->31803K(135168K)] 383417K->312702K(484864K), 0.0065405 secs] [Times: user=0.00 sys=0.00, real=0.01 secs] 
2020-10-27T20:53:39.024+0800: 3.953: [GC (Allocation Failure) [PSYoungGen: 128059K->29931K(136704K)] 408958K->337701K(486400K), 0.0067851 secs] [Times: user=0.06 sys=0.00, real=0.01 secs] 
2020-10-27T20:53:39.081+0800: 4.009: [GC (Allocation Failure) [PSYoungGen: 128747K->32503K(136704K)] 436517K->363414K(486400K), 0.0055957 secs] [Times: user=0.00 sys=0.00, real=0.01 secs] 
2020-10-27T20:53:39.087+0800: 4.015: [Full GC (Ergonomics) [PSYoungGen: 32503K->0K(136704K)] [ParOldGen: 330910K->195396K(349696K)] 363414K->195396K(486400K), [Metaspace: 2700K->2700K(1056768K)], 0.0221918 secs] [Times: user=0.13 sys=0.00, real=0.02 secs] 
2020-10-27T20:53:39.129+0800: 4.057: [GC (Allocation Failure) [PSYoungGen: 98816K->30630K(137216K)] 294212K->226027K(486912K), 0.0032835 secs] [Times: user=0.00 sys=0.00, real=0.00 secs] 
2020-10-27T20:53:39.164+0800: 4.092: [GC (Allocation Failure) [PSYoungGen: 130399K->37336K(137216K)] 325796K->256783K(486912K), 0.0067092 secs] [Times: user=0.06 sys=0.00, real=0.01 secs] 
2020-10-27T20:53:39.190+0800: 4.118: [GC (Allocation Failure) [PSYoungGen: 137176K->30564K(135168K)] 356623K->282968K(484864K), 0.0064829 secs] [Times: user=0.00 sys=0.00, real=0.01 secs] 
2020-10-27T20:53:39.216+0800: 4.144: [GC (Allocation Failure) [PSYoungGen: 128356K->23568K(121856K)] 380760K->302082K(471552K), 0.0054710 secs] [Times: user=0.00 sys=0.00, real=0.00 secs] 
2020-10-27T20:53:39.246+0800: 4.173: [GC (Allocation Failure) [PSYoungGen: 121360K->36472K(133120K)] 399874K->335367K(482816K), 0.0076926 secs] [Times: user=0.00 sys=0.00, real=0.01 secs] 
2020-10-27T20:53:39.275+0800: 4.203: [GC (Allocation Failure) [PSYoungGen: 130168K->29171K(134144K)] 429063K->359832K(483840K), 0.0091475 secs] [Times: user=0.05 sys=0.00, real=0.01 secs] 
2020-10-27T20:53:39.284+0800: 4.212: [Full GC (Ergonomics) [PSYoungGen: 29171K->0K(134144K)] [ParOldGen: 330660K->198362K(349696K)] 359832K->198362K(483840K), [Metaspace: 2700K->2700K(1056768K)], 0.0233110 secs] [Times: user=0.06 sys=0.00, real=0.02 secs] 
2020-10-27T20:53:39.329+0800: 4.256: [GC (Allocation Failure) [PSYoungGen: 93696K->32444K(135168K)] 292058K->230806K(484864K), 0.0034846 secs] [Times: user=0.00 sys=0.00, real=0.00 secs] 
2020-10-27T20:53:39.353+0800: 4.280: [GC (Allocation Failure) [PSYoungGen: 127676K->30213K(134656K)] 326038K->256277K(484352K), 0.0063697 secs] [Times: user=0.06 sys=0.00, real=0.01 secs] 
2020-10-27T20:53:39.385+0800: 4.314: [GC (Allocation Failure) [PSYoungGen: 125445K->30703K(136192K)] 351509K->281826K(485888K), 0.0062874 secs] [Times: user=0.06 sys=0.00, real=0.01 secs] 
2020-10-27T20:53:39.414+0800: 4.342: [GC (Allocation Failure) [PSYoungGen: 127919K->37351K(134656K)] 379042K->314543K(484352K), 0.0067534 secs] [Times: user=0.06 sys=0.00, real=0.01 secs] 
2020-10-27T20:53:39.443+0800: 4.371: [GC (Allocation Failure) [PSYoungGen: 134631K->31293K(135168K)] 411823K->339894K(484864K), 0.0063772 secs] [Times: user=0.05 sys=0.00, real=0.01 secs] 
2020-10-27T20:53:39.472+0800: 4.400: [GC (Allocation Failure) [PSYoungGen: 126525K->35748K(134656K)] 435126K->367379K(484352K), 0.0058476 secs] [Times: user=0.00 sys=0.00, real=0.01 secs] 
2020-10-27T20:53:39.478+0800: 4.406: [Full GC (Ergonomics) [PSYoungGen: 35748K->0K(134656K)] [ParOldGen: 331630K->192636K(349696K)] 367379K->192636K(484352K), [Metaspace: 2700K->2700K(1056768K)], 0.0229971 secs] [Times: user=0.11 sys=0.00, real=0.02 secs] 
2020-10-27T20:53:39.536+0800: 4.464: [GC (Allocation Failure) [PSYoungGen: 94724K->32643K(135168K)] 287360K->225280K(484864K), 0.0035109 secs] [Times: user=0.00 sys=0.00, real=0.00 secs] 
2020-10-27T20:53:39.566+0800: 4.494: [GC (Allocation Failure) [PSYoungGen: 127613K->32181K(134656K)] 320250K->250697K(484352K), 0.0058843 secs] [Times: user=0.00 sys=0.00, real=0.01 secs] 
2020-10-27T20:53:39.606+0800: 4.534: [GC (Allocation Failure) [PSYoungGen: 127198K->33945K(135680K)] 345714K->279123K(485376K), 0.0069783 secs] [Times: user=0.00 sys=0.00, real=0.01 secs] 
2020-10-27T20:53:39.644+0800: 4.572: [GC (Allocation Failure) [PSYoungGen: 130713K->30673K(135680K)] 375891K->305374K(485376K), 0.0060933 secs] [Times: user=0.00 sys=0.00, real=0.01 secs] 
2020-10-27T20:53:39.669+0800: 4.596: [GC (Allocation Failure) [PSYoungGen: 127441K->33060K(136704K)] 402142K->334585K(486400K), 0.0065391 secs] [Times: user=0.00 sys=0.00, real=0.01 secs] 
2020-10-27T20:53:39.710+0800: 4.638: [GC (Allocation Failure) [PSYoungGen: 131364K->28383K(136192K)] 432889K->357788K(485888K), 0.0059099 secs] [Times: user=0.03 sys=0.02, real=0.01 secs] 
2020-10-27T20:53:39.716+0800: 4.643: [Full GC (Ergonomics) [PSYoungGen: 28383K->0K(136192K)] [ParOldGen: 329404K->188814K(349696K)] 357788K->188814K(485888K), [Metaspace: 2700K->2700K(1056768K)], 0.0221084 secs] [Times: user=0.05 sys=0.00, real=0.02 secs] 
2020-10-27T20:53:39.756+0800: 4.685: [GC (Allocation Failure) [PSYoungGen: 98304K->33974K(136192K)] 287118K->222789K(485888K), 0.0037007 secs] [Times: user=0.00 sys=0.00, real=0.00 secs] 
2020-10-27T20:53:39.787+0800: 4.715: [GC (Allocation Failure) [PSYoungGen: 131606K->30014K(136192K)] 320420K->246433K(485888K), 0.0058073 secs] [Times: user=0.00 sys=0.00, real=0.01 secs] 
2020-10-27T20:53:39.816+0800: 4.744: [GC (Allocation Failure) [PSYoungGen: 127806K->33354K(136704K)] 344225K->276171K(486400K), 0.0060833 secs] [Times: user=0.00 sys=0.00, real=0.01 secs] 
2020-10-27T20:53:39.852+0800: 4.780: [GC (Allocation Failure) [PSYoungGen: 131328K->33212K(136192K)] 374146K->301491K(485888K), 0.0065215 secs] [Times: user=0.06 sys=0.00, real=0.01 secs] 
2020-10-27T20:53:39.880+0800: 4.808: [GC (Allocation Failure) [PSYoungGen: 131516K->33332K(136704K)] 399795K->329490K(486400K), 0.0060830 secs] [Times: user=0.00 sys=0.00, real=0.01 secs] 
2020-10-27T20:53:39.908+0800: 4.836: [GC (Allocation Failure) [PSYoungGen: 131895K->31217K(136704K)] 428052K->352530K(486400K), 0.0059828 secs] [Times: user=0.00 sys=0.00, real=0.01 secs] 
2020-10-27T20:53:39.914+0800: 4.842: [Full GC (Ergonomics) [PSYoungGen: 31217K->0K(136704K)] [ParOldGen: 321312K->191684K(349696K)] 352530K->191684K(486400K), [Metaspace: 2700K->2700K(1056768K)], 0.0217950 secs] [Times: user=0.13 sys=0.00, real=0.02 secs] 
2020-10-27T20:53:39.969+0800: 4.897: [GC (Allocation Failure) [PSYoungGen: 98816K->29984K(137216K)] 290500K->221669K(486912K), 0.0036740 secs] [Times: user=0.00 sys=0.00, real=0.00 secs] 
2020-10-27T20:53:40.005+0800: 4.933: [GC (Allocation Failure) [PSYoungGen: 129824K->29533K(137216K)] 321509K->246174K(486912K), 0.0055860 secs] [Times: user=0.00 sys=0.00, real=0.00 secs] 
2020-10-27T20:53:40.037+0800: 4.965: [GC (Allocation Failure) [PSYoungGen: 129373K->33245K(137216K)] 346014K->276313K(486912K), 0.0108677 secs] [Times: user=0.06 sys=0.00, real=0.01 secs] 
2020-10-27T20:53:40.077+0800: 5.005: [GC (Allocation Failure) [PSYoungGen: 132967K->35281K(135168K)] 376035K->307860K(484864K), 0.0063561 secs] [Times: user=0.00 sys=0.00, real=0.01 secs] 
2020-10-27T20:53:40.106+0800: 5.034: [GC (Allocation Failure) [PSYoungGen: 134956K->34186K(135680K)] 407535K->335660K(485376K), 0.0066291 secs] [Times: user=0.00 sys=0.00, real=0.01 secs] 
2020-10-27T20:53:40.144+0800: 5.072: [GC (Allocation Failure) [PSYoungGen: 131348K->34680K(136192K)] 432822K->365828K(485888K), 0.0069669 secs] [Times: user=0.00 sys=0.00, real=0.01 secs] 
2020-10-27T20:53:40.151+0800: 5.079: [Full GC (Ergonomics) [PSYoungGen: 34680K->0K(136192K)] [ParOldGen: 331147K->196161K(349696K)] 365828K->196161K(485888K), [Metaspace: 2700K->2700K(1056768K)], 0.0233526 secs] [Times: user=0.08 sys=0.00, real=0.02 secs] 
2020-10-27T20:53:40.194+0800: 5.123: [GC (Allocation Failure) [PSYoungGen: 97792K->37998K(133120K)] 293953K->234160K(482816K), 0.0040407 secs] [Times: user=0.00 sys=0.03, real=0.00 secs] 
2020-10-27T20:53:40.228+0800: 5.157: [GC (Allocation Failure) [PSYoungGen: 132718K->35362K(134656K)] 328880K->260641K(484352K), 0.0069051 secs] [Times: user=0.06 sys=0.00, real=0.01 secs] 
2020-10-27T20:53:40.261+0800: 5.189: [GC (Allocation Failure) [PSYoungGen: 130063K->25027K(132608K)] 355342K->279548K(482304K), 0.0060698 secs] [Times: user=0.06 sys=0.00, real=0.01 secs] 
2020-10-27T20:53:40.288+0800: 5.216: [GC (Allocation Failure) [PSYoungGen: 117699K->30206K(133632K)] 372220K->302604K(483328K), 0.0057447 secs] [Times: user=0.06 sys=0.00, real=0.01 secs] 
2020-10-27T20:53:40.315+0800: 5.243: [GC (Allocation Failure) [PSYoungGen: 122878K->28040K(134144K)] 395276K->323982K(483840K), 0.0054203 secs] [Times: user=0.00 sys=0.00, real=0.00 secs] 
2020-10-27T20:53:40.342+0800: 5.270: [GC (Allocation Failure) [PSYoungGen: 121323K->29331K(134144K)] 417265K->347502K(483840K), 0.0053084 secs] [Times: user=0.00 sys=0.00, real=0.00 secs] 
2020-10-27T20:53:40.347+0800: 5.275: [Full GC (Ergonomics) [PSYoungGen: 29331K->0K(134144K)] [ParOldGen: 318170K->187866K(349696K)] 347502K->187866K(483840K), [Metaspace: 2700K->2700K(1056768K)], 0.0217358 secs] [Times: user=0.06 sys=0.00, real=0.02 secs] 
2020-10-27T20:53:40.397+0800: 5.325: [GC (Allocation Failure) [PSYoungGen: 93485K->34282K(134656K)] 281352K->222148K(484352K), 0.0039048 secs] [Times: user=0.00 sys=0.00, real=0.00 secs] 
2020-10-27T20:53:40.436+0800: 5.364: [GC (Allocation Failure) [PSYoungGen: 129002K->30281K(134656K)] 316868K->245696K(484352K), 0.0063936 secs] [Times: user=0.00 sys=0.00, real=0.01 secs] 
2020-10-27T20:53:40.471+0800: 5.399: [GC (Allocation Failure) [PSYoungGen: 125001K->32802K(135168K)] 340416K->272245K(484864K), 0.0058351 secs] [Times: user=0.00 sys=0.00, real=0.01 secs] 
2020-10-27T20:53:40.506+0800: 5.433: [GC (Allocation Failure) [PSYoungGen: 128546K->29483K(135168K)] 367989K->295182K(484864K), 0.0060343 secs] [Times: user=0.06 sys=0.00, real=0.00 secs] 
2020-10-27T20:53:40.535+0800: 5.464: [GC (Allocation Failure) [PSYoungGen: 125227K->27730K(135680K)] 390926K->316766K(485376K), 0.0057120 secs] [Times: user=0.00 sys=0.00, real=0.01 secs] 
2020-10-27T20:53:40.567+0800: 5.495: [GC (Allocation Failure) [PSYoungGen: 124171K->33693K(135680K)] 413207K->346640K(485376K), 0.0059614 secs] [Times: user=0.00 sys=0.00, real=0.01 secs] 
2020-10-27T20:53:40.600+0800: 5.528: [GC (Allocation Failure) [PSYoungGen: 130461K->33620K(135680K)] 443408K->375214K(485376K), 0.0068891 secs] [Times: user=0.06 sys=0.00, real=0.01 secs] 
2020-10-27T20:53:40.607+0800: 5.535: [Full GC (Ergonomics) [PSYoungGen: 33620K->0K(135680K)] [ParOldGen: 341593K->189666K(349696K)] 375214K->189666K(485376K), [Metaspace: 2700K->2700K(1056768K)], 0.0221699 secs] [Times: user=0.06 sys=0.00, real=0.02 secs] 
2020-10-27T20:53:40.653+0800: 5.581: [GC (Allocation Failure) [PSYoungGen: 96768K->27611K(135680K)] 286434K->217278K(485376K), 0.0029863 secs] [Times: user=0.00 sys=0.00, real=0.00 secs] 
2020-10-27T20:53:40.690+0800: 5.618: [GC (Allocation Failure) [PSYoungGen: 124379K->31942K(136192K)] 314046K->243644K(485888K), 0.0056621 secs] [Times: user=0.00 sys=0.00, real=0.01 secs] 
2020-10-27T20:53:40.725+0800: 5.653: [GC (Allocation Failure) [PSYoungGen: 128802K->32679K(135680K)] 340505K->271775K(485376K), 0.0064265 secs] [Times: user=0.06 sys=0.00, real=0.01 secs] 
2020-10-27T20:53:40.768+0800: 5.696: [GC (Allocation Failure) [PSYoungGen: 129649K->30194K(136704K)] 368745K->296828K(486400K), 0.0058153 secs] [Times: user=0.00 sys=0.00, real=0.01 secs] 
2020-10-27T20:53:40.804+0800: 5.732: [GC (Allocation Failure) [PSYoungGen: 128205K->32874K(136192K)] 394838K->324102K(485888K), 0.0068052 secs] [Times: user=0.06 sys=0.00, real=0.01 secs] 
2020-10-27T20:53:40.829+0800: 5.757: [GC (Allocation Failure) [PSYoungGen: 130720K->36128K(134656K)] 421947K->354334K(484352K), 0.0065445 secs] [Times: user=0.00 sys=0.00, real=0.01 secs] 
2020-10-27T20:53:40.835+0800: 5.763: [Full GC (Ergonomics) [PSYoungGen: 36128K->0K(134656K)] [ParOldGen: 318205K->186825K(349696K)] 354334K->186825K(484352K), [Metaspace: 2700K->2700K(1056768K)], 0.0209905 secs] [Times: user=0.09 sys=0.00, real=0.02 secs] 
2020-10-27T20:53:40.879+0800: 5.808: [GC (Allocation Failure) [PSYoungGen: 96478K->31431K(135680K)] 283303K->218256K(485376K), 0.0034418 secs] [Times: user=0.00 sys=0.00, real=0.00 secs] 
2020-10-27T20:53:40.902+0800: 5.830: [GC (Allocation Failure) [PSYoungGen: 128199K->33288K(136192K)] 315024K->248061K(485888K), 0.0060948 secs] [Times: user=0.00 sys=0.00, real=0.01 secs] 
2020-10-27T20:53:40.935+0800: 5.863: [GC (Allocation Failure) [PSYoungGen: 131080K->35360K(133632K)] 345853K->278209K(483328K), 0.0069264 secs] [Times: user=0.00 sys=0.00, real=0.01 secs] 
2020-10-27T20:53:40.976+0800: 5.905: [GC (Allocation Failure) [PSYoungGen: 132889K->32828K(136192K)] 375738K->304941K(485888K), 0.0067613 secs] [Times: user=0.06 sys=0.00, real=0.01 secs] 
2020-10-27T20:53:41.007+0800: 5.935: [GC (Allocation Failure) [PSYoungGen: 130108K->30720K(135680K)] 402221K->330399K(485376K), 0.0061274 secs] [Times: user=0.06 sys=0.00, real=0.01 secs] 
2020-10-27T20:53:41.041+0800: 5.969: [GC (Allocation Failure) [PSYoungGen: 128000K->29953K(136704K)] 427679K->355910K(486400K), 0.0062355 secs] [Times: user=0.06 sys=0.00, real=0.01 secs] 
2020-10-27T20:53:41.047+0800: 5.975: [Full GC (Ergonomics) [PSYoungGen: 29953K->0K(136704K)] [ParOldGen: 325956K->188971K(349696K)] 355910K->188971K(486400K), [Metaspace: 2700K->2700K(1056768K)], 0.0219773 secs] [Times: user=0.06 sys=0.00, real=0.02 secs] 
2020-10-27T20:53:41.095+0800: 6.023: [GC (Allocation Failure) [PSYoungGen: 97934K->28406K(136192K)] 286905K->217377K(485888K), 0.0031691 secs] [Times: user=0.00 sys=0.00, real=0.00 secs] 
2020-10-27T20:53:41.131+0800: 6.059: [GC (Allocation Failure) [PSYoungGen: 126623K->31459K(137216K)] 315594K->244501K(486912K), 0.0063591 secs] [Times: user=0.05 sys=0.00, real=0.01 secs] 
2020-10-27T20:53:41.163+0800: 6.090: [GC (Allocation Failure) [PSYoungGen: 130666K->29481K(136704K)] 343708K->270918K(486400K), 0.0065237 secs] [Times: user=0.06 sys=0.00, real=0.01 secs] 
2020-10-27T20:53:41.200+0800: 6.127: [GC (Allocation Failure) [PSYoungGen: 128809K->28402K(137216K)] 370246K->293665K(486912K), 0.0060026 secs] [Times: user=0.00 sys=0.00, real=0.01 secs] 
2020-10-27T20:53:41.227+0800: 6.155: [GC (Allocation Failure) [PSYoungGen: 128020K->32970K(137216K)] 393282K->322568K(486912K), 0.0069429 secs] [Times: user=0.06 sys=0.00, real=0.01 secs] 
2020-10-27T20:53:41.261+0800: 6.190: [GC (Allocation Failure) [PSYoungGen: 132810K->36849K(134144K)] 422408K->352416K(483840K), 0.0075025 secs] [Times: user=0.00 sys=0.00, real=0.01 secs] 
2020-10-27T20:53:41.269+0800: 6.198: [Full GC (Ergonomics) [PSYoungGen: 36849K->0K(134144K)] [ParOldGen: 315567K->186781K(349696K)] 352416K->186781K(483840K), [Metaspace: 2700K->2700K(1056768K)], 0.0229523 secs] [Times: user=0.05 sys=0.00, real=0.02 secs] 
2020-10-27T20:53:41.319+0800: 6.247: [GC (Allocation Failure) [PSYoungGen: 96768K->34184K(135680K)] 283549K->220965K(485376K), 0.0037290 secs] [Times: user=0.00 sys=0.00, real=0.00 secs] 
2020-10-27T20:53:41.345+0800: 6.273: [GC (Allocation Failure) [PSYoungGen: 130952K->32743K(136192K)] 317733K->244775K(485888K), 0.0061979 secs] [Times: user=0.00 sys=0.00, real=0.01 secs] 
2020-10-27T20:53:41.378+0800: 6.306: [GC (Allocation Failure) [PSYoungGen: 130023K->29462K(135680K)] 342055K->267701K(485376K), 0.0058572 secs] [Times: user=0.00 sys=0.00, real=0.00 secs] 
2020-10-27T20:53:41.412+0800: 6.341: [GC (Allocation Failure) [PSYoungGen: 126742K->29176K(136192K)] 364981K->291857K(485888K), 0.0058209 secs] [Times: user=0.06 sys=0.00, real=0.01 secs] 
2020-10-27T20:53:41.438+0800: 6.366: [GC (Allocation Failure) [PSYoungGen: 126968K->29613K(136192K)] 389649K->318165K(485888K), 0.0062285 secs] [Times: user=0.00 sys=0.00, real=0.01 secs] 
2020-10-27T20:53:41.473+0800: 6.401: [GC (Allocation Failure) [PSYoungGen: 127405K->34786K(135680K)] 415957K->347544K(485376K), 0.0062804 secs] [Times: user=0.00 sys=0.00, real=0.01 secs] 
2020-10-27T20:53:41.503+0800: 6.431: [GC (Allocation Failure) [PSYoungGen: 132082K->31370K(136192K)] 444840K->371964K(485888K), 0.0064856 secs] [Times: user=0.00 sys=0.00, real=0.01 secs] 
2020-10-27T20:53:41.509+0800: 6.437: [Full GC (Ergonomics) [PSYoungGen: 31370K->0K(136192K)] [ParOldGen: 340594K->189791K(349696K)] 371964K->189791K(485888K), [Metaspace: 2707K->2707K(1056768K)], 0.0237818 secs] [Times: user=0.13 sys=0.00, real=0.02 secs] 
2020-10-27T20:53:41.566+0800: 6.494: [GC (Allocation Failure) [PSYoungGen: 97792K->29913K(136704K)] 287583K->219705K(486400K), 0.0038366 secs] [Times: user=0.00 sys=0.00, real=0.00 secs] 
2020-10-27T20:53:41.611+0800: 6.539: [GC (Allocation Failure) [PSYoungGen: 128729K->27368K(136704K)] 318521K->243272K(486400K), 0.0056861 secs] [Times: user=0.00 sys=0.00, real=0.00 secs] 
2020-10-27T20:53:41.638+0800: 6.567: [GC (Allocation Failure) [PSYoungGen: 125517K->27261K(136704K)] 341421K->264721K(486400K), 0.0057606 secs] [Times: user=0.00 sys=0.00, real=0.01 secs] 
2020-10-27T20:53:41.665+0800: 6.593: [GC (Allocation Failure) [PSYoungGen: 126077K->26196K(136704K)] 363537K->286396K(486400K), 0.0054526 secs] [Times: user=0.06 sys=0.00, real=0.01 secs] 
2020-10-27T20:53:41.694+0800: 6.622: [GC (Allocation Failure) [PSYoungGen: 125012K->31539K(136704K)] 385212K->314314K(486400K), 0.0064823 secs] [Times: user=0.05 sys=0.00, real=0.01 secs] 
2020-10-27T20:53:41.727+0800: 6.655: [GC (Allocation Failure) [PSYoungGen: 130355K->28543K(136704K)] 413130K->336752K(486400K), 0.0059776 secs] [Times: user=0.06 sys=0.00, real=0.01 secs] 
2020-10-27T20:53:41.751+0800: 6.679: [GC (Allocation Failure) [PSYoungGen: 127359K->34166K(136192K)] 435568K->366822K(485888K), 0.0119487 secs] [Times: user=0.00 sys=0.00, real=0.01 secs] 
2020-10-27T20:53:41.763+0800: 6.691: [Full GC (Ergonomics) [PSYoungGen: 34166K->0K(136192K)] [ParOldGen: 332655K->176888K(349696K)] 366822K->176888K(485888K), [Metaspace: 2707K->2707K(1056768K)], 0.0288858 secs] [Times: user=0.06 sys=0.00, real=0.03 secs] 
2020-10-27T20:53:41.821+0800: 6.749: [GC (Allocation Failure) [PSYoungGen: 98816K->25834K(136704K)] 275704K->202722K(486400K), 0.0029017 secs] [Times: user=0.06 sys=0.00, real=0.00 secs] 
2020-10-27T20:53:41.851+0800: 6.779: [GC (Allocation Failure) [PSYoungGen: 124650K->33520K(135680K)] 301538K->233935K(485376K), 0.0067212 secs] [Times: user=0.05 sys=0.00, real=0.01 secs] 
2020-10-27T20:53:41.898+0800: 6.826: [GC (Allocation Failure) [PSYoungGen: 130969K->34788K(132608K)] 331383K->263442K(482304K), 0.0073511 secs] [Times: user=0.06 sys=0.00, real=0.01 secs] 
2020-10-27T20:53:41.925+0800: 6.853: [GC (Allocation Failure) [PSYoungGen: 132565K->32220K(135680K)] 361218K->288469K(485376K), 0.0060181 secs] [Times: user=0.00 sys=0.00, real=0.01 secs] 
2020-10-27T20:53:41.956+0800: 6.883: [GC (Allocation Failure) [PSYoungGen: 128476K->33144K(135168K)] 384725K->315756K(484864K), 0.0074014 secs] [Times: user=0.00 sys=0.00, real=0.01 secs] 
2020-10-27T20:53:42.011+0800: 6.940: [GC (Allocation Failure) [PSYoungGen: 129400K->29841K(136192K)] 412012K->340291K(485888K), 0.0086368 secs] [Times: user=0.00 sys=0.00, real=0.01 secs] 
2020-10-27T20:53:42.062+0800: 6.991: [GC (Allocation Failure) [PSYoungGen: 127121K->30261K(135680K)] 437571K->366214K(485376K), 0.0067772 secs] [Times: user=0.00 sys=0.00, real=0.01 secs] 
2020-10-27T20:53:42.069+0800: 6.997: [Full GC (Ergonomics) [PSYoungGen: 30261K->0K(135680K)] [ParOldGen: 335952K->184142K(349696K)] 366214K->184142K(485376K), [Metaspace: 2707K->2707K(1056768K)], 0.0282128 secs] [Times: user=0.09 sys=0.00, real=0.03 secs] 
2020-10-27T20:53:42.138+0800: 7.066: [GC (Allocation Failure) [PSYoungGen: 96555K->25416K(135680K)] 280697K->209558K(485376K), 0.0041182 secs] [Times: user=0.00 sys=0.00, real=0.00 secs] 
2020-10-27T20:53:42.177+0800: 7.105: [GC (Allocation Failure) [PSYoungGen: 123208K->30801K(136192K)] 307350K->236334K(485888K), 0.0063326 secs] [Times: user=0.00 sys=0.00, real=0.01 secs] 
2020-10-27T20:53:42.220+0800: 7.148: [GC (Allocation Failure) [PSYoungGen: 127885K->33799K(135680K)] 333418K->262763K(485376K), 0.0068151 secs] [Times: user=0.00 sys=0.00, real=0.01 secs] 
2020-10-27T20:53:42.260+0800: 7.188: [GC (Allocation Failure) [PSYoungGen: 131573K->32410K(136192K)] 360537K->289736K(485888K), 0.0074081 secs] [Times: user=0.05 sys=0.00, real=0.01 secs] 
2020-10-27T20:53:42.298+0800: 7.226: [GC (Allocation Failure) [PSYoungGen: 130146K->35310K(134656K)] 387472K->318882K(484352K), 0.0062984 secs] [Times: user=0.00 sys=0.00, real=0.01 secs] 
2020-10-27T20:53:42.336+0800: 7.264: [GC (Allocation Failure) [PSYoungGen: 132078K->34407K(131584K)] 415650K->345569K(481280K), 0.0062603 secs] [Times: user=0.06 sys=0.00, real=0.01 secs] 
2020-10-27T20:53:42.370+0800: 7.298: [GC (Allocation Failure) [PSYoungGen: 131175K->33417K(135168K)] 442337K->375336K(484864K), 0.0067764 secs] [Times: user=0.06 sys=0.00, real=0.01 secs] 
2020-10-27T20:53:42.377+0800: 7.305: [Full GC (Ergonomics) [PSYoungGen: 33417K->0K(135168K)] [ParOldGen: 341918K->187984K(349696K)] 375336K->187984K(484864K), [Metaspace: 2707K->2707K(1056768K)], 0.0216100 secs] [Times: user=0.05 sys=0.00, real=0.02 secs] 
2020-10-27T20:53:42.420+0800: 7.348: [GC (Allocation Failure) [PSYoungGen: 95744K->34521K(135168K)] 283728K->222505K(484864K), 0.0048391 secs] [Times: user=0.00 sys=0.00, real=0.00 secs] 
2020-10-27T20:53:42.454+0800: 7.382: [GC (Allocation Failure) [PSYoungGen: 130265K->25923K(134144K)] 318249K->242212K(483840K), 0.0057691 secs] [Times: user=0.00 sys=0.00, real=0.01 secs] 
2020-10-27T20:53:42.481+0800: 7.409: [GC (Allocation Failure) [PSYoungGen: 120643K->28412K(134656K)] 336932K->267189K(484352K), 0.0054948 secs] [Times: user=0.00 sys=0.00, real=0.01 secs] 
2020-10-27T20:53:42.519+0800: 7.447: [GC (Allocation Failure) [PSYoungGen: 123031K->29935K(135680K)] 361807K->292367K(485376K), 0.0055016 secs] [Times: user=0.00 sys=0.00, real=0.00 secs] 
2020-10-27T20:53:42.546+0800: 7.474: [GC (Allocation Failure) [PSYoungGen: 126191K->28343K(135168K)] 388623K->317045K(484864K), 0.0075789 secs] [Times: user=0.00 sys=0.00, real=0.01 secs] 
2020-10-27T20:53:42.580+0800: 7.508: [GC (Allocation Failure) [PSYoungGen: 124599K->34099K(135680K)] 413301K->346778K(485376K), 0.0059576 secs] [Times: user=0.00 sys=0.00, real=0.01 secs] 
2020-10-27T20:53:42.621+0800: 7.549: [GC (Allocation Failure) [PSYoungGen: 130752K->28005K(135680K)] 443431K->370399K(485376K), 0.0068134 secs] [Times: user=0.00 sys=0.00, real=0.01 secs] 
2020-10-27T20:53:42.628+0800: 7.556: [Full GC (Ergonomics) [PSYoungGen: 28005K->0K(135680K)] [ParOldGen: 342393K->188382K(349696K)] 370399K->188382K(485376K), [Metaspace: 2707K->2707K(1056768K)], 0.0224968 secs] [Times: user=0.06 sys=0.00, real=0.02 secs] 
2020-10-27T20:53:42.679+0800: 7.606: [GC (Allocation Failure) [PSYoungGen: 96768K->33548K(135680K)] 285150K->221931K(485376K), 0.0035658 secs] [Times: user=0.00 sys=0.00, real=0.00 secs] 
2020-10-27T20:53:42.705+0800: 7.633: [GC (Allocation Failure) [PSYoungGen: 130175K->33691K(130560K)] 318558K->248455K(480256K), 0.0063459 secs] [Times: user=0.00 sys=0.00, real=0.01 secs] 
2020-10-27T20:53:42.731+0800: 7.659: [GC (Allocation Failure) [PSYoungGen: 130459K->27745K(135680K)] 345223K->268693K(485376K), 0.0058432 secs] [Times: user=0.00 sys=0.00, real=0.01 secs] 
2020-10-27T20:53:42.759+0800: 7.688: [GC (Allocation Failure) [PSYoungGen: 124001K->30940K(135168K)] 364949K->294197K(484864K), 0.0058759 secs] [Times: user=0.06 sys=0.00, real=0.01 secs] 
2020-10-27T20:53:42.801+0800: 7.729: [GC (Allocation Failure) [PSYoungGen: 127196K->29973K(136704K)] 390453K->317003K(486400K), 0.0054507 secs] [Times: user=0.00 sys=0.00, real=0.00 secs] 
2020-10-27T20:53:42.826+0800: 7.755: [GC (Allocation Failure) [PSYoungGen: 128277K->28887K(136192K)] 415307K->342029K(485888K), 0.0056260 secs] [Times: user=0.00 sys=0.00, real=0.01 secs] 
2020-10-27T20:53:42.862+0800: 7.790: [GC (Allocation Failure) [PSYoungGen: 127191K->27879K(137216K)] 440333K->366141K(486912K), 0.0056636 secs] [Times: user=0.00 sys=0.00, real=0.01 secs] 
2020-10-27T20:53:42.868+0800: 7.796: [Full GC (Ergonomics) [PSYoungGen: 27879K->0K(137216K)] [ParOldGen: 338262K->173373K(349696K)] 366141K->173373K(486912K), [Metaspace: 2707K->2707K(1056768K)], 0.0199807 secs] [Times: user=0.13 sys=0.00, real=0.02 secs] 
2020-10-27T20:53:42.908+0800: 7.836: [GC (Allocation Failure) [PSYoungGen: 99840K->34167K(134144K)] 273213K->207541K(483840K), 0.0041345 secs] [Times: user=0.00 sys=0.00, real=0.00 secs] 
2020-10-27T20:53:42.941+0800: 7.869: [GC (Allocation Failure) [PSYoungGen: 134007K->34032K(135680K)] 307381K->233992K(485376K), 0.0058414 secs] [Times: user=0.00 sys=0.00, real=0.01 secs] 
2020-10-27T20:53:42.972+0800: 7.900: [GC (Allocation Failure) [PSYoungGen: 131824K->37340K(135168K)] 331784K->264905K(484864K), 0.0065043 secs] [Times: user=0.00 sys=0.00, real=0.01 secs] 
2020-10-27T20:53:42.997+0800: 7.925: [GC (Allocation Failure) [PSYoungGen: 135106K->33823K(134144K)] 362671K->293803K(483840K), 0.0075702 secs] [Times: user=0.00 sys=0.00, real=0.01 secs] 
2020-10-27T20:53:43.027+0800: 7.955: [GC (Allocation Failure) [PSYoungGen: 128543K->31622K(134656K)] 388523K->318556K(484352K), 0.0063813 secs] [Times: user=0.06 sys=0.00, real=0.01 secs] 
2020-10-27T20:53:43.064+0800: 7.992: [GC (Allocation Failure) [PSYoungGen: 126342K->31800K(135680K)] 413276K->344558K(485376K), 0.0060390 secs] [Times: user=0.00 sys=0.00, real=0.01 secs] 
2020-10-27T20:53:43.104+0800: 8.032: [GC (Allocation Failure) [PSYoungGen: 128056K->33589K(135168K)] 440814K->371980K(484864K), 0.0067455 secs] [Times: user=0.06 sys=0.00, real=0.01 secs] 
2020-10-27T20:53:43.110+0800: 8.038: [Full GC (Ergonomics) [PSYoungGen: 33589K->0K(135168K)] [ParOldGen: 338391K->187442K(349696K)] 371980K->187442K(484864K), [Metaspace: 2707K->2707K(1056768K)], 0.0221489 secs] [Times: user=0.06 sys=0.00, real=0.02 secs] 
2020-10-27T20:53:43.155+0800: 8.083: [GC (Allocation Failure) [PSYoungGen: 96142K->31139K(136192K)] 283585K->218582K(485888K), 0.0033635 secs] [Times: user=0.00 sys=0.00, real=0.00 secs] 
2020-10-27T20:53:43.185+0800: 8.113: [GC (Allocation Failure) [PSYoungGen: 128931K->31697K(136192K)] 316374K->243161K(485888K), 0.0063473 secs] [Times: user=0.00 sys=0.00, real=0.01 secs] 
2020-10-27T20:53:43.222+0800: 8.150: [GC (Allocation Failure) [PSYoungGen: 129337K->29676K(137216K)] 340801K->268158K(486912K), 0.0061619 secs] [Times: user=0.00 sys=0.00, real=0.01 secs] 
2020-10-27T20:53:43.253+0800: 8.181: [GC (Allocation Failure) [PSYoungGen: 129516K->29812K(137216K)] 367998K->293762K(486912K), 0.0056706 secs] [Times: user=0.00 sys=0.00, real=0.00 secs] 
2020-10-27T20:53:43.290+0800: 8.218: [GC (Allocation Failure) [PSYoungGen: 129652K->30973K(137728K)] 393602K->318980K(487424K), 0.0060063 secs] [Times: user=0.06 sys=0.00, real=0.01 secs] 
2020-10-27T20:53:43.324+0800: 8.252: [GC (Allocation Failure) [PSYoungGen: 131325K->34501K(137216K)] 419332K->348359K(486912K), 0.0068737 secs] [Times: user=0.00 sys=0.00, real=0.01 secs] 
2020-10-27T20:53:43.363+0800: 8.291: [GC (Allocation Failure) [PSYoungGen: 134853K->26583K(136192K)] 448711K->369305K(485888K), 0.0060098 secs] [Times: user=0.00 sys=0.00, real=0.01 secs] 
2020-10-27T20:53:43.369+0800: 8.297: [Full GC (Ergonomics) [PSYoungGen: 26583K->0K(136192K)] [ParOldGen: 342721K->176917K(349696K)] 369305K->176917K(485888K), [Metaspace: 2707K->2707K(1056768K)], 0.0212796 secs] [Times: user=0.13 sys=0.00, real=0.02 secs] 
2020-10-27T20:53:43.423+0800: 8.350: [GC (Allocation Failure) [PSYoungGen: 98816K->30118K(136704K)] 275733K->207036K(486400K), 0.0035610 secs] [Times: user=0.00 sys=0.00, real=0.00 secs] 
2020-10-27T20:53:43.452+0800: 8.379: [GC (Allocation Failure) [PSYoungGen: 128934K->32635K(137216K)] 305852K->234170K(486912K), 0.0065425 secs] [Times: user=0.00 sys=0.00, real=0.01 secs] 
2020-10-27T20:53:43.488+0800: 8.416: [GC (Allocation Failure) [PSYoungGen: 132475K->29439K(137216K)] 334010K->256760K(486912K), 0.0062116 secs] [Times: user=0.00 sys=0.00, real=0.01 secs] 
2020-10-27T20:53:43.539+0800: 8.467: [GC (Allocation Failure) [PSYoungGen: 129185K->29684K(137728K)] 356506K->280892K(487424K), 0.0145075 secs] [Times: user=0.06 sys=0.00, real=0.01 secs] 
2020-10-27T20:53:43.588+0800: 8.516: [GC (Allocation Failure) [PSYoungGen: 130548K->30519K(137728K)] 381756K->307268K(487424K), 0.0062821 secs] [Times: user=0.06 sys=0.00, real=0.01 secs] 
2020-10-27T20:53:43.621+0800: 8.549: [GC (Allocation Failure) [PSYoungGen: 131383K->32758K(138240K)] 408132K->333380K(487936K), 0.0068644 secs] [Times: user=0.00 sys=0.00, real=0.01 secs] 
2020-10-27T20:53:43.655+0800: 8.583: [GC (Allocation Failure) [PSYoungGen: 134608K->33816K(136192K)] 435230K->362233K(485888K), 0.0070401 secs] [Times: user=0.00 sys=0.00, real=0.01 secs] 
2020-10-27T20:53:43.662+0800: 8.590: [Full GC (Ergonomics) [PSYoungGen: 33816K->0K(136192K)] [ParOldGen: 328417K->182152K(349696K)] 362233K->182152K(485888K), [Metaspace: 2707K->2707K(1056768K)], 0.0217221 secs] [Times: user=0.08 sys=0.00, real=0.02 secs] 
2020-10-27T20:53:43.721+0800: 8.649: [GC (Allocation Failure) [PSYoungGen: 101852K->31926K(138240K)] 284005K->214079K(487936K), 0.0034490 secs] [Times: user=0.00 sys=0.00, real=0.00 secs] 
2020-10-27T20:53:43.760+0800: 8.688: [GC (Allocation Failure) [PSYoungGen: 133302K->33455K(137728K)] 315455K->242800K(487424K), 0.0065320 secs] [Times: user=0.06 sys=0.00, real=0.01 secs] 
2020-10-27T20:53:43.791+0800: 8.719: [GC (Allocation Failure) [PSYoungGen: 134831K->30203K(138240K)] 344176K->267153K(487936K), 0.0060139 secs] [Times: user=0.05 sys=0.00, real=0.01 secs] 
2020-10-27T20:53:43.822+0800: 8.749: [GC (Allocation Failure) [PSYoungGen: 131579K->29587K(137728K)] 368529K->293936K(487424K), 0.0060728 secs] [Times: user=0.06 sys=0.00, real=0.01 secs] 
2020-10-27T20:53:43.855+0800: 8.782: [GC (Allocation Failure) [PSYoungGen: 130963K->34211K(137216K)] 395312K->321346K(486912K), 0.0066057 secs] [Times: user=0.06 sys=0.00, real=0.00 secs] 
2020-10-27T20:53:43.896+0800: 8.824: [GC (Allocation Failure) [PSYoungGen: 134932K->29442K(137728K)] 422067K->344971K(487424K), 0.0070613 secs] [Times: user=0.06 sys=0.00, real=0.01 secs] 
2020-10-27T20:53:43.934+0800: 8.863: [GC (Allocation Failure) [PSYoungGen: 130306K->32443K(137728K)] 445835K->371293K(487424K), 0.0067577 secs] [Times: user=0.00 sys=0.00, real=0.01 secs] 
2020-10-27T20:53:43.941+0800: 8.870: [Full GC (Ergonomics) [PSYoungGen: 32443K->0K(137728K)] [ParOldGen: 338849K->186230K(349696K)] 371293K->186230K(487424K), [Metaspace: 2707K->2707K(1056768K)], 0.0212620 secs] [Times: user=0.06 sys=0.00, real=0.02 secs] 
2020-10-27T20:53:43.992+0800: 8.921: [GC (Allocation Failure) [PSYoungGen: 100864K->34362K(135680K)] 287094K->220593K(485376K), 0.0041810 secs] [Times: user=0.06 sys=0.00, real=0.00 secs] 
2020-10-27T20:53:44.030+0800: 8.958: [GC (Allocation Failure) [PSYoungGen: 135226K->37363K(134144K)] 321457K->255051K(483840K), 0.0067174 secs] [Times: user=0.00 sys=0.00, real=0.01 secs] 
2020-10-27T20:53:44.064+0800: 8.992: [GC (Allocation Failure) [PSYoungGen: 133943K->30681K(135680K)] 351632K->279643K(485376K), 0.0065792 secs] [Times: user=0.00 sys=0.00, real=0.01 secs] 
2020-10-27T20:53:44.108+0800: 9.036: [GC (Allocation Failure) [PSYoungGen: 127449K->34763K(135168K)] 376411K->309665K(484864K), 0.0068435 secs] [Times: user=0.00 sys=0.00, real=0.01 secs] 
2020-10-27T20:53:44.136+0800: 9.063: [GC (Allocation Failure) [PSYoungGen: 131531K->30547K(135680K)] 406433K->335307K(485376K), 0.0066210 secs] [Times: user=0.05 sys=0.00, real=0.01 secs] 
2020-10-27T20:53:44.162+0800: 9.090: [GC (Allocation Failure) [PSYoungGen: 127315K->35424K(135168K)] 432075K->365788K(484864K), 0.0061348 secs] [Times: user=0.05 sys=0.00, real=0.01 secs] 
2020-10-27T20:53:44.168+0800: 9.096: [Full GC (Ergonomics) [PSYoungGen: 35424K->0K(135168K)] [ParOldGen: 330364K->190734K(349696K)] 365788K->190734K(484864K), [Metaspace: 2707K->2707K(1056768K)], 0.0225761 secs] [Times: user=0.06 sys=0.00, real=0.02 secs] 
2020-10-27T20:53:44.224+0800: 9.152: [GC (Allocation Failure) [PSYoungGen: 96714K->31990K(135680K)] 287449K->222725K(485376K), 0.0037209 secs] [Times: user=0.00 sys=0.00, real=0.00 secs] 
2020-10-27T20:53:44.260+0800: 9.188: [GC (Allocation Failure) [PSYoungGen: 128758K->30648K(136192K)] 319493K->244652K(485888K), 0.0062450 secs] [Times: user=0.06 sys=0.00, real=0.01 secs] 
2020-10-27T20:53:44.293+0800: 9.221: [GC (Allocation Failure) [PSYoungGen: 128440K->34467K(136192K)] 342444K->272266K(485888K), 0.0062542 secs] [Times: user=0.00 sys=0.00, real=0.01 secs] 
2020-10-27T20:53:44.330+0800: 9.259: [GC (Allocation Failure) [PSYoungGen: 132259K->29359K(136192K)] 370058K->296147K(485888K), 0.0061403 secs] [Times: user=0.00 sys=0.00, real=0.01 secs] 
2020-10-27T20:53:44.367+0800: 9.295: [GC (Allocation Failure) [PSYoungGen: 127151K->33581K(136192K)] 393939K->323572K(485888K), 0.0068918 secs] [Times: user=0.06 sys=0.00, real=0.01 secs] 
2020-10-27T20:53:44.414+0800: 9.342: [GC (Allocation Failure) [PSYoungGen: 131373K->31519K(136704K)] 421364K->347552K(486400K), 0.0066653 secs] [Times: user=0.05 sys=0.00, real=0.01 secs] 
2020-10-27T20:53:44.447+0800: 9.375: [GC (Allocation Failure) [PSYoungGen: 129823K->31001K(136192K)] 445856K->372584K(485888K), 0.0066939 secs] [Times: user=0.03 sys=0.00, real=0.01 secs] 
2020-10-27T20:53:44.454+0800: 9.382: [Full GC (Ergonomics) [PSYoungGen: 31001K->0K(136192K)] [ParOldGen: 341583K->185242K(349696K)] 372584K->185242K(485888K), [Metaspace: 2707K->2707K(1056768K)], 0.0222680 secs] [Times: user=0.03 sys=0.00, real=0.02 secs] 
2020-10-27T20:53:44.518+0800: 9.446: [GC (Allocation Failure) [PSYoungGen: 98304K->31527K(137216K)] 283546K->216769K(486912K), 0.0038174 secs] [Times: user=0.00 sys=0.00, real=0.00 secs] 
2020-10-27T20:53:44.546+0800: 9.473: [GC (Allocation Failure) [PSYoungGen: 130855K->32052K(136704K)] 316097K->243249K(486400K), 0.0061095 secs] [Times: user=0.00 sys=0.00, real=0.01 secs] 
2020-10-27T20:53:44.589+0800: 9.516: [GC (Allocation Failure) [PSYoungGen: 131094K->30757K(138240K)] 342291K->268875K(487936K), 0.0064322 secs] [Times: user=0.06 sys=0.00, real=0.01 secs] 
2020-10-27T20:53:44.620+0800: 9.548: [GC (Allocation Failure) [PSYoungGen: 132090K->31657K(137728K)] 370208K->294063K(487424K), 0.0065972 secs] [Times: user=0.06 sys=0.00, real=0.01 secs] 
2020-10-27T20:53:44.656+0800: 9.584: [GC (Allocation Failure) [PSYoungGen: 132932K->27343K(138240K)] 395337K->317107K(487936K), 0.0061553 secs] [Times: user=0.00 sys=0.00, real=0.01 secs] 
2020-10-27T20:53:44.688+0800: 9.616: [GC (Allocation Failure) [PSYoungGen: 128872K->36342K(138240K)] 418636K->351093K(487936K), 0.0066340 secs] [Times: user=0.00 sys=0.00, real=0.01 secs] 
2020-10-27T20:53:44.718+0800: 9.646: [GC (Allocation Failure) [PSYoungGen: 137925K->33253K(118784K)] 452676K->376317K(468480K), 0.0085987 secs] [Times: user=0.00 sys=0.00, real=0.01 secs] 
2020-10-27T20:53:44.727+0800: 9.655: [Full GC (Ergonomics) [PSYoungGen: 33253K->0K(118784K)] [ParOldGen: 343063K->188272K(349696K)] 376317K->188272K(468480K), [Metaspace: 2707K->2707K(1056768K)], 0.0234039 secs] [Times: user=0.11 sys=0.00, real=0.02 secs] 
2020-10-27T20:53:44.766+0800: 9.695: [GC (Allocation Failure) [PSYoungGen: 82432K->25776K(108544K)] 270704K->214048K(458240K), 0.0030845 secs] [Times: user=0.00 sys=0.00, real=0.00 secs] 
2020-10-27T20:53:44.794+0800: 9.722: [GC (Allocation Failure) [PSYoungGen: 107680K->27358K(128512K)] 295952K->238348K(478208K), 0.0053620 secs] [Times: user=0.00 sys=0.00, real=0.01 secs] 
2020-10-27T20:53:44.824+0800: 9.752: [GC (Allocation Failure) [PSYoungGen: 109278K->27021K(128000K)] 320268K->261376K(477696K), 0.0056588 secs] [Times: user=0.00 sys=0.00, real=0.01 secs] 
2020-10-27T20:53:44.854+0800: 9.782: [GC (Allocation Failure) [PSYoungGen: 108941K->29705K(129536K)] 343296K->286743K(479232K), 0.0059997 secs] [Times: user=0.06 sys=0.00, real=0.01 secs] 
2020-10-27T20:53:44.878+0800: 9.806: [GC (Allocation Failure) [PSYoungGen: 113089K->25612K(128512K)] 370127K->307487K(478208K), 0.0053013 secs] [Times: user=0.00 sys=0.00, real=0.01 secs] 
2020-10-27T20:53:44.903+0800: 9.831: [GC (Allocation Failure) [PSYoungGen: 109068K->28405K(130560K)] 390943K->330304K(480256K), 0.0053253 secs] [Times: user=0.00 sys=0.00, real=0.00 secs] 
2020-10-27T20:53:44.955+0800: 9.882: [GC (Allocation Failure) [PSYoungGen: 114421K->26761K(130048K)] 416320K->353965K(479744K), 0.0052454 secs] [Times: user=0.00 sys=0.00, real=0.01 secs] 
2020-10-27T20:53:44.960+0800: 9.888: [Full GC (Ergonomics) [PSYoungGen: 26761K->0K(130048K)] [ParOldGen: 327203K->191499K(349696K)] 353965K->191499K(479744K), [Metaspace: 2707K->2707K(1056768K)], 0.0229725 secs] [Times: user=0.13 sys=0.00, real=0.02 secs] 
2020-10-27T20:53:45.004+0800: 9.932: [GC (Allocation Failure) [PSYoungGen: 86016K->26725K(131584K)] 277515K->218224K(481280K), 0.0028753 secs] [Times: user=0.00 sys=0.00, real=0.00 secs] 
2020-10-27T20:53:45.029+0800: 9.958: [GC (Allocation Failure) [PSYoungGen: 114407K->33384K(131072K)] 305906K->248077K(480768K), 0.0066748 secs] [Times: user=0.00 sys=0.00, real=0.01 secs] 
2020-10-27T20:53:45.053+0800: 9.981: [GC (Allocation Failure) [PSYoungGen: 121448K->29290K(132608K)] 336141K->271814K(482304K), 0.0067622 secs] [Times: user=0.06 sys=0.00, real=0.01 secs] 
2020-10-27T20:53:45.083+0800: 10.012: [GC (Allocation Failure) [PSYoungGen: 118890K->34409K(131584K)] 361414K->301849K(481280K), 0.0064630 secs] [Times: user=0.02 sys=0.00, real=0.01 secs] 
2020-10-27T20:53:45.118+0800: 10.046: [GC (Allocation Failure) [PSYoungGen: 124009K->30242K(133632K)] 391449K->325417K(483328K), 0.0062330 secs] [Times: user=0.06 sys=0.00, real=0.01 secs] 
2020-10-27T20:53:45.155+0800: 10.083: [GC (Allocation Failure) [PSYoungGen: 121890K->27577K(132608K)] 417065K->349408K(482304K), 0.0079607 secs] [Times: user=0.00 sys=0.00, real=0.01 secs] 
2020-10-27T20:53:45.163+0800: 10.091: [Full GC (Ergonomics) [PSYoungGen: 27577K->0K(132608K)] [ParOldGen: 321830K->194144K(349696K)] 349408K->194144K(482304K), [Metaspace: 2707K->2707K(1056768K)], 0.0252874 secs] [Times: user=0.08 sys=0.00, real=0.02 secs] 
Heap
 PSYoungGen      total 132608K, used 39951K [0x00000000f5580000, 0x0000000100000000, 0x0000000100000000)
  eden space 91648K, 43% used [0x00000000f5580000,0x00000000f7c83f00,0x00000000faf00000)
  from space 40960K, 0% used [0x00000000faf00000,0x00000000faf00000,0x00000000fd700000)
  to   space 40448K, 0% used [0x00000000fd880000,0x00000000fd880000,0x0000000100000000)
 ParOldGen       total 349696K, used 194144K [0x00000000e0000000, 0x00000000f5580000, 0x00000000f5580000)
  object space 349696K, 55% used [0x00000000e0000000,0x00000000ebd98278,0x00000000f5580000)
 Metaspace       used 2714K, capacity 4490K, committed 4864K, reserved 1056768K
  class space    used 291K, capacity 386K, committed 512K, reserved 1048576K
