Java HotSpot(TM) 64-Bit Server VM (25.211-b12) for windows-amd64 JRE (1.8.0_211-b12), built on Apr  1 2019 20:53:26 by "java_re" with MS VC++ 10.0 (VS2010)
Memory: 4k page, physical 16640612k(9324000k free), swap 16640612k(7523632k free)
CommandLine flags: -XX:InitialHeapSize=1073741824 -XX:MaxHeapSize=1073741824 -XX:+PrintGC -XX:+PrintGCDateStamps -XX:+PrintGCDetails -XX:+PrintGCTimeStamps -XX:+UseCompressedClassPointers -XX:+UseCompressedOops -XX:-UseLargePagesIndividualAllocation -XX:+UseSerialGC 
2020-10-27T20:54:06.064+0800: 0.291: [GC (Allocation Failure) 2020-10-27T20:54:06.064+0800: 0.291: [DefNew: 279616K->34944K(314560K), 0.0359210 secs] 279616K->76205K(1013632K), 0.0360603 secs] [Times: user=0.00 sys=0.03, real=0.04 secs] 
2020-10-27T20:54:06.201+0800: 0.428: [GC (Allocation Failure) 2020-10-27T20:54:06.201+0800: 0.428: [DefNew: 314560K->34942K(314560K), 0.0430270 secs] 355821K->133073K(1013632K), 0.0430836 secs] [Times: user=0.00 sys=0.03, real=0.04 secs] 
2020-10-27T20:54:06.337+0800: 0.565: [GC (Allocation Failure) 2020-10-27T20:54:06.337+0800: 0.565: [DefNew: 314558K->34943K(314560K), 0.0318832 secs] 412689K->195152K(1013632K), 0.0319411 secs] [Times: user=0.03 sys=0.00, real=0.03 secs] 
2020-10-27T20:54:06.428+0800: 0.655: [GC (Allocation Failure) 2020-10-27T20:54:06.428+0800: 0.655: [DefNew: 314559K->34943K(314560K), 0.0325553 secs] 474768K->263275K(1013632K), 0.0326086 secs] [Times: user=0.01 sys=0.01, real=0.03 secs] 
2020-10-27T20:54:06.535+0800: 0.762: [GC (Allocation Failure) 2020-10-27T20:54:06.535+0800: 0.762: [DefNew: 314559K->34943K(314560K), 0.0301314 secs] 542891K->325075K(1013632K), 0.0301820 secs] [Times: user=0.02 sys=0.02, real=0.03 secs] 
2020-10-27T20:54:06.633+0800: 0.860: [GC (Allocation Failure) 2020-10-27T20:54:06.633+0800: 0.860: [DefNew: 314559K->34941K(314560K), 0.0345458 secs] 604691K->396821K(1013632K), 0.0345913 secs] [Times: user=0.02 sys=0.01, real=0.03 secs] 
2020-10-27T20:54:06.753+0800: 0.980: [GC (Allocation Failure) 2020-10-27T20:54:06.753+0800: 0.980: [DefNew: 314557K->34944K(314560K), 0.0348838 secs] 676437K->471197K(1013632K), 0.0349442 secs] [Times: user=0.02 sys=0.02, real=0.04 secs] 
2020-10-27T20:54:06.881+0800: 1.107: [GC (Allocation Failure) 2020-10-27T20:54:06.881+0800: 1.108: [DefNew: 314560K->34943K(314560K), 0.0476485 secs] 750813K->543144K(1013632K), 0.0477543 secs] [Times: user=0.00 sys=0.05, real=0.05 secs] 
2020-10-27T20:54:07.016+0800: 1.243: [GC (Allocation Failure) 2020-10-27T20:54:07.016+0800: 1.243: [DefNew: 314559K->34943K(314560K), 0.0320225 secs] 822760K->606999K(1013632K), 0.0321203 secs] [Times: user=0.00 sys=0.03, real=0.03 secs] 
2020-10-27T20:54:07.115+0800: 1.342: [GC (Allocation Failure) 2020-10-27T20:54:07.115+0800: 1.342: [DefNew: 314559K->34943K(314560K), 0.0293512 secs] 886615K->666332K(1013632K), 0.0294047 secs] [Times: user=0.02 sys=0.02, real=0.03 secs] 
2020-10-27T20:54:07.217+0800: 1.444: [GC (Allocation Failure) 2020-10-27T20:54:07.217+0800: 1.444: [DefNew: 314553K->314553K(314560K), 0.0000128 secs]2020-10-27T20:54:07.217+0800: 1.444: [Tenured: 631388K->230904K(699072K), 0.0250453 secs] 945942K->230904K(1013632K), [Metaspace: 2700K->2700K(1056768K)], 0.0251248 secs] [Times: user=0.02 sys=0.00, real=0.03 secs] 
2020-10-27T20:54:07.338+0800: 1.566: [GC (Allocation Failure) 2020-10-27T20:54:07.338+0800: 1.566: [DefNew: 279616K->34943K(314560K), 0.0091427 secs] 510520K->304983K(1013632K), 0.0091911 secs] [Times: user=0.02 sys=0.00, real=0.01 secs] 
2020-10-27T20:54:07.422+0800: 1.649: [GC (Allocation Failure) 2020-10-27T20:54:07.422+0800: 1.649: [DefNew: 314559K->34943K(314560K), 0.0112109 secs] 584599K->362093K(1013632K), 0.0112729 secs] [Times: user=0.00 sys=0.00, real=0.01 secs] 
2020-10-27T20:54:07.506+0800: 1.733: [GC (Allocation Failure) 2020-10-27T20:54:07.506+0800: 1.733: [DefNew: 314559K->34943K(314560K), 0.0116120 secs] 641709K->423029K(1013632K), 0.0116752 secs] [Times: user=0.01 sys=0.00, real=0.01 secs] 
2020-10-27T20:54:07.586+0800: 1.813: [GC (Allocation Failure) 2020-10-27T20:54:07.586+0800: 1.813: [DefNew: 314559K->34942K(314560K), 0.0127289 secs] 702645K->492524K(1013632K), 0.0127887 secs] [Times: user=0.02 sys=0.00, real=0.01 secs] 
2020-10-27T20:54:07.673+0800: 1.901: [GC (Allocation Failure) 2020-10-27T20:54:07.673+0800: 1.901: [DefNew: 314558K->34941K(314560K), 0.0104999 secs] 772140K->544566K(1013632K), 0.0105539 secs] [Times: user=0.02 sys=0.00, real=0.01 secs] 
2020-10-27T20:54:07.772+0800: 2.000: [GC (Allocation Failure) 2020-10-27T20:54:07.772+0800: 2.000: [DefNew: 314557K->34943K(314560K), 0.0118138 secs] 824182K->609665K(1013632K), 0.0118677 secs] [Times: user=0.01 sys=0.00, real=0.01 secs] 
2020-10-27T20:54:07.857+0800: 2.084: [GC (Allocation Failure) 2020-10-27T20:54:07.857+0800: 2.084: [DefNew: 314559K->34942K(314560K), 0.0106962 secs] 889281K->663979K(1013632K), 0.0107634 secs] [Times: user=0.00 sys=0.00, real=0.01 secs] 
2020-10-27T20:54:07.936+0800: 2.163: [GC (Allocation Failure) 2020-10-27T20:54:07.936+0800: 2.164: [DefNew: 314558K->314558K(314560K), 0.0000179 secs]2020-10-27T20:54:07.937+0800: 2.164: [Tenured: 629037K->216657K(699072K), 0.0241087 secs] 943595K->216657K(1013632K), [Metaspace: 2700K->2700K(1056768K)], 0.0241901 secs] [Times: user=0.02 sys=0.00, real=0.02 secs] 
2020-10-27T20:54:08.054+0800: 2.282: [GC (Allocation Failure) 2020-10-27T20:54:08.054+0800: 2.282: [DefNew: 279616K->34943K(314560K), 0.0100868 secs] 496273K->294209K(1013632K), 0.0101439 secs] [Times: user=0.01 sys=0.00, real=0.01 secs] 
2020-10-27T20:54:08.145+0800: 2.373: [GC (Allocation Failure) 2020-10-27T20:54:08.145+0800: 2.373: [DefNew: 314559K->34943K(314560K), 0.0265333 secs] 573825K->359377K(1013632K), 0.0266409 secs] [Times: user=0.03 sys=0.00, real=0.03 secs] 
2020-10-27T20:54:08.255+0800: 2.482: [GC (Allocation Failure) 2020-10-27T20:54:08.255+0800: 2.482: [DefNew: 314559K->34943K(314560K), 0.0113089 secs] 638993K->418183K(1013632K), 0.0113630 secs] [Times: user=0.02 sys=0.00, real=0.01 secs] 
2020-10-27T20:54:08.347+0800: 2.574: [GC (Allocation Failure) 2020-10-27T20:54:08.347+0800: 2.574: [DefNew: 314559K->34943K(314560K), 0.0116818 secs] 697799K->478183K(1013632K), 0.0117376 secs] [Times: user=0.02 sys=0.00, real=0.01 secs] 
2020-10-27T20:54:08.451+0800: 2.679: [GC (Allocation Failure) 2020-10-27T20:54:08.451+0800: 2.679: [DefNew: 314559K->34942K(314560K), 0.0130090 secs] 757799K->546573K(1013632K), 0.0130583 secs] [Times: user=0.00 sys=0.00, real=0.01 secs] 
2020-10-27T20:54:08.535+0800: 2.762: [GC (Allocation Failure) 2020-10-27T20:54:08.535+0800: 2.762: [DefNew: 314558K->34943K(314560K), 0.0117789 secs] 826189K->605425K(1013632K), 0.0118318 secs] [Times: user=0.02 sys=0.00, real=0.01 secs] 
2020-10-27T20:54:08.624+0800: 2.851: [GC (Allocation Failure) 2020-10-27T20:54:08.624+0800: 2.851: [DefNew: 314559K->34943K(314560K), 0.0133509 secs] 885041K->670540K(1013632K), 0.0134045 secs] [Times: user=0.01 sys=0.00, real=0.01 secs] 
2020-10-27T20:54:08.704+0800: 2.931: [GC (Allocation Failure) 2020-10-27T20:54:08.704+0800: 2.931: [DefNew: 314559K->314559K(314560K), 0.0000130 secs]2020-10-27T20:54:08.704+0800: 2.931: [Tenured: 635596K->225656K(699072K), 0.0246350 secs] 950156K->225656K(1013632K), [Metaspace: 2700K->2700K(1056768K)], 0.0247058 secs] [Times: user=0.02 sys=0.00, real=0.02 secs] 
2020-10-27T20:54:08.794+0800: 3.022: [GC (Allocation Failure) 2020-10-27T20:54:08.794+0800: 3.022: [DefNew: 279616K->34943K(314560K), 0.0090254 secs] 505272K->299966K(1013632K), 0.0090775 secs] [Times: user=0.00 sys=0.00, real=0.01 secs] 
2020-10-27T20:54:08.869+0800: 3.096: [GC (Allocation Failure) 2020-10-27T20:54:08.869+0800: 3.096: [DefNew: 314518K->34944K(314560K), 0.0115754 secs] 579541K->360970K(1013632K), 0.0116317 secs] [Times: user=0.02 sys=0.00, real=0.01 secs] 
2020-10-27T20:54:08.948+0800: 3.175: [GC (Allocation Failure) 2020-10-27T20:54:08.948+0800: 3.175: [DefNew: 314560K->34943K(314560K), 0.0116773 secs] 640586K->423392K(1013632K), 0.0117320 secs] [Times: user=0.01 sys=0.00, real=0.01 secs] 
2020-10-27T20:54:09.028+0800: 3.255: [GC (Allocation Failure) 2020-10-27T20:54:09.028+0800: 3.255: [DefNew: 314559K->34941K(314560K), 0.0119989 secs] 703008K->484498K(1013632K), 0.0120618 secs] [Times: user=0.00 sys=0.00, real=0.01 secs] 
2020-10-27T20:54:09.105+0800: 3.332: [GC (Allocation Failure) 2020-10-27T20:54:09.105+0800: 3.332: [DefNew: 314557K->34944K(314560K), 0.0124340 secs] 764114K->551784K(1013632K), 0.0124873 secs] [Times: user=0.01 sys=0.00, real=0.01 secs] 
2020-10-27T20:54:09.206+0800: 3.434: [GC (Allocation Failure) 2020-10-27T20:54:09.206+0800: 3.434: [DefNew: 314560K->34939K(314560K), 0.0120380 secs] 831400K->615453K(1013632K), 0.0120959 secs] [Times: user=0.02 sys=0.00, real=0.01 secs] 
2020-10-27T20:54:09.289+0800: 3.516: [GC (Allocation Failure) 2020-10-27T20:54:09.289+0800: 3.516: [DefNew: 314555K->34943K(314560K), 0.0151125 secs] 895069K->681301K(1013632K), 0.0151710 secs] [Times: user=0.02 sys=0.00, real=0.01 secs] 
2020-10-27T20:54:09.379+0800: 3.606: [GC (Allocation Failure) 2020-10-27T20:54:09.379+0800: 3.606: [DefNew: 314559K->314559K(314560K), 0.0000137 secs]2020-10-27T20:54:09.379+0800: 3.606: [Tenured: 646357K->201358K(699072K), 0.0248426 secs] 960917K->201358K(1013632K), [Metaspace: 2700K->2700K(1056768K)], 0.0249235 secs] [Times: user=0.03 sys=0.00, real=0.03 secs] 
2020-10-27T20:54:09.478+0800: 3.705: [GC (Allocation Failure) 2020-10-27T20:54:09.478+0800: 3.705: [DefNew: 279616K->34943K(314560K), 0.0092192 secs] 480974K->276831K(1013632K), 0.0092721 secs] [Times: user=0.02 sys=0.00, real=0.01 secs] 
2020-10-27T20:54:09.557+0800: 3.785: [GC (Allocation Failure) 2020-10-27T20:54:09.557+0800: 3.785: [DefNew: 314559K->34942K(314560K), 0.0127287 secs] 556447K->348833K(1013632K), 0.0127833 secs] [Times: user=0.02 sys=0.00, real=0.01 secs] 
2020-10-27T20:54:09.676+0800: 3.903: [GC (Allocation Failure) 2020-10-27T20:54:09.676+0800: 3.903: [DefNew: 314558K->34943K(314560K), 0.0110981 secs] 628449K->403582K(1013632K), 0.0111470 secs] [Times: user=0.02 sys=0.00, real=0.01 secs] 
2020-10-27T20:54:09.787+0800: 4.014: [GC (Allocation Failure) 2020-10-27T20:54:09.787+0800: 4.014: [DefNew: 314559K->34943K(314560K), 0.0125597 secs] 683198K->469833K(1013632K), 0.0126152 secs] [Times: user=0.02 sys=0.00, real=0.01 secs] 
2020-10-27T20:54:09.881+0800: 4.108: [GC (Allocation Failure) 2020-10-27T20:54:09.881+0800: 4.108: [DefNew: 314559K->34943K(314560K), 0.0117234 secs] 749449K->532089K(1013632K), 0.0117763 secs] [Times: user=0.02 sys=0.00, real=0.01 secs] 
2020-10-27T20:54:09.977+0800: 4.205: [GC (Allocation Failure) 2020-10-27T20:54:09.977+0800: 4.205: [DefNew: 314559K->34943K(314560K), 0.0118343 secs] 811705K->592556K(1013632K), 0.0118891 secs] [Times: user=0.02 sys=0.00, real=0.01 secs] 
2020-10-27T20:54:10.058+0800: 4.286: [GC (Allocation Failure) 2020-10-27T20:54:10.058+0800: 4.286: [DefNew: 314559K->34943K(314560K), 0.0116871 secs] 872172K->651017K(1013632K), 0.0117418 secs] [Times: user=0.02 sys=0.00, real=0.01 secs] 
2020-10-27T20:54:10.157+0800: 4.384: [GC (Allocation Failure) 2020-10-27T20:54:10.157+0800: 4.384: [DefNew: 314559K->34943K(314560K), 0.0198965 secs] 930633K->710135K(1013632K), 0.0199438 secs] [Times: user=0.01 sys=0.00, real=0.02 secs] 
2020-10-27T20:54:10.243+0800: 4.470: [GC (Allocation Failure) 2020-10-27T20:54:10.243+0800: 4.470: [DefNew: 314040K->314040K(314560K), 0.0000134 secs]2020-10-27T20:54:10.243+0800: 4.470: [Tenured: 675191K->210319K(699072K), 0.0241823 secs] 989232K->210319K(1013632K), [Metaspace: 2700K->2700K(1056768K)], 0.0242607 secs] [Times: user=0.03 sys=0.00, real=0.02 secs] 
2020-10-27T20:54:10.340+0800: 4.567: [GC (Allocation Failure) 2020-10-27T20:54:10.340+0800: 4.567: [DefNew: 279616K->34943K(314560K), 0.0094646 secs] 489935K->286720K(1013632K), 0.0095226 secs] [Times: user=0.00 sys=0.00, real=0.01 secs] 
2020-10-27T20:54:10.409+0800: 4.636: [GC (Allocation Failure) 2020-10-27T20:54:10.409+0800: 4.636: [DefNew: 314559K->34944K(314560K), 0.0112197 secs] 566336K->346797K(1013632K), 0.0112724 secs] [Times: user=0.02 sys=0.00, real=0.01 secs] 
2020-10-27T20:54:10.489+0800: 4.716: [GC (Allocation Failure) 2020-10-27T20:54:10.489+0800: 4.716: [DefNew: 314364K->34943K(314560K), 0.0116465 secs] 626217K->408750K(1013632K), 0.0117053 secs] [Times: user=0.01 sys=0.00, real=0.01 secs] 
2020-10-27T20:54:10.564+0800: 4.791: [GC (Allocation Failure) 2020-10-27T20:54:10.564+0800: 4.791: [DefNew: 314559K->34944K(314560K), 0.0123566 secs] 688366K->474803K(1013632K), 0.0124104 secs] [Times: user=0.02 sys=0.00, real=0.01 secs] 
2020-10-27T20:54:10.652+0800: 4.879: [GC (Allocation Failure) 2020-10-27T20:54:10.652+0800: 4.879: [DefNew: 314560K->34943K(314560K), 0.0118629 secs] 754419K->537146K(1013632K), 0.0119174 secs] [Times: user=0.02 sys=0.00, real=0.01 secs] 
2020-10-27T20:54:10.727+0800: 4.954: [GC (Allocation Failure) 2020-10-27T20:54:10.727+0800: 4.955: [DefNew: 314559K->34943K(314560K), 0.0150529 secs] 816762K->603768K(1013632K), 0.0151385 secs] [Times: user=0.02 sys=0.00, real=0.02 secs] 
2020-10-27T20:54:10.820+0800: 5.048: [GC (Allocation Failure) 2020-10-27T20:54:10.820+0800: 5.048: [DefNew: 314559K->34940K(314560K), 0.0123932 secs] 883384K->671553K(1013632K), 0.0124462 secs] [Times: user=0.02 sys=0.00, real=0.01 secs] 
2020-10-27T20:54:10.913+0800: 5.140: [GC (Allocation Failure) 2020-10-27T20:54:10.913+0800: 5.140: [DefNew: 314556K->314556K(314560K), 0.0000129 secs]2020-10-27T20:54:10.913+0800: 5.140: [Tenured: 636613K->217218K(699072K), 0.0228099 secs] 951169K->217218K(1013632K), [Metaspace: 2700K->2700K(1056768K)], 0.0228860 secs] [Times: user=0.03 sys=0.00, real=0.02 secs] 
2020-10-27T20:54:11.008+0800: 5.235: [GC (Allocation Failure) 2020-10-27T20:54:11.008+0800: 5.235: [DefNew: 279616K->34943K(314560K), 0.0096927 secs] 496834K->296567K(1013632K), 0.0097421 secs] [Times: user=0.01 sys=0.00, real=0.01 secs] 
2020-10-27T20:54:11.091+0800: 5.319: [GC (Allocation Failure) 2020-10-27T20:54:11.091+0800: 5.319: [DefNew: 314559K->34943K(314560K), 0.0123595 secs] 576183K->365837K(1013632K), 0.0124101 secs] [Times: user=0.00 sys=0.00, real=0.01 secs] 
2020-10-27T20:54:11.165+0800: 5.393: [GC (Allocation Failure) 2020-10-27T20:54:11.165+0800: 5.393: [DefNew: 314559K->34943K(314560K), 0.0116844 secs] 645453K->427359K(1013632K), 0.0117411 secs] [Times: user=0.02 sys=0.00, real=0.01 secs] 
2020-10-27T20:54:11.251+0800: 5.479: [GC (Allocation Failure) 2020-10-27T20:54:11.251+0800: 5.479: [DefNew: 314559K->34944K(314560K), 0.0117435 secs] 706975K->490460K(1013632K), 0.0117964 secs] [Times: user=0.01 sys=0.00, real=0.01 secs] 
2020-10-27T20:54:11.334+0800: 5.561: [GC (Allocation Failure) 2020-10-27T20:54:11.335+0800: 5.561: [DefNew: 314560K->34941K(314560K), 0.0265107 secs] 770076K->545298K(1013632K), 0.0266602 secs] [Times: user=0.03 sys=0.00, real=0.03 secs] 
2020-10-27T20:54:11.431+0800: 5.659: [GC (Allocation Failure) 2020-10-27T20:54:11.431+0800: 5.659: [DefNew: 314180K->34941K(314560K), 0.0127643 secs] 824537K->615019K(1013632K), 0.0128195 secs] [Times: user=0.02 sys=0.00, real=0.01 secs] 
2020-10-27T20:54:11.519+0800: 5.746: [GC (Allocation Failure) 2020-10-27T20:54:11.519+0800: 5.746: [DefNew: 314557K->34943K(314560K), 0.0125114 secs] 894635K->681635K(1013632K), 0.0125627 secs] [Times: user=0.02 sys=0.00, real=0.01 secs] 
2020-10-27T20:54:11.603+0800: 5.830: [GC (Allocation Failure) 2020-10-27T20:54:11.603+0800: 5.831: [DefNew: 314559K->314559K(314560K), 0.0000127 secs]2020-10-27T20:54:11.603+0800: 5.831: [Tenured: 646691K->233434K(699072K), 0.0264870 secs] 961251K->233434K(1013632K), [Metaspace: 2707K->2707K(1056768K)], 0.0265622 secs] [Times: user=0.03 sys=0.00, real=0.03 secs] 
2020-10-27T20:54:11.707+0800: 5.934: [GC (Allocation Failure) 2020-10-27T20:54:11.707+0800: 5.934: [DefNew: 279616K->34943K(314560K), 0.0092726 secs] 513050K->310295K(1013632K), 0.0093213 secs] [Times: user=0.02 sys=0.00, real=0.01 secs] 
2020-10-27T20:54:11.779+0800: 6.007: [GC (Allocation Failure) 2020-10-27T20:54:11.779+0800: 6.007: [DefNew: 314559K->34943K(314560K), 0.0119983 secs] 589911K->369900K(1013632K), 0.0120492 secs] [Times: user=0.00 sys=0.00, real=0.01 secs] 
2020-10-27T20:54:11.876+0800: 6.103: [GC (Allocation Failure) 2020-10-27T20:54:11.876+0800: 6.103: [DefNew: 314559K->34943K(314560K), 0.0112001 secs] 649516K->428322K(1013632K), 0.0113001 secs] [Times: user=0.02 sys=0.00, real=0.01 secs] 
2020-10-27T20:54:11.965+0800: 6.192: [GC (Allocation Failure) 2020-10-27T20:54:11.965+0800: 6.192: [DefNew: 314559K->34943K(314560K), 0.0117808 secs] 707938K->490258K(1013632K), 0.0118376 secs] [Times: user=0.00 sys=0.00, real=0.01 secs] 
2020-10-27T20:54:12.041+0800: 6.268: [GC (Allocation Failure) 2020-10-27T20:54:12.041+0800: 6.268: [DefNew: 314559K->34942K(314560K), 0.0114692 secs] 769874K->552556K(1013632K), 0.0115223 secs] [Times: user=0.01 sys=0.00, real=0.01 secs] 
2020-10-27T20:54:12.144+0800: 6.372: [GC (Allocation Failure) 2020-10-27T20:54:12.144+0800: 6.372: [DefNew: 314558K->34942K(314560K), 0.0108334 secs] 832172K->606010K(1013632K), 0.0108923 secs] [Times: user=0.02 sys=0.00, real=0.01 secs] 
2020-10-27T20:54:12.246+0800: 6.473: [GC (Allocation Failure) 2020-10-27T20:54:12.246+0800: 6.473: [DefNew: 314558K->34942K(314560K), 0.0124711 secs] 885626K->675235K(1013632K), 0.0125229 secs] [Times: user=0.00 sys=0.00, real=0.01 secs] 
2020-10-27T20:54:12.329+0800: 6.556: [GC (Allocation Failure) 2020-10-27T20:54:12.329+0800: 6.556: [DefNew: 314558K->314558K(314560K), 0.0000134 secs]2020-10-27T20:54:12.329+0800: 6.556: [Tenured: 640292K->189013K(699072K), 0.0232700 secs] 954851K->189013K(1013632K), [Metaspace: 2707K->2707K(1056768K)], 0.0233481 secs] [Times: user=0.02 sys=0.00, real=0.02 secs] 
2020-10-27T20:54:12.419+0800: 6.646: [GC (Allocation Failure) 2020-10-27T20:54:12.419+0800: 6.646: [DefNew: 279616K->34943K(314560K), 0.0092890 secs] 468629K->264555K(1013632K), 0.0093487 secs] [Times: user=0.00 sys=0.00, real=0.01 secs] 
2020-10-27T20:54:12.486+0800: 6.713: [GC (Allocation Failure) 2020-10-27T20:54:12.486+0800: 6.713: [DefNew: 314559K->34943K(314560K), 0.0114130 secs] 544171K->322571K(1013632K), 0.0114614 secs] [Times: user=0.01 sys=0.00, real=0.01 secs] 
2020-10-27T20:54:12.576+0800: 6.803: [GC (Allocation Failure) 2020-10-27T20:54:12.576+0800: 6.803: [DefNew: 314559K->34942K(314560K), 0.0112043 secs] 602187K->382618K(1013632K), 0.0112548 secs] [Times: user=0.00 sys=0.00, real=0.01 secs] 
2020-10-27T20:54:12.668+0800: 6.895: [GC (Allocation Failure) 2020-10-27T20:54:12.668+0800: 6.895: [DefNew: 314558K->34944K(314560K), 0.0123713 secs] 662234K->449331K(1013632K), 0.0124196 secs] [Times: user=0.00 sys=0.00, real=0.01 secs] 
2020-10-27T20:54:12.756+0800: 6.983: [GC (Allocation Failure) 2020-10-27T20:54:12.756+0800: 6.983: [DefNew: 314526K->34943K(314560K), 0.0118850 secs] 728914K->508237K(1013632K), 0.0119313 secs] [Times: user=0.02 sys=0.00, real=0.01 secs] 
2020-10-27T20:54:12.834+0800: 7.061: [GC (Allocation Failure) 2020-10-27T20:54:12.834+0800: 7.061: [DefNew: 314559K->34943K(314560K), 0.0120803 secs] 787853K->569242K(1013632K), 0.0121290 secs] [Times: user=0.02 sys=0.00, real=0.01 secs] 
2020-10-27T20:54:12.917+0800: 7.145: [GC (Allocation Failure) 2020-10-27T20:54:12.917+0800: 7.145: [DefNew: 314559K->34943K(314560K), 0.0119213 secs] 848858K->630493K(1013632K), 0.0119716 secs] [Times: user=0.02 sys=0.00, real=0.01 secs] 
2020-10-27T20:54:13.009+0800: 7.236: [GC (Allocation Failure) 2020-10-27T20:54:13.009+0800: 7.236: [DefNew: 314559K->34942K(314560K), 0.0114863 secs] 910109K->690283K(1013632K), 0.0115353 secs] [Times: user=0.01 sys=0.00, real=0.01 secs] 
2020-10-27T20:54:13.093+0800: 7.320: [GC (Allocation Failure) 2020-10-27T20:54:13.093+0800: 7.320: [DefNew: 314558K->314558K(314560K), 0.0000123 secs]2020-10-27T20:54:13.093+0800: 7.320: [Tenured: 655341K->175297K(699072K), 0.0225974 secs] 969899K->175297K(1013632K), [Metaspace: 2707K->2707K(1056768K)], 0.0226727 secs] [Times: user=0.02 sys=0.00, real=0.02 secs] 
2020-10-27T20:54:13.200+0800: 7.427: [GC (Allocation Failure) 2020-10-27T20:54:13.200+0800: 7.427: [DefNew: 279616K->34944K(314560K), 0.0097918 secs] 454913K->250914K(1013632K), 0.0098468 secs] [Times: user=0.00 sys=0.00, real=0.01 secs] 
2020-10-27T20:54:13.272+0800: 7.500: [GC (Allocation Failure) 2020-10-27T20:54:13.272+0800: 7.500: [DefNew: 314560K->34941K(314560K), 0.0127744 secs] 530530K->314822K(1013632K), 0.0128396 secs] [Times: user=0.02 sys=0.00, real=0.01 secs] 
2020-10-27T20:54:13.348+0800: 7.575: [GC (Allocation Failure) 2020-10-27T20:54:13.348+0800: 7.575: [DefNew: 314496K->34943K(314560K), 0.0132203 secs] 594376K->386836K(1013632K), 0.0132742 secs] [Times: user=0.02 sys=0.00, real=0.01 secs] 
2020-10-27T20:54:13.438+0800: 7.665: [GC (Allocation Failure) 2020-10-27T20:54:13.438+0800: 7.665: [DefNew: 314559K->34943K(314560K), 0.0122123 secs] 666452K->448641K(1013632K), 0.0122700 secs] [Times: user=0.02 sys=0.00, real=0.01 secs] 
2020-10-27T20:54:13.522+0800: 7.749: [GC (Allocation Failure) 2020-10-27T20:54:13.522+0800: 7.749: [DefNew: 314559K->34943K(314560K), 0.0120373 secs] 728257K->509403K(1013632K), 0.0120912 secs] [Times: user=0.01 sys=0.00, real=0.01 secs] 
2020-10-27T20:54:13.610+0800: 7.837: [GC (Allocation Failure) 2020-10-27T20:54:13.610+0800: 7.837: [DefNew: 314559K->34943K(314560K), 0.0204461 secs] 789019K->572015K(1013632K), 0.0205088 secs] [Times: user=0.02 sys=0.00, real=0.02 secs] 
2020-10-27T20:54:13.719+0800: 7.946: [GC (Allocation Failure) 2020-10-27T20:54:13.719+0800: 7.946: [DefNew: 314559K->34942K(314560K), 0.0163569 secs] 851631K->637883K(1013632K), 0.0164166 secs] [Times: user=0.02 sys=0.00, real=0.02 secs] 
2020-10-27T20:54:13.818+0800: 8.046: [GC (Allocation Failure) 2020-10-27T20:54:13.818+0800: 8.046: [DefNew: 314558K->34942K(314560K), 0.0137931 secs] 917499K->702677K(1013632K), 0.0138494 secs] [Times: user=0.02 sys=0.00, real=0.01 secs] 
2020-10-27T20:54:13.910+0800: 8.137: [GC (Allocation Failure) 2020-10-27T20:54:13.910+0800: 8.137: [DefNew: 314558K->314558K(314560K), 0.0000133 secs]2020-10-27T20:54:13.910+0800: 8.137: [Tenured: 667734K->202734K(699072K), 0.0238810 secs] 982293K->202734K(1013632K), [Metaspace: 2707K->2707K(1056768K)], 0.0239560 secs] [Times: user=0.03 sys=0.00, real=0.02 secs] 
2020-10-27T20:54:13.998+0800: 8.225: [GC (Allocation Failure) 2020-10-27T20:54:13.998+0800: 8.225: [DefNew: 279616K->34942K(314560K), 0.0112663 secs] 482350K->278765K(1013632K), 0.0113278 secs] [Times: user=0.00 sys=0.00, real=0.01 secs] 
2020-10-27T20:54:14.081+0800: 8.309: [GC (Allocation Failure) 2020-10-27T20:54:14.081+0800: 8.309: [DefNew: 314558K->34943K(314560K), 0.0133674 secs] 558381K->342036K(1013632K), 0.0134254 secs] [Times: user=0.02 sys=0.00, real=0.01 secs] 
2020-10-27T20:54:14.169+0800: 8.396: [GC (Allocation Failure) 2020-10-27T20:54:14.169+0800: 8.396: [DefNew: 314559K->34943K(314560K), 0.0122915 secs] 621652K->402397K(1013632K), 0.0123500 secs] [Times: user=0.00 sys=0.00, real=0.01 secs] 
2020-10-27T20:54:14.256+0800: 8.483: [GC (Allocation Failure) 2020-10-27T20:54:14.256+0800: 8.483: [DefNew: 314559K->34943K(314560K), 0.0125943 secs] 682013K->464431K(1013632K), 0.0126587 secs] [Times: user=0.02 sys=0.00, real=0.01 secs] 
2020-10-27T20:54:14.333+0800: 8.560: [GC (Allocation Failure) 2020-10-27T20:54:14.333+0800: 8.560: [DefNew: 314559K->34943K(314560K), 0.0132059 secs] 744047K->531257K(1013632K), 0.0132651 secs] [Times: user=0.02 sys=0.00, real=0.01 secs] 
2020-10-27T20:54:14.421+0800: 8.648: [GC (Allocation Failure) 2020-10-27T20:54:14.421+0800: 8.648: [DefNew: 314531K->34943K(314560K), 0.0133665 secs] 810844K->601476K(1013632K), 0.0134225 secs] [Times: user=0.02 sys=0.00, real=0.01 secs] 
2020-10-27T20:54:14.519+0800: 8.746: [GC (Allocation Failure) 2020-10-27T20:54:14.519+0800: 8.746: [DefNew: 314559K->34943K(314560K), 0.0121843 secs] 881092K->657806K(1013632K), 0.0122387 secs] [Times: user=0.01 sys=0.00, real=0.01 secs] 
2020-10-27T20:54:14.612+0800: 8.839: [GC (Allocation Failure) 2020-10-27T20:54:14.612+0800: 8.839: [DefNew: 314559K->314559K(314560K), 0.0000130 secs]2020-10-27T20:54:14.612+0800: 8.839: [Tenured: 622863K->197549K(699072K), 0.0269916 secs] 937422K->197549K(1013632K), [Metaspace: 2707K->2707K(1056768K)], 0.0271033 secs] [Times: user=0.03 sys=0.00, real=0.03 secs] 
2020-10-27T20:54:14.715+0800: 8.942: [GC (Allocation Failure) 2020-10-27T20:54:14.715+0800: 8.942: [DefNew: 279616K->34944K(314560K), 0.0102973 secs] 477165K->272407K(1013632K), 0.0103586 secs] [Times: user=0.00 sys=0.00, real=0.01 secs] 
2020-10-27T20:54:14.782+0800: 9.010: [GC (Allocation Failure) 2020-10-27T20:54:14.782+0800: 9.010: [DefNew: 314560K->34942K(314560K), 0.0148480 secs] 552023K->333452K(1013632K), 0.0148917 secs] [Times: user=0.02 sys=0.00, real=0.01 secs] 
2020-10-27T20:54:14.901+0800: 9.129: [GC (Allocation Failure) 2020-10-27T20:54:14.901+0800: 9.129: [DefNew: 314558K->34940K(314560K), 0.0136302 secs] 613068K->400204K(1013632K), 0.0136748 secs] [Times: user=0.02 sys=0.00, real=0.01 secs] 
2020-10-27T20:54:15.001+0800: 9.228: [GC (Allocation Failure) 2020-10-27T20:54:15.001+0800: 9.228: [DefNew: 314556K->34943K(314560K), 0.0126551 secs] 679820K->462573K(1013632K), 0.0127093 secs] [Times: user=0.01 sys=0.00, real=0.01 secs] 
2020-10-27T20:54:15.090+0800: 9.317: [GC (Allocation Failure) 2020-10-27T20:54:15.090+0800: 9.317: [DefNew: 314559K->34942K(314560K), 0.0121436 secs] 742189K->525252K(1013632K), 0.0121992 secs] [Times: user=0.00 sys=0.00, real=0.01 secs] 
2020-10-27T20:54:15.177+0800: 9.404: [GC (Allocation Failure) 2020-10-27T20:54:15.177+0800: 9.404: [DefNew: 314558K->34943K(314560K), 0.0117425 secs] 804868K->589142K(1013632K), 0.0117990 secs] [Times: user=0.02 sys=0.00, real=0.01 secs] 
2020-10-27T20:54:15.278+0800: 9.505: [GC (Allocation Failure) 2020-10-27T20:54:15.278+0800: 9.505: [DefNew: 314559K->34943K(314560K), 0.0121513 secs] 868758K->652660K(1013632K), 0.0122042 secs] [Times: user=0.00 sys=0.00, real=0.01 secs] 
2020-10-27T20:54:15.374+0800: 9.601: [GC (Allocation Failure) 2020-10-27T20:54:15.374+0800: 9.601: [DefNew: 314559K->314559K(314560K), 0.0000135 secs]2020-10-27T20:54:15.374+0800: 9.601: [Tenured: 617717K->191110K(699072K), 0.0243979 secs] 932276K->191110K(1013632K), [Metaspace: 2707K->2707K(1056768K)], 0.0244784 secs] [Times: user=0.02 sys=0.00, real=0.02 secs] 
2020-10-27T20:54:15.489+0800: 9.716: [GC (Allocation Failure) 2020-10-27T20:54:15.489+0800: 9.716: [DefNew: 279616K->34942K(314560K), 0.0092387 secs] 470726K->266310K(1013632K), 0.0092950 secs] [Times: user=0.02 sys=0.00, real=0.01 secs] 
2020-10-27T20:54:15.580+0800: 9.807: [GC (Allocation Failure) 2020-10-27T20:54:15.580+0800: 9.807: [DefNew: 314537K->34943K(314560K), 0.0140517 secs] 545906K->321742K(1013632K), 0.0140990 secs] [Times: user=0.01 sys=0.00, real=0.01 secs] 
2020-10-27T20:54:15.673+0800: 9.900: [GC (Allocation Failure) 2020-10-27T20:54:15.673+0800: 9.900: [DefNew: 314559K->34943K(314560K), 0.0115665 secs] 601358K->382130K(1013632K), 0.0116092 secs] [Times: user=0.01 sys=0.00, real=0.01 secs] 
2020-10-27T20:54:15.759+0800: 9.986: [GC (Allocation Failure) 2020-10-27T20:54:15.759+0800: 9.986: [DefNew: 314559K->34944K(314560K), 0.0120610 secs] 661746K->441528K(1013632K), 0.0121034 secs] [Times: user=0.02 sys=0.00, real=0.01 secs] 
2020-10-27T20:54:15.838+0800: 10.065: [GC (Allocation Failure) 2020-10-27T20:54:15.838+0800: 10.065: [DefNew: 314560K->34943K(314560K), 0.0126637 secs] 721144K->506353K(1013632K), 0.0127196 secs] [Times: user=0.02 sys=0.00, real=0.01 secs] 
Heap
 def new generation   total 314560K, used 131518K [0x00000000c0000000, 0x00000000d5550000, 0x00000000d5550000)
  eden space 279616K,  34% used [0x00000000c0000000, 0x00000000c5e4fd58, 0x00000000d1110000)
  from space 34944K,  99% used [0x00000000d3330000, 0x00000000d554fe58, 0x00000000d5550000)
  to   space 34944K,   0% used [0x00000000d1110000, 0x00000000d1110000, 0x00000000d3330000)
 tenured generation   total 699072K, used 471410K [0x00000000d5550000, 0x0000000100000000, 0x0000000100000000)
   the space 699072K,  67% used [0x00000000d5550000, 0x00000000f21ac928, 0x00000000f21aca00, 0x0000000100000000)
 Metaspace       used 2714K, capacity 4490K, committed 4864K, reserved 1056768K
  class space    used 291K, capacity 386K, committed 512K, reserved 1048576K
