Java HotSpot(TM) 64-Bit Server VM (25.211-b12) for windows-amd64 JRE (1.8.0_211-b12), built on Apr  1 2019 20:53:26 by "java_re" with MS VC++ 10.0 (VS2010)
Memory: 4k page, physical 16640612k(9353892k free), swap 16640612k(7558252k free)
CommandLine flags: -XX:InitialHeapSize=2147483648 -XX:MaxHeapSize=2147483648 -XX:+PrintGC -XX:+PrintGCDateStamps -XX:+PrintGCDetails -XX:+PrintGCTimeStamps -XX:+UseCompressedClassPointers -XX:+UseCompressedOops -XX:-UseLargePagesIndividualAllocation -XX:+UseParallelGC 
2020-10-27T20:54:57.769+0800: 0.440: [GC (Allocation Failure) [PSYoungGen: 524800K->87020K(611840K)] 524800K->129692K(2010112K), 0.0212443 secs] [Times: user=0.00 sys=0.06, real=0.02 secs] 
2020-10-27T20:54:57.954+0800: 0.625: [GC (Allocation Failure) [PSYoungGen: 611820K->87038K(611840K)] 654492K->186984K(2010112K), 0.0232474 secs] [Times: user=0.03 sys=0.03, real=0.02 secs] 
2020-10-27T20:54:58.119+0800: 0.790: [GC (Allocation Failure) [PSYoungGen: 611838K->87032K(611840K)] 711784K->256685K(2010112K), 0.0278825 secs] [Times: user=0.03 sys=0.03, real=0.03 secs] 
2020-10-27T20:54:58.309+0800: 0.980: [GC (Allocation Failure) [PSYoungGen: 611832K->87024K(611840K)] 781485K->319628K(2010112K), 0.0190636 secs] [Times: user=0.02 sys=0.05, real=0.02 secs] 
2020-10-27T20:54:58.451+0800: 1.123: [GC (Allocation Failure) [PSYoungGen: 611824K->87036K(611840K)] 844428K->375956K(2010112K), 0.0188466 secs] [Times: user=0.02 sys=0.05, real=0.02 secs] 
2020-10-27T20:54:58.603+0800: 1.275: [GC (Allocation Failure) [PSYoungGen: 611836K->87034K(457216K)] 900756K->443756K(1855488K), 0.0231297 secs] [Times: user=0.08 sys=0.05, real=0.02 secs] 
2020-10-27T20:54:58.719+0800: 1.390: [GC (Allocation Failure) [PSYoungGen: 457210K->136471K(534528K)] 813932K->495355K(1932800K), 0.0151231 secs] [Times: user=0.06 sys=0.00, real=0.01 secs] 
2020-10-27T20:54:58.836+0800: 1.508: [GC (Allocation Failure) [PSYoungGen: 506647K->157155K(528896K)] 865531K->518968K(1927168K), 0.0165262 secs] [Times: user=0.06 sys=0.00, real=0.02 secs] 
2020-10-27T20:54:58.957+0800: 1.628: [GC (Allocation Failure) [PSYoungGen: 522211K->166476K(531968K)] 884024K->535721K(1930240K), 0.0177562 secs] [Times: user=0.06 sys=0.00, real=0.02 secs] 
2020-10-27T20:54:59.082+0800: 1.753: [GC (Allocation Failure) [PSYoungGen: 531532K->138699K(521728K)] 900777K->542565K(1920000K), 0.0187065 secs] [Times: user=0.05 sys=0.00, real=0.02 secs] 
2020-10-27T20:54:59.200+0800: 1.871: [GC (Allocation Failure) [PSYoungGen: 493515K->88203K(443392K)] 897381K->559829K(1841664K), 0.0193225 secs] [Times: user=0.05 sys=0.02, real=0.02 secs] 
2020-10-27T20:54:59.340+0800: 2.011: [GC (Allocation Failure) [PSYoungGen: 442551K->92629K(509952K)] 914177K->606583K(1908224K), 0.0158064 secs] [Times: user=0.02 sys=0.02, real=0.02 secs] 
2020-10-27T20:54:59.452+0800: 2.123: [GC (Allocation Failure) [PSYoungGen: 422869K->80683K(411136K)] 936823K->648582K(1809408K), 0.0166314 secs] [Times: user=0.03 sys=0.03, real=0.02 secs] 
2020-10-27T20:54:59.556+0800: 2.228: [GC (Allocation Failure) [PSYoungGen: 410923K->85353K(506368K)] 978822K->695852K(1904640K), 0.0153312 secs] [Times: user=0.06 sys=0.00, real=0.02 secs] 
2020-10-27T20:54:59.675+0800: 2.346: [GC (Allocation Failure) [PSYoungGen: 402281K->82976K(400384K)] 1012780K->742226K(1798656K), 0.0179726 secs] [Times: user=0.03 sys=0.01, real=0.02 secs] 
2020-10-27T20:54:59.771+0800: 2.442: [GC (Allocation Failure) [PSYoungGen: 399904K->84267K(507392K)] 1059154K->786963K(1905664K), 0.0149639 secs] [Times: user=0.03 sys=0.03, real=0.02 secs] 
2020-10-27T20:54:59.874+0800: 2.546: [GC (Allocation Failure) [PSYoungGen: 399659K->82016K(506880K)] 1102355K->834818K(1905152K), 0.0162421 secs] [Times: user=0.06 sys=0.00, real=0.02 secs] 
2020-10-27T20:54:59.964+0800: 2.636: [GC (Allocation Failure) [PSYoungGen: 397408K->79285K(509952K)] 1150210K->880585K(1908224K), 0.0158732 secs] [Times: user=0.11 sys=0.00, real=0.02 secs] 
2020-10-27T20:55:00.070+0800: 2.741: [GC (Allocation Failure) [PSYoungGen: 398773K->86672K(508416K)] 1200073K->930383K(1906688K), 0.0158020 secs] [Times: user=0.05 sys=0.02, real=0.02 secs] 
2020-10-27T20:55:00.181+0800: 2.852: [GC (Allocation Failure) [PSYoungGen: 406160K->90441K(518144K)] 1249871K->976959K(1916416K), 0.0169699 secs] [Times: user=0.06 sys=0.00, real=0.02 secs] 
2020-10-27T20:55:00.303+0800: 2.975: [GC (Allocation Failure) [PSYoungGen: 423241K->85492K(513536K)] 1309759K->1017389K(1911808K), 0.0163480 secs] [Times: user=0.02 sys=0.05, real=0.02 secs] 
2020-10-27T20:55:00.414+0800: 3.085: [GC (Allocation Failure) [PSYoungGen: 418292K->88099K(525824K)] 1350189K->1063880K(1924096K), 0.0158630 secs] [Times: user=0.05 sys=0.02, real=0.02 secs] 
2020-10-27T20:55:00.512+0800: 3.183: [GC (Allocation Failure) [PSYoungGen: 436771K->88103K(521728K)] 1412552K->1108549K(1920000K), 0.0163952 secs] [Times: user=0.05 sys=0.01, real=0.02 secs] 
2020-10-27T20:55:00.626+0800: 3.298: [GC (Allocation Failure) [PSYoungGen: 436775K->92519K(535552K)] 1457221K->1155893K(1933824K), 0.0162508 secs] [Times: user=0.05 sys=0.02, real=0.02 secs] 
2020-10-27T20:55:00.760+0800: 3.432: [GC (Allocation Failure) [PSYoungGen: 459623K->99642K(530432K)] 1522997K->1210780K(1928704K), 0.0174021 secs] [Times: user=0.11 sys=0.01, real=0.02 secs] 
2020-10-27T20:55:00.874+0800: 3.545: [GC (Allocation Failure) [PSYoungGen: 466746K->90329K(545280K)] 1577884K->1253245K(1943552K), 0.0174502 secs] [Times: user=0.05 sys=0.02, real=0.02 secs] 
2020-10-27T20:55:01.006+0800: 3.678: [GC (Allocation Failure) [PSYoungGen: 478425K->96197K(541696K)] 1641341K->1302437K(1939968K), 0.0169028 secs] [Times: user=0.06 sys=0.00, real=0.02 secs] 
2020-10-27T20:55:01.142+0800: 3.814: [GC (Allocation Failure) [PSYoungGen: 484293K->98489K(555008K)] 1690533K->1348447K(1953280K), 0.0172075 secs] [Times: user=0.05 sys=0.02, real=0.02 secs] 
2020-10-27T20:55:01.258+0800: 3.929: [GC (Allocation Failure) [PSYoungGen: 505017K->102133K(550400K)] 1754975K->1402688K(1948672K), 0.0182892 secs] [Times: user=0.05 sys=0.02, real=0.02 secs] 
2020-10-27T20:55:01.388+0800: 4.060: [GC (Allocation Failure) [PSYoungGen: 508661K->113866K(555520K)] 1809216K->1458861K(1953792K), 0.0190902 secs] [Times: user=0.05 sys=0.02, real=0.02 secs] 
2020-10-27T20:55:01.408+0800: 4.080: [Full GC (Ergonomics) [PSYoungGen: 113866K->0K(555520K)] [ParOldGen: 1344994K->204496K(1398272K)] 1458861K->204496K(1953792K), [Metaspace: 2700K->2700K(1056768K)], 0.0387085 secs] [Times: user=0.13 sys=0.00, real=0.04 secs] 
2020-10-27T20:55:01.553+0800: 4.224: [GC (Allocation Failure) [PSYoungGen: 415232K->105114K(557056K)] 619728K->309611K(1955328K), 0.0115176 secs] [Times: user=0.05 sys=0.00, real=0.01 secs] 
2020-10-27T20:55:01.662+0800: 4.333: [GC (Allocation Failure) [PSYoungGen: 520346K->102243K(563200K)] 724843K->355497K(1961472K), 0.0162044 secs] [Times: user=0.06 sys=0.00, real=0.02 secs] 
2020-10-27T20:55:01.778+0800: 4.450: [GC (Allocation Failure) [PSYoungGen: 526046K->99247K(559616K)] 779301K->403497K(1957888K), 0.0164954 secs] [Times: user=0.06 sys=0.00, real=0.02 secs] 
2020-10-27T20:55:01.908+0800: 4.580: [GC (Allocation Failure) [PSYoungGen: 523183K->99039K(568832K)] 827433K->454333K(1967104K), 0.0172969 secs] [Times: user=0.06 sys=0.00, real=0.02 secs] 
2020-10-27T20:55:02.036+0800: 4.707: [GC (Allocation Failure) [PSYoungGen: 535263K->107603K(566272K)] 890557K->505678K(1964544K), 0.0163687 secs] [Times: user=0.06 sys=0.00, real=0.02 secs] 
2020-10-27T20:55:02.176+0800: 4.848: [GC (Allocation Failure) [PSYoungGen: 543827K->99638K(571904K)] 941902K->544020K(1970176K), 0.0160967 secs] [Times: user=0.05 sys=0.00, real=0.02 secs] 
2020-10-27T20:55:02.290+0800: 4.962: [GC (Allocation Failure) [PSYoungGen: 542006K->100535K(569344K)] 986388K->588670K(1967616K), 0.0154519 secs] [Times: user=0.06 sys=0.00, real=0.02 secs] 
2020-10-27T20:55:02.424+0800: 5.095: [GC (Allocation Failure) [PSYoungGen: 542903K->105323K(574976K)] 1031038K->641505K(1973248K), 0.0165757 secs] [Times: user=0.06 sys=0.00, real=0.02 secs] 
2020-10-27T20:55:02.559+0800: 5.231: [GC (Allocation Failure) [PSYoungGen: 555371K->112742K(563200K)] 1091553K->694073K(1961472K), 0.0170250 secs] [Times: user=0.06 sys=0.00, real=0.02 secs] 
2020-10-27T20:55:02.724+0800: 5.395: [GC (Allocation Failure) [PSYoungGen: 562790K->105552K(574464K)] 1144121K->731723K(1972736K), 0.0202448 secs] [Times: user=0.06 sys=0.00, real=0.02 secs] 
2020-10-27T20:55:02.876+0800: 5.548: [GC (Allocation Failure) [PSYoungGen: 554064K->111720K(572928K)] 1180235K->784994K(1971200K), 0.0173267 secs] [Times: user=0.06 sys=0.00, real=0.02 secs] 
2020-10-27T20:55:03.001+0800: 5.672: [GC (Allocation Failure) [PSYoungGen: 560232K->109860K(573440K)] 1233506K->830047K(1971712K), 0.0167941 secs] [Times: user=0.06 sys=0.00, real=0.02 secs] 
2020-10-27T20:55:03.118+0800: 5.789: [GC (Allocation Failure) [PSYoungGen: 557860K->110148K(573440K)] 1278047K->873462K(1971712K), 0.0164911 secs] [Times: user=0.06 sys=0.00, real=0.02 secs] 
2020-10-27T20:55:03.274+0800: 5.945: [GC (Allocation Failure) [PSYoungGen: 558148K->109518K(573440K)] 1321462K->921516K(1971712K), 0.0176227 secs] [Times: user=0.06 sys=0.00, real=0.02 secs] 
2020-10-27T20:55:03.412+0800: 6.083: [GC (Allocation Failure) [PSYoungGen: 557518K->113169K(561664K)] 1369516K->972596K(1959936K), 0.0175094 secs] [Times: user=0.06 sys=0.00, real=0.02 secs] 
2020-10-27T20:55:03.557+0800: 6.229: [GC (Allocation Failure) [PSYoungGen: 561169K->114701K(569856K)] 1420596K->1017857K(1968128K), 0.0175523 secs] [Times: user=0.13 sys=0.00, real=0.02 secs] 
2020-10-27T20:55:03.711+0800: 6.383: [GC (Allocation Failure) [PSYoungGen: 558605K->100659K(571392K)] 1461761K->1053303K(1969664K), 0.0169328 secs] [Times: user=0.06 sys=0.00, real=0.02 secs] 
2020-10-27T20:55:03.836+0800: 6.508: [GC (Allocation Failure) [PSYoungGen: 544563K->114106K(571392K)] 1497207K->1107640K(1969664K), 0.0172082 secs] [Times: user=0.06 sys=0.00, real=0.02 secs] 
2020-10-27T20:55:03.979+0800: 6.650: [GC (Allocation Failure) [PSYoungGen: 559034K->101521K(571904K)] 1552568K->1140563K(1970176K), 0.0165175 secs] [Times: user=0.06 sys=0.00, real=0.02 secs] 
2020-10-27T20:55:04.102+0800: 6.773: [GC (Allocation Failure) [PSYoungGen: 546449K->100022K(573440K)] 1585491K->1189771K(1971712K), 0.0176059 secs] [Times: user=0.06 sys=0.00, real=0.02 secs] 
2020-10-27T20:55:04.226+0800: 6.897: [GC (Allocation Failure) [PSYoungGen: 546998K->101444K(572416K)] 1636747K->1231111K(1970688K), 0.0162416 secs] [Times: user=0.06 sys=0.00, real=0.02 secs] 
2020-10-27T20:55:04.361+0800: 7.032: [GC (Allocation Failure) [PSYoungGen: 548420K->107434K(575488K)] 1678087K->1282991K(1973760K), 0.0172264 secs] [Times: user=0.06 sys=0.00, real=0.02 secs] 
2020-10-27T20:55:04.481+0800: 7.152: [GC (Allocation Failure) [PSYoungGen: 558506K->107250K(574464K)] 1734063K->1328271K(1972736K), 0.0182161 secs] [Times: user=0.06 sys=0.00, real=0.02 secs] 
2020-10-27T20:55:04.617+0800: 7.288: [GC (Allocation Failure) [PSYoungGen: 558322K->118972K(569856K)] 1779343K->1386214K(1968128K), 0.0182835 secs] [Times: user=0.06 sys=0.00, real=0.02 secs] 
2020-10-27T20:55:04.761+0800: 7.433: [GC (Allocation Failure) [PSYoungGen: 566972K->115682K(563712K)] 1834214K->1434130K(1961984K), 0.0194313 secs] [Times: user=0.06 sys=0.00, real=0.02 secs] 
2020-10-27T20:55:04.912+0800: 7.584: [GC (Allocation Failure) [PSYoungGen: 563204K->98812K(572416K)] 1881653K->1461752K(1970688K), 0.0173937 secs] [Times: user=0.05 sys=0.00, real=0.02 secs] 
2020-10-27T20:55:04.930+0800: 7.601: [Full GC (Ergonomics) [PSYoungGen: 98812K->0K(572416K)] [ParOldGen: 1362939K->180647K(1398272K)] 1461752K->180647K(1970688K), [Metaspace: 2707K->2707K(1056768K)], 0.0237286 secs] [Times: user=0.08 sys=0.00, real=0.02 secs] 
2020-10-27T20:55:05.066+0800: 7.738: [GC (Allocation Failure) [PSYoungGen: 445952K->117069K(563200K)] 626599K->297716K(1961472K), 0.0131446 secs] [Times: user=0.06 sys=0.00, real=0.01 secs] 
2020-10-27T20:55:05.220+0800: 7.892: [GC (Allocation Failure) [PSYoungGen: 563021K->100910K(571392K)] 743668K->332480K(1969664K), 0.0161017 secs] [Times: user=0.06 sys=0.00, real=0.02 secs] 
2020-10-27T20:55:05.343+0800: 8.014: [GC (Allocation Failure) [PSYoungGen: 544302K->110496K(570880K)] 775872K->390708K(1969152K), 0.0173231 secs] [Times: user=0.06 sys=0.00, real=0.02 secs] 
2020-10-27T20:55:05.494+0800: 8.166: [GC (Allocation Failure) [PSYoungGen: 553888K->102843K(573440K)] 834100K->433059K(1971712K), 0.0163096 secs] [Times: user=0.06 sys=0.00, real=0.02 secs] 
2020-10-27T20:55:05.625+0800: 8.296: [GC (Allocation Failure) [PSYoungGen: 549344K->108031K(572416K)] 879560K->485427K(1970688K), 0.0168173 secs] [Times: user=0.06 sys=0.00, real=0.02 secs] 
2020-10-27T20:55:05.763+0800: 8.434: [GC (Allocation Failure) [PSYoungGen: 555007K->112697K(573952K)] 932403K->537724K(1972224K), 0.0180380 secs] [Times: user=0.06 sys=0.00, real=0.02 secs] 
2020-10-27T20:55:05.909+0800: 8.581: [GC (Allocation Failure) [PSYoungGen: 562745K->100446K(574464K)] 987772K->572385K(1972736K), 0.0154253 secs] [Times: user=0.05 sys=0.00, real=0.02 secs] 
2020-10-27T20:55:06.032+0800: 8.703: [GC (Allocation Failure) [PSYoungGen: 550494K->113970K(572928K)] 1022433K->629122K(1971200K), 0.0214915 secs] [Times: user=0.06 sys=0.00, real=0.02 secs] 
2020-10-27T20:55:06.169+0800: 8.840: [GC (Allocation Failure) [PSYoungGen: 562994K->106018K(573952K)] 1078146K->669978K(1972224K), 0.0170328 secs] [Times: user=0.06 sys=0.00, real=0.02 secs] 
2020-10-27T20:55:06.319+0800: 8.991: [GC (Allocation Failure) [PSYoungGen: 555042K->100903K(576000K)] 1119002K->710536K(1974272K), 0.0155431 secs] [Times: user=0.06 sys=0.00, real=0.02 secs] 
2020-10-27T20:55:06.448+0800: 9.119: [GC (Allocation Failure) [PSYoungGen: 553511K->106878K(575488K)] 1163144K->763469K(1973760K), 0.0170801 secs] [Times: user=0.06 sys=0.00, real=0.02 secs] 
2020-10-27T20:55:06.578+0800: 9.250: [GC (Allocation Failure) [PSYoungGen: 559486K->102934K(578048K)] 1216077K->806307K(1976320K), 0.0176776 secs] [Times: user=0.06 sys=0.00, real=0.02 secs] 
2020-10-27T20:55:06.726+0800: 9.398: [GC (Allocation Failure) [PSYoungGen: 559638K->112589K(577536K)] 1263011K->855617K(1975808K), 0.0166663 secs] [Times: user=0.06 sys=0.00, real=0.02 secs] 
2020-10-27T20:55:06.862+0800: 9.534: [GC (Allocation Failure) [PSYoungGen: 569293K->111984K(576512K)] 1312321K->899958K(1974784K), 0.0170786 secs] [Times: user=0.06 sys=0.00, real=0.02 secs] 
2020-10-27T20:55:07.005+0800: 9.677: [GC (Allocation Failure) [PSYoungGen: 567152K->113376K(568832K)] 1355126K->946002K(1967104K), 0.0216988 secs] [Times: user=0.06 sys=0.00, real=0.02 secs] 
2020-10-27T20:55:07.172+0800: 9.844: [GC (Allocation Failure) [PSYoungGen: 568544K->103316K(577024K)] 1401170K->981898K(1975296K), 0.0165062 secs] [Times: user=0.06 sys=0.00, real=0.02 secs] 
2020-10-27T20:55:07.295+0800: 9.966: [GC (Allocation Failure) [PSYoungGen: 557460K->107778K(576000K)] 1436042K->1035503K(1974272K), 0.0173720 secs] [Times: user=0.06 sys=0.00, real=0.02 secs] 
2020-10-27T20:55:07.430+0800: 10.101: [GC (Allocation Failure) [PSYoungGen: 561922K->108254K(579072K)] 1489647K->1084875K(1977344K), 0.0171836 secs] [Times: user=0.06 sys=0.00, real=0.02 secs] 
Heap
 PSYoungGen      total 579072K, used 126815K [0x00000000d5580000, 0x0000000100000000, 0x0000000100000000)
  eden space 458240K, 4% used [0x00000000d5580000,0x00000000d67a04d0,0x00000000f1500000)
  from space 120832K, 89% used [0x00000000f8a00000,0x00000000ff3b79a0,0x0000000100000000)
  to   space 119808K, 0% used [0x00000000f1500000,0x00000000f1500000,0x00000000f8a00000)
 ParOldGen       total 1398272K, used 976620K [0x0000000080000000, 0x00000000d5580000, 0x00000000d5580000)
  object space 1398272K, 69% used [0x0000000080000000,0x00000000bb9bb2a0,0x00000000d5580000)
 Metaspace       used 2714K, capacity 4490K, committed 4864K, reserved 1056768K
  class space    used 291K, capacity 386K, committed 512K, reserved 1048576K
