Java HotSpot(TM) 64-Bit Server VM (25.211-b12) for windows-amd64 JRE (1.8.0_211-b12), built on Apr  1 2019 20:53:26 by "java_re" with MS VC++ 10.0 (VS2010)
Memory: 4k page, physical 16640612k(9338892k free), swap 16640612k(7538120k free)
CommandLine flags: -XX:InitialHeapSize=2147483648 -XX:MaxGCPauseMillis=10 -XX:MaxHeapSize=2147483648 -XX:+PrintGC -XX:+PrintGCDateStamps -XX:+PrintGCTimeStamps -XX:+UseCompressedClassPointers -XX:+UseCompressedOops -XX:+UseG1GC -XX:-UseLargePagesIndividualAllocation 
2020-10-27T20:55:18.258+0800: 0.234: [GC pause (G1 Evacuation Pause) (young) 135M->46M(2048M), 0.0053052 secs]
2020-10-27T20:55:18.304+0800: 0.279: [GC pause (G1 Evacuation Pause) (young) 153M->76M(2048M), 0.0051026 secs]
2020-10-27T20:55:18.346+0800: 0.321: [GC pause (G1 Evacuation Pause) (young) 190M->109M(2048M), 0.0050889 secs]
2020-10-27T20:55:18.381+0800: 0.356: [GC pause (G1 Evacuation Pause) (young) 216M->139M(2048M), 0.0053719 secs]
2020-10-27T20:55:18.422+0800: 0.397: [GC pause (G1 Evacuation Pause) (young) 252M->168M(2048M), 0.0055960 secs]
2020-10-27T20:55:18.468+0800: 0.443: [GC pause (G1 Evacuation Pause) (young) 289M->202M(2048M), 0.0064779 secs]
2020-10-27T20:55:18.507+0800: 0.481: [GC pause (G1 Evacuation Pause) (young) 311M->227M(2048M), 0.0050391 secs]
2020-10-27T20:55:18.538+0800: 0.514: [GC pause (G1 Evacuation Pause) (young) 336M->250M(2048M), 0.0055766 secs]
2020-10-27T20:55:18.582+0800: 0.557: [GC pause (G1 Evacuation Pause) (young) 368M->288M(2048M), 0.0058143 secs]
2020-10-27T20:55:18.613+0800: 0.588: [GC pause (G1 Evacuation Pause) (young) 394M->310M(2048M), 0.0051187 secs]
2020-10-27T20:55:18.651+0800: 0.626: [GC pause (G1 Evacuation Pause) (young) 422M->335M(2048M), 0.0050969 secs]
2020-10-27T20:55:18.683+0800: 0.658: [GC pause (G1 Evacuation Pause) (young) 447M->362M(2048M), 0.0057616 secs]
2020-10-27T20:55:18.727+0800: 0.702: [GC pause (G1 Evacuation Pause) (young) 477M->390M(2048M), 0.0049636 secs]
2020-10-27T20:55:18.770+0800: 0.745: [GC pause (G1 Evacuation Pause) (young) 502M->411M(2048M), 0.0047968 secs]
2020-10-27T20:55:18.806+0800: 0.781: [GC pause (G1 Evacuation Pause) (young) 525M->439M(2048M), 0.0056344 secs]
2020-10-27T20:55:18.856+0800: 0.831: [GC pause (G1 Evacuation Pause) (young) 544M->464M(2048M), 0.0053692 secs]
2020-10-27T20:55:18.888+0800: 0.863: [GC pause (G1 Evacuation Pause) (young) 580M->494M(2048M), 0.0057323 secs]
2020-10-27T20:55:18.939+0800: 0.914: [GC pause (G1 Evacuation Pause) (young) 605M->521M(2048M), 0.0058475 secs]
2020-10-27T20:55:18.973+0800: 0.948: [GC pause (G1 Evacuation Pause) (young) 638M->550M(2048M), 0.0054891 secs]
2020-10-27T20:55:19.020+0800: 0.995: [GC pause (G1 Evacuation Pause) (young) 656M->575M(2048M), 0.0055342 secs]
2020-10-27T20:55:19.062+0800: 1.038: [GC pause (G1 Evacuation Pause) (young) 688M->602M(2048M), 0.0094773 secs]
2020-10-27T20:55:19.114+0800: 1.089: [GC pause (G1 Evacuation Pause) (young) 713M->632M(2048M), 0.0059296 secs]
2020-10-27T20:55:19.158+0800: 1.133: [GC pause (G1 Evacuation Pause) (young) 755M->670M(2048M), 0.0064164 secs]
2020-10-27T20:55:19.190+0800: 1.164: [GC pause (G1 Evacuation Pause) (young) 779M->686M(2048M), 0.0048004 secs]
2020-10-27T20:55:19.227+0800: 1.202: [GC pause (G1 Evacuation Pause) (young) 793M->710M(2048M), 0.0056338 secs]
2020-10-27T20:55:19.270+0800: 1.246: [GC pause (G1 Evacuation Pause) (young) 825M->735M(2048M), 0.0056837 secs]
2020-10-27T20:55:19.308+0800: 1.283: [GC pause (G1 Evacuation Pause) (young) 848M->755M(2048M), 0.0061863 secs]
2020-10-27T20:55:19.341+0800: 1.317: [GC pause (G1 Evacuation Pause) (young) 863M->776M(2048M), 0.0054170 secs]
2020-10-27T20:55:19.377+0800: 1.352: [GC pause (G1 Evacuation Pause) (young) 887M->803M(2048M), 0.0058398 secs]
2020-10-27T20:55:19.417+0800: 1.392: [GC pause (G1 Evacuation Pause) (young) 922M->830M(2048M), 0.0063891 secs]
2020-10-27T20:55:19.456+0800: 1.432: [GC pause (G1 Evacuation Pause) (young) 941M->856M(2048M), 0.0059966 secs]
2020-10-27T20:55:19.496+0800: 1.471: [GC pause (G1 Evacuation Pause) (young) 968M->880M(2048M), 0.0063487 secs]
2020-10-27T20:55:19.520+0800: 1.495: [GC pause (G1 Humongous Allocation) (young) (initial-mark) 964M->899M(2048M), 0.0047143 secs]
2020-10-27T20:55:19.524+0800: 1.499: [GC concurrent-root-region-scan-start]
2020-10-27T20:55:19.525+0800: 1.500: [GC concurrent-root-region-scan-end, 0.0001325 secs]
2020-10-27T20:55:19.525+0800: 1.500: [GC concurrent-mark-start]
2020-10-27T20:55:19.530+0800: 1.505: [GC concurrent-mark-end, 0.0054850 secs]
2020-10-27T20:55:19.530+0800: 1.505: [GC remark, 0.0011422 secs]
2020-10-27T20:55:19.532+0800: 1.506: [GC cleanup 931M->417M(2048M), 0.0007972 secs]
2020-10-27T20:55:19.532+0800: 1.507: [GC concurrent-cleanup-start]
2020-10-27T20:55:19.533+0800: 1.508: [GC concurrent-cleanup-end, 0.0003714 secs]
2020-10-27T20:55:19.552+0800: 1.527: [GC pause (G1 Evacuation Pause) (young) 499M->408M(2048M), 0.0050090 secs]
2020-10-27T20:55:19.598+0800: 1.573: [GC pause (G1 Evacuation Pause) (mixed) 522M->399M(2048M), 0.0056865 secs]
2020-10-27T20:55:19.632+0800: 1.606: [GC pause (G1 Evacuation Pause) (mixed) 512M->390M(2048M), 0.0056209 secs]
2020-10-27T20:55:19.669+0800: 1.644: [GC pause (G1 Evacuation Pause) (mixed) 505M->386M(2048M), 0.0054306 secs]
2020-10-27T20:55:19.704+0800: 1.680: [GC pause (G1 Evacuation Pause) (mixed) 504M->416M(2048M), 0.0053619 secs]
2020-10-27T20:55:19.738+0800: 1.713: [GC pause (G1 Evacuation Pause) (young) 528M->448M(2048M), 0.0055807 secs]
2020-10-27T20:55:19.767+0800: 1.742: [GC pause (G1 Evacuation Pause) (young) 561M->474M(2048M), 0.0054558 secs]
2020-10-27T20:55:19.814+0800: 1.789: [GC pause (G1 Evacuation Pause) (young) 589M->504M(2048M), 0.0050491 secs]
2020-10-27T20:55:19.837+0800: 1.812: [GC pause (G1 Evacuation Pause) (young) 611M->532M(2048M), 0.0052986 secs]
2020-10-27T20:55:19.872+0800: 1.847: [GC pause (G1 Evacuation Pause) (young) 643M->563M(2048M), 0.0052839 secs]
2020-10-27T20:55:19.907+0800: 1.882: [GC pause (G1 Evacuation Pause) (young) 671M->585M(2048M), 0.0048647 secs]
2020-10-27T20:55:19.952+0800: 1.927: [GC pause (G1 Evacuation Pause) (young) 700M->612M(2048M), 0.0053970 secs]
2020-10-27T20:55:20.002+0800: 1.977: [GC pause (G1 Evacuation Pause) (young) 731M->634M(2048M), 0.0048046 secs]
2020-10-27T20:55:20.032+0800: 2.007: [GC pause (G1 Evacuation Pause) (young) 743M->655M(2048M), 0.0049030 secs]
2020-10-27T20:55:20.078+0800: 2.053: [GC pause (G1 Evacuation Pause) (young) 765M->681M(2048M), 0.0056793 secs]
2020-10-27T20:55:20.112+0800: 2.087: [GC pause (G1 Evacuation Pause) (young) 792M->709M(2048M), 0.0048097 secs]
2020-10-27T20:55:20.147+0800: 2.122: [GC pause (G1 Evacuation Pause) (young) 825M->733M(2048M), 0.0055537 secs]
2020-10-27T20:55:20.177+0800: 2.152: [GC pause (G1 Evacuation Pause) (young) 846M->759M(2048M), 0.0052118 secs]
2020-10-27T20:55:20.203+0800: 2.178: [GC pause (G1 Evacuation Pause) (young) 872M->786M(2048M), 0.0052637 secs]
2020-10-27T20:55:20.249+0800: 2.224: [GC pause (G1 Evacuation Pause) (young) 909M->813M(2048M), 0.0049274 secs]
2020-10-27T20:55:20.292+0800: 2.267: [GC pause (G1 Evacuation Pause) (young) 933M->849M(2048M), 0.0053487 secs]
2020-10-27T20:55:20.324+0800: 2.299: [GC pause (G1 Evacuation Pause) (young) 968M->876M(2048M), 0.0049011 secs]
2020-10-27T20:55:20.345+0800: 2.320: [GC pause (G1 Humongous Allocation) (young) (initial-mark) 942M->885M(2048M), 0.0041337 secs]
2020-10-27T20:55:20.349+0800: 2.324: [GC concurrent-root-region-scan-start]
2020-10-27T20:55:20.349+0800: 2.324: [GC concurrent-root-region-scan-end, 0.0000951 secs]
2020-10-27T20:55:20.349+0800: 2.324: [GC concurrent-mark-start]
2020-10-27T20:55:20.353+0800: 2.328: [GC concurrent-mark-end, 0.0039189 secs]
2020-10-27T20:55:20.353+0800: 2.328: [GC remark, 0.0010176 secs]
2020-10-27T20:55:20.354+0800: 2.329: [GC cleanup 899M->411M(2048M), 0.0007187 secs]
2020-10-27T20:55:20.355+0800: 2.330: [GC concurrent-cleanup-start]
2020-10-27T20:55:20.355+0800: 2.330: [GC concurrent-cleanup-end, 0.0003489 secs]
2020-10-27T20:55:20.377+0800: 2.352: [GC pause (G1 Evacuation Pause) (young) 502M->412M(2048M), 0.0048514 secs]
2020-10-27T20:55:20.410+0800: 2.386: [GC pause (G1 Evacuation Pause) (mixed) 522M->400M(2048M), 0.0049632 secs]
2020-10-27T20:55:20.442+0800: 2.417: [GC pause (G1 Evacuation Pause) (mixed) 513M->388M(2048M), 0.0059359 secs]
2020-10-27T20:55:20.489+0800: 2.464: [GC pause (G1 Evacuation Pause) (mixed) 503M->376M(2048M), 0.0051886 secs]
2020-10-27T20:55:20.523+0800: 2.498: [GC pause (G1 Evacuation Pause) (mixed) 486M->395M(2048M), 0.0052493 secs]
2020-10-27T20:55:20.557+0800: 2.532: [GC pause (G1 Evacuation Pause) (young) 514M->424M(2048M), 0.0054884 secs]
2020-10-27T20:55:20.600+0800: 2.575: [GC pause (G1 Evacuation Pause) (young) 533M->454M(2048M), 0.0053512 secs]
2020-10-27T20:55:20.636+0800: 2.611: [GC pause (G1 Evacuation Pause) (young) 567M->477M(2048M), 0.0052551 secs]
2020-10-27T20:55:20.668+0800: 2.643: [GC pause (G1 Evacuation Pause) (young) 590M->506M(2048M), 0.0054651 secs]
2020-10-27T20:55:20.702+0800: 2.677: [GC pause (G1 Evacuation Pause) (young) 621M->537M(2048M), 0.0047985 secs]
2020-10-27T20:55:20.735+0800: 2.710: [GC pause (G1 Evacuation Pause) (young) 653M->568M(2048M), 0.0049028 secs]
2020-10-27T20:55:20.765+0800: 2.740: [GC pause (G1 Evacuation Pause) (young) 688M->592M(2048M), 0.0048550 secs]
2020-10-27T20:55:20.789+0800: 2.765: [GC pause (G1 Evacuation Pause) (young) 709M->617M(2048M), 0.0053969 secs]
2020-10-27T20:55:20.822+0800: 2.798: [GC pause (G1 Evacuation Pause) (young) 729M->639M(2048M), 0.0049383 secs]
2020-10-27T20:55:20.852+0800: 2.827: [GC pause (G1 Evacuation Pause) (young) 752M->664M(2048M), 0.0053759 secs]
2020-10-27T20:55:20.896+0800: 2.871: [GC pause (G1 Evacuation Pause) (young) 772M->688M(2048M), 0.0053907 secs]
2020-10-27T20:55:20.931+0800: 2.906: [GC pause (G1 Evacuation Pause) (young) 798M->717M(2048M), 0.0048404 secs]
2020-10-27T20:55:20.967+0800: 2.942: [GC pause (G1 Evacuation Pause) (young) 830M->736M(2048M), 0.0047125 secs]
2020-10-27T20:55:20.996+0800: 2.971: [GC pause (G1 Evacuation Pause) (young) 847M->757M(2048M), 0.0055657 secs]
2020-10-27T20:55:21.052+0800: 3.026: [GC pause (G1 Evacuation Pause) (young) 863M->784M(2048M), 0.0053756 secs]
2020-10-27T20:55:21.077+0800: 3.052: [GC pause (G1 Evacuation Pause) (young) 894M->806M(2048M), 0.0053580 secs]
2020-10-27T20:55:21.109+0800: 3.083: [GC pause (G1 Evacuation Pause) (young) 915M->832M(2048M), 0.0052088 secs]
2020-10-27T20:55:21.149+0800: 3.124: [GC pause (G1 Evacuation Pause) (young) 939M->856M(2048M), 0.0050626 secs]
2020-10-27T20:55:21.182+0800: 3.157: [GC pause (G1 Evacuation Pause) (young) 965M->883M(2048M), 0.0046649 secs]
2020-10-27T20:55:21.202+0800: 3.177: [GC pause (G1 Humongous Allocation) (young) (initial-mark) 954M->897M(2048M), 0.0043551 secs]
2020-10-27T20:55:21.206+0800: 3.182: [GC concurrent-root-region-scan-start]
2020-10-27T20:55:21.206+0800: 3.182: [GC concurrent-root-region-scan-end, 0.0000759 secs]
2020-10-27T20:55:21.206+0800: 3.182: [GC concurrent-mark-start]
2020-10-27T20:55:21.210+0800: 3.186: [GC concurrent-mark-end, 0.0039405 secs]
2020-10-27T20:55:21.210+0800: 3.186: [GC remark, 0.0010632 secs]
2020-10-27T20:55:21.211+0800: 3.187: [GC cleanup 912M->385M(2048M), 0.0006922 secs]
2020-10-27T20:55:21.212+0800: 3.188: [GC concurrent-cleanup-start]
2020-10-27T20:55:21.213+0800: 3.188: [GC concurrent-cleanup-end, 0.0004558 secs]
2020-10-27T20:55:21.252+0800: 3.228: [GC pause (G1 Evacuation Pause) (young) 507M->406M(2048M), 0.0057200 secs]
2020-10-27T20:55:21.285+0800: 3.260: [GC pause (G1 Evacuation Pause) (mixed) 516M->399M(2048M), 0.0055496 secs]
2020-10-27T20:55:21.316+0800: 3.291: [GC pause (G1 Evacuation Pause) (mixed) 511M->394M(2048M), 0.0056762 secs]
2020-10-27T20:55:21.351+0800: 3.326: [GC pause (G1 Evacuation Pause) (mixed) 506M->399M(2048M), 0.0054114 secs]
2020-10-27T20:55:21.379+0800: 3.354: [GC pause (G1 Evacuation Pause) (young) 514M->430M(2048M), 0.0055098 secs]
2020-10-27T20:55:21.410+0800: 3.385: [GC pause (G1 Evacuation Pause) (young) 538M->451M(2048M), 0.0047065 secs]
2020-10-27T20:55:21.445+0800: 3.420: [GC pause (G1 Evacuation Pause) (young) 560M->476M(2048M), 0.0053181 secs]
2020-10-27T20:55:21.485+0800: 3.459: [GC pause (G1 Evacuation Pause) (young) 585M->493M(2048M), 0.0047497 secs]
2020-10-27T20:55:21.522+0800: 3.498: [GC pause (G1 Evacuation Pause) (young) 607M->524M(2048M), 0.0052796 secs]
2020-10-27T20:55:21.554+0800: 3.529: [GC pause (G1 Evacuation Pause) (young) 635M->550M(2048M), 0.0054100 secs]
2020-10-27T20:55:21.598+0800: 3.573: [GC pause (G1 Evacuation Pause) (young) 664M->574M(2048M), 0.0049286 secs]
2020-10-27T20:55:21.636+0800: 3.611: [GC pause (G1 Evacuation Pause) (young) 688M->600M(2048M), 0.0056726 secs]
2020-10-27T20:55:21.668+0800: 3.643: [GC pause (G1 Evacuation Pause) (young) 715M->627M(2048M), 0.0057528 secs]
2020-10-27T20:55:21.705+0800: 3.680: [GC pause (G1 Evacuation Pause) (young) 740M->651M(2048M), 0.0051227 secs]
2020-10-27T20:55:21.742+0800: 3.717: [GC pause (G1 Evacuation Pause) (young) 757M->675M(2048M), 0.0054098 secs]
2020-10-27T20:55:21.781+0800: 3.756: [GC pause (G1 Evacuation Pause) (young) 789M->698M(2048M), 0.0047894 secs]
2020-10-27T20:55:21.806+0800: 3.781: [GC pause (G1 Evacuation Pause) (young) 808M->721M(2048M), 0.0049259 secs]
2020-10-27T20:55:21.851+0800: 3.826: [GC pause (G1 Evacuation Pause) (young) 829M->747M(2048M), 0.0051738 secs]
2020-10-27T20:55:21.889+0800: 3.865: [GC pause (G1 Evacuation Pause) (young) 859M->768M(2048M), 0.0054085 secs]
2020-10-27T20:55:21.920+0800: 3.895: [GC pause (G1 Evacuation Pause) (young) 884M->794M(2048M), 0.0056658 secs]
2020-10-27T20:55:21.952+0800: 3.928: [GC pause (G1 Evacuation Pause) (young) 907M->818M(2048M), 0.0052569 secs]
2020-10-27T20:55:21.983+0800: 3.958: [GC pause (G1 Evacuation Pause) (young) 931M->843M(2048M), 0.0046875 secs]
2020-10-27T20:55:22.008+0800: 3.984: [GC pause (G1 Evacuation Pause) (young) 961M->864M(2048M), 0.0053433 secs]
2020-10-27T20:55:22.045+0800: 4.020: [GC pause (G1 Evacuation Pause) (young) 971M->888M(2048M), 0.0045192 secs]
2020-10-27T20:55:22.067+0800: 4.042: [GC pause (G1 Humongous Allocation) (young) (initial-mark) 934M->903M(2048M), 0.0038703 secs]
2020-10-27T20:55:22.071+0800: 4.046: [GC concurrent-root-region-scan-start]
2020-10-27T20:55:22.071+0800: 4.046: [GC concurrent-root-region-scan-end, 0.0000962 secs]
2020-10-27T20:55:22.071+0800: 4.046: [GC concurrent-mark-start]
2020-10-27T20:55:22.075+0800: 4.050: [GC concurrent-mark-end, 0.0040384 secs]
2020-10-27T20:55:22.075+0800: 4.050: [GC remark, 0.0010318 secs]
2020-10-27T20:55:22.077+0800: 4.052: [GC cleanup 918M->419M(2048M), 0.0008506 secs]
2020-10-27T20:55:22.077+0800: 4.053: [GC concurrent-cleanup-start]
2020-10-27T20:55:22.078+0800: 4.053: [GC concurrent-cleanup-end, 0.0003539 secs]
2020-10-27T20:55:22.103+0800: 4.078: [GC pause (G1 Evacuation Pause) (young) 518M->427M(2048M), 0.0056454 secs]
2020-10-27T20:55:22.148+0800: 4.123: [GC pause (G1 Evacuation Pause) (mixed) 539M->411M(2048M), 0.0091432 secs]
2020-10-27T20:55:22.191+0800: 4.165: [GC pause (G1 Evacuation Pause) (mixed) 523M->401M(2048M), 0.0054646 secs]
2020-10-27T20:55:22.227+0800: 4.202: [GC pause (G1 Evacuation Pause) (mixed) 512M->389M(2048M), 0.0058711 secs]
2020-10-27T20:55:22.262+0800: 4.238: [GC pause (G1 Evacuation Pause) (mixed) 504M->409M(2048M), 0.0046807 secs]
2020-10-27T20:55:22.313+0800: 4.288: [GC pause (G1 Evacuation Pause) (young) 524M->433M(2048M), 0.0053288 secs]
2020-10-27T20:55:22.348+0800: 4.323: [GC pause (G1 Evacuation Pause) (young) 545M->458M(2048M), 0.0052499 secs]
2020-10-27T20:55:22.371+0800: 4.347: [GC pause (G1 Evacuation Pause) (young) 573M->486M(2048M), 0.0047734 secs]
2020-10-27T20:55:22.402+0800: 4.378: [GC pause (G1 Evacuation Pause) (young) 601M->509M(2048M), 0.0054230 secs]
2020-10-27T20:55:22.439+0800: 4.415: [GC pause (G1 Evacuation Pause) (young) 621M->541M(2048M), 0.0057557 secs]
2020-10-27T20:55:22.471+0800: 4.446: [GC pause (G1 Evacuation Pause) (young) 651M->574M(2048M), 0.0049358 secs]
2020-10-27T20:55:22.509+0800: 4.484: [GC pause (G1 Evacuation Pause) (young) 689M->600M(2048M), 0.0053566 secs]
2020-10-27T20:55:22.539+0800: 4.514: [GC pause (G1 Evacuation Pause) (young) 702M->625M(2048M), 0.0054953 secs]
2020-10-27T20:55:22.580+0800: 4.554: [GC pause (G1 Evacuation Pause) (young) 739M->653M(2048M), 0.0051372 secs]
2020-10-27T20:55:22.613+0800: 4.588: [GC pause (G1 Evacuation Pause) (young) 764M->677M(2048M), 0.0049760 secs]
2020-10-27T20:55:22.640+0800: 4.616: [GC pause (G1 Evacuation Pause) (young) 794M->706M(2048M), 0.0051952 secs]
2020-10-27T20:55:22.679+0800: 4.655: [GC pause (G1 Evacuation Pause) (young) 822M->732M(2048M), 0.0052169 secs]
2020-10-27T20:55:22.709+0800: 4.685: [GC pause (G1 Evacuation Pause) (young) 844M->753M(2048M), 0.0045099 secs]
2020-10-27T20:55:22.739+0800: 4.714: [GC pause (G1 Evacuation Pause) (young) 861M->773M(2048M), 0.0050850 secs]
2020-10-27T20:55:22.770+0800: 4.745: [GC pause (G1 Evacuation Pause) (young) 888M->797M(2048M), 0.0049288 secs]
2020-10-27T20:55:22.807+0800: 4.782: [GC pause (G1 Evacuation Pause) (young) 908M->825M(2048M), 0.0049982 secs]
2020-10-27T20:55:22.844+0800: 4.819: [GC pause (G1 Evacuation Pause) (young) 937M->854M(2048M), 0.0052751 secs]
2020-10-27T20:55:22.882+0800: 4.857: [GC pause (G1 Evacuation Pause) (young) 967M->869M(2048M), 0.0046564 secs]
2020-10-27T20:55:22.916+0800: 4.891: [GC pause (G1 Humongous Allocation) (young) (initial-mark) 968M->891M(2048M), 0.0046135 secs]
2020-10-27T20:55:22.921+0800: 4.896: [GC concurrent-root-region-scan-start]
2020-10-27T20:55:22.921+0800: 4.896: [GC concurrent-root-region-scan-end, 0.0000766 secs]
2020-10-27T20:55:22.921+0800: 4.896: [GC concurrent-mark-start]
2020-10-27T20:55:22.925+0800: 4.900: [GC concurrent-mark-end, 0.0039936 secs]
2020-10-27T20:55:22.925+0800: 4.900: [GC remark, 0.0013045 secs]
2020-10-27T20:55:22.926+0800: 4.901: [GC cleanup 911M->404M(2048M), 0.0007980 secs]
2020-10-27T20:55:22.927+0800: 4.902: [GC concurrent-cleanup-start]
2020-10-27T20:55:22.928+0800: 4.902: [GC concurrent-cleanup-end, 0.0003532 secs]
2020-10-27T20:55:22.948+0800: 4.923: [GC pause (G1 Evacuation Pause) (young) 502M->411M(2048M), 0.0054157 secs]
2020-10-27T20:55:22.985+0800: 4.960: [GC pause (G1 Evacuation Pause) (mixed) 517M->396M(2048M), 0.0050745 secs]
2020-10-27T20:55:23.015+0800: 4.991: [GC pause (G1 Evacuation Pause) (mixed) 504M->385M(2048M), 0.0049643 secs]
2020-10-27T20:55:23.050+0800: 5.026: [GC pause (G1 Evacuation Pause) (mixed) 498M->384M(2048M), 0.0060264 secs]
2020-10-27T20:55:23.101+0800: 5.076: [GC pause (G1 Evacuation Pause) (young) 495M->406M(2048M), 0.0051602 secs]
2020-10-27T20:55:23.139+0800: 5.114: [GC pause (G1 Evacuation Pause) (young) 516M->431M(2048M), 0.0046849 secs]
2020-10-27T20:55:23.182+0800: 5.157: [GC pause (G1 Evacuation Pause) (young) 541M->457M(2048M), 0.0051788 secs]
2020-10-27T20:55:23.214+0800: 5.189: [GC pause (G1 Evacuation Pause) (young) 559M->480M(2048M), 0.0057263 secs]
2020-10-27T20:55:23.246+0800: 5.221: [GC pause (G1 Evacuation Pause) (young) 596M->507M(2048M), 0.0051986 secs]
2020-10-27T20:55:23.284+0800: 5.259: [GC pause (G1 Evacuation Pause) (young) 616M->533M(2048M), 0.0052270 secs]
2020-10-27T20:55:23.323+0800: 5.298: [GC pause (G1 Evacuation Pause) (young) 648M->565M(2048M), 0.0053123 secs]
2020-10-27T20:55:23.370+0800: 5.345: [GC pause (G1 Evacuation Pause) (young) 679M->590M(2048M), 0.0051162 secs]
2020-10-27T20:55:23.412+0800: 5.387: [GC pause (G1 Evacuation Pause) (young) 697M->615M(2048M), 0.0050225 secs]
2020-10-27T20:55:23.443+0800: 5.419: [GC pause (G1 Evacuation Pause) (young) 724M->637M(2048M), 0.0050248 secs]
2020-10-27T20:55:23.488+0800: 5.463: [GC pause (G1 Evacuation Pause) (young) 746M->663M(2048M), 0.0050338 secs]
2020-10-27T20:55:23.512+0800: 5.488: [GC pause (G1 Evacuation Pause) (young) 777M->690M(2048M), 0.0048098 secs]
2020-10-27T20:55:23.547+0800: 5.522: [GC pause (G1 Evacuation Pause) (young) 805M->721M(2048M), 0.0051464 secs]
2020-10-27T20:55:23.582+0800: 5.557: [GC pause (G1 Evacuation Pause) (young) 836M->746M(2048M), 0.0054471 secs]
2020-10-27T20:55:23.619+0800: 5.594: [GC pause (G1 Evacuation Pause) (young) 862M->773M(2048M), 0.0050890 secs]
2020-10-27T20:55:23.652+0800: 5.626: [GC pause (G1 Evacuation Pause) (young) 891M->803M(2048M), 0.0055220 secs]
2020-10-27T20:55:23.695+0800: 5.670: [GC pause (G1 Evacuation Pause) (young) 914M->817M(2048M), 0.0050718 secs]
2020-10-27T20:55:23.721+0800: 5.695: [GC pause (G1 Evacuation Pause) (young) 931M->843M(2048M), 0.0044645 secs]
2020-10-27T20:55:23.753+0800: 5.729: [GC pause (G1 Evacuation Pause) (young) 948M->868M(2048M), 0.0048737 secs]
2020-10-27T20:55:23.787+0800: 5.762: [GC pause (G1 Humongous Allocation) (young) (initial-mark) 970M->894M(2048M), 0.0051968 secs]
2020-10-27T20:55:23.792+0800: 5.768: [GC concurrent-root-region-scan-start]
2020-10-27T20:55:23.792+0800: 5.768: [GC concurrent-root-region-scan-end, 0.0001342 secs]
2020-10-27T20:55:23.792+0800: 5.768: [GC concurrent-mark-start]
2020-10-27T20:55:23.796+0800: 5.772: [GC concurrent-mark-end, 0.0039522 secs]
2020-10-27T20:55:23.796+0800: 5.772: [GC remark, 0.0010730 secs]
2020-10-27T20:55:23.798+0800: 5.773: [GC cleanup 906M->410M(2048M), 0.0010176 secs]
2020-10-27T20:55:23.799+0800: 5.774: [GC concurrent-cleanup-start]
2020-10-27T20:55:23.799+0800: 5.775: [GC concurrent-cleanup-end, 0.0003798 secs]
2020-10-27T20:55:23.822+0800: 5.798: [GC pause (G1 Evacuation Pause) (young) 519M->427M(2048M), 0.0052845 secs]
2020-10-27T20:55:23.855+0800: 5.830: [GC pause (G1 Evacuation Pause) (mixed) 540M->418M(2048M), 0.0055520 secs]
2020-10-27T20:55:23.891+0800: 5.866: [GC pause (G1 Evacuation Pause) (mixed) 523M->396M(2048M), 0.0050004 secs]
2020-10-27T20:55:23.926+0800: 5.901: [GC pause (G1 Evacuation Pause) (mixed) 505M->393M(2048M), 0.0054179 secs]
2020-10-27T20:55:23.959+0800: 5.934: [GC pause (G1 Evacuation Pause) (mixed) 507M->414M(2048M), 0.0056528 secs]
2020-10-27T20:55:23.996+0800: 5.971: [GC pause (G1 Evacuation Pause) (young) 528M->438M(2048M), 0.0049738 secs]
2020-10-27T20:55:24.034+0800: 6.008: [GC pause (G1 Evacuation Pause) (young) 547M->460M(2048M), 0.0049297 secs]
2020-10-27T20:55:24.079+0800: 6.054: [GC pause (G1 Evacuation Pause) (young) 582M->491M(2048M), 0.0052109 secs]
2020-10-27T20:55:24.103+0800: 6.078: [GC pause (G1 Evacuation Pause) (young) 607M->520M(2048M), 0.0049612 secs]
2020-10-27T20:55:24.141+0800: 6.116: [GC pause (G1 Evacuation Pause) (young) 635M->549M(2048M), 0.0053438 secs]
2020-10-27T20:55:24.172+0800: 6.147: [GC pause (G1 Evacuation Pause) (young) 654M->571M(2048M), 0.0049204 secs]
2020-10-27T20:55:24.208+0800: 6.183: [GC pause (G1 Evacuation Pause) (young) 679M->591M(2048M), 0.0050128 secs]
2020-10-27T20:55:24.235+0800: 6.210: [GC pause (G1 Evacuation Pause) (young) 704M->622M(2048M), 0.0049406 secs]
2020-10-27T20:55:24.265+0800: 6.241: [GC pause (G1 Evacuation Pause) (young) 737M->649M(2048M), 0.0049642 secs]
2020-10-27T20:55:24.294+0800: 6.269: [GC pause (G1 Evacuation Pause) (young) 761M->675M(2048M), 0.0052076 secs]
2020-10-27T20:55:24.327+0800: 6.302: [GC pause (G1 Evacuation Pause) (young) 790M->698M(2048M), 0.0048583 secs]
2020-10-27T20:55:24.371+0800: 6.346: [GC pause (G1 Evacuation Pause) (young) 816M->721M(2048M), 0.0052791 secs]
2020-10-27T20:55:24.403+0800: 6.378: [GC pause (G1 Evacuation Pause) (young) 835M->745M(2048M), 0.0049196 secs]
2020-10-27T20:55:24.438+0800: 6.413: [GC pause (G1 Evacuation Pause) (young) 873M->779M(2048M), 0.0055334 secs]
2020-10-27T20:55:24.464+0800: 6.439: [GC pause (G1 Evacuation Pause) (young) 888M->803M(2048M), 0.0049650 secs]
2020-10-27T20:55:24.504+0800: 6.480: [GC pause (G1 Evacuation Pause) (young) 911M->827M(2048M), 0.0053623 secs]
2020-10-27T20:55:24.553+0800: 6.528: [GC pause (G1 Evacuation Pause) (young) 944M->857M(2048M), 0.0048880 secs]
2020-10-27T20:55:24.589+0800: 6.564: [GC pause (G1 Evacuation Pause) (young) 971M->885M(2048M), 0.0049917 secs]
2020-10-27T20:55:24.605+0800: 6.581: [GC pause (G1 Humongous Allocation) (young) (initial-mark) 915M->894M(2048M), 0.0034420 secs]
2020-10-27T20:55:24.609+0800: 6.584: [GC concurrent-root-region-scan-start]
2020-10-27T20:55:24.609+0800: 6.584: [GC concurrent-root-region-scan-end, 0.0001036 secs]
2020-10-27T20:55:24.609+0800: 6.584: [GC concurrent-mark-start]
2020-10-27T20:55:24.613+0800: 6.588: [GC concurrent-mark-end, 0.0039898 secs]
2020-10-27T20:55:24.613+0800: 6.588: [GC remark, 0.0011983 secs]
2020-10-27T20:55:24.615+0800: 6.590: [GC cleanup 912M->422M(2048M), 0.0008444 secs]
2020-10-27T20:55:24.616+0800: 6.591: [GC concurrent-cleanup-start]
2020-10-27T20:55:24.616+0800: 6.591: [GC concurrent-cleanup-end, 0.0003602 secs]
2020-10-27T20:55:24.642+0800: 6.617: [GC pause (G1 Evacuation Pause) (young) 516M->425M(2048M), 0.0045309 secs]
2020-10-27T20:55:24.675+0800: 6.650: [GC pause (G1 Evacuation Pause) (mixed) 535M->412M(2048M), 0.0053169 secs]
2020-10-27T20:55:24.717+0800: 6.692: [GC pause (G1 Evacuation Pause) (mixed) 531M->402M(2048M), 0.0053247 secs]
2020-10-27T20:55:24.751+0800: 6.726: [GC pause (G1 Evacuation Pause) (mixed) 523M->399M(2048M), 0.0049996 secs]
2020-10-27T20:55:24.778+0800: 6.753: [GC pause (G1 Evacuation Pause) (mixed) 504M->423M(2048M), 0.0052394 secs]
2020-10-27T20:55:24.812+0800: 6.787: [GC pause (G1 Evacuation Pause) (young) 532M->449M(2048M), 0.0048220 secs]
2020-10-27T20:55:24.848+0800: 6.823: [GC pause (G1 Evacuation Pause) (young) 566M->480M(2048M), 0.0052686 secs]
2020-10-27T20:55:24.872+0800: 6.847: [GC pause (G1 Evacuation Pause) (young) 588M->508M(2048M), 0.0050901 secs]
2020-10-27T20:55:24.914+0800: 6.890: [GC pause (G1 Evacuation Pause) (young) 614M->523M(2048M), 0.0070045 secs]
2020-10-27T20:55:24.945+0800: 6.921: [GC pause (G1 Evacuation Pause) (young) 635M->547M(2048M), 0.0056820 secs]
2020-10-27T20:55:24.975+0800: 6.950: [GC pause (G1 Evacuation Pause) (young) 666M->572M(2048M), 0.0057698 secs]
2020-10-27T20:55:25.006+0800: 6.982: [GC pause (G1 Evacuation Pause) (young) 683M->597M(2048M), 0.0051020 secs]
2020-10-27T20:55:25.050+0800: 7.025: [GC pause (G1 Evacuation Pause) (young) 708M->619M(2048M), 0.0047333 secs]
2020-10-27T20:55:25.088+0800: 7.063: [GC pause (G1 Evacuation Pause) (young) 739M->652M(2048M), 0.0054646 secs]
2020-10-27T20:55:25.126+0800: 7.101: [GC pause (G1 Evacuation Pause) (young) 768M->679M(2048M), 0.0052348 secs]
2020-10-27T20:55:25.159+0800: 7.134: [GC pause (G1 Evacuation Pause) (young) 787M->700M(2048M), 0.0052334 secs]
2020-10-27T20:55:25.191+0800: 7.166: [GC pause (G1 Evacuation Pause) (young) 814M->729M(2048M), 0.0053048 secs]
2020-10-27T20:55:25.224+0800: 7.198: [GC pause (G1 Evacuation Pause) (young) 843M->755M(2048M), 0.0053765 secs]
2020-10-27T20:55:25.258+0800: 7.233: [GC pause (G1 Evacuation Pause) (young) 864M->776M(2048M), 0.0050225 secs]
2020-10-27T20:55:25.292+0800: 7.267: [GC pause (G1 Evacuation Pause) (young) 887M->800M(2048M), 0.0049070 secs]
2020-10-27T20:55:25.317+0800: 7.293: [GC pause (G1 Evacuation Pause) (young) 906M->822M(2048M), 0.0051070 secs]
2020-10-27T20:55:25.345+0800: 7.320: [GC pause (G1 Evacuation Pause) (young) 932M->847M(2048M), 0.0051971 secs]
2020-10-27T20:55:25.389+0800: 7.364: [GC pause (G1 Evacuation Pause) (young) 958M->870M(2048M), 0.0049645 secs]
2020-10-27T20:55:25.424+0800: 7.399: [GC pause (G1 Evacuation Pause) (young) 980M->893M(2048M), 0.0051348 secs]
2020-10-27T20:55:25.441+0800: 7.416: [GC pause (G1 Humongous Allocation) (young) (initial-mark) 926M->902M(2048M), 0.0036706 secs]
2020-10-27T20:55:25.445+0800: 7.420: [GC concurrent-root-region-scan-start]
2020-10-27T20:55:25.445+0800: 7.420: [GC concurrent-root-region-scan-end, 0.0001217 secs]
2020-10-27T20:55:25.445+0800: 7.420: [GC concurrent-mark-start]
2020-10-27T20:55:25.450+0800: 7.425: [GC concurrent-mark-end, 0.0045282 secs]
2020-10-27T20:55:25.450+0800: 7.425: [GC remark, 0.0011042 secs]
2020-10-27T20:55:25.451+0800: 7.426: [GC cleanup 928M->400M(2048M), 0.0006747 secs]
2020-10-27T20:55:25.452+0800: 7.427: [GC concurrent-cleanup-start]
2020-10-27T20:55:25.452+0800: 7.427: [GC concurrent-cleanup-end, 0.0004158 secs]
2020-10-27T20:55:25.475+0800: 7.450: [GC pause (G1 Evacuation Pause) (young) 497M->413M(2048M), 0.0052700 secs]
2020-10-27T20:55:25.507+0800: 7.482: [GC pause (G1 Evacuation Pause) (mixed) 524M->395M(2048M), 0.0052728 secs]
2020-10-27T20:55:25.537+0800: 7.512: [GC pause (G1 Evacuation Pause) (mixed) 502M->377M(2048M), 0.0055077 secs]
2020-10-27T20:55:25.581+0800: 7.555: [GC pause (G1 Evacuation Pause) (mixed) 500M->382M(2048M), 0.0054558 secs]
2020-10-27T20:55:25.611+0800: 7.586: [GC pause (G1 Evacuation Pause) (young) 494M->414M(2048M), 0.0052125 secs]
2020-10-27T20:55:25.648+0800: 7.623: [GC pause (G1 Evacuation Pause) (young) 532M->431M(2048M), 0.0048552 secs]
2020-10-27T20:55:25.680+0800: 7.656: [GC pause (G1 Evacuation Pause) (young) 543M->461M(2048M), 0.0051442 secs]
2020-10-27T20:55:25.716+0800: 7.692: [GC pause (G1 Evacuation Pause) (young) 579M->493M(2048M), 0.0044901 secs]
2020-10-27T20:55:25.752+0800: 7.727: [GC pause (G1 Evacuation Pause) (young) 610M->517M(2048M), 0.0047542 secs]
2020-10-27T20:55:25.783+0800: 7.759: [GC pause (G1 Evacuation Pause) (young) 634M->542M(2048M), 0.0050462 secs]
2020-10-27T20:55:25.816+0800: 7.791: [GC pause (G1 Evacuation Pause) (young) 657M->565M(2048M), 0.0055184 secs]
2020-10-27T20:55:25.858+0800: 7.833: [GC pause (G1 Evacuation Pause) (young) 677M->589M(2048M), 0.0053365 secs]
2020-10-27T20:55:25.888+0800: 7.863: [GC pause (G1 Evacuation Pause) (young) 702M->611M(2048M), 0.0046594 secs]
2020-10-27T20:55:25.922+0800: 7.897: [GC pause (G1 Evacuation Pause) (young) 728M->639M(2048M), 0.0052923 secs]
2020-10-27T20:55:25.954+0800: 7.929: [GC pause (G1 Evacuation Pause) (young) 751M->662M(2048M), 0.0046293 secs]
2020-10-27T20:55:25.999+0800: 7.973: [GC pause (G1 Evacuation Pause) (young) 777M->693M(2048M), 0.0055465 secs]
2020-10-27T20:55:26.032+0800: 8.006: [GC pause (G1 Evacuation Pause) (young) 801M->723M(2048M), 0.0052006 secs]
2020-10-27T20:55:26.069+0800: 8.044: [GC pause (G1 Evacuation Pause) (young) 836M->751M(2048M), 0.0047357 secs]
2020-10-27T20:55:26.111+0800: 8.087: [GC pause (G1 Evacuation Pause) (young) 874M->780M(2048M), 0.0050039 secs]
2020-10-27T20:55:26.148+0800: 8.124: [GC pause (G1 Evacuation Pause) (young) 896M->810M(2048M), 0.0054493 secs]
2020-10-27T20:55:26.188+0800: 8.163: [GC pause (G1 Evacuation Pause) (young) 930M->834M(2048M), 0.0046646 secs]
2020-10-27T20:55:26.217+0800: 8.192: [GC pause (G1 Evacuation Pause) (young) 942M->862M(2048M), 0.0050259 secs]
2020-10-27T20:55:26.246+0800: 8.221: [GC pause (G1 Humongous Allocation) (young) (initial-mark) 938M->871M(2048M), 0.0046763 secs]
2020-10-27T20:55:26.251+0800: 8.226: [GC concurrent-root-region-scan-start]
2020-10-27T20:55:26.251+0800: 8.226: [GC concurrent-root-region-scan-end, 0.0000772 secs]
2020-10-27T20:55:26.251+0800: 8.226: [GC concurrent-mark-start]
2020-10-27T20:55:26.255+0800: 8.230: [GC concurrent-mark-end, 0.0041102 secs]
2020-10-27T20:55:26.255+0800: 8.230: [GC remark, 0.0011018 secs]
2020-10-27T20:55:26.256+0800: 8.231: [GC cleanup 885M->413M(2048M), 0.0010724 secs]
2020-10-27T20:55:26.258+0800: 8.232: [GC concurrent-cleanup-start]
2020-10-27T20:55:26.258+0800: 8.233: [GC concurrent-cleanup-end, 0.0002928 secs]
2020-10-27T20:55:26.285+0800: 8.260: [GC pause (G1 Evacuation Pause) (young) 516M->426M(2048M), 0.0049972 secs]
2020-10-27T20:55:26.323+0800: 8.297: [GC pause (G1 Evacuation Pause) (mixed) 548M->411M(2048M), 0.0048731 secs]
2020-10-27T20:55:26.367+0800: 8.342: [GC pause (G1 Evacuation Pause) (mixed) 525M->399M(2048M), 0.0058155 secs]
2020-10-27T20:55:26.392+0800: 8.367: [GC pause (G1 Evacuation Pause) (mixed) 510M->384M(2048M), 0.0053026 secs]
2020-10-27T20:55:26.423+0800: 8.399: [GC pause (G1 Evacuation Pause) (young) 497M->410M(2048M), 0.0049828 secs]
2020-10-27T20:55:26.447+0800: 8.422: [GC pause (G1 Evacuation Pause) (young) 520M->432M(2048M), 0.0053394 secs]
2020-10-27T20:55:26.480+0800: 8.456: [GC pause (G1 Evacuation Pause) (young) 541M->456M(2048M), 0.0050943 secs]
2020-10-27T20:55:26.511+0800: 8.486: [GC pause (G1 Evacuation Pause) (young) 574M->484M(2048M), 0.0052101 secs]
2020-10-27T20:55:26.541+0800: 8.517: [GC pause (G1 Evacuation Pause) (young) 593M->508M(2048M), 0.0047425 secs]
2020-10-27T20:55:26.584+0800: 8.559: [GC pause (G1 Evacuation Pause) (young) 633M->538M(2048M), 0.0053004 secs]
2020-10-27T20:55:26.622+0800: 8.597: [GC pause (G1 Evacuation Pause) (young) 657M->565M(2048M), 0.0046118 secs]
2020-10-27T20:55:26.674+0800: 8.648: [GC pause (G1 Evacuation Pause) (young) 680M->597M(2048M), 0.0050873 secs]
2020-10-27T20:55:26.708+0800: 8.683: [GC pause (G1 Evacuation Pause) (young) 716M->621M(2048M), 0.0054804 secs]
2020-10-27T20:55:26.750+0800: 8.725: [GC pause (G1 Evacuation Pause) (young) 736M->649M(2048M), 0.0048337 secs]
2020-10-27T20:55:26.782+0800: 8.758: [GC pause (G1 Evacuation Pause) (young) 761M->674M(2048M), 0.0050658 secs]
2020-10-27T20:55:26.811+0800: 8.787: [GC pause (G1 Evacuation Pause) (young) 793M->704M(2048M), 0.0051180 secs]
2020-10-27T20:55:26.872+0800: 8.847: [GC pause (G1 Evacuation Pause) (young) 819M->727M(2048M), 0.0057672 secs]
2020-10-27T20:55:26.929+0800: 8.904: [GC pause (G1 Evacuation Pause) (young) 845M->746M(2048M), 0.0056228 secs]
2020-10-27T20:55:26.980+0800: 8.955: [GC pause (G1 Evacuation Pause) (young) 862M->777M(2048M), 0.0049806 secs]
2020-10-27T20:55:27.016+0800: 8.991: [GC pause (G1 Evacuation Pause) (young) 887M->797M(2048M), 0.0053132 secs]
2020-10-27T20:55:27.063+0800: 9.038: [GC pause (G1 Evacuation Pause) (young) 910M->815M(2048M), 0.0044962 secs]
2020-10-27T20:55:27.100+0800: 9.074: [GC pause (G1 Evacuation Pause) (young) 931M->837M(2048M), 0.0048863 secs]
2020-10-27T20:55:27.130+0800: 9.104: [GC pause (G1 Evacuation Pause) (young) 943M->858M(2048M), 0.0056293 secs]
2020-10-27T20:55:27.175+0800: 9.150: [GC pause (G1 Evacuation Pause) (young) 972M->882M(2048M), 0.0049867 secs]
2020-10-27T20:55:27.209+0800: 9.185: [GC pause (G1 Humongous Allocation) (young) (initial-mark) 958M->899M(2048M), 0.0046482 secs]
2020-10-27T20:55:27.214+0800: 9.189: [GC concurrent-root-region-scan-start]
2020-10-27T20:55:27.214+0800: 9.189: [GC concurrent-root-region-scan-end, 0.0001142 secs]
2020-10-27T20:55:27.214+0800: 9.189: [GC concurrent-mark-start]
2020-10-27T20:55:27.218+0800: 9.194: [GC concurrent-mark-end, 0.0041917 secs]
2020-10-27T20:55:27.218+0800: 9.194: [GC remark, 0.0010357 secs]
2020-10-27T20:55:27.220+0800: 9.195: [GC cleanup 908M->398M(2048M), 0.0007213 secs]
2020-10-27T20:55:27.220+0800: 9.196: [GC concurrent-cleanup-start]
2020-10-27T20:55:27.221+0800: 9.196: [GC concurrent-cleanup-end, 0.0003475 secs]
2020-10-27T20:55:27.240+0800: 9.215: [GC pause (G1 Evacuation Pause) (young) 497M->416M(2048M), 0.0060006 secs]
2020-10-27T20:55:27.273+0800: 9.248: [GC pause (G1 Evacuation Pause) (mixed) 524M->408M(2048M), 0.0051589 secs]
2020-10-27T20:55:27.304+0800: 9.280: [GC pause (G1 Evacuation Pause) (mixed) 519M->395M(2048M), 0.0054146 secs]
2020-10-27T20:55:27.338+0800: 9.313: [GC pause (G1 Evacuation Pause) (mixed) 503M->384M(2048M), 0.0053689 secs]
2020-10-27T20:55:27.367+0800: 9.342: [GC pause (G1 Evacuation Pause) (mixed) 496M->409M(2048M), 0.0050555 secs]
2020-10-27T20:55:27.402+0800: 9.377: [GC pause (G1 Evacuation Pause) (young) 529M->437M(2048M), 0.0053554 secs]
2020-10-27T20:55:27.429+0800: 9.404: [GC pause (G1 Evacuation Pause) (young) 550M->463M(2048M), 0.0048715 secs]
2020-10-27T20:55:27.460+0800: 9.435: [GC pause (G1 Evacuation Pause) (young) 577M->492M(2048M), 0.0101868 secs]
2020-10-27T20:55:27.494+0800: 9.468: [GC pause (G1 Evacuation Pause) (young) 600M->514M(2048M), 0.0053836 secs]
2020-10-27T20:55:27.529+0800: 9.505: [GC pause (G1 Evacuation Pause) (young) 617M->538M(2048M), 0.0051872 secs]
2020-10-27T20:55:27.566+0800: 9.542: [GC pause (G1 Evacuation Pause) (young) 648M->561M(2048M), 0.0049370 secs]
2020-10-27T20:55:27.593+0800: 9.568: [GC pause (G1 Evacuation Pause) (young) 675M->587M(2048M), 0.0049845 secs]
2020-10-27T20:55:27.624+0800: 9.599: [GC pause (G1 Evacuation Pause) (young) 700M->617M(2048M), 0.0054281 secs]
2020-10-27T20:55:27.660+0800: 9.636: [GC pause (G1 Evacuation Pause) (young) 729M->641M(2048M), 0.0050444 secs]
2020-10-27T20:55:27.692+0800: 9.667: [GC pause (G1 Evacuation Pause) (young) 759M->667M(2048M), 0.0053048 secs]
2020-10-27T20:55:27.721+0800: 9.696: [GC pause (G1 Evacuation Pause) (young) 775M->692M(2048M), 0.0046443 secs]
2020-10-27T20:55:27.754+0800: 9.729: [GC pause (G1 Evacuation Pause) (young) 808M->720M(2048M), 0.0052177 secs]
2020-10-27T20:55:27.791+0800: 9.766: [GC pause (G1 Evacuation Pause) (young) 844M->750M(2048M), 0.0051535 secs]
2020-10-27T20:55:27.828+0800: 9.803: [GC pause (G1 Evacuation Pause) (young) 870M->771M(2048M), 0.0049449 secs]
2020-10-27T20:55:27.867+0800: 9.841: [GC pause (G1 Evacuation Pause) (young) 886M->794M(2048M), 0.0051565 secs]
2020-10-27T20:55:27.910+0800: 9.884: [GC pause (G1 Evacuation Pause) (young) 909M->819M(2048M), 0.0049811 secs]
2020-10-27T20:55:27.933+0800: 9.909: [GC pause (G1 Evacuation Pause) (young) 928M->841M(2048M), 0.0052814 secs]
2020-10-27T20:55:27.971+0800: 9.947: [GC pause (G1 Evacuation Pause) (young) 950M->863M(2048M), 0.0049670 secs]
2020-10-27T20:55:27.999+0800: 9.974: [GC pause (G1 Evacuation Pause) (young) 972M->886M(2048M), 0.0048110 secs]
2020-10-27T20:55:28.014+0800: 9.989: [GC pause (G1 Humongous Allocation) (young) (initial-mark) 940M->896M(2048M), 0.0035812 secs]
2020-10-27T20:55:28.018+0800: 9.993: [GC concurrent-root-region-scan-start]
2020-10-27T20:55:28.018+0800: 9.993: [GC concurrent-root-region-scan-end, 0.0001467 secs]
2020-10-27T20:55:28.018+0800: 9.993: [GC concurrent-mark-start]
2020-10-27T20:55:28.022+0800: 9.998: [GC concurrent-mark-end, 0.0045518 secs]
2020-10-27T20:55:28.023+0800: 9.998: [GC remark, 0.0012075 secs]
2020-10-27T20:55:28.024+0800: 9.999: [GC cleanup 936M->426M(2048M), 0.0009048 secs]
2020-10-27T20:55:28.025+0800: 10.000: [GC concurrent-cleanup-start]
2020-10-27T20:55:28.025+0800: 10.001: [GC concurrent-cleanup-end, 0.0003067 secs]
2020-10-27T20:55:28.056+0800: 10.031: [GC pause (G1 Evacuation Pause) (young) 505M->416M(2048M), 0.0056508 secs]
2020-10-27T20:55:28.085+0800: 10.060: [GC pause (G1 Evacuation Pause) (mixed) 524M->408M(2048M), 0.0052055 secs]
2020-10-27T20:55:28.121+0800: 10.096: [GC pause (G1 Evacuation Pause) (mixed) 526M->404M(2048M), 0.0047188 secs]
2020-10-27T20:55:28.164+0800: 10.139: [GC pause (G1 Evacuation Pause) (mixed) 527M->393M(2048M), 0.0052071 secs]
