Java HotSpot(TM) 64-Bit Server VM (25.211-b12) for windows-amd64 JRE (1.8.0_211-b12), built on Apr  1 2019 20:53:26 by "java_re" with MS VC++ 10.0 (VS2010)
Memory: 4k page, physical 16640612k(9326672k free), swap 16640612k(7526064k free)
CommandLine flags: -XX:InitialHeapSize=536870912 -XX:MaxHeapSize=536870912 -XX:MaxNewSize=178958336 -XX:MaxTenuringThreshold=6 -XX:NewSize=178958336 -XX:OldPLABSize=16 -XX:OldSize=357912576 -XX:+PrintGC -XX:+PrintGCDateStamps -XX:+PrintGCDetails -XX:+PrintGCTimeStamps -XX:+UseCompressedClassPointers -XX:+UseCompressedOops -XX:+UseConcMarkSweepGC -XX:-UseLargePagesIndividualAllocation -XX:+UseParNewGC 
2020-10-27T20:53:45.519+0800: 0.191: [GC (Allocation Failure) 2020-10-27T20:53:45.520+0800: 0.191: [ParNew: 139776K->17471K(157248K), 0.0076027 secs] 139776K->40691K(506816K), 0.0077805 secs] [Times: user=0.05 sys=0.02, real=0.01 secs] 
2020-10-27T20:53:45.567+0800: 0.238: [GC (Allocation Failure) 2020-10-27T20:53:45.567+0800: 0.238: [ParNew: 157247K->17472K(157248K), 0.0105238 secs] 180467K->79332K(506816K), 0.0105827 secs] [Times: user=0.02 sys=0.05, real=0.01 secs] 
2020-10-27T20:53:45.611+0800: 0.282: [GC (Allocation Failure) 2020-10-27T20:53:45.611+0800: 0.282: [ParNew: 157248K->17470K(157248K), 0.0195816 secs] 219108K->123856K(506816K), 0.0196417 secs] [Times: user=0.03 sys=0.01, real=0.02 secs] 
2020-10-27T20:53:45.676+0800: 0.347: [GC (Allocation Failure) 2020-10-27T20:53:45.676+0800: 0.347: [ParNew: 157246K->17472K(157248K), 0.0175740 secs] 263632K->164112K(506816K), 0.0176286 secs] [Times: user=0.06 sys=0.00, real=0.02 secs] 
2020-10-27T20:53:45.727+0800: 0.399: [GC (Allocation Failure) 2020-10-27T20:53:45.727+0800: 0.399: [ParNew: 157223K->17472K(157248K), 0.0170339 secs] 303863K->201112K(506816K), 0.0170929 secs] [Times: user=0.05 sys=0.02, real=0.02 secs] 
2020-10-27T20:53:45.745+0800: 0.416: [GC (CMS Initial Mark) [1 CMS-initial-mark: 183640K(349568K)] 201692K(506816K), 0.0001106 secs] [Times: user=0.00 sys=0.00, real=0.00 secs] 
2020-10-27T20:53:45.745+0800: 0.416: [CMS-concurrent-mark-start]
2020-10-27T20:53:45.748+0800: 0.420: [CMS-concurrent-mark: 0.003/0.003 secs] [Times: user=0.02 sys=0.00, real=0.00 secs] 
2020-10-27T20:53:45.748+0800: 0.420: [CMS-concurrent-preclean-start]
2020-10-27T20:53:45.748+0800: 0.420: [CMS-concurrent-preclean: 0.000/0.000 secs] [Times: user=0.00 sys=0.00, real=0.00 secs] 
2020-10-27T20:53:45.748+0800: 0.420: [CMS-concurrent-abortable-preclean-start]
2020-10-27T20:53:45.793+0800: 0.465: [GC (Allocation Failure) 2020-10-27T20:53:45.793+0800: 0.465: [ParNew: 157248K->17472K(157248K), 0.0157415 secs] 340888K->236769K(506816K), 0.0158008 secs] [Times: user=0.05 sys=0.01, real=0.02 secs] 
2020-10-27T20:53:45.849+0800: 0.520: [GC (Allocation Failure) 2020-10-27T20:53:45.849+0800: 0.520: [ParNew: 157248K->17472K(157248K), 0.0190663 secs] 376545K->279942K(506816K), 0.0191236 secs] [Times: user=0.05 sys=0.02, real=0.02 secs] 
2020-10-27T20:53:45.913+0800: 0.584: [GC (Allocation Failure) 2020-10-27T20:53:45.913+0800: 0.584: [ParNew: 156684K->17472K(157248K), 0.0178910 secs] 419154K->321020K(506816K), 0.0179466 secs] [Times: user=0.05 sys=0.02, real=0.02 secs] 
2020-10-27T20:53:45.981+0800: 0.652: [GC (Allocation Failure) 2020-10-27T20:53:45.981+0800: 0.652: [ParNew (promotion failed): 157248K->157248K(157248K), 0.0196391 secs]2020-10-27T20:53:46.001+0800: 0.672: [CMS2020-10-27T20:53:46.001+0800: 0.672: [CMS-concurrent-abortable-preclean: 0.003/0.252 secs] [Times: user=0.27 sys=0.05, real=0.25 secs] 
 (concurrent mode failure): 348686K->171962K(349568K), 0.0217673 secs] 460796K->171962K(506816K), [Metaspace: 2699K->2699K(1056768K)], 0.0414987 secs] [Times: user=0.08 sys=0.00, real=0.04 secs] 
2020-10-27T20:53:46.055+0800: 0.726: [GC (Allocation Failure) 2020-10-27T20:53:46.055+0800: 0.726: [ParNew: 139685K->17472K(157248K), 0.0053609 secs] 311647K->208760K(506816K), 0.0054202 secs] [Times: user=0.03 sys=0.00, real=0.00 secs] 
2020-10-27T20:53:46.061+0800: 0.731: [GC (CMS Initial Mark) [1 CMS-initial-mark: 191288K(349568K)] 209544K(506816K), 0.0000896 secs] [Times: user=0.00 sys=0.00, real=0.00 secs] 
2020-10-27T20:53:46.061+0800: 0.732: [CMS-concurrent-mark-start]
2020-10-27T20:53:46.062+0800: 0.733: [CMS-concurrent-mark: 0.002/0.002 secs] [Times: user=0.00 sys=0.00, real=0.00 secs] 
2020-10-27T20:53:46.062+0800: 0.733: [CMS-concurrent-preclean-start]
2020-10-27T20:53:46.063+0800: 0.734: [CMS-concurrent-preclean: 0.000/0.000 secs] [Times: user=0.00 sys=0.00, real=0.00 secs] 
2020-10-27T20:53:46.063+0800: 0.734: [CMS-concurrent-abortable-preclean-start]
2020-10-27T20:53:46.093+0800: 0.765: [GC (Allocation Failure) 2020-10-27T20:53:46.093+0800: 0.765: [ParNew: 157248K->17472K(157248K), 0.0072782 secs] 348536K->250065K(506816K), 0.0073501 secs] [Times: user=0.00 sys=0.00, real=0.01 secs] 
2020-10-27T20:53:46.134+0800: 0.805: [GC (Allocation Failure) 2020-10-27T20:53:46.134+0800: 0.805: [ParNew: 157248K->17472K(157248K), 0.0078211 secs] 389841K->294459K(506816K), 0.0078787 secs] [Times: user=0.06 sys=0.00, real=0.01 secs] 
2020-10-27T20:53:46.186+0800: 0.858: [GC (Allocation Failure) 2020-10-27T20:53:46.186+0800: 0.858: [ParNew: 157248K->17472K(157248K), 0.0076601 secs] 434235K->341321K(506816K), 0.0077161 secs] [Times: user=0.00 sys=0.00, real=0.01 secs] 
2020-10-27T20:53:46.276+0800: 0.947: [GC (Allocation Failure) 2020-10-27T20:53:46.276+0800: 0.947: [ParNew: 156577K->156577K(157248K), 0.0000162 secs]2020-10-27T20:53:46.276+0800: 0.947: [CMS2020-10-27T20:53:46.276+0800: 0.947: [CMS-concurrent-abortable-preclean: 0.003/0.214 secs] [Times: user=0.09 sys=0.00, real=0.21 secs] 
 (concurrent mode failure): 323849K->194440K(349568K), 0.0266641 secs] 480427K->194440K(506816K), [Metaspace: 2699K->2699K(1056768K)], 0.0267529 secs] [Times: user=0.03 sys=0.00, real=0.03 secs] 
2020-10-27T20:53:46.341+0800: 1.012: [GC (Allocation Failure) 2020-10-27T20:53:46.341+0800: 1.012: [ParNew: 139484K->17472K(157248K), 0.0063379 secs] 333924K->242650K(506816K), 0.0064163 secs] [Times: user=0.00 sys=0.00, real=0.01 secs] 
2020-10-27T20:53:46.347+0800: 1.018: [GC (CMS Initial Mark) [1 CMS-initial-mark: 225178K(349568K)] 243340K(506816K), 0.0000895 secs] [Times: user=0.00 sys=0.00, real=0.00 secs] 
2020-10-27T20:53:46.347+0800: 1.018: [CMS-concurrent-mark-start]
2020-10-27T20:53:46.349+0800: 1.020: [CMS-concurrent-mark: 0.002/0.002 secs] [Times: user=0.00 sys=0.00, real=0.00 secs] 
2020-10-27T20:53:46.349+0800: 1.020: [CMS-concurrent-preclean-start]
2020-10-27T20:53:46.349+0800: 1.020: [CMS-concurrent-preclean: 0.000/0.000 secs] [Times: user=0.00 sys=0.00, real=0.00 secs] 
2020-10-27T20:53:46.349+0800: 1.020: [CMS-concurrent-abortable-preclean-start]
2020-10-27T20:53:46.381+0800: 1.052: [GC (Allocation Failure) 2020-10-27T20:53:46.381+0800: 1.052: [ParNew: 157200K->17472K(157248K), 0.0074979 secs] 382379K->283360K(506816K), 0.0075587 secs] [Times: user=0.06 sys=0.00, real=0.01 secs] 
2020-10-27T20:53:46.420+0800: 1.091: [GC (Allocation Failure) 2020-10-27T20:53:46.420+0800: 1.091: [ParNew: 157248K->17472K(157248K), 0.0068061 secs] 423136K->321528K(506816K), 0.0068623 secs] [Times: user=0.00 sys=0.00, real=0.01 secs] 
2020-10-27T20:53:46.484+0800: 1.156: [GC (Allocation Failure) 2020-10-27T20:53:46.484+0800: 1.156: [ParNew: 157248K->157248K(157248K), 0.0000156 secs]2020-10-27T20:53:46.484+0800: 1.156: [CMS2020-10-27T20:53:46.484+0800: 1.156: [CMS-concurrent-abortable-preclean: 0.002/0.135 secs] [Times: user=0.11 sys=0.00, real=0.13 secs] 
 (concurrent mode failure): 304056K->196848K(349568K), 0.0251893 secs] 461304K->196848K(506816K), [Metaspace: 2700K->2700K(1056768K)], 0.0252688 secs] [Times: user=0.02 sys=0.00, real=0.03 secs] 
2020-10-27T20:53:46.549+0800: 1.220: [GC (Allocation Failure) 2020-10-27T20:53:46.549+0800: 1.220: [ParNew: 139776K->17472K(157248K), 0.0058939 secs] 336624K->246888K(506816K), 0.0059488 secs] [Times: user=0.00 sys=0.00, real=0.01 secs] 
2020-10-27T20:53:46.555+0800: 1.227: [GC (CMS Initial Mark) [1 CMS-initial-mark: 229416K(349568K)] 249781K(506816K), 0.0002750 secs] [Times: user=0.00 sys=0.00, real=0.00 secs] 
2020-10-27T20:53:46.555+0800: 1.227: [CMS-concurrent-mark-start]
2020-10-27T20:53:46.557+0800: 1.228: [CMS-concurrent-mark: 0.001/0.001 secs] [Times: user=0.00 sys=0.00, real=0.00 secs] 
2020-10-27T20:53:46.557+0800: 1.228: [CMS-concurrent-preclean-start]
2020-10-27T20:53:46.557+0800: 1.229: [CMS-concurrent-preclean: 0.000/0.000 secs] [Times: user=0.00 sys=0.00, real=0.00 secs] 
2020-10-27T20:53:46.557+0800: 1.229: [CMS-concurrent-abortable-preclean-start]
2020-10-27T20:53:46.582+0800: 1.253: [GC (Allocation Failure) 2020-10-27T20:53:46.582+0800: 1.253: [ParNew: 157248K->17472K(157248K), 0.0068803 secs] 386664K->286977K(506816K), 0.0069380 secs] [Times: user=0.00 sys=0.00, real=0.01 secs] 
2020-10-27T20:53:46.622+0800: 1.293: [GC (Allocation Failure) 2020-10-27T20:53:46.622+0800: 1.293: [ParNew: 157248K->17472K(157248K), 0.0072580 secs] 426753K->322833K(506816K), 0.0073236 secs] [Times: user=0.00 sys=0.00, real=0.01 secs] 
2020-10-27T20:53:46.659+0800: 1.330: [GC (Allocation Failure) 2020-10-27T20:53:46.659+0800: 1.330: [ParNew: 157248K->157248K(157248K), 0.0000164 secs]2020-10-27T20:53:46.659+0800: 1.330: [CMS2020-10-27T20:53:46.659+0800: 1.330: [CMS-concurrent-abortable-preclean: 0.002/0.102 secs] [Times: user=0.06 sys=0.00, real=0.10 secs] 
 (concurrent mode failure): 305361K->188186K(349568K), 0.0235783 secs] 462609K->188186K(506816K), [Metaspace: 2700K->2700K(1056768K)], 0.0236713 secs] [Times: user=0.02 sys=0.00, real=0.02 secs] 
2020-10-27T20:53:46.722+0800: 1.393: [GC (Allocation Failure) 2020-10-27T20:53:46.722+0800: 1.393: [ParNew: 139515K->17472K(157248K), 0.0058192 secs] 327701K->236417K(506816K), 0.0058764 secs] [Times: user=0.00 sys=0.00, real=0.01 secs] 
2020-10-27T20:53:46.728+0800: 1.399: [GC (CMS Initial Mark) [1 CMS-initial-mark: 218945K(349568K)] 239481K(506816K), 0.0001749 secs] [Times: user=0.00 sys=0.00, real=0.00 secs] 
2020-10-27T20:53:46.728+0800: 1.399: [CMS-concurrent-mark-start]
2020-10-27T20:53:46.730+0800: 1.401: [CMS-concurrent-mark: 0.001/0.001 secs] [Times: user=0.00 sys=0.00, real=0.00 secs] 
2020-10-27T20:53:46.730+0800: 1.401: [CMS-concurrent-preclean-start]
2020-10-27T20:53:46.730+0800: 1.401: [CMS-concurrent-preclean: 0.000/0.000 secs] [Times: user=0.00 sys=0.00, real=0.00 secs] 
2020-10-27T20:53:46.730+0800: 1.401: [CMS-concurrent-abortable-preclean-start]
2020-10-27T20:53:46.765+0800: 1.436: [GC (Allocation Failure) 2020-10-27T20:53:46.765+0800: 1.436: [ParNew: 157248K->17472K(157248K), 0.0076853 secs] 376193K->278351K(506816K), 0.0077425 secs] [Times: user=0.00 sys=0.00, real=0.01 secs] 
2020-10-27T20:53:46.822+0800: 1.493: [GC (Allocation Failure) 2020-10-27T20:53:46.822+0800: 1.493: [ParNew: 157248K->17472K(157248K), 0.0070027 secs] 418127K->319488K(506816K), 0.0070585 secs] [Times: user=0.06 sys=0.00, real=0.01 secs] 
2020-10-27T20:53:46.867+0800: 1.538: [GC (Allocation Failure) 2020-10-27T20:53:46.867+0800: 1.538: [ParNew: 157248K->157248K(157248K), 0.0000153 secs]2020-10-27T20:53:46.867+0800: 1.538: [CMS2020-10-27T20:53:46.867+0800: 1.538: [CMS-concurrent-abortable-preclean: 0.002/0.137 secs] [Times: user=0.09 sys=0.00, real=0.14 secs] 
 (concurrent mode failure): 302016K->190893K(349568K), 0.0240457 secs] 459264K->190893K(506816K), [Metaspace: 2700K->2700K(1056768K)], 0.0241303 secs] [Times: user=0.03 sys=0.00, real=0.02 secs] 
2020-10-27T20:53:46.935+0800: 1.607: [GC (Allocation Failure) 2020-10-27T20:53:46.935+0800: 1.607: [ParNew: 139776K->17472K(157248K), 0.0054243 secs] 330669K->232822K(506816K), 0.0054856 secs] [Times: user=0.00 sys=0.00, real=0.01 secs] 
2020-10-27T20:53:46.941+0800: 1.612: [GC (CMS Initial Mark) [1 CMS-initial-mark: 215350K(349568K)] 235742K(506816K), 0.0001544 secs] [Times: user=0.00 sys=0.00, real=0.00 secs] 
2020-10-27T20:53:46.941+0800: 1.613: [CMS-concurrent-mark-start]
2020-10-27T20:53:46.942+0800: 1.614: [CMS-concurrent-mark: 0.001/0.001 secs] [Times: user=0.00 sys=0.00, real=0.00 secs] 
2020-10-27T20:53:46.942+0800: 1.614: [CMS-concurrent-preclean-start]
2020-10-27T20:53:46.943+0800: 1.614: [CMS-concurrent-preclean: 0.000/0.000 secs] [Times: user=0.00 sys=0.00, real=0.00 secs] 
2020-10-27T20:53:46.943+0800: 1.614: [CMS-concurrent-abortable-preclean-start]
2020-10-27T20:53:46.980+0800: 1.651: [GC (Allocation Failure) 2020-10-27T20:53:46.980+0800: 1.651: [ParNew: 157248K->17472K(157248K), 0.0065299 secs] 372598K->268337K(506816K), 0.0065880 secs] [Times: user=0.00 sys=0.00, real=0.01 secs] 
2020-10-27T20:53:47.022+0800: 1.694: [GC (Allocation Failure) 2020-10-27T20:53:47.022+0800: 1.694: [ParNew: 157248K->17472K(157248K), 0.0074128 secs] 408113K->311206K(506816K), 0.0074694 secs] [Times: user=0.06 sys=0.00, real=0.01 secs] 
2020-10-27T20:53:47.058+0800: 1.729: [GC (Allocation Failure) 2020-10-27T20:53:47.058+0800: 1.729: [ParNew: 157248K->17472K(157248K), 0.0078166 secs] 450982K->353666K(506816K), 0.0078712 secs] [Times: user=0.06 sys=0.00, real=0.01 secs] 
2020-10-27T20:53:47.066+0800: 1.737: [CMS-concurrent-abortable-preclean: 0.002/0.123 secs] [Times: user=0.13 sys=0.00, real=0.12 secs] 
2020-10-27T20:53:47.066+0800: 1.737: [GC (CMS Final Remark) [YG occupancy: 17853 K (157248 K)]2020-10-27T20:53:47.066+0800: 1.737: [Rescan (parallel) , 0.0003475 secs]2020-10-27T20:53:47.067+0800: 1.738: [weak refs processing, 0.0000186 secs]2020-10-27T20:53:47.067+0800: 1.738: [class unloading, 0.0001761 secs]2020-10-27T20:53:47.067+0800: 1.738: [scrub symbol table, 0.0002699 secs]2020-10-27T20:53:47.067+0800: 1.738: [scrub string table, 0.0000807 secs][1 CMS-remark: 336194K(349568K)] 354047K(506816K), 0.0009438 secs] [Times: user=0.00 sys=0.00, real=0.00 secs] 
2020-10-27T20:53:47.067+0800: 1.738: [CMS-concurrent-sweep-start]
2020-10-27T20:53:47.068+0800: 1.739: [CMS-concurrent-sweep: 0.000/0.000 secs] [Times: user=0.00 sys=0.00, real=0.00 secs] 
2020-10-27T20:53:47.068+0800: 1.739: [CMS-concurrent-reset-start]
2020-10-27T20:53:47.068+0800: 1.739: [CMS-concurrent-reset: 0.000/0.000 secs] [Times: user=0.00 sys=0.00, real=0.00 secs] 
2020-10-27T20:53:47.107+0800: 1.778: [GC (Allocation Failure) 2020-10-27T20:53:47.107+0800: 1.778: [ParNew: 157248K->17472K(157248K), 0.0068725 secs] 452898K->351540K(506816K), 0.0069349 secs] [Times: user=0.00 sys=0.00, real=0.01 secs] 
2020-10-27T20:53:47.114+0800: 1.785: [GC (CMS Initial Mark) [1 CMS-initial-mark: 334068K(349568K)] 352334K(506816K), 0.0001987 secs] [Times: user=0.00 sys=0.00, real=0.00 secs] 
2020-10-27T20:53:47.114+0800: 1.785: [CMS-concurrent-mark-start]
2020-10-27T20:53:47.116+0800: 1.787: [CMS-concurrent-mark: 0.002/0.002 secs] [Times: user=0.00 sys=0.00, real=0.00 secs] 
2020-10-27T20:53:47.116+0800: 1.787: [CMS-concurrent-preclean-start]
2020-10-27T20:53:47.116+0800: 1.787: [CMS-concurrent-preclean: 0.000/0.000 secs] [Times: user=0.00 sys=0.00, real=0.00 secs] 
2020-10-27T20:53:47.116+0800: 1.787: [CMS-concurrent-abortable-preclean-start]
2020-10-27T20:53:47.116+0800: 1.787: [CMS-concurrent-abortable-preclean: 0.000/0.000 secs] [Times: user=0.00 sys=0.00, real=0.00 secs] 
2020-10-27T20:53:47.116+0800: 1.787: [GC (CMS Final Remark) [YG occupancy: 22613 K (157248 K)]2020-10-27T20:53:47.116+0800: 1.787: [Rescan (parallel) , 0.0001805 secs]2020-10-27T20:53:47.117+0800: 1.788: [weak refs processing, 0.0000098 secs]2020-10-27T20:53:47.117+0800: 1.788: [class unloading, 0.0001635 secs]2020-10-27T20:53:47.117+0800: 1.788: [scrub symbol table, 0.0002665 secs]2020-10-27T20:53:47.117+0800: 1.788: [scrub string table, 0.0000795 secs][1 CMS-remark: 334068K(349568K)] 356681K(506816K), 0.0007533 secs] [Times: user=0.00 sys=0.00, real=0.00 secs] 
2020-10-27T20:53:47.117+0800: 1.788: [CMS-concurrent-sweep-start]
2020-10-27T20:53:47.118+0800: 1.789: [CMS-concurrent-sweep: 0.001/0.001 secs] [Times: user=0.00 sys=0.00, real=0.00 secs] 
2020-10-27T20:53:47.118+0800: 1.789: [CMS-concurrent-reset-start]
2020-10-27T20:53:47.118+0800: 1.789: [CMS-concurrent-reset: 0.000/0.000 secs] [Times: user=0.00 sys=0.00, real=0.00 secs] 
2020-10-27T20:53:47.150+0800: 1.821: [GC (Allocation Failure) 2020-10-27T20:53:47.150+0800: 1.821: [ParNew: 157220K->17472K(157248K), 0.0078805 secs] 327019K->230476K(506816K), 0.0079384 secs] [Times: user=0.05 sys=0.00, real=0.01 secs] 
2020-10-27T20:53:47.158+0800: 1.829: [GC (CMS Initial Mark) [1 CMS-initial-mark: 213004K(349568K)] 233387K(506816K), 0.0002740 secs] [Times: user=0.00 sys=0.00, real=0.00 secs] 
2020-10-27T20:53:47.158+0800: 1.829: [CMS-concurrent-mark-start]
2020-10-27T20:53:47.160+0800: 1.831: [CMS-concurrent-mark: 0.001/0.001 secs] [Times: user=0.00 sys=0.00, real=0.00 secs] 
2020-10-27T20:53:47.160+0800: 1.831: [CMS-concurrent-preclean-start]
2020-10-27T20:53:47.160+0800: 1.831: [CMS-concurrent-preclean: 0.000/0.000 secs] [Times: user=0.00 sys=0.00, real=0.00 secs] 
2020-10-27T20:53:47.160+0800: 1.831: [CMS-concurrent-abortable-preclean-start]
2020-10-27T20:53:47.203+0800: 1.874: [GC (Allocation Failure) 2020-10-27T20:53:47.203+0800: 1.874: [ParNew: 157248K->17472K(157248K), 0.0075617 secs] 370252K->271020K(506816K), 0.0076169 secs] [Times: user=0.00 sys=0.00, real=0.01 secs] 
2020-10-27T20:53:47.248+0800: 1.920: [GC (Allocation Failure) 2020-10-27T20:53:47.248+0800: 1.920: [ParNew: 157248K->17472K(157248K), 0.0078128 secs] 410796K->312470K(506816K), 0.0078724 secs] [Times: user=0.00 sys=0.00, real=0.01 secs] 
2020-10-27T20:53:47.290+0800: 1.961: [GC (Allocation Failure) 2020-10-27T20:53:47.290+0800: 1.961: [ParNew: 157248K->17472K(157248K), 0.0073516 secs] 452246K->354234K(506816K), 0.0074064 secs] [Times: user=0.06 sys=0.00, real=0.01 secs] 
2020-10-27T20:53:47.297+0800: 1.969: [CMS-concurrent-abortable-preclean: 0.002/0.138 secs] [Times: user=0.06 sys=0.00, real=0.14 secs] 
2020-10-27T20:53:47.297+0800: 1.969: [GC (CMS Final Remark) [YG occupancy: 20724 K (157248 K)]2020-10-27T20:53:47.297+0800: 1.969: [Rescan (parallel) , 0.0003580 secs]2020-10-27T20:53:47.298+0800: 1.969: [weak refs processing, 0.0000101 secs]2020-10-27T20:53:47.298+0800: 1.969: [class unloading, 0.0001862 secs]2020-10-27T20:53:47.298+0800: 1.970: [scrub symbol table, 0.0002771 secs]2020-10-27T20:53:47.298+0800: 1.970: [scrub string table, 0.0000821 secs][1 CMS-remark: 336762K(349568K)] 357487K(506816K), 0.0009721 secs] [Times: user=0.00 sys=0.00, real=0.00 secs] 
2020-10-27T20:53:47.299+0800: 1.970: [CMS-concurrent-sweep-start]
2020-10-27T20:53:47.299+0800: 1.971: [CMS-concurrent-sweep: 0.001/0.001 secs] [Times: user=0.00 sys=0.00, real=0.00 secs] 
2020-10-27T20:53:47.299+0800: 1.971: [CMS-concurrent-reset-start]
2020-10-27T20:53:47.299+0800: 1.971: [CMS-concurrent-reset: 0.000/0.000 secs] [Times: user=0.00 sys=0.00, real=0.00 secs] 
2020-10-27T20:53:47.340+0800: 2.012: [GC (Allocation Failure) 2020-10-27T20:53:47.340+0800: 2.012: [ParNew (promotion failed): 157248K->157248K(157248K), 0.0080999 secs]2020-10-27T20:53:47.348+0800: 2.020: [CMS: 343367K->193500K(349568K), 0.0238674 secs] 458017K->193500K(506816K), [Metaspace: 2700K->2700K(1056768K)], 0.0320531 secs] [Times: user=0.03 sys=0.00, real=0.03 secs] 
2020-10-27T20:53:47.372+0800: 2.044: [GC (CMS Initial Mark) [1 CMS-initial-mark: 193500K(349568K)] 196548K(506816K), 0.0001069 secs] [Times: user=0.00 sys=0.00, real=0.00 secs] 
2020-10-27T20:53:47.373+0800: 2.044: [CMS-concurrent-mark-start]
2020-10-27T20:53:47.374+0800: 2.046: [CMS-concurrent-mark: 0.002/0.002 secs] [Times: user=0.00 sys=0.00, real=0.00 secs] 
2020-10-27T20:53:47.374+0800: 2.046: [CMS-concurrent-preclean-start]
2020-10-27T20:53:47.375+0800: 2.046: [CMS-concurrent-preclean: 0.000/0.000 secs] [Times: user=0.00 sys=0.00, real=0.00 secs] 
2020-10-27T20:53:47.375+0800: 2.046: [CMS-concurrent-abortable-preclean-start]
2020-10-27T20:53:47.412+0800: 2.083: [GC (Allocation Failure) 2020-10-27T20:53:47.412+0800: 2.083: [ParNew: 139776K->17472K(157248K), 0.0047258 secs] 333276K->233156K(506816K), 0.0047824 secs] [Times: user=0.00 sys=0.00, real=0.01 secs] 
2020-10-27T20:53:47.449+0800: 2.120: [GC (Allocation Failure) 2020-10-27T20:53:47.449+0800: 2.120: [ParNew: 156888K->17472K(157248K), 0.0074259 secs] 372573K->274085K(506816K), 0.0074830 secs] [Times: user=0.00 sys=0.00, real=0.01 secs] 
2020-10-27T20:53:47.482+0800: 2.153: [GC (Allocation Failure) 2020-10-27T20:53:47.482+0800: 2.154: [ParNew: 157122K->17472K(157248K), 0.0072680 secs] 413736K->316030K(506816K), 0.0073291 secs] [Times: user=0.00 sys=0.00, real=0.01 secs] 
2020-10-27T20:53:47.531+0800: 2.202: [GC (Allocation Failure) 2020-10-27T20:53:47.531+0800: 2.202: [ParNew: 157248K->17472K(157248K), 0.0083609 secs] 455806K->360287K(506816K), 0.0084202 secs] [Times: user=0.00 sys=0.00, real=0.01 secs] 
2020-10-27T20:53:47.539+0800: 2.210: [CMS-concurrent-abortable-preclean: 0.003/0.164 secs] [Times: user=0.02 sys=0.00, real=0.16 secs] 
2020-10-27T20:53:47.539+0800: 2.210: [GC (CMS Final Remark) [YG occupancy: 20643 K (157248 K)]2020-10-27T20:53:47.540+0800: 2.210: [Rescan (parallel) , 0.0001991 secs]2020-10-27T20:53:47.540+0800: 2.211: [weak refs processing, 0.0000104 secs]2020-10-27T20:53:47.540+0800: 2.211: [class unloading, 0.0001705 secs]2020-10-27T20:53:47.540+0800: 2.211: [scrub symbol table, 0.0003027 secs]2020-10-27T20:53:47.540+0800: 2.211: [scrub string table, 0.0000816 secs][1 CMS-remark: 342815K(349568K)] 363458K(506816K), 0.0008353 secs] [Times: user=0.00 sys=0.00, real=0.00 secs] 
2020-10-27T20:53:47.540+0800: 2.211: [CMS-concurrent-sweep-start]
2020-10-27T20:53:47.541+0800: 2.212: [CMS-concurrent-sweep: 0.000/0.000 secs] [Times: user=0.00 sys=0.00, real=0.00 secs] 
2020-10-27T20:53:47.541+0800: 2.212: [CMS-concurrent-reset-start]
2020-10-27T20:53:47.541+0800: 2.212: [CMS-concurrent-reset: 0.000/0.000 secs] [Times: user=0.00 sys=0.00, real=0.00 secs] 
2020-10-27T20:53:47.587+0800: 2.259: [GC (Allocation Failure) 2020-10-27T20:53:47.587+0800: 2.259: [ParNew: 156971K->156971K(157248K), 0.0000154 secs]2020-10-27T20:53:47.587+0800: 2.259: [CMS: 342072K->189429K(349568K), 0.0249166 secs] 499044K->189429K(506816K), [Metaspace: 2700K->2700K(1056768K)], 0.0250002 secs] [Times: user=0.03 sys=0.00, real=0.03 secs] 
2020-10-27T20:53:47.643+0800: 2.314: [GC (Allocation Failure) 2020-10-27T20:53:47.643+0800: 2.314: [ParNew: 139698K->17472K(157248K), 0.0057733 secs] 329128K->236560K(506816K), 0.0058322 secs] [Times: user=0.00 sys=0.00, real=0.01 secs] 
2020-10-27T20:53:47.649+0800: 2.320: [GC (CMS Initial Mark) [1 CMS-initial-mark: 219088K(349568K)] 236887K(506816K), 0.0000923 secs] [Times: user=0.00 sys=0.00, real=0.00 secs] 
2020-10-27T20:53:47.649+0800: 2.320: [CMS-concurrent-mark-start]
2020-10-27T20:53:47.650+0800: 2.322: [CMS-concurrent-mark: 0.002/0.002 secs] [Times: user=0.00 sys=0.00, real=0.00 secs] 
2020-10-27T20:53:47.650+0800: 2.322: [CMS-concurrent-preclean-start]
2020-10-27T20:53:47.651+0800: 2.322: [CMS-concurrent-preclean: 0.000/0.000 secs] [Times: user=0.00 sys=0.00, real=0.00 secs] 
2020-10-27T20:53:47.651+0800: 2.322: [CMS-concurrent-abortable-preclean-start]
2020-10-27T20:53:47.687+0800: 2.358: [GC (Allocation Failure) 2020-10-27T20:53:47.687+0800: 2.358: [ParNew: 156780K->17472K(157248K), 0.0070635 secs] 375868K->275095K(506816K), 0.0071177 secs] [Times: user=0.00 sys=0.00, real=0.01 secs] 
2020-10-27T20:53:47.730+0800: 2.401: [GC (Allocation Failure) 2020-10-27T20:53:47.730+0800: 2.401: [ParNew: 157248K->17472K(157248K), 0.0071420 secs] 414871K->317762K(506816K), 0.0071998 secs] [Times: user=0.00 sys=0.00, real=0.01 secs] 
2020-10-27T20:53:47.782+0800: 2.453: [GC (Allocation Failure) 2020-10-27T20:53:47.782+0800: 2.453: [ParNew: 157248K->157248K(157248K), 0.0000181 secs]2020-10-27T20:53:47.782+0800: 2.453: [CMS2020-10-27T20:53:47.782+0800: 2.453: [CMS-concurrent-abortable-preclean: 0.002/0.131 secs] [Times: user=0.01 sys=0.02, real=0.13 secs] 
 (concurrent mode failure): 300290K->190090K(349568K), 0.0250587 secs] 457538K->190090K(506816K), [Metaspace: 2700K->2700K(1056768K)], 0.0251509 secs] [Times: user=0.02 sys=0.00, real=0.02 secs] 
2020-10-27T20:53:47.855+0800: 2.526: [GC (Allocation Failure) 2020-10-27T20:53:47.855+0800: 2.526: [ParNew: 139776K->17472K(157248K), 0.0055360 secs] 329866K->233848K(506816K), 0.0055977 secs] [Times: user=0.03 sys=0.00, real=0.00 secs] 
2020-10-27T20:53:47.892+0800: 2.563: [GC (Allocation Failure) 2020-10-27T20:53:47.892+0800: 2.563: [ParNew: 157248K->17472K(157248K), 0.0071124 secs] 373624K->277601K(506816K), 0.0071746 secs] [Times: user=0.00 sys=0.00, real=0.01 secs] 
2020-10-27T20:53:47.899+0800: 2.570: [GC (CMS Initial Mark) [1 CMS-initial-mark: 260129K(349568K)] 281266K(506816K), 0.0000962 secs] [Times: user=0.00 sys=0.00, real=0.00 secs] 
2020-10-27T20:53:47.899+0800: 2.570: [CMS-concurrent-mark-start]
2020-10-27T20:53:47.901+0800: 2.572: [CMS-concurrent-mark: 0.002/0.002 secs] [Times: user=0.00 sys=0.00, real=0.00 secs] 
2020-10-27T20:53:47.901+0800: 2.572: [CMS-concurrent-preclean-start]
2020-10-27T20:53:47.901+0800: 2.572: [CMS-concurrent-preclean: 0.000/0.000 secs] [Times: user=0.00 sys=0.00, real=0.00 secs] 
2020-10-27T20:53:47.901+0800: 2.572: [CMS-concurrent-abortable-preclean-start]
2020-10-27T20:53:47.936+0800: 2.607: [GC (Allocation Failure) 2020-10-27T20:53:47.936+0800: 2.607: [ParNew: 157248K->17472K(157248K), 0.0076143 secs] 417377K->319829K(506816K), 0.0076761 secs] [Times: user=0.00 sys=0.00, real=0.01 secs] 
2020-10-27T20:53:47.981+0800: 2.653: [GC (Allocation Failure) 2020-10-27T20:53:47.981+0800: 2.653: [ParNew: 157248K->157248K(157248K), 0.0000166 secs]2020-10-27T20:53:47.981+0800: 2.653: [CMS2020-10-27T20:53:47.981+0800: 2.653: [CMS-concurrent-abortable-preclean: 0.001/0.081 secs] [Times: user=0.02 sys=0.00, real=0.08 secs] 
 (concurrent mode failure): 302357K->189040K(349568K), 0.0278800 secs] 459605K->189040K(506816K), [Metaspace: 2700K->2700K(1056768K)], 0.0279635 secs] [Times: user=0.01 sys=0.00, real=0.03 secs] 
2020-10-27T20:53:48.065+0800: 2.736: [GC (Allocation Failure) 2020-10-27T20:53:48.065+0800: 2.736: [ParNew: 139776K->17472K(157248K), 0.0056384 secs] 328816K->235290K(506816K), 0.0056938 secs] [Times: user=0.00 sys=0.00, real=0.01 secs] 
2020-10-27T20:53:48.110+0800: 2.782: [GC (Allocation Failure) 2020-10-27T20:53:48.110+0800: 2.782: [ParNew: 157248K->17472K(157248K), 0.0066736 secs] 375066K->274577K(506816K), 0.0067302 secs] [Times: user=0.00 sys=0.00, real=0.01 secs] 
2020-10-27T20:53:48.117+0800: 2.788: [GC (CMS Initial Mark) [1 CMS-initial-mark: 257105K(349568K)] 274975K(506816K), 0.0001492 secs] [Times: user=0.00 sys=0.00, real=0.00 secs] 
2020-10-27T20:53:48.117+0800: 2.789: [CMS-concurrent-mark-start]
2020-10-27T20:53:48.119+0800: 2.790: [CMS-concurrent-mark: 0.002/0.002 secs] [Times: user=0.00 sys=0.00, real=0.00 secs] 
2020-10-27T20:53:48.119+0800: 2.790: [CMS-concurrent-preclean-start]
2020-10-27T20:53:48.119+0800: 2.791: [CMS-concurrent-preclean: 0.000/0.000 secs] [Times: user=0.00 sys=0.00, real=0.00 secs] 
2020-10-27T20:53:48.119+0800: 2.791: [CMS-concurrent-abortable-preclean-start]
2020-10-27T20:53:48.146+0800: 2.817: [GC (Allocation Failure) 2020-10-27T20:53:48.146+0800: 2.817: [ParNew: 157248K->17472K(157248K), 0.0073368 secs] 414353K->319131K(506816K), 0.0073912 secs] [Times: user=0.06 sys=0.00, real=0.01 secs] 
2020-10-27T20:53:48.184+0800: 2.855: [GC (Allocation Failure) 2020-10-27T20:53:48.184+0800: 2.856: [ParNew: 157248K->157248K(157248K), 0.0000157 secs]2020-10-27T20:53:48.184+0800: 2.856: [CMS2020-10-27T20:53:48.184+0800: 2.856: [CMS-concurrent-abortable-preclean: 0.001/0.065 secs] [Times: user=0.08 sys=0.00, real=0.07 secs] 
 (concurrent mode failure): 301659K->191110K(349568K), 0.0232699 secs] 458907K->191110K(506816K), [Metaspace: 2700K->2700K(1056768K)], 0.0233527 secs] [Times: user=0.01 sys=0.00, real=0.02 secs] 
2020-10-27T20:53:48.246+0800: 2.917: [GC (Allocation Failure) 2020-10-27T20:53:48.246+0800: 2.917: [ParNew: 139776K->17472K(157248K), 0.0063650 secs] 330886K->240860K(506816K), 0.0064311 secs] [Times: user=0.00 sys=0.00, real=0.01 secs] 
2020-10-27T20:53:48.252+0800: 2.923: [GC (CMS Initial Mark) [1 CMS-initial-mark: 223388K(349568K)] 244351K(506816K), 0.0001892 secs] [Times: user=0.00 sys=0.00, real=0.00 secs] 
2020-10-27T20:53:48.252+0800: 2.923: [CMS-concurrent-mark-start]
2020-10-27T20:53:48.254+0800: 2.925: [CMS-concurrent-mark: 0.002/0.002 secs] [Times: user=0.00 sys=0.00, real=0.00 secs] 
2020-10-27T20:53:48.254+0800: 2.925: [CMS-concurrent-preclean-start]
2020-10-27T20:53:48.254+0800: 2.925: [CMS-concurrent-preclean: 0.000/0.000 secs] [Times: user=0.00 sys=0.00, real=0.00 secs] 
2020-10-27T20:53:48.254+0800: 2.925: [CMS-concurrent-abortable-preclean-start]
2020-10-27T20:53:48.286+0800: 2.956: [GC (Allocation Failure) 2020-10-27T20:53:48.286+0800: 2.957: [ParNew: 157248K->17472K(157248K), 0.0070047 secs] 380636K->281902K(506816K), 0.0070845 secs] [Times: user=0.06 sys=0.00, real=0.01 secs] 
2020-10-27T20:53:48.332+0800: 3.003: [GC (Allocation Failure) 2020-10-27T20:53:48.332+0800: 3.003: [ParNew: 157248K->17470K(157248K), 0.0066699 secs] 421678K->319264K(506816K), 0.0067312 secs] [Times: user=0.00 sys=0.00, real=0.01 secs] 
2020-10-27T20:53:48.390+0800: 3.061: [GC (Allocation Failure) 2020-10-27T20:53:48.390+0800: 3.061: [ParNew: 157246K->157246K(157248K), 0.0000585 secs]2020-10-27T20:53:48.390+0800: 3.062: [CMS2020-10-27T20:53:48.390+0800: 3.062: [CMS-concurrent-abortable-preclean: 0.002/0.136 secs] [Times: user=0.13 sys=0.00, real=0.14 secs] 
 (concurrent mode failure): 301793K->182941K(349568K), 0.0342134 secs] 459040K->182941K(506816K), [Metaspace: 2700K->2700K(1056768K)], 0.0344096 secs] [Times: user=0.03 sys=0.00, real=0.03 secs] 
2020-10-27T20:53:48.467+0800: 3.138: [GC (Allocation Failure) 2020-10-27T20:53:48.467+0800: 3.138: [ParNew: 139776K->17472K(157248K), 0.0063634 secs] 322717K->232692K(506816K), 0.0064228 secs] [Times: user=0.00 sys=0.00, real=0.01 secs] 
2020-10-27T20:53:48.513+0800: 3.184: [GC (Allocation Failure) 2020-10-27T20:53:48.513+0800: 3.184: [ParNew: 157248K->17472K(157248K), 0.0069654 secs] 372468K->272646K(506816K), 0.0070183 secs] [Times: user=0.00 sys=0.00, real=0.01 secs] 
2020-10-27T20:53:48.520+0800: 3.192: [GC (CMS Initial Mark) [1 CMS-initial-mark: 255174K(349568K)] 272814K(506816K), 0.0001302 secs] [Times: user=0.00 sys=0.00, real=0.00 secs] 
2020-10-27T20:53:48.520+0800: 3.192: [CMS-concurrent-mark-start]
2020-10-27T20:53:48.522+0800: 3.193: [CMS-concurrent-mark: 0.002/0.002 secs] [Times: user=0.00 sys=0.00, real=0.00 secs] 
2020-10-27T20:53:48.522+0800: 3.193: [CMS-concurrent-preclean-start]
2020-10-27T20:53:48.522+0800: 3.194: [CMS-concurrent-preclean: 0.000/0.000 secs] [Times: user=0.00 sys=0.00, real=0.00 secs] 
2020-10-27T20:53:48.522+0800: 3.194: [CMS-concurrent-abortable-preclean-start]
2020-10-27T20:53:48.556+0800: 3.227: [GC (Allocation Failure) 2020-10-27T20:53:48.556+0800: 3.227: [ParNew: 157183K->17472K(157248K), 0.0076974 secs] 412358K->316957K(506816K), 0.0077536 secs] [Times: user=0.05 sys=0.00, real=0.01 secs] 
2020-10-27T20:53:48.602+0800: 3.274: [GC (Allocation Failure) 2020-10-27T20:53:48.603+0800: 3.274: [ParNew: 157248K->157248K(157248K), 0.0000160 secs]2020-10-27T20:53:48.603+0800: 3.274: [CMS2020-10-27T20:53:48.603+0800: 3.274: [CMS-concurrent-abortable-preclean: 0.001/0.080 secs] [Times: user=0.06 sys=0.00, real=0.08 secs] 
 (concurrent mode failure): 299485K->181636K(349568K), 0.0227653 secs] 456733K->181636K(506816K), [Metaspace: 2700K->2700K(1056768K)], 0.0228516 secs] [Times: user=0.03 sys=0.00, real=0.02 secs] 
2020-10-27T20:53:48.664+0800: 3.335: [GC (Allocation Failure) 2020-10-27T20:53:48.664+0800: 3.335: [ParNew: 139776K->17472K(157248K), 0.0057395 secs] 321412K->226768K(506816K), 0.0057957 secs] [Times: user=0.06 sys=0.00, real=0.01 secs] 
2020-10-27T20:53:48.706+0800: 3.377: [GC (Allocation Failure) 2020-10-27T20:53:48.706+0800: 3.377: [ParNew: 157248K->17472K(157248K), 0.0072295 secs] 366544K->273138K(506816K), 0.0072845 secs] [Times: user=0.00 sys=0.00, real=0.01 secs] 
2020-10-27T20:53:48.713+0800: 3.385: [GC (CMS Initial Mark) [1 CMS-initial-mark: 255666K(349568K)] 275926K(506816K), 0.0002645 secs] [Times: user=0.00 sys=0.00, real=0.00 secs] 
2020-10-27T20:53:48.713+0800: 3.385: [CMS-concurrent-mark-start]
2020-10-27T20:53:48.715+0800: 3.387: [CMS-concurrent-mark: 0.001/0.001 secs] [Times: user=0.03 sys=0.00, real=0.00 secs] 
2020-10-27T20:53:48.715+0800: 3.387: [CMS-concurrent-preclean-start]
2020-10-27T20:53:48.715+0800: 3.387: [CMS-concurrent-preclean: 0.000/0.000 secs] [Times: user=0.00 sys=0.00, real=0.00 secs] 
2020-10-27T20:53:48.715+0800: 3.387: [CMS-concurrent-abortable-preclean-start]
2020-10-27T20:53:48.749+0800: 3.421: [GC (Allocation Failure) 2020-10-27T20:53:48.749+0800: 3.421: [ParNew: 157248K->17472K(157248K), 0.0070771 secs] 412914K->311943K(506816K), 0.0071363 secs] [Times: user=0.00 sys=0.00, real=0.01 secs] 
2020-10-27T20:53:48.783+0800: 3.454: [GC (Allocation Failure) 2020-10-27T20:53:48.783+0800: 3.454: [ParNew: 157248K->17472K(157248K), 0.0068106 secs] 451719K->346759K(506816K), 0.0068655 secs] [Times: user=0.00 sys=0.00, real=0.01 secs] 
2020-10-27T20:53:48.790+0800: 3.462: [CMS-concurrent-abortable-preclean: 0.002/0.075 secs] [Times: user=0.03 sys=0.00, real=0.08 secs] 
2020-10-27T20:53:48.790+0800: 3.462: [GC (CMS Final Remark) [YG occupancy: 24196 K (157248 K)]2020-10-27T20:53:48.790+0800: 3.462: [Rescan (parallel) , 0.0002671 secs]2020-10-27T20:53:48.791+0800: 3.462: [weak refs processing, 0.0000104 secs]2020-10-27T20:53:48.791+0800: 3.462: [class unloading, 0.0001716 secs]2020-10-27T20:53:48.791+0800: 3.463: [scrub symbol table, 0.0002718 secs]2020-10-27T20:53:48.791+0800: 3.463: [scrub string table, 0.0000809 secs][1 CMS-remark: 329287K(349568K)] 353483K(506816K), 0.0008558 secs] [Times: user=0.00 sys=0.00, real=0.00 secs] 
2020-10-27T20:53:48.791+0800: 3.463: [CMS-concurrent-sweep-start]
2020-10-27T20:53:48.792+0800: 3.464: [CMS-concurrent-sweep: 0.001/0.001 secs] [Times: user=0.00 sys=0.00, real=0.00 secs] 
2020-10-27T20:53:48.792+0800: 3.464: [CMS-concurrent-reset-start]
2020-10-27T20:53:48.792+0800: 3.464: [CMS-concurrent-reset: 0.000/0.000 secs] [Times: user=0.00 sys=0.00, real=0.00 secs] 
2020-10-27T20:53:48.839+0800: 3.511: [GC (Allocation Failure) 2020-10-27T20:53:48.839+0800: 3.511: [ParNew: 157248K->17472K(157248K), 0.0077176 secs] 402449K->307169K(506816K), 0.0077741 secs] [Times: user=0.06 sys=0.00, real=0.01 secs] 
2020-10-27T20:53:48.847+0800: 3.519: [GC (CMS Initial Mark) [1 CMS-initial-mark: 289697K(349568K)] 310646K(506816K), 0.0002585 secs] [Times: user=0.00 sys=0.00, real=0.00 secs] 
2020-10-27T20:53:48.847+0800: 3.519: [CMS-concurrent-mark-start]
2020-10-27T20:53:48.849+0800: 3.520: [CMS-concurrent-mark: 0.002/0.002 secs] [Times: user=0.00 sys=0.00, real=0.00 secs] 
2020-10-27T20:53:48.849+0800: 3.520: [CMS-concurrent-preclean-start]
2020-10-27T20:53:48.849+0800: 3.521: [CMS-concurrent-preclean: 0.000/0.000 secs] [Times: user=0.00 sys=0.00, real=0.00 secs] 
2020-10-27T20:53:48.849+0800: 3.521: [CMS-concurrent-abortable-preclean-start]
2020-10-27T20:53:48.886+0800: 3.557: [GC (Allocation Failure) 2020-10-27T20:53:48.886+0800: 3.557: [ParNew: 157100K->17472K(157248K), 0.0072406 secs] 446797K->343956K(506816K), 0.0072984 secs] [Times: user=0.06 sys=0.00, real=0.01 secs] 
2020-10-27T20:53:48.894+0800: 3.565: [CMS-concurrent-abortable-preclean: 0.001/0.044 secs] [Times: user=0.06 sys=0.00, real=0.05 secs] 
2020-10-27T20:53:48.894+0800: 3.565: [GC (CMS Final Remark) [YG occupancy: 24167 K (157248 K)]2020-10-27T20:53:48.894+0800: 3.565: [Rescan (parallel) , 0.0003130 secs]2020-10-27T20:53:48.894+0800: 3.566: [weak refs processing, 0.0000096 secs]2020-10-27T20:53:48.894+0800: 3.566: [class unloading, 0.0001774 secs]2020-10-27T20:53:48.895+0800: 3.566: [scrub symbol table, 0.0002707 secs]2020-10-27T20:53:48.895+0800: 3.566: [scrub string table, 0.0000801 secs][1 CMS-remark: 326484K(349568K)] 350652K(506816K), 0.0009057 secs] [Times: user=0.00 sys=0.00, real=0.00 secs] 
2020-10-27T20:53:48.895+0800: 3.566: [CMS-concurrent-sweep-start]
2020-10-27T20:53:48.896+0800: 3.567: [CMS-concurrent-sweep: 0.001/0.001 secs] [Times: user=0.00 sys=0.00, real=0.00 secs] 
2020-10-27T20:53:48.896+0800: 3.567: [CMS-concurrent-reset-start]
2020-10-27T20:53:48.896+0800: 3.567: [CMS-concurrent-reset: 0.000/0.000 secs] [Times: user=0.00 sys=0.00, real=0.00 secs] 
2020-10-27T20:53:48.934+0800: 3.605: [GC (Allocation Failure) 2020-10-27T20:53:48.934+0800: 3.605: [ParNew: 157248K->17472K(157248K), 0.0076525 secs] 370289K->270491K(506816K), 0.0077063 secs] [Times: user=0.00 sys=0.00, real=0.01 secs] 
2020-10-27T20:53:48.942+0800: 3.613: [GC (CMS Initial Mark) [1 CMS-initial-mark: 253019K(349568K)] 274050K(506816K), 0.0002499 secs] [Times: user=0.00 sys=0.00, real=0.00 secs] 
2020-10-27T20:53:48.942+0800: 3.613: [CMS-concurrent-mark-start]
2020-10-27T20:53:48.944+0800: 3.615: [CMS-concurrent-mark: 0.001/0.001 secs] [Times: user=0.00 sys=0.00, real=0.00 secs] 
2020-10-27T20:53:48.944+0800: 3.615: [CMS-concurrent-preclean-start]
2020-10-27T20:53:48.944+0800: 3.615: [CMS-concurrent-preclean: 0.000/0.000 secs] [Times: user=0.00 sys=0.00, real=0.00 secs] 
2020-10-27T20:53:48.944+0800: 3.615: [CMS-concurrent-abortable-preclean-start]
2020-10-27T20:53:48.978+0800: 3.649: [GC (Allocation Failure) 2020-10-27T20:53:48.978+0800: 3.649: [ParNew: 157248K->17472K(157248K), 0.0074866 secs] 410267K->311802K(506816K), 0.0075409 secs] [Times: user=0.06 sys=0.00, real=0.01 secs] 
2020-10-27T20:53:49.027+0800: 3.698: [GC (Allocation Failure) 2020-10-27T20:53:49.027+0800: 3.698: [ParNew: 157248K->17472K(157248K), 0.0086000 secs] 451578K->361714K(506816K), 0.0086581 secs] [Times: user=0.06 sys=0.00, real=0.01 secs] 
2020-10-27T20:53:49.036+0800: 3.707: [CMS-concurrent-abortable-preclean: 0.001/0.091 secs] [Times: user=0.14 sys=0.00, real=0.09 secs] 
2020-10-27T20:53:49.036+0800: 3.707: [GC (CMS Final Remark) [YG occupancy: 20352 K (157248 K)]2020-10-27T20:53:49.036+0800: 3.707: [Rescan (parallel) , 0.0002669 secs]2020-10-27T20:53:49.036+0800: 3.707: [weak refs processing, 0.0000095 secs]2020-10-27T20:53:49.036+0800: 3.707: [class unloading, 0.0001679 secs]2020-10-27T20:53:49.036+0800: 3.707: [scrub symbol table, 0.0002736 secs]2020-10-27T20:53:49.036+0800: 3.707: [scrub string table, 0.0000805 secs][1 CMS-remark: 344242K(349568K)] 364594K(506816K), 0.0008505 secs] [Times: user=0.00 sys=0.00, real=0.00 secs] 
2020-10-27T20:53:49.037+0800: 3.708: [CMS-concurrent-sweep-start]
2020-10-27T20:53:49.037+0800: 3.708: [CMS-concurrent-sweep: 0.001/0.001 secs] [Times: user=0.00 sys=0.00, real=0.00 secs] 
2020-10-27T20:53:49.037+0800: 3.708: [CMS-concurrent-reset-start]
2020-10-27T20:53:49.038+0800: 3.709: [CMS-concurrent-reset: 0.000/0.000 secs] [Times: user=0.00 sys=0.00, real=0.00 secs] 
2020-10-27T20:53:49.072+0800: 3.743: [GC (Allocation Failure) 2020-10-27T20:53:49.072+0800: 3.743: [ParNew: 157248K->17472K(157248K), 0.0069206 secs] 422129K->319686K(506816K), 0.0069797 secs] [Times: user=0.06 sys=0.00, real=0.01 secs] 
2020-10-27T20:53:49.079+0800: 3.750: [GC (CMS Initial Mark) [1 CMS-initial-mark: 302214K(349568K)] 322878K(506816K), 0.0001620 secs] [Times: user=0.00 sys=0.00, real=0.00 secs] 
2020-10-27T20:53:49.080+0800: 3.750: [CMS-concurrent-mark-start]
2020-10-27T20:53:49.081+0800: 3.752: [CMS-concurrent-mark: 0.002/0.002 secs] [Times: user=0.00 sys=0.00, real=0.00 secs] 
2020-10-27T20:53:49.081+0800: 3.752: [CMS-concurrent-preclean-start]
2020-10-27T20:53:49.082+0800: 3.752: [CMS-concurrent-preclean: 0.000/0.000 secs] [Times: user=0.00 sys=0.00, real=0.00 secs] 
2020-10-27T20:53:49.082+0800: 3.752: [CMS-concurrent-abortable-preclean-start]
2020-10-27T20:53:49.113+0800: 3.785: [GC (Allocation Failure) 2020-10-27T20:53:49.113+0800: 3.785: [ParNew: 157190K->157190K(157248K), 0.0000156 secs]2020-10-27T20:53:49.113+0800: 3.785: [CMS2020-10-27T20:53:49.113+0800: 3.785: [CMS-concurrent-abortable-preclean: 0.000/0.032 secs] [Times: user=0.02 sys=0.00, real=0.03 secs] 
 (concurrent mode failure): 302214K->201162K(349568K), 0.0252579 secs] 459404K->201162K(506816K), [Metaspace: 2700K->2700K(1056768K)], 0.0253423 secs] [Times: user=0.03 sys=0.00, real=0.03 secs] 
2020-10-27T20:53:49.177+0800: 3.848: [GC (Allocation Failure) 2020-10-27T20:53:49.177+0800: 3.848: [ParNew: 139350K->17472K(157248K), 0.0059622 secs] 340513K->253038K(506816K), 0.0060174 secs] [Times: user=0.00 sys=0.00, real=0.01 secs] 
2020-10-27T20:53:49.183+0800: 3.855: [GC (CMS Initial Mark) [1 CMS-initial-mark: 235566K(349568K)] 256270K(506816K), 0.0002619 secs] [Times: user=0.00 sys=0.00, real=0.00 secs] 
2020-10-27T20:53:49.183+0800: 3.855: [CMS-concurrent-mark-start]
2020-10-27T20:53:49.185+0800: 3.856: [CMS-concurrent-mark: 0.002/0.002 secs] [Times: user=0.03 sys=0.00, real=0.00 secs] 
2020-10-27T20:53:49.185+0800: 3.856: [CMS-concurrent-preclean-start]
2020-10-27T20:53:49.185+0800: 3.857: [CMS-concurrent-preclean: 0.000/0.000 secs] [Times: user=0.00 sys=0.00, real=0.00 secs] 
2020-10-27T20:53:49.185+0800: 3.857: [CMS-concurrent-abortable-preclean-start]
2020-10-27T20:53:49.225+0800: 3.896: [GC (Allocation Failure) 2020-10-27T20:53:49.225+0800: 3.897: [ParNew: 157248K->17472K(157248K), 0.0067241 secs] 392814K->294501K(506816K), 0.0067813 secs] [Times: user=0.06 sys=0.00, real=0.01 secs] 
2020-10-27T20:53:49.270+0800: 3.941: [GC (Allocation Failure) 2020-10-27T20:53:49.270+0800: 3.941: [ParNew: 157248K->17472K(157248K), 0.0069939 secs] 434277K->336176K(506816K), 0.0070479 secs] [Times: user=0.00 sys=0.00, real=0.01 secs] 
2020-10-27T20:53:49.312+0800: 3.983: [GC (Allocation Failure) 2020-10-27T20:53:49.312+0800: 3.983: [ParNew: 157129K->157129K(157248K), 0.0000155 secs]2020-10-27T20:53:49.312+0800: 3.983: [CMS2020-10-27T20:53:49.312+0800: 3.983: [CMS-concurrent-abortable-preclean: 0.002/0.127 secs] [Times: user=0.09 sys=0.00, real=0.13 secs] 
 (concurrent mode failure): 318704K->189407K(349568K), 0.0236056 secs] 475833K->189407K(506816K), [Metaspace: 2700K->2700K(1056768K)], 0.0236905 secs] [Times: user=0.02 sys=0.00, real=0.02 secs] 
2020-10-27T20:53:49.377+0800: 4.048: [GC (Allocation Failure) 2020-10-27T20:53:49.377+0800: 4.048: [ParNew: 139672K->17472K(157248K), 0.0050408 secs] 329080K->232819K(506816K), 0.0050962 secs] [Times: user=0.00 sys=0.00, real=0.00 secs] 
2020-10-27T20:53:49.418+0800: 4.089: [GC (Allocation Failure) 2020-10-27T20:53:49.418+0800: 4.089: [ParNew: 157248K->17472K(157248K), 0.0075312 secs] 372595K->275857K(506816K), 0.0075877 secs] [Times: user=0.00 sys=0.00, real=0.01 secs] 
2020-10-27T20:53:49.426+0800: 4.097: [GC (CMS Initial Mark) [1 CMS-initial-mark: 258385K(349568K)] 278991K(506816K), 0.0002423 secs] [Times: user=0.00 sys=0.00, real=0.00 secs] 
2020-10-27T20:53:49.426+0800: 4.097: [CMS-concurrent-mark-start]
2020-10-27T20:53:49.428+0800: 4.099: [CMS-concurrent-mark: 0.001/0.001 secs] [Times: user=0.00 sys=0.00, real=0.00 secs] 
2020-10-27T20:53:49.428+0800: 4.099: [CMS-concurrent-preclean-start]
2020-10-27T20:53:49.428+0800: 4.099: [CMS-concurrent-preclean: 0.000/0.000 secs] [Times: user=0.00 sys=0.00, real=0.00 secs] 
2020-10-27T20:53:49.428+0800: 4.099: [CMS-concurrent-abortable-preclean-start]
2020-10-27T20:53:49.478+0800: 4.150: [GC (Allocation Failure) 2020-10-27T20:53:49.478+0800: 4.150: [ParNew: 157055K->17472K(157248K), 0.0073386 secs] 415440K->319915K(506816K), 0.0073991 secs] [Times: user=0.06 sys=0.00, real=0.01 secs] 
2020-10-27T20:53:49.497+0800: 4.168: [CMS-concurrent-abortable-preclean: 0.001/0.069 secs] [Times: user=0.08 sys=0.00, real=0.07 secs] 
2020-10-27T20:53:49.497+0800: 4.169: [GC (CMS Final Remark) [YG occupancy: 66311 K (157248 K)]2020-10-27T20:53:49.497+0800: 4.169: [Rescan (parallel) , 0.0002143 secs]2020-10-27T20:53:49.497+0800: 4.169: [weak refs processing, 0.0000112 secs]2020-10-27T20:53:49.497+0800: 4.169: [class unloading, 0.0001913 secs]2020-10-27T20:53:49.497+0800: 4.169: [scrub symbol table, 0.0003121 secs]2020-10-27T20:53:49.498+0800: 4.169: [scrub string table, 0.0000933 secs][1 CMS-remark: 302443K(349568K)] 368755K(506816K), 0.0009022 secs] [Times: user=0.00 sys=0.00, real=0.00 secs] 
2020-10-27T20:53:49.498+0800: 4.169: [CMS-concurrent-sweep-start]
2020-10-27T20:53:49.498+0800: 4.170: [CMS-concurrent-sweep: 0.000/0.000 secs] [Times: user=0.00 sys=0.00, real=0.00 secs] 
2020-10-27T20:53:49.498+0800: 4.170: [CMS-concurrent-reset-start]
2020-10-27T20:53:49.498+0800: 4.170: [CMS-concurrent-reset: 0.000/0.000 secs] [Times: user=0.00 sys=0.00, real=0.00 secs] 
2020-10-27T20:53:49.536+0800: 4.208: [GC (Allocation Failure) 2020-10-27T20:53:49.536+0800: 4.208: [ParNew: 157248K->17472K(157248K), 0.0069091 secs] 371934K->269074K(506816K), 0.0069778 secs] [Times: user=0.05 sys=0.00, real=0.01 secs] 
2020-10-27T20:53:49.544+0800: 4.215: [GC (CMS Initial Mark) [1 CMS-initial-mark: 251602K(349568K)] 269412K(506816K), 0.0000989 secs] [Times: user=0.00 sys=0.00, real=0.00 secs] 
2020-10-27T20:53:49.544+0800: 4.215: [CMS-concurrent-mark-start]
2020-10-27T20:53:49.545+0800: 4.217: [CMS-concurrent-mark: 0.001/0.001 secs] [Times: user=0.00 sys=0.00, real=0.00 secs] 
2020-10-27T20:53:49.545+0800: 4.217: [CMS-concurrent-preclean-start]
2020-10-27T20:53:49.546+0800: 4.217: [CMS-concurrent-preclean: 0.000/0.000 secs] [Times: user=0.00 sys=0.00, real=0.00 secs] 
2020-10-27T20:53:49.546+0800: 4.217: [CMS-concurrent-abortable-preclean-start]
2020-10-27T20:53:49.579+0800: 4.251: [GC (Allocation Failure) 2020-10-27T20:53:49.579+0800: 4.251: [ParNew: 156496K->17472K(157248K), 0.0064661 secs] 408098K->307510K(506816K), 0.0065221 secs] [Times: user=0.00 sys=0.00, real=0.01 secs] 
2020-10-27T20:53:49.617+0800: 4.289: [GC (Allocation Failure) 2020-10-27T20:53:49.617+0800: 4.289: [ParNew: 157248K->17472K(157248K), 0.0072760 secs] 447286K->347310K(506816K), 0.0073371 secs] [Times: user=0.06 sys=0.00, real=0.01 secs] 
2020-10-27T20:53:49.625+0800: 4.297: [CMS-concurrent-abortable-preclean: 0.002/0.079 secs] [Times: user=0.08 sys=0.00, real=0.08 secs] 
2020-10-27T20:53:49.625+0800: 4.297: [GC (CMS Final Remark) [YG occupancy: 23705 K (157248 K)]2020-10-27T20:53:49.626+0800: 4.297: [Rescan (parallel) , 0.0003223 secs]2020-10-27T20:53:49.626+0800: 4.297: [weak refs processing, 0.0000105 secs]2020-10-27T20:53:49.626+0800: 4.297: [class unloading, 0.0001820 secs]2020-10-27T20:53:49.626+0800: 4.297: [scrub symbol table, 0.0002938 secs]2020-10-27T20:53:49.626+0800: 4.298: [scrub string table, 0.0000867 secs][1 CMS-remark: 329838K(349568K)] 353544K(506816K), 0.0009550 secs] [Times: user=0.00 sys=0.00, real=0.00 secs] 
2020-10-27T20:53:49.627+0800: 4.298: [CMS-concurrent-sweep-start]
2020-10-27T20:53:49.627+0800: 4.299: [CMS-concurrent-sweep: 0.001/0.001 secs] [Times: user=0.00 sys=0.00, real=0.00 secs] 
2020-10-27T20:53:49.627+0800: 4.299: [CMS-concurrent-reset-start]
2020-10-27T20:53:49.628+0800: 4.299: [CMS-concurrent-reset: 0.000/0.000 secs] [Times: user=0.00 sys=0.00, real=0.00 secs] 
2020-10-27T20:53:49.664+0800: 4.335: [GC (Allocation Failure) 2020-10-27T20:53:49.664+0800: 4.335: [ParNew: 157248K->17472K(157248K), 0.0077630 secs] 401117K->304926K(506816K), 0.0078176 secs] [Times: user=0.06 sys=0.00, real=0.01 secs] 
2020-10-27T20:53:49.672+0800: 4.343: [GC (CMS Initial Mark) [1 CMS-initial-mark: 287454K(349568K)] 308326K(506816K), 0.0002131 secs] [Times: user=0.00 sys=0.00, real=0.00 secs] 
2020-10-27T20:53:49.672+0800: 4.344: [CMS-concurrent-mark-start]
2020-10-27T20:53:49.674+0800: 4.345: [CMS-concurrent-mark: 0.002/0.002 secs] [Times: user=0.00 sys=0.00, real=0.00 secs] 
2020-10-27T20:53:49.674+0800: 4.345: [CMS-concurrent-preclean-start]
2020-10-27T20:53:49.674+0800: 4.346: [CMS-concurrent-preclean: 0.000/0.000 secs] [Times: user=0.00 sys=0.00, real=0.00 secs] 
2020-10-27T20:53:49.674+0800: 4.346: [CMS-concurrent-abortable-preclean-start]
2020-10-27T20:53:49.708+0800: 4.379: [GC (Allocation Failure) 2020-10-27T20:53:49.708+0800: 4.379: [ParNew: 157248K->17472K(157248K), 0.0072490 secs] 444702K->348425K(506816K), 0.0073102 secs] [Times: user=0.06 sys=0.00, real=0.01 secs] 
2020-10-27T20:53:49.716+0800: 4.387: [CMS-concurrent-abortable-preclean: 0.001/0.041 secs] [Times: user=0.06 sys=0.00, real=0.04 secs] 
2020-10-27T20:53:49.716+0800: 4.387: [GC (CMS Final Remark) [YG occupancy: 27483 K (157248 K)]2020-10-27T20:53:49.716+0800: 4.387: [Rescan (parallel) , 0.0002219 secs]2020-10-27T20:53:49.716+0800: 4.387: [weak refs processing, 0.0000100 secs]2020-10-27T20:53:49.716+0800: 4.387: [class unloading, 0.0001750 secs]2020-10-27T20:53:49.716+0800: 4.387: [scrub symbol table, 0.0002724 secs]2020-10-27T20:53:49.717+0800: 4.388: [scrub string table, 0.0000812 secs][1 CMS-remark: 330953K(349568K)] 358437K(506816K), 0.0008169 secs] [Times: user=0.00 sys=0.00, real=0.00 secs] 
2020-10-27T20:53:49.717+0800: 4.388: [CMS-concurrent-sweep-start]
2020-10-27T20:53:49.717+0800: 4.389: [CMS-concurrent-sweep: 0.001/0.001 secs] [Times: user=0.00 sys=0.00, real=0.00 secs] 
2020-10-27T20:53:49.717+0800: 4.389: [CMS-concurrent-reset-start]
2020-10-27T20:53:49.718+0800: 4.389: [CMS-concurrent-reset: 0.000/0.000 secs] [Times: user=0.00 sys=0.00, real=0.00 secs] 
2020-10-27T20:53:49.759+0800: 4.430: [GC (Allocation Failure) 2020-10-27T20:53:49.759+0800: 4.430: [ParNew: 157248K->17472K(157248K), 0.0069405 secs] 364985K->262669K(506816K), 0.0070004 secs] [Times: user=0.06 sys=0.00, real=0.01 secs] 
2020-10-27T20:53:49.766+0800: 4.437: [GC (CMS Initial Mark) [1 CMS-initial-mark: 245197K(349568K)] 265594K(506816K), 0.0000975 secs] [Times: user=0.00 sys=0.00, real=0.00 secs] 
2020-10-27T20:53:49.766+0800: 4.437: [CMS-concurrent-mark-start]
2020-10-27T20:53:49.768+0800: 4.439: [CMS-concurrent-mark: 0.002/0.002 secs] [Times: user=0.00 sys=0.00, real=0.00 secs] 
2020-10-27T20:53:49.768+0800: 4.439: [CMS-concurrent-preclean-start]
2020-10-27T20:53:49.768+0800: 4.439: [CMS-concurrent-preclean: 0.000/0.000 secs] [Times: user=0.00 sys=0.00, real=0.00 secs] 
2020-10-27T20:53:49.768+0800: 4.439: [CMS-concurrent-abortable-preclean-start]
2020-10-27T20:53:49.797+0800: 4.468: [GC (Allocation Failure) 2020-10-27T20:53:49.797+0800: 4.468: [ParNew: 157248K->17472K(157248K), 0.0077646 secs] 402445K->308950K(506816K), 0.0078206 secs] [Times: user=0.00 sys=0.00, real=0.01 secs] 
2020-10-27T20:53:49.847+0800: 4.518: [GC (Allocation Failure) 2020-10-27T20:53:49.847+0800: 4.518: [ParNew: 157248K->17472K(157248K), 0.0069954 secs] 448726K->351252K(506816K), 0.0070518 secs] [Times: user=0.00 sys=0.00, real=0.01 secs] 
2020-10-27T20:53:49.854+0800: 4.526: [CMS-concurrent-abortable-preclean: 0.001/0.086 secs] [Times: user=0.02 sys=0.00, real=0.09 secs] 
2020-10-27T20:53:49.854+0800: 4.526: [GC (CMS Final Remark) [YG occupancy: 18184 K (157248 K)]2020-10-27T20:53:49.854+0800: 4.526: [Rescan (parallel) , 0.0002837 secs]2020-10-27T20:53:49.854+0800: 4.526: [weak refs processing, 0.0000095 secs]2020-10-27T20:53:49.854+0800: 4.526: [class unloading, 0.0001622 secs]2020-10-27T20:53:49.854+0800: 4.526: [scrub symbol table, 0.0003800 secs]2020-10-27T20:53:49.855+0800: 4.527: [scrub string table, 0.0000855 secs][1 CMS-remark: 333780K(349568K)] 351965K(506816K), 0.0009801 secs] [Times: user=0.02 sys=0.00, real=0.00 secs] 
2020-10-27T20:53:49.855+0800: 4.527: [CMS-concurrent-sweep-start]
2020-10-27T20:53:49.856+0800: 4.527: [CMS-concurrent-sweep: 0.001/0.001 secs] [Times: user=0.00 sys=0.00, real=0.00 secs] 
2020-10-27T20:53:49.856+0800: 4.528: [CMS-concurrent-reset-start]
2020-10-27T20:53:49.856+0800: 4.528: [CMS-concurrent-reset: 0.000/0.000 secs] [Times: user=0.00 sys=0.00, real=0.00 secs] 
2020-10-27T20:53:49.904+0800: 4.575: [GC (Allocation Failure) 2020-10-27T20:53:49.904+0800: 4.575: [ParNew: 157248K->17472K(157248K), 0.0076458 secs] 415073K->316582K(506816K), 0.0077005 secs] [Times: user=0.00 sys=0.00, real=0.01 secs] 
2020-10-27T20:53:49.912+0800: 4.583: [GC (CMS Initial Mark) [1 CMS-initial-mark: 299110K(349568K)] 319469K(506816K), 0.0002792 secs] [Times: user=0.00 sys=0.00, real=0.00 secs] 
2020-10-27T20:53:49.912+0800: 4.584: [CMS-concurrent-mark-start]
2020-10-27T20:53:49.914+0800: 4.585: [CMS-concurrent-mark: 0.002/0.002 secs] [Times: user=0.00 sys=0.00, real=0.00 secs] 
2020-10-27T20:53:49.914+0800: 4.585: [CMS-concurrent-preclean-start]
2020-10-27T20:53:49.914+0800: 4.586: [CMS-concurrent-preclean: 0.000/0.000 secs] [Times: user=0.00 sys=0.00, real=0.00 secs] 
2020-10-27T20:53:49.914+0800: 4.586: [CMS-concurrent-abortable-preclean-start]
2020-10-27T20:53:49.943+0800: 4.614: [GC (Allocation Failure) 2020-10-27T20:53:49.943+0800: 4.615: [ParNew: 157248K->17472K(157248K), 0.0074844 secs] 456358K->362935K(506816K), 0.0075437 secs] [Times: user=0.06 sys=0.00, real=0.01 secs] 
2020-10-27T20:53:49.951+0800: 4.622: [CMS-concurrent-abortable-preclean: 0.000/0.036 secs] [Times: user=0.06 sys=0.00, real=0.04 secs] 
2020-10-27T20:53:49.951+0800: 4.622: [GC (CMS Final Remark) [YG occupancy: 20618 K (157248 K)]2020-10-27T20:53:49.951+0800: 4.622: [Rescan (parallel) , 0.0002667 secs]2020-10-27T20:53:49.951+0800: 4.623: [weak refs processing, 0.0000095 secs]2020-10-27T20:53:49.951+0800: 4.623: [class unloading, 0.0001631 secs]2020-10-27T20:53:49.951+0800: 4.623: [scrub symbol table, 0.0002680 secs]2020-10-27T20:53:49.951+0800: 4.623: [scrub string table, 0.0000969 secs][1 CMS-remark: 345463K(349568K)] 366081K(506816K), 0.0008670 secs] [Times: user=0.00 sys=0.00, real=0.00 secs] 
2020-10-27T20:53:49.952+0800: 4.623: [CMS-concurrent-sweep-start]
2020-10-27T20:53:49.953+0800: 4.624: [CMS-concurrent-sweep: 0.001/0.001 secs] [Times: user=0.00 sys=0.00, real=0.00 secs] 
2020-10-27T20:53:49.953+0800: 4.624: [CMS-concurrent-reset-start]
2020-10-27T20:53:49.953+0800: 4.624: [CMS-concurrent-reset: 0.000/0.000 secs] [Times: user=0.00 sys=0.00, real=0.00 secs] 
2020-10-27T20:53:49.987+0800: 4.659: [GC (Allocation Failure) 2020-10-27T20:53:49.987+0800: 4.659: [ParNew: 157248K->17472K(157248K), 0.0084299 secs] 377251K->282539K(506816K), 0.0084890 secs] [Times: user=0.05 sys=0.00, real=0.01 secs] 
2020-10-27T20:53:49.996+0800: 4.667: [GC (CMS Initial Mark) [1 CMS-initial-mark: 265067K(349568K)] 285864K(506816K), 0.0002237 secs] [Times: user=0.00 sys=0.00, real=0.00 secs] 
2020-10-27T20:53:49.996+0800: 4.668: [CMS-concurrent-mark-start]
2020-10-27T20:53:49.998+0800: 4.669: [CMS-concurrent-mark: 0.002/0.002 secs] [Times: user=0.00 sys=0.00, real=0.00 secs] 
2020-10-27T20:53:49.998+0800: 4.669: [CMS-concurrent-preclean-start]
2020-10-27T20:53:49.998+0800: 4.670: [CMS-concurrent-preclean: 0.000/0.000 secs] [Times: user=0.00 sys=0.00, real=0.00 secs] 
2020-10-27T20:53:49.998+0800: 4.670: [CMS-concurrent-abortable-preclean-start]
2020-10-27T20:53:50.038+0800: 4.709: [GC (Allocation Failure) 2020-10-27T20:53:50.038+0800: 4.709: [ParNew: 157248K->17472K(157248K), 0.0083813 secs] 422315K->323492K(506816K), 0.0084433 secs] [Times: user=0.03 sys=0.00, real=0.01 secs] 
2020-10-27T20:53:50.078+0800: 4.749: [GC (Allocation Failure) 2020-10-27T20:53:50.078+0800: 4.749: [ParNew: 157248K->157248K(157248K), 0.0000155 secs]2020-10-27T20:53:50.078+0800: 4.749: [CMS2020-10-27T20:53:50.078+0800: 4.749: [CMS-concurrent-abortable-preclean: 0.001/0.079 secs] [Times: user=0.03 sys=0.00, real=0.08 secs] 
 (concurrent mode failure): 306020K->185248K(349568K), 0.0231096 secs] 463268K->185248K(506816K), [Metaspace: 2700K->2700K(1056768K)], 0.0231925 secs] [Times: user=0.02 sys=0.00, real=0.02 secs] 
2020-10-27T20:53:50.142+0800: 4.813: [GC (Allocation Failure) 2020-10-27T20:53:50.142+0800: 4.813: [ParNew: 139776K->17472K(157248K), 0.0059321 secs] 325024K->237316K(506816K), 0.0059878 secs] [Times: user=0.00 sys=0.00, real=0.01 secs] 
2020-10-27T20:53:50.186+0800: 4.856: [GC (Allocation Failure) 2020-10-27T20:53:50.186+0800: 4.856: [ParNew: 157248K->17472K(157248K), 0.0076018 secs] 377092K->278229K(506816K), 0.0076680 secs] [Times: user=0.00 sys=0.00, real=0.01 secs] 
2020-10-27T20:53:50.193+0800: 4.864: [GC (CMS Initial Mark) [1 CMS-initial-mark: 260757K(349568K)] 282174K(506816K), 0.0002591 secs] [Times: user=0.00 sys=0.00, real=0.00 secs] 
2020-10-27T20:53:50.194+0800: 4.865: [CMS-concurrent-mark-start]
2020-10-27T20:53:50.195+0800: 4.866: [CMS-concurrent-mark: 0.002/0.002 secs] [Times: user=0.00 sys=0.00, real=0.00 secs] 
2020-10-27T20:53:50.195+0800: 4.866: [CMS-concurrent-preclean-start]
2020-10-27T20:53:50.196+0800: 4.867: [CMS-concurrent-preclean: 0.000/0.000 secs] [Times: user=0.00 sys=0.00, real=0.00 secs] 
2020-10-27T20:53:50.196+0800: 4.867: [CMS-concurrent-abortable-preclean-start]
2020-10-27T20:53:50.219+0800: 4.890: [GC (Allocation Failure) 2020-10-27T20:53:50.219+0800: 4.890: [ParNew: 157248K->17472K(157248K), 0.0077469 secs] 418005K->318621K(506816K), 0.0078070 secs] [Times: user=0.00 sys=0.00, real=0.01 secs] 
2020-10-27T20:53:50.262+0800: 4.934: [GC (Allocation Failure) 2020-10-27T20:53:50.262+0800: 4.934: [ParNew: 156981K->156981K(157248K), 0.0000152 secs]2020-10-27T20:53:50.262+0800: 4.934: [CMS2020-10-27T20:53:50.262+0800: 4.934: [CMS-concurrent-abortable-preclean: 0.001/0.067 secs] [Times: user=0.02 sys=0.00, real=0.07 secs] 
 (concurrent mode failure): 301149K->186843K(349568K), 0.0239386 secs] 458131K->186843K(506816K), [Metaspace: 2700K->2700K(1056768K)], 0.0240171 secs] [Times: user=0.02 sys=0.00, real=0.02 secs] 
2020-10-27T20:53:50.332+0800: 5.003: [GC (Allocation Failure) 2020-10-27T20:53:50.332+0800: 5.003: [ParNew: 139776K->17472K(157248K), 0.0061904 secs] 326619K->239527K(506816K), 0.0062506 secs] [Times: user=0.00 sys=0.00, real=0.01 secs] 
2020-10-27T20:53:50.376+0800: 5.047: [GC (Allocation Failure) 2020-10-27T20:53:50.376+0800: 5.047: [ParNew: 157241K->17472K(157248K), 0.0069684 secs] 379296K->280904K(506816K), 0.0070247 secs] [Times: user=0.00 sys=0.00, real=0.01 secs] 
2020-10-27T20:53:50.383+0800: 5.055: [GC (CMS Initial Mark) [1 CMS-initial-mark: 263432K(349568K)] 283889K(506816K), 0.0002306 secs] [Times: user=0.00 sys=0.00, real=0.00 secs] 
2020-10-27T20:53:50.384+0800: 5.055: [CMS-concurrent-mark-start]
2020-10-27T20:53:50.385+0800: 5.056: [CMS-concurrent-mark: 0.001/0.001 secs] [Times: user=0.00 sys=0.00, real=0.00 secs] 
2020-10-27T20:53:50.385+0800: 5.056: [CMS-concurrent-preclean-start]
2020-10-27T20:53:50.385+0800: 5.057: [CMS-concurrent-preclean: 0.000/0.000 secs] [Times: user=0.00 sys=0.00, real=0.00 secs] 
2020-10-27T20:53:50.385+0800: 5.057: [CMS-concurrent-abortable-preclean-start]
2020-10-27T20:53:50.420+0800: 5.091: [GC (Allocation Failure) 2020-10-27T20:53:50.420+0800: 5.091: [ParNew: 157248K->17472K(157248K), 0.0074916 secs] 420680K->322831K(506816K), 0.0075476 secs] [Times: user=0.00 sys=0.00, real=0.01 secs] 
2020-10-27T20:53:50.462+0800: 5.133: [GC (Allocation Failure) 2020-10-27T20:53:50.462+0800: 5.133: [ParNew: 157248K->157248K(157248K), 0.0000154 secs]2020-10-27T20:53:50.462+0800: 5.133: [CMS2020-10-27T20:53:50.462+0800: 5.133: [CMS-concurrent-abortable-preclean: 0.001/0.077 secs] [Times: user=0.00 sys=0.00, real=0.08 secs] 
 (concurrent mode failure): 305359K->192398K(349568K), 0.0235504 secs] 462607K->192398K(506816K), [Metaspace: 2700K->2700K(1056768K)], 0.0236356 secs] [Times: user=0.03 sys=0.00, real=0.02 secs] 
2020-10-27T20:53:50.520+0800: 5.191: [GC (Allocation Failure) 2020-10-27T20:53:50.520+0800: 5.191: [ParNew: 139768K->17472K(157248K), 0.0057791 secs] 332166K->240736K(506816K), 0.0058356 secs] [Times: user=0.00 sys=0.00, real=0.01 secs] 
2020-10-27T20:53:50.571+0800: 5.242: [GC (Allocation Failure) 2020-10-27T20:53:50.571+0800: 5.242: [ParNew: 157248K->17472K(157248K), 0.0068614 secs] 380512K->280421K(506816K), 0.0069217 secs] [Times: user=0.05 sys=0.00, real=0.01 secs] 
2020-10-27T20:53:50.578+0800: 5.249: [GC (CMS Initial Mark) [1 CMS-initial-mark: 262949K(349568K)] 283340K(506816K), 0.0002760 secs] [Times: user=0.00 sys=0.00, real=0.00 secs] 
2020-10-27T20:53:50.578+0800: 5.249: [CMS-concurrent-mark-start]
2020-10-27T20:53:50.579+0800: 5.251: [CMS-concurrent-mark: 0.001/0.001 secs] [Times: user=0.00 sys=0.00, real=0.00 secs] 
2020-10-27T20:53:50.579+0800: 5.251: [CMS-concurrent-preclean-start]
2020-10-27T20:53:50.579+0800: 5.251: [CMS-concurrent-preclean: 0.000/0.000 secs] [Times: user=0.00 sys=0.00, real=0.00 secs] 
2020-10-27T20:53:50.579+0800: 5.251: [CMS-concurrent-abortable-preclean-start]
2020-10-27T20:53:50.637+0800: 5.308: [GC (Allocation Failure) 2020-10-27T20:53:50.637+0800: 5.308: [ParNew: 157248K->17470K(157248K), 0.0079971 secs] 420197K->329151K(506816K), 0.0080618 secs] [Times: user=0.00 sys=0.00, real=0.01 secs] 
2020-10-27T20:53:50.680+0800: 5.352: [GC (Allocation Failure) 2020-10-27T20:53:50.680+0800: 5.352: [ParNew: 157246K->157246K(157248K), 0.0000148 secs]2020-10-27T20:53:50.680+0800: 5.352: [CMS2020-10-27T20:53:50.680+0800: 5.352: [CMS-concurrent-abortable-preclean: 0.001/0.101 secs] [Times: user=0.03 sys=0.00, real=0.10 secs] 
 (concurrent mode failure): 311681K->189161K(349568K), 0.0230624 secs] 468927K->189161K(506816K), [Metaspace: 2700K->2700K(1056768K)], 0.0231447 secs] [Times: user=0.03 sys=0.00, real=0.02 secs] 
2020-10-27T20:53:50.737+0800: 5.408: [GC (Allocation Failure) 2020-10-27T20:53:50.737+0800: 5.408: [ParNew: 139776K->17472K(157248K), 0.0056583 secs] 328937K->234865K(506816K), 0.0057161 secs] [Times: user=0.00 sys=0.00, real=0.01 secs] 
2020-10-27T20:53:50.787+0800: 5.458: [GC (Allocation Failure) 2020-10-27T20:53:50.787+0800: 5.458: [ParNew: 157248K->17472K(157248K), 0.0072722 secs] 374641K->277267K(506816K), 0.0073296 secs] [Times: user=0.06 sys=0.00, real=0.01 secs] 
2020-10-27T20:53:50.795+0800: 5.466: [GC (CMS Initial Mark) [1 CMS-initial-mark: 259795K(349568K)] 281078K(506816K), 0.0002612 secs] [Times: user=0.00 sys=0.00, real=0.00 secs] 
2020-10-27T20:53:50.795+0800: 5.466: [CMS-concurrent-mark-start]
2020-10-27T20:53:50.796+0800: 5.468: [CMS-concurrent-mark: 0.002/0.002 secs] [Times: user=0.00 sys=0.00, real=0.00 secs] 
2020-10-27T20:53:50.796+0800: 5.468: [CMS-concurrent-preclean-start]
2020-10-27T20:53:50.797+0800: 5.468: [CMS-concurrent-preclean: 0.000/0.000 secs] [Times: user=0.00 sys=0.00, real=0.00 secs] 
2020-10-27T20:53:50.797+0800: 5.468: [CMS-concurrent-abortable-preclean-start]
2020-10-27T20:53:50.832+0800: 5.503: [GC (Allocation Failure) 2020-10-27T20:53:50.832+0800: 5.503: [ParNew: 157248K->17472K(157248K), 0.0062748 secs] 417043K->315396K(506816K), 0.0063418 secs] [Times: user=0.00 sys=0.00, real=0.01 secs] 
2020-10-27T20:53:50.879+0800: 5.550: [GC (Allocation Failure) 2020-10-27T20:53:50.879+0800: 5.550: [ParNew: 157070K->17472K(157248K), 0.0062936 secs] 454994K->349704K(506816K), 0.0063489 secs] [Times: user=0.00 sys=0.00, real=0.01 secs] 
2020-10-27T20:53:50.885+0800: 5.556: [CMS-concurrent-abortable-preclean: 0.001/0.088 secs] [Times: user=0.02 sys=0.00, real=0.09 secs] 
2020-10-27T20:53:50.885+0800: 5.556: [GC (CMS Final Remark) [YG occupancy: 20543 K (157248 K)]2020-10-27T20:53:50.885+0800: 5.556: [Rescan (parallel) , 0.0002513 secs]2020-10-27T20:53:50.886+0800: 5.557: [weak refs processing, 0.0000097 secs]2020-10-27T20:53:50.886+0800: 5.557: [class unloading, 0.0001635 secs]2020-10-27T20:53:50.886+0800: 5.557: [scrub symbol table, 0.0002662 secs]2020-10-27T20:53:50.886+0800: 5.557: [scrub string table, 0.0000808 secs][1 CMS-remark: 332232K(349568K)] 352776K(506816K), 0.0008247 secs] [Times: user=0.00 sys=0.00, real=0.00 secs] 
2020-10-27T20:53:50.886+0800: 5.557: [CMS-concurrent-sweep-start]
2020-10-27T20:53:50.887+0800: 5.558: [CMS-concurrent-sweep: 0.001/0.001 secs] [Times: user=0.03 sys=0.00, real=0.00 secs] 
2020-10-27T20:53:50.887+0800: 5.558: [CMS-concurrent-reset-start]
2020-10-27T20:53:50.887+0800: 5.558: [CMS-concurrent-reset: 0.000/0.000 secs] [Times: user=0.00 sys=0.00, real=0.00 secs] 
2020-10-27T20:53:50.920+0800: 5.591: [GC (Allocation Failure) 2020-10-27T20:53:50.920+0800: 5.591: [ParNew: 157248K->17472K(157248K), 0.0079817 secs] 402561K->310510K(506816K), 0.0080377 secs] [Times: user=0.00 sys=0.00, real=0.01 secs] 
2020-10-27T20:53:50.928+0800: 5.599: [GC (CMS Initial Mark) [1 CMS-initial-mark: 293038K(349568K)] 313996K(506816K), 0.0002518 secs] [Times: user=0.00 sys=0.00, real=0.00 secs] 
2020-10-27T20:53:50.928+0800: 5.599: [CMS-concurrent-mark-start]
2020-10-27T20:53:50.930+0800: 5.601: [CMS-concurrent-mark: 0.001/0.001 secs] [Times: user=0.00 sys=0.00, real=0.00 secs] 
2020-10-27T20:53:50.930+0800: 5.601: [CMS-concurrent-preclean-start]
2020-10-27T20:53:50.930+0800: 5.601: [CMS-concurrent-preclean: 0.000/0.000 secs] [Times: user=0.00 sys=0.00, real=0.00 secs] 
2020-10-27T20:53:50.930+0800: 5.601: [CMS-concurrent-abortable-preclean-start]
2020-10-27T20:53:50.975+0800: 5.646: [GC (Allocation Failure) 2020-10-27T20:53:50.975+0800: 5.646: [ParNew: 157248K->17472K(157248K), 0.0077710 secs] 450286K->356883K(506816K), 0.0078323 secs] [Times: user=0.05 sys=0.02, real=0.01 secs] 
2020-10-27T20:53:50.982+0800: 5.654: [CMS-concurrent-abortable-preclean: 0.000/0.053 secs] [Times: user=0.05 sys=0.02, real=0.05 secs] 
2020-10-27T20:53:50.982+0800: 5.654: [GC (CMS Final Remark) [YG occupancy: 20566 K (157248 K)]2020-10-27T20:53:50.982+0800: 5.654: [Rescan (parallel) , 0.0002671 secs]2020-10-27T20:53:50.983+0800: 5.654: [weak refs processing, 0.0000102 secs]2020-10-27T20:53:50.983+0800: 5.654: [class unloading, 0.0001922 secs]2020-10-27T20:53:50.983+0800: 5.655: [scrub symbol table, 0.0002739 secs]2020-10-27T20:53:50.983+0800: 5.655: [scrub string table, 0.0000798 secs][1 CMS-remark: 339411K(349568K)] 359978K(506816K), 0.0008804 secs] [Times: user=0.00 sys=0.00, real=0.00 secs] 
2020-10-27T20:53:50.983+0800: 5.655: [CMS-concurrent-sweep-start]
2020-10-27T20:53:50.984+0800: 5.656: [CMS-concurrent-sweep: 0.001/0.001 secs] [Times: user=0.00 sys=0.00, real=0.00 secs] 
2020-10-27T20:53:50.984+0800: 5.656: [CMS-concurrent-reset-start]
2020-10-27T20:53:50.984+0800: 5.656: [CMS-concurrent-reset: 0.000/0.000 secs] [Times: user=0.00 sys=0.00, real=0.00 secs] 
2020-10-27T20:53:51.021+0800: 5.692: [GC (Allocation Failure) 2020-10-27T20:53:51.021+0800: 5.692: [ParNew: 157248K->17472K(157248K), 0.0074269 secs] 380296K->282833K(506816K), 0.0074852 secs] [Times: user=0.06 sys=0.00, real=0.01 secs] 
2020-10-27T20:53:51.028+0800: 5.700: [GC (CMS Initial Mark) [1 CMS-initial-mark: 265361K(349568K)] 286080K(506816K), 0.0001477 secs] [Times: user=0.00 sys=0.00, real=0.00 secs] 
2020-10-27T20:53:51.029+0800: 5.700: [CMS-concurrent-mark-start]
2020-10-27T20:53:51.030+0800: 5.702: [CMS-concurrent-mark: 0.001/0.001 secs] [Times: user=0.00 sys=0.00, real=0.00 secs] 
2020-10-27T20:53:51.030+0800: 5.702: [CMS-concurrent-preclean-start]
2020-10-27T20:53:51.030+0800: 5.702: [CMS-concurrent-preclean: 0.000/0.000 secs] [Times: user=0.00 sys=0.00, real=0.00 secs] 
2020-10-27T20:53:51.030+0800: 5.702: [CMS-concurrent-abortable-preclean-start]
2020-10-27T20:53:51.074+0800: 5.745: [GC (Allocation Failure) 2020-10-27T20:53:51.074+0800: 5.745: [ParNew: 157248K->17472K(157248K), 0.0077292 secs] 422609K->327216K(506816K), 0.0077972 secs] [Times: user=0.00 sys=0.00, real=0.01 secs] 
2020-10-27T20:53:51.132+0800: 5.804: [GC (Allocation Failure) 2020-10-27T20:53:51.132+0800: 5.804: [ParNew: 157248K->157248K(157248K), 0.0000145 secs]2020-10-27T20:53:51.132+0800: 5.804: [CMS2020-10-27T20:53:51.132+0800: 5.804: [CMS-concurrent-abortable-preclean: 0.001/0.102 secs] [Times: user=0.02 sys=0.00, real=0.10 secs] 
 (concurrent mode failure): 309744K->186133K(349568K), 0.0230758 secs] 466992K->186133K(506816K), [Metaspace: 2700K->2700K(1056768K)], 0.0231593 secs] [Times: user=0.03 sys=0.00, real=0.02 secs] 
2020-10-27T20:53:51.187+0800: 5.858: [GC (Allocation Failure) 2020-10-27T20:53:51.187+0800: 5.858: [ParNew: 139776K->17472K(157248K), 0.0062569 secs] 325909K->233564K(506816K), 0.0063132 secs] [Times: user=0.00 sys=0.00, real=0.01 secs] 
2020-10-27T20:53:51.244+0800: 5.915: [GC (Allocation Failure) 2020-10-27T20:53:51.244+0800: 5.915: [ParNew: 157248K->17472K(157248K), 0.0067714 secs] 373340K->273342K(506816K), 0.0068292 secs] [Times: user=0.06 sys=0.00, real=0.01 secs] 
2020-10-27T20:53:51.251+0800: 5.922: [GC (CMS Initial Mark) [1 CMS-initial-mark: 255870K(349568K)] 273393K(506816K), 0.0001434 secs] [Times: user=0.00 sys=0.00, real=0.00 secs] 
2020-10-27T20:53:51.251+0800: 5.922: [CMS-concurrent-mark-start]
2020-10-27T20:53:51.252+0800: 5.923: [CMS-concurrent-mark: 0.001/0.001 secs] [Times: user=0.00 sys=0.00, real=0.00 secs] 
2020-10-27T20:53:51.252+0800: 5.923: [CMS-concurrent-preclean-start]
2020-10-27T20:53:51.253+0800: 5.924: [CMS-concurrent-preclean: 0.000/0.000 secs] [Times: user=0.00 sys=0.00, real=0.00 secs] 
2020-10-27T20:53:51.253+0800: 5.924: [CMS-concurrent-abortable-preclean-start]
2020-10-27T20:53:51.299+0800: 5.970: [GC (Allocation Failure) 2020-10-27T20:53:51.299+0800: 5.970: [ParNew: 157248K->17472K(157248K), 0.0063817 secs] 413118K->308979K(506816K), 0.0064384 secs] [Times: user=0.00 sys=0.00, real=0.01 secs] 
2020-10-27T20:53:51.357+0800: 6.029: [GC (Allocation Failure) 2020-10-27T20:53:51.357+0800: 6.029: [ParNew: 157119K->17472K(157248K), 0.0087519 secs] 448627K->349922K(506816K), 0.0088236 secs] [Times: user=0.00 sys=0.00, real=0.01 secs] 
2020-10-27T20:53:51.366+0800: 6.038: [CMS-concurrent-abortable-preclean: 0.001/0.114 secs] [Times: user=0.02 sys=0.00, real=0.11 secs] 
2020-10-27T20:53:51.366+0800: 6.038: [GC (CMS Final Remark) [YG occupancy: 20847 K (157248 K)]2020-10-27T20:53:51.366+0800: 6.038: [Rescan (parallel) , 0.0002997 secs]2020-10-27T20:53:51.367+0800: 6.038: [weak refs processing, 0.0000122 secs]2020-10-27T20:53:51.367+0800: 6.038: [class unloading, 0.0001923 secs]2020-10-27T20:53:51.367+0800: 6.039: [scrub symbol table, 0.0003056 secs]2020-10-27T20:53:51.367+0800: 6.039: [scrub string table, 0.0000981 secs][1 CMS-remark: 332450K(349568K)] 353298K(506816K), 0.0009747 secs] [Times: user=0.00 sys=0.00, real=0.00 secs] 
2020-10-27T20:53:51.368+0800: 6.039: [CMS-concurrent-sweep-start]
2020-10-27T20:53:51.368+0800: 6.040: [CMS-concurrent-sweep: 0.001/0.001 secs] [Times: user=0.00 sys=0.00, real=0.00 secs] 
2020-10-27T20:53:51.368+0800: 6.040: [CMS-concurrent-reset-start]
2020-10-27T20:53:51.368+0800: 6.040: [CMS-concurrent-reset: 0.000/0.000 secs] [Times: user=0.00 sys=0.00, real=0.00 secs] 
2020-10-27T20:53:51.407+0800: 6.079: [GC (Allocation Failure) 2020-10-27T20:53:51.407+0800: 6.079: [ParNew: 157248K->17472K(157248K), 0.0069673 secs] 406210K->308103K(506816K), 0.0070225 secs] [Times: user=0.00 sys=0.00, real=0.01 secs] 
2020-10-27T20:53:51.415+0800: 6.086: [GC (CMS Initial Mark) [1 CMS-initial-mark: 290631K(349568K)] 311162K(506816K), 0.0002573 secs] [Times: user=0.00 sys=0.00, real=0.00 secs] 
2020-10-27T20:53:51.415+0800: 6.086: [CMS-concurrent-mark-start]
2020-10-27T20:53:51.416+0800: 6.088: [CMS-concurrent-mark: 0.001/0.001 secs] [Times: user=0.00 sys=0.00, real=0.00 secs] 
2020-10-27T20:53:51.416+0800: 6.088: [CMS-concurrent-preclean-start]
2020-10-27T20:53:51.417+0800: 6.088: [CMS-concurrent-preclean: 0.000/0.000 secs] [Times: user=0.00 sys=0.00, real=0.00 secs] 
2020-10-27T20:53:51.417+0800: 6.088: [CMS-concurrent-abortable-preclean-start]
2020-10-27T20:53:51.452+0800: 6.123: [GC (Allocation Failure) 2020-10-27T20:53:51.452+0800: 6.123: [ParNew: 157248K->17472K(157248K), 0.0071181 secs] 447879K->350736K(506816K), 0.0071810 secs] [Times: user=0.00 sys=0.00, real=0.01 secs] 
2020-10-27T20:53:51.459+0800: 6.130: [CMS-concurrent-abortable-preclean: 0.000/0.042 secs] [Times: user=0.01 sys=0.00, real=0.04 secs] 
2020-10-27T20:53:51.459+0800: 6.131: [GC (CMS Final Remark) [YG occupancy: 20765 K (157248 K)]2020-10-27T20:53:51.459+0800: 6.131: [Rescan (parallel) , 0.0003633 secs]2020-10-27T20:53:51.460+0800: 6.131: [weak refs processing, 0.0000095 secs]2020-10-27T20:53:51.460+0800: 6.131: [class unloading, 0.0001694 secs]2020-10-27T20:53:51.460+0800: 6.131: [scrub symbol table, 0.0002689 secs]2020-10-27T20:53:51.460+0800: 6.132: [scrub string table, 0.0000796 secs][1 CMS-remark: 333264K(349568K)] 354029K(506816K), 0.0009433 secs] [Times: user=0.00 sys=0.00, real=0.00 secs] 
2020-10-27T20:53:51.460+0800: 6.132: [CMS-concurrent-sweep-start]
2020-10-27T20:53:51.461+0800: 6.132: [CMS-concurrent-sweep: 0.001/0.001 secs] [Times: user=0.00 sys=0.00, real=0.00 secs] 
2020-10-27T20:53:51.461+0800: 6.132: [CMS-concurrent-reset-start]
2020-10-27T20:53:51.461+0800: 6.133: [CMS-concurrent-reset: 0.000/0.000 secs] [Times: user=0.00 sys=0.00, real=0.00 secs] 
2020-10-27T20:53:51.496+0800: 6.167: [GC (Allocation Failure) 2020-10-27T20:53:51.496+0800: 6.168: [ParNew: 157248K->17472K(157248K), 0.0076965 secs] 373321K->276311K(506816K), 0.0077532 secs] [Times: user=0.00 sys=0.00, real=0.01 secs] 
2020-10-27T20:53:51.504+0800: 6.175: [GC (CMS Initial Mark) [1 CMS-initial-mark: 258839K(349568K)] 279221K(506816K), 0.0002662 secs] [Times: user=0.00 sys=0.00, real=0.00 secs] 
2020-10-27T20:53:51.504+0800: 6.176: [CMS-concurrent-mark-start]
2020-10-27T20:53:51.506+0800: 6.177: [CMS-concurrent-mark: 0.002/0.002 secs] [Times: user=0.00 sys=0.00, real=0.00 secs] 
2020-10-27T20:53:51.506+0800: 6.177: [CMS-concurrent-preclean-start]
2020-10-27T20:53:51.506+0800: 6.178: [CMS-concurrent-preclean: 0.000/0.000 secs] [Times: user=0.00 sys=0.00, real=0.00 secs] 
2020-10-27T20:53:51.506+0800: 6.178: [CMS-concurrent-abortable-preclean-start]
2020-10-27T20:53:51.540+0800: 6.212: [GC (Allocation Failure) 2020-10-27T20:53:51.540+0800: 6.212: [ParNew: 157248K->17472K(157248K), 0.0070493 secs] 416087K->312713K(506816K), 0.0070959 secs] [Times: user=0.05 sys=0.00, real=0.01 secs] 
2020-10-27T20:53:51.585+0800: 6.257: [GC (Allocation Failure) 2020-10-27T20:53:51.585+0800: 6.257: [ParNew: 157248K->17472K(157248K), 0.0083061 secs] 452489K->361985K(506816K), 0.0083613 secs] [Times: user=0.06 sys=0.00, real=0.01 secs] 
2020-10-27T20:53:51.594+0800: 6.265: [CMS-concurrent-abortable-preclean: 0.001/0.087 secs] [Times: user=0.11 sys=0.00, real=0.09 secs] 
2020-10-27T20:53:51.594+0800: 6.265: [GC (CMS Final Remark) [YG occupancy: 20833 K (157248 K)]2020-10-27T20:53:51.594+0800: 6.265: [Rescan (parallel) , 0.0003700 secs]2020-10-27T20:53:51.594+0800: 6.265: [weak refs processing, 0.0000098 secs]2020-10-27T20:53:51.594+0800: 6.265: [class unloading, 0.0001734 secs]2020-10-27T20:53:51.595+0800: 6.266: [scrub symbol table, 0.0002688 secs]2020-10-27T20:53:51.595+0800: 6.266: [scrub string table, 0.0000798 secs][1 CMS-remark: 344513K(349568K)] 365347K(506816K), 0.0009524 secs] [Times: user=0.00 sys=0.00, real=0.00 secs] 
2020-10-27T20:53:51.595+0800: 6.266: [CMS-concurrent-sweep-start]
2020-10-27T20:53:51.596+0800: 6.267: [CMS-concurrent-sweep: 0.001/0.001 secs] [Times: user=0.00 sys=0.00, real=0.00 secs] 
2020-10-27T20:53:51.596+0800: 6.267: [CMS-concurrent-reset-start]
2020-10-27T20:53:51.596+0800: 6.267: [CMS-concurrent-reset: 0.000/0.000 secs] [Times: user=0.00 sys=0.00, real=0.00 secs] 
2020-10-27T20:53:51.638+0800: 6.309: [GC (Allocation Failure) 2020-10-27T20:53:51.638+0800: 6.309: [ParNew: 157248K->17472K(157248K), 0.0081696 secs] 417085K->322879K(506816K), 0.0082287 secs] [Times: user=0.00 sys=0.00, real=0.01 secs] 
2020-10-27T20:53:51.646+0800: 6.317: [GC (CMS Initial Mark) [1 CMS-initial-mark: 305407K(349568K)] 326706K(506816K), 0.0001334 secs] [Times: user=0.00 sys=0.00, real=0.00 secs] 
2020-10-27T20:53:51.647+0800: 6.318: [CMS-concurrent-mark-start]
2020-10-27T20:53:51.648+0800: 6.319: [CMS-concurrent-mark: 0.002/0.002 secs] [Times: user=0.00 sys=0.00, real=0.00 secs] 
2020-10-27T20:53:51.648+0800: 6.319: [CMS-concurrent-preclean-start]
2020-10-27T20:53:51.649+0800: 6.320: [CMS-concurrent-preclean: 0.000/0.000 secs] [Times: user=0.00 sys=0.00, real=0.00 secs] 
2020-10-27T20:53:51.649+0800: 6.320: [CMS-concurrent-abortable-preclean-start]
2020-10-27T20:53:51.679+0800: 6.350: [GC (Allocation Failure) 2020-10-27T20:53:51.679+0800: 6.350: [ParNew: 156756K->156756K(157248K), 0.0000154 secs]2020-10-27T20:53:51.679+0800: 6.350: [CMS2020-10-27T20:53:51.679+0800: 6.350: [CMS-concurrent-abortable-preclean: 0.000/0.031 secs] [Times: user=0.00 sys=0.00, real=0.03 secs] 
 (concurrent mode failure): 305407K->195161K(349568K), 0.0240395 secs] 462164K->195161K(506816K), [Metaspace: 2707K->2707K(1056768K)], 0.0241214 secs] [Times: user=0.03 sys=0.00, real=0.02 secs] 
2020-10-27T20:53:51.746+0800: 6.418: [GC (Allocation Failure) 2020-10-27T20:53:51.746+0800: 6.418: [ParNew: 139776K->17472K(157248K), 0.0059027 secs] 334937K->239438K(506816K), 0.0059604 secs] [Times: user=0.00 sys=0.00, real=0.01 secs] 
2020-10-27T20:53:51.787+0800: 6.458: [GC (Allocation Failure) 2020-10-27T20:53:51.787+0800: 6.458: [ParNew: 157248K->17472K(157248K), 0.0066015 secs] 379214K->277006K(506816K), 0.0066590 secs] [Times: user=0.06 sys=0.00, real=0.01 secs] 
2020-10-27T20:53:51.794+0800: 6.465: [GC (CMS Initial Mark) [1 CMS-initial-mark: 259534K(349568K)] 280953K(506816K), 0.0002612 secs] [Times: user=0.00 sys=0.00, real=0.00 secs] 
2020-10-27T20:53:51.794+0800: 6.465: [CMS-concurrent-mark-start]
2020-10-27T20:53:51.795+0800: 6.467: [CMS-concurrent-mark: 0.001/0.001 secs] [Times: user=0.00 sys=0.00, real=0.00 secs] 
2020-10-27T20:53:51.795+0800: 6.467: [CMS-concurrent-preclean-start]
2020-10-27T20:53:51.796+0800: 6.467: [CMS-concurrent-preclean: 0.000/0.000 secs] [Times: user=0.00 sys=0.00, real=0.00 secs] 
2020-10-27T20:53:51.796+0800: 6.467: [CMS-concurrent-abortable-preclean-start]
2020-10-27T20:53:51.835+0800: 6.506: [GC (Allocation Failure) 2020-10-27T20:53:51.835+0800: 6.506: [ParNew: 157248K->17472K(157248K), 0.0069586 secs] 416782K->316488K(506816K), 0.0070221 secs] [Times: user=0.05 sys=0.02, real=0.01 secs] 
2020-10-27T20:53:51.872+0800: 6.543: [GC (Allocation Failure) 2020-10-27T20:53:51.872+0800: 6.543: [ParNew: 157248K->17472K(157248K), 0.0067313 secs] 456264K->353512K(506816K), 0.0067944 secs] [Times: user=0.00 sys=0.00, real=0.01 secs] 
2020-10-27T20:53:51.879+0800: 6.550: [CMS-concurrent-abortable-preclean: 0.001/0.083 secs] [Times: user=0.11 sys=0.02, real=0.08 secs] 
2020-10-27T20:53:51.879+0800: 6.550: [GC (CMS Final Remark) [YG occupancy: 20460 K (157248 K)]2020-10-27T20:53:51.879+0800: 6.550: [Rescan (parallel) , 0.0002485 secs]2020-10-27T20:53:51.879+0800: 6.551: [weak refs processing, 0.0000097 secs]2020-10-27T20:53:51.879+0800: 6.551: [class unloading, 0.0001805 secs]2020-10-27T20:53:51.879+0800: 6.551: [scrub symbol table, 0.0002749 secs]2020-10-27T20:53:51.880+0800: 6.551: [scrub string table, 0.0000801 secs][1 CMS-remark: 336040K(349568K)] 356501K(506816K), 0.0008478 secs] [Times: user=0.00 sys=0.00, real=0.00 secs] 
2020-10-27T20:53:51.880+0800: 6.551: [CMS-concurrent-sweep-start]
2020-10-27T20:53:51.880+0800: 6.552: [CMS-concurrent-sweep: 0.000/0.000 secs] [Times: user=0.00 sys=0.00, real=0.00 secs] 
2020-10-27T20:53:51.880+0800: 6.552: [CMS-concurrent-reset-start]
2020-10-27T20:53:51.881+0800: 6.552: [CMS-concurrent-reset: 0.000/0.000 secs] [Times: user=0.00 sys=0.00, real=0.00 secs] 
2020-10-27T20:53:51.910+0800: 6.581: [GC (Allocation Failure) 2020-10-27T20:53:51.910+0800: 6.581: [ParNew: 157248K->17472K(157248K), 0.0063585 secs] 409768K->305500K(506816K), 0.0064147 secs] [Times: user=0.00 sys=0.00, real=0.01 secs] 
2020-10-27T20:53:51.916+0800: 6.588: [GC (CMS Initial Mark) [1 CMS-initial-mark: 288028K(349568K)] 308558K(506816K), 0.0001260 secs] [Times: user=0.00 sys=0.00, real=0.00 secs] 
2020-10-27T20:53:51.917+0800: 6.588: [CMS-concurrent-mark-start]
2020-10-27T20:53:51.918+0800: 6.589: [CMS-concurrent-mark: 0.002/0.002 secs] [Times: user=0.03 sys=0.00, real=0.00 secs] 
2020-10-27T20:53:51.918+0800: 6.589: [CMS-concurrent-preclean-start]
2020-10-27T20:53:51.919+0800: 6.590: [CMS-concurrent-preclean: 0.000/0.000 secs] [Times: user=0.00 sys=0.00, real=0.00 secs] 
2020-10-27T20:53:51.919+0800: 6.590: [CMS-concurrent-abortable-preclean-start]
2020-10-27T20:53:51.941+0800: 6.612: [GC (Allocation Failure) 2020-10-27T20:53:51.941+0800: 6.612: [ParNew: 157248K->17472K(157248K), 0.0066019 secs] 445276K->345174K(506816K), 0.0066525 secs] [Times: user=0.00 sys=0.00, real=0.01 secs] 
2020-10-27T20:53:51.948+0800: 6.620: [CMS-concurrent-abortable-preclean: 0.001/0.030 secs] [Times: user=0.01 sys=0.00, real=0.03 secs] 
2020-10-27T20:53:51.949+0800: 6.620: [GC (CMS Final Remark) [YG occupancy: 24233 K (157248 K)]2020-10-27T20:53:51.949+0800: 6.620: [Rescan (parallel) , 0.0002702 secs]2020-10-27T20:53:51.949+0800: 6.620: [weak refs processing, 0.0000105 secs]2020-10-27T20:53:51.949+0800: 6.620: [class unloading, 0.0002133 secs]2020-10-27T20:53:51.949+0800: 6.620: [scrub symbol table, 0.0002695 secs]2020-10-27T20:53:51.949+0800: 6.621: [scrub string table, 0.0000840 secs][1 CMS-remark: 327702K(349568K)] 351935K(506816K), 0.0009056 secs] [Times: user=0.02 sys=0.00, real=0.00 secs] 
2020-10-27T20:53:51.950+0800: 6.621: [CMS-concurrent-sweep-start]
2020-10-27T20:53:51.950+0800: 6.621: [CMS-concurrent-sweep: 0.001/0.001 secs] [Times: user=0.00 sys=0.00, real=0.00 secs] 
2020-10-27T20:53:51.950+0800: 6.621: [CMS-concurrent-reset-start]
2020-10-27T20:53:51.950+0800: 6.622: [CMS-concurrent-reset: 0.000/0.000 secs] [Times: user=0.00 sys=0.00, real=0.00 secs] 
2020-10-27T20:53:51.981+0800: 6.652: [GC (Allocation Failure) 2020-10-27T20:53:51.981+0800: 6.652: [ParNew: 157033K->17472K(157248K), 0.0074814 secs] 366382K->269203K(506816K), 0.0075468 secs] [Times: user=0.00 sys=0.00, real=0.01 secs] 
2020-10-27T20:53:51.988+0800: 6.659: [GC (CMS Initial Mark) [1 CMS-initial-mark: 251731K(349568K)] 272376K(506816K), 0.0001284 secs] [Times: user=0.00 sys=0.00, real=0.00 secs] 
2020-10-27T20:53:51.989+0800: 6.660: [CMS-concurrent-mark-start]
2020-10-27T20:53:51.990+0800: 6.661: [CMS-concurrent-mark: 0.002/0.002 secs] [Times: user=0.00 sys=0.00, real=0.00 secs] 
2020-10-27T20:53:51.990+0800: 6.661: [CMS-concurrent-preclean-start]
2020-10-27T20:53:51.990+0800: 6.661: [CMS-concurrent-preclean: 0.000/0.000 secs] [Times: user=0.00 sys=0.00, real=0.00 secs] 
2020-10-27T20:53:51.990+0800: 6.661: [CMS-concurrent-abortable-preclean-start]
2020-10-27T20:53:52.026+0800: 6.697: [GC (Allocation Failure) 2020-10-27T20:53:52.026+0800: 6.697: [ParNew: 157144K->17472K(157248K), 0.0073950 secs] 408876K->310899K(506816K), 0.0074544 secs] [Times: user=0.06 sys=0.00, real=0.01 secs] 
2020-10-27T20:53:52.065+0800: 6.736: [GC (Allocation Failure) 2020-10-27T20:53:52.065+0800: 6.736: [ParNew: 157248K->17472K(157248K), 0.0073681 secs] 450675K->356814K(506816K), 0.0074247 secs] [Times: user=0.00 sys=0.00, real=0.01 secs] 
2020-10-27T20:53:52.073+0800: 6.744: [CMS-concurrent-abortable-preclean: 0.001/0.082 secs] [Times: user=0.06 sys=0.00, real=0.08 secs] 
2020-10-27T20:53:52.073+0800: 6.744: [GC (CMS Final Remark) [YG occupancy: 20463 K (157248 K)]2020-10-27T20:53:52.073+0800: 6.744: [Rescan (parallel) , 0.0003030 secs]2020-10-27T20:53:52.073+0800: 6.744: [weak refs processing, 0.0000098 secs]2020-10-27T20:53:52.073+0800: 6.744: [class unloading, 0.0002534 secs]2020-10-27T20:53:52.074+0800: 6.744: [scrub symbol table, 0.0002672 secs]2020-10-27T20:53:52.074+0800: 6.745: [scrub string table, 0.0000912 secs][1 CMS-remark: 339342K(349568K)] 359806K(506816K), 0.0009766 secs] [Times: user=0.00 sys=0.00, real=0.00 secs] 
2020-10-27T20:53:52.074+0800: 6.745: [CMS-concurrent-sweep-start]
2020-10-27T20:53:52.074+0800: 6.746: [CMS-concurrent-sweep: 0.001/0.001 secs] [Times: user=0.03 sys=0.00, real=0.00 secs] 
2020-10-27T20:53:52.074+0800: 6.746: [CMS-concurrent-reset-start]
2020-10-27T20:53:52.074+0800: 6.746: [CMS-concurrent-reset: 0.000/0.000 secs] [Times: user=0.00 sys=0.00, real=0.00 secs] 
2020-10-27T20:53:52.115+0800: 6.787: [GC (Allocation Failure) 2020-10-27T20:53:52.115+0800: 6.787: [ParNew: 157248K->17472K(157248K), 0.0069815 secs] 418150K->318454K(506816K), 0.0070353 secs] [Times: user=0.06 sys=0.00, real=0.01 secs] 
2020-10-27T20:53:52.122+0800: 6.794: [GC (CMS Initial Mark) [1 CMS-initial-mark: 300982K(349568K)] 321377K(506816K), 0.0000941 secs] [Times: user=0.00 sys=0.00, real=0.00 secs] 
2020-10-27T20:53:52.122+0800: 6.794: [CMS-concurrent-mark-start]
2020-10-27T20:53:52.124+0800: 6.796: [CMS-concurrent-mark: 0.002/0.002 secs] [Times: user=0.00 sys=0.00, real=0.00 secs] 
2020-10-27T20:53:52.124+0800: 6.796: [CMS-concurrent-preclean-start]
2020-10-27T20:53:52.124+0800: 6.796: [CMS-concurrent-preclean: 0.000/0.000 secs] [Times: user=0.00 sys=0.00, real=0.00 secs] 
2020-10-27T20:53:52.124+0800: 6.796: [CMS-concurrent-abortable-preclean-start]
2020-10-27T20:53:52.142+0800: 6.814: [GC (Allocation Failure) 2020-10-27T20:53:52.142+0800: 6.814: [ParNew: 157248K->17472K(157248K), 0.0066803 secs] 458230K->357526K(506816K), 0.0067371 secs] [Times: user=0.00 sys=0.00, real=0.01 secs] 
2020-10-27T20:53:52.149+0800: 6.820: [CMS-concurrent-abortable-preclean: 0.000/0.024 secs] [Times: user=0.00 sys=0.00, real=0.02 secs] 
2020-10-27T20:53:52.149+0800: 6.821: [GC (CMS Final Remark) [YG occupancy: 20522 K (157248 K)]2020-10-27T20:53:52.149+0800: 6.821: [Rescan (parallel) , 0.0003415 secs]2020-10-27T20:53:52.149+0800: 6.821: [weak refs processing, 0.0000094 secs]2020-10-27T20:53:52.149+0800: 6.821: [class unloading, 0.0001739 secs]2020-10-27T20:53:52.150+0800: 6.821: [scrub symbol table, 0.0002696 secs]2020-10-27T20:53:52.150+0800: 6.821: [scrub string table, 0.0000797 secs][1 CMS-remark: 340054K(349568K)] 360577K(506816K), 0.0009255 secs] [Times: user=0.00 sys=0.00, real=0.00 secs] 
2020-10-27T20:53:52.150+0800: 6.822: [CMS-concurrent-sweep-start]
2020-10-27T20:53:52.151+0800: 6.822: [CMS-concurrent-sweep: 0.001/0.001 secs] [Times: user=0.00 sys=0.00, real=0.00 secs] 
2020-10-27T20:53:52.151+0800: 6.822: [CMS-concurrent-reset-start]
2020-10-27T20:53:52.151+0800: 6.823: [CMS-concurrent-reset: 0.000/0.000 secs] [Times: user=0.00 sys=0.00, real=0.00 secs] 
2020-10-27T20:53:52.182+0800: 6.854: [GC (Allocation Failure) 2020-10-27T20:53:52.182+0800: 6.854: [ParNew: 157010K->17472K(157248K), 0.0082044 secs] 377936K->287064K(506816K), 0.0082610 secs] [Times: user=0.06 sys=0.00, real=0.01 secs] 
2020-10-27T20:53:52.190+0800: 6.862: [GC (CMS Initial Mark) [1 CMS-initial-mark: 269592K(349568K)] 290126K(506816K), 0.0001725 secs] [Times: user=0.00 sys=0.00, real=0.00 secs] 
2020-10-27T20:53:52.191+0800: 6.862: [CMS-concurrent-mark-start]
2020-10-27T20:53:52.192+0800: 6.864: [CMS-concurrent-mark: 0.002/0.002 secs] [Times: user=0.00 sys=0.00, real=0.00 secs] 
2020-10-27T20:53:52.193+0800: 6.864: [CMS-concurrent-preclean-start]
2020-10-27T20:53:52.193+0800: 6.864: [CMS-concurrent-preclean: 0.000/0.000 secs] [Times: user=0.00 sys=0.00, real=0.00 secs] 
2020-10-27T20:53:52.193+0800: 6.864: [CMS-concurrent-abortable-preclean-start]
2020-10-27T20:53:52.220+0800: 6.891: [GC (Allocation Failure) 2020-10-27T20:53:52.220+0800: 6.891: [ParNew: 157248K->17472K(157248K), 0.0074829 secs] 426840K->329717K(506816K), 0.0075425 secs] [Times: user=0.00 sys=0.00, real=0.01 secs] 
2020-10-27T20:53:52.273+0800: 6.944: [GC (Allocation Failure) 2020-10-27T20:53:52.273+0800: 6.944: [ParNew: 157132K->157132K(157248K), 0.0000158 secs]2020-10-27T20:53:52.273+0800: 6.944: [CMS2020-10-27T20:53:52.273+0800: 6.944: [CMS-concurrent-abortable-preclean: 0.001/0.080 secs] [Times: user=0.00 sys=0.00, real=0.08 secs] 
 (concurrent mode failure): 312245K->194829K(349568K), 0.0248503 secs] 469377K->194829K(506816K), [Metaspace: 2707K->2707K(1056768K)], 0.0249353 secs] [Times: user=0.03 sys=0.00, real=0.03 secs] 
2020-10-27T20:53:52.330+0800: 7.001: [GC (Allocation Failure) 2020-10-27T20:53:52.330+0800: 7.001: [ParNew: 139716K->17472K(157248K), 0.0049429 secs] 334545K->235628K(506816K), 0.0049985 secs] [Times: user=0.00 sys=0.00, real=0.01 secs] 
2020-10-27T20:53:52.377+0800: 7.048: [GC (Allocation Failure) 2020-10-27T20:53:52.377+0800: 7.048: [ParNew: 157123K->17472K(157248K), 0.0065601 secs] 375279K->275045K(506816K), 0.0066138 secs] [Times: user=0.00 sys=0.00, real=0.01 secs] 
2020-10-27T20:53:52.384+0800: 7.055: [GC (CMS Initial Mark) [1 CMS-initial-mark: 257573K(349568K)] 278362K(506816K), 0.0002677 secs] [Times: user=0.00 sys=0.00, real=0.00 secs] 
2020-10-27T20:53:52.384+0800: 7.055: [CMS-concurrent-mark-start]
2020-10-27T20:53:52.386+0800: 7.057: [CMS-concurrent-mark: 0.001/0.001 secs] [Times: user=0.00 sys=0.00, real=0.00 secs] 
2020-10-27T20:53:52.386+0800: 7.057: [CMS-concurrent-preclean-start]
2020-10-27T20:53:52.386+0800: 7.057: [CMS-concurrent-preclean: 0.000/0.000 secs] [Times: user=0.00 sys=0.00, real=0.00 secs] 
2020-10-27T20:53:52.386+0800: 7.057: [CMS-concurrent-abortable-preclean-start]
2020-10-27T20:53:52.435+0800: 7.105: [GC (Allocation Failure) 2020-10-27T20:53:52.435+0800: 7.106: [ParNew: 157248K->17472K(157248K), 0.0147565 secs] 414821K->313986K(506816K), 0.0149356 secs] [Times: user=0.02 sys=0.00, real=0.01 secs] 
2020-10-27T20:53:52.479+0800: 7.150: [GC (Allocation Failure) 2020-10-27T20:53:52.479+0800: 7.150: [ParNew: 156948K->17472K(157248K), 0.0068423 secs] 453462K->353619K(506816K), 0.0068976 secs] [Times: user=0.06 sys=0.00, real=0.01 secs] 
2020-10-27T20:53:52.486+0800: 7.157: [CMS-concurrent-abortable-preclean: 0.002/0.100 secs] [Times: user=0.11 sys=0.00, real=0.10 secs] 
2020-10-27T20:53:52.486+0800: 7.158: [GC (CMS Final Remark) [YG occupancy: 20787 K (157248 K)]2020-10-27T20:53:52.486+0800: 7.158: [Rescan (parallel) , 0.0002122 secs]2020-10-27T20:53:52.486+0800: 7.158: [weak refs processing, 0.0000100 secs]2020-10-27T20:53:52.486+0800: 7.158: [class unloading, 0.0001691 secs]2020-10-27T20:53:52.486+0800: 7.158: [scrub symbol table, 0.0002641 secs]2020-10-27T20:53:52.486+0800: 7.158: [scrub string table, 0.0000824 secs][1 CMS-remark: 336147K(349568K)] 356935K(506816K), 0.0007923 secs] [Times: user=0.00 sys=0.00, real=0.00 secs] 
2020-10-27T20:53:52.487+0800: 7.158: [CMS-concurrent-sweep-start]
2020-10-27T20:53:52.487+0800: 7.159: [CMS-concurrent-sweep: 0.000/0.000 secs] [Times: user=0.00 sys=0.00, real=0.00 secs] 
2020-10-27T20:53:52.487+0800: 7.159: [CMS-concurrent-reset-start]
2020-10-27T20:53:52.487+0800: 7.159: [CMS-concurrent-reset: 0.000/0.000 secs] [Times: user=0.00 sys=0.00, real=0.00 secs] 
2020-10-27T20:53:52.527+0800: 7.199: [GC (Allocation Failure) 2020-10-27T20:53:52.527+0800: 7.199: [ParNew: 157248K->17472K(157248K), 0.0076528 secs] 405627K->308517K(506816K), 0.0077097 secs] [Times: user=0.00 sys=0.00, real=0.01 secs] 
2020-10-27T20:53:52.535+0800: 7.206: [GC (CMS Initial Mark) [1 CMS-initial-mark: 291045K(349568K)] 311581K(506816K), 0.0001872 secs] [Times: user=0.00 sys=0.00, real=0.00 secs] 
2020-10-27T20:53:52.535+0800: 7.207: [CMS-concurrent-mark-start]
2020-10-27T20:53:52.537+0800: 7.208: [CMS-concurrent-mark: 0.002/0.002 secs] [Times: user=0.00 sys=0.00, real=0.00 secs] 
2020-10-27T20:53:52.537+0800: 7.208: [CMS-concurrent-preclean-start]
2020-10-27T20:53:52.537+0800: 7.209: [CMS-concurrent-preclean: 0.000/0.000 secs] [Times: user=0.00 sys=0.00, real=0.00 secs] 
2020-10-27T20:53:52.537+0800: 7.209: [CMS-concurrent-abortable-preclean-start]
2020-10-27T20:53:52.577+0800: 7.248: [GC (Allocation Failure) 2020-10-27T20:53:52.577+0800: 7.248: [ParNew: 157200K->17472K(157248K), 0.0073702 secs] 448245K->349493K(506816K), 0.0074284 secs] [Times: user=0.00 sys=0.00, real=0.01 secs] 
2020-10-27T20:53:52.584+0800: 7.256: [CMS-concurrent-abortable-preclean: 0.000/0.047 secs] [Times: user=0.00 sys=0.00, real=0.05 secs] 
2020-10-27T20:53:52.584+0800: 7.256: [GC (CMS Final Remark) [YG occupancy: 20877 K (157248 K)]2020-10-27T20:53:52.584+0800: 7.256: [Rescan (parallel) , 0.0002857 secs]2020-10-27T20:53:52.585+0800: 7.256: [weak refs processing, 0.0000096 secs]2020-10-27T20:53:52.585+0800: 7.256: [class unloading, 0.0001927 secs]2020-10-27T20:53:52.585+0800: 7.256: [scrub symbol table, 0.0002815 secs]2020-10-27T20:53:52.585+0800: 7.257: [scrub string table, 0.0000837 secs][1 CMS-remark: 332021K(349568K)] 352899K(506816K), 0.0009067 secs] [Times: user=0.00 sys=0.00, real=0.00 secs] 
2020-10-27T20:53:52.585+0800: 7.257: [CMS-concurrent-sweep-start]
2020-10-27T20:53:52.586+0800: 7.258: [CMS-concurrent-sweep: 0.001/0.001 secs] [Times: user=0.00 sys=0.00, real=0.00 secs] 
2020-10-27T20:53:52.586+0800: 7.258: [CMS-concurrent-reset-start]
2020-10-27T20:53:52.587+0800: 7.258: [CMS-concurrent-reset: 0.000/0.000 secs] [Times: user=0.00 sys=0.00, real=0.00 secs] 
2020-10-27T20:53:52.625+0800: 7.297: [GC (Allocation Failure) 2020-10-27T20:53:52.625+0800: 7.297: [ParNew: 157248K->17472K(157248K), 0.0072508 secs] 366436K->263205K(506816K), 0.0073097 secs] [Times: user=0.00 sys=0.00, real=0.01 secs] 
2020-10-27T20:53:52.633+0800: 7.304: [GC (CMS Initial Mark) [1 CMS-initial-mark: 245733K(349568K)] 266678K(506816K), 0.0002781 secs] [Times: user=0.00 sys=0.00, real=0.00 secs] 
2020-10-27T20:53:52.633+0800: 7.304: [CMS-concurrent-mark-start]
2020-10-27T20:53:52.635+0800: 7.306: [CMS-concurrent-mark: 0.001/0.001 secs] [Times: user=0.00 sys=0.00, real=0.00 secs] 
2020-10-27T20:53:52.635+0800: 7.306: [CMS-concurrent-preclean-start]
2020-10-27T20:53:52.635+0800: 7.306: [CMS-concurrent-preclean: 0.000/0.000 secs] [Times: user=0.00 sys=0.00, real=0.00 secs] 
2020-10-27T20:53:52.635+0800: 7.306: [CMS-concurrent-abortable-preclean-start]
2020-10-27T20:53:52.669+0800: 7.340: [GC (Allocation Failure) 2020-10-27T20:53:52.669+0800: 7.340: [ParNew: 157248K->17472K(157248K), 0.0071836 secs] 402981K->304822K(506816K), 0.0072445 secs] [Times: user=0.00 sys=0.00, real=0.01 secs] 
2020-10-27T20:53:52.714+0800: 7.385: [GC (Allocation Failure) 2020-10-27T20:53:52.714+0800: 7.385: [ParNew: 157248K->17472K(157248K), 0.0069211 secs] 444598K->344953K(506816K), 0.0069809 secs] [Times: user=0.06 sys=0.00, real=0.01 secs] 
2020-10-27T20:53:52.747+0800: 7.418: [GC (Allocation Failure) 2020-10-27T20:53:52.747+0800: 7.418: [ParNew: 157248K->157248K(157248K), 0.0000148 secs]2020-10-27T20:53:52.747+0800: 7.418: [CMS2020-10-27T20:53:52.747+0800: 7.418: [CMS-concurrent-abortable-preclean: 0.002/0.112 secs] [Times: user=0.11 sys=0.00, real=0.11 secs] 
 (concurrent mode failure): 327481K->172317K(349568K), 0.0217934 secs] 484729K->172317K(506816K), [Metaspace: 2707K->2707K(1056768K)], 0.0218776 secs] [Times: user=0.02 sys=0.00, real=0.02 secs] 
2020-10-27T20:53:52.813+0800: 7.484: [GC (Allocation Failure) 2020-10-27T20:53:52.813+0800: 7.484: [ParNew: 139776K->17472K(157248K), 0.0054372 secs] 312093K->218166K(506816K), 0.0054952 secs] [Times: user=0.00 sys=0.00, real=0.01 secs] 
2020-10-27T20:53:52.868+0800: 7.540: [GC (Allocation Failure) 2020-10-27T20:53:52.868+0800: 7.540: [ParNew: 157248K->17472K(157248K), 0.0066474 secs] 357942K->259127K(506816K), 0.0067057 secs] [Times: user=0.06 sys=0.00, real=0.01 secs] 
2020-10-27T20:53:52.875+0800: 7.547: [GC (CMS Initial Mark) [1 CMS-initial-mark: 241655K(349568K)] 259455K(506816K), 0.0000929 secs] [Times: user=0.00 sys=0.00, real=0.00 secs] 
2020-10-27T20:53:52.875+0800: 7.547: [CMS-concurrent-mark-start]
2020-10-27T20:53:52.877+0800: 7.549: [CMS-concurrent-mark: 0.002/0.002 secs] [Times: user=0.00 sys=0.00, real=0.00 secs] 
2020-10-27T20:53:52.877+0800: 7.549: [CMS-concurrent-preclean-start]
2020-10-27T20:53:52.877+0800: 7.549: [CMS-concurrent-preclean: 0.000/0.000 secs] [Times: user=0.00 sys=0.00, real=0.00 secs] 
2020-10-27T20:53:52.877+0800: 7.549: [CMS-concurrent-abortable-preclean-start]
2020-10-27T20:53:52.905+0800: 7.576: [GC (Allocation Failure) 2020-10-27T20:53:52.905+0800: 7.576: [ParNew: 157248K->17472K(157248K), 0.0072297 secs] 398903K->301299K(506816K), 0.0072878 secs] [Times: user=0.00 sys=0.00, real=0.01 secs] 
2020-10-27T20:53:52.952+0800: 7.624: [GC (Allocation Failure) 2020-10-27T20:53:52.952+0800: 7.624: [ParNew: 156936K->17472K(157248K), 0.0063312 secs] 440763K->334356K(506816K), 0.0063880 secs] [Times: user=0.00 sys=0.00, real=0.01 secs] 
2020-10-27T20:53:52.990+0800: 7.661: [GC (Allocation Failure) 2020-10-27T20:53:52.990+0800: 7.661: [ParNew: 157248K->157248K(157248K), 0.0000153 secs]2020-10-27T20:53:52.990+0800: 7.661: [CMS2020-10-27T20:53:52.990+0800: 7.661: [CMS-concurrent-abortable-preclean: 0.002/0.112 secs] [Times: user=0.05 sys=0.00, real=0.11 secs] 
 (concurrent mode failure): 316884K->179668K(349568K), 0.0225815 secs] 474132K->179668K(506816K), [Metaspace: 2707K->2707K(1056768K)], 0.0226588 secs] [Times: user=0.03 sys=0.00, real=0.02 secs] 
2020-10-27T20:53:53.054+0800: 7.725: [GC (Allocation Failure) 2020-10-27T20:53:53.054+0800: 7.725: [ParNew: 139776K->17472K(157248K), 0.0059449 secs] 319444K->226714K(506816K), 0.0060107 secs] [Times: user=0.05 sys=0.00, real=0.01 secs] 
2020-10-27T20:53:53.096+0800: 7.767: [GC (Allocation Failure) 2020-10-27T20:53:53.096+0800: 7.767: [ParNew: 157068K->17472K(157248K), 0.0065881 secs] 366311K->265663K(506816K), 0.0066447 secs] [Times: user=0.00 sys=0.00, real=0.01 secs] 
2020-10-27T20:53:53.103+0800: 7.774: [GC (CMS Initial Mark) [1 CMS-initial-mark: 248191K(349568K)] 268921K(506816K), 0.0002640 secs] [Times: user=0.00 sys=0.00, real=0.00 secs] 
2020-10-27T20:53:53.103+0800: 7.775: [CMS-concurrent-mark-start]
2020-10-27T20:53:53.105+0800: 7.776: [CMS-concurrent-mark: 0.001/0.001 secs] [Times: user=0.00 sys=0.00, real=0.00 secs] 
2020-10-27T20:53:53.105+0800: 7.776: [CMS-concurrent-preclean-start]
2020-10-27T20:53:53.105+0800: 7.776: [CMS-concurrent-preclean: 0.000/0.000 secs] [Times: user=0.00 sys=0.00, real=0.00 secs] 
2020-10-27T20:53:53.105+0800: 7.776: [CMS-concurrent-abortable-preclean-start]
2020-10-27T20:53:53.146+0800: 7.817: [GC (Allocation Failure) 2020-10-27T20:53:53.146+0800: 7.817: [ParNew: 157145K->17472K(157248K), 0.0073569 secs] 405337K->308534K(506816K), 0.0074134 secs] [Times: user=0.06 sys=0.00, real=0.01 secs] 
2020-10-27T20:53:53.189+0800: 7.860: [GC (Allocation Failure) 2020-10-27T20:53:53.189+0800: 7.860: [ParNew: 157248K->17472K(157248K), 0.0073626 secs] 448310K->355070K(506816K), 0.0074310 secs] [Times: user=0.00 sys=0.00, real=0.01 secs] 
2020-10-27T20:53:53.196+0800: 7.868: [CMS-concurrent-abortable-preclean: 0.001/0.091 secs] [Times: user=0.11 sys=0.00, real=0.09 secs] 
2020-10-27T20:53:53.196+0800: 7.868: [GC (CMS Final Remark) [YG occupancy: 20758 K (157248 K)]2020-10-27T20:53:53.196+0800: 7.868: [Rescan (parallel) , 0.0003288 secs]2020-10-27T20:53:53.196+0800: 7.868: [weak refs processing, 0.0000100 secs]2020-10-27T20:53:53.196+0800: 7.868: [class unloading, 0.0001925 secs]2020-10-27T20:53:53.197+0800: 7.868: [scrub symbol table, 0.0002997 secs]2020-10-27T20:53:53.197+0800: 7.869: [scrub string table, 0.0000802 secs][1 CMS-remark: 337598K(349568K)] 358357K(506816K), 0.0009619 secs] [Times: user=0.00 sys=0.00, real=0.00 secs] 
2020-10-27T20:53:53.197+0800: 7.869: [CMS-concurrent-sweep-start]
2020-10-27T20:53:53.198+0800: 7.869: [CMS-concurrent-sweep: 0.000/0.000 secs] [Times: user=0.00 sys=0.00, real=0.00 secs] 
2020-10-27T20:53:53.198+0800: 7.869: [CMS-concurrent-reset-start]
2020-10-27T20:53:53.198+0800: 7.870: [CMS-concurrent-reset: 0.000/0.000 secs] [Times: user=0.00 sys=0.00, real=0.00 secs] 
2020-10-27T20:53:53.230+0800: 7.902: [GC (Allocation Failure) 2020-10-27T20:53:53.230+0800: 7.902: [ParNew: 157248K->17472K(157248K), 0.0073101 secs] 411948K->315979K(506816K), 0.0073669 secs] [Times: user=0.00 sys=0.00, real=0.01 secs] 
2020-10-27T20:53:53.237+0800: 7.909: [GC (CMS Initial Mark) [1 CMS-initial-mark: 298507K(349568K)] 319286K(506816K), 0.0001815 secs] [Times: user=0.00 sys=0.00, real=0.00 secs] 
2020-10-27T20:53:53.238+0800: 7.909: [CMS-concurrent-mark-start]
2020-10-27T20:53:53.239+0800: 7.911: [CMS-concurrent-mark: 0.001/0.001 secs] [Times: user=0.00 sys=0.00, real=0.00 secs] 
2020-10-27T20:53:53.239+0800: 7.911: [CMS-concurrent-preclean-start]
2020-10-27T20:53:53.239+0800: 7.911: [CMS-concurrent-preclean: 0.000/0.000 secs] [Times: user=0.00 sys=0.00, real=0.00 secs] 
2020-10-27T20:53:53.239+0800: 7.911: [CMS-concurrent-abortable-preclean-start]
2020-10-27T20:53:53.282+0800: 7.953: [GC (Allocation Failure) 2020-10-27T20:53:53.282+0800: 7.953: [ParNew: 157248K->157248K(157248K), 0.0000154 secs]2020-10-27T20:53:53.282+0800: 7.953: [CMS2020-10-27T20:53:53.282+0800: 7.954: [CMS-concurrent-abortable-preclean: 0.000/0.042 secs] [Times: user=0.02 sys=0.00, real=0.04 secs] 
 (concurrent mode failure): 298507K->181672K(349568K), 0.0233017 secs] 455755K->181672K(506816K), [Metaspace: 2707K->2707K(1056768K)], 0.0233864 secs] [Times: user=0.02 sys=0.00, real=0.02 secs] 
2020-10-27T20:53:53.346+0800: 8.018: [GC (Allocation Failure) 2020-10-27T20:53:53.346+0800: 8.018: [ParNew: 139776K->17472K(157248K), 0.0062835 secs] 321448K->234317K(506816K), 0.0063402 secs] [Times: user=0.00 sys=0.00, real=0.01 secs] 
2020-10-27T20:53:53.402+0800: 8.074: [GC (Allocation Failure) 2020-10-27T20:53:53.402+0800: 8.074: [ParNew: 157248K->17472K(157248K), 0.0077024 secs] 374093K->278151K(506816K), 0.0077595 secs] [Times: user=0.00 sys=0.00, real=0.01 secs] 
2020-10-27T20:53:53.410+0800: 8.082: [GC (CMS Initial Mark) [1 CMS-initial-mark: 260679K(349568K)] 281347K(506816K), 0.0002463 secs] [Times: user=0.00 sys=0.00, real=0.00 secs] 
2020-10-27T20:53:53.411+0800: 8.082: [CMS-concurrent-mark-start]
2020-10-27T20:53:53.412+0800: 8.084: [CMS-concurrent-mark: 0.002/0.002 secs] [Times: user=0.00 sys=0.00, real=0.00 secs] 
2020-10-27T20:53:53.412+0800: 8.084: [CMS-concurrent-preclean-start]
2020-10-27T20:53:53.413+0800: 8.084: [CMS-concurrent-preclean: 0.000/0.000 secs] [Times: user=0.00 sys=0.00, real=0.00 secs] 
2020-10-27T20:53:53.413+0800: 8.084: [CMS-concurrent-abortable-preclean-start]
2020-10-27T20:53:53.440+0800: 8.111: [GC (Allocation Failure) 2020-10-27T20:53:53.440+0800: 8.111: [ParNew: 157248K->17472K(157248K), 0.0074923 secs] 417927K->324523K(506816K), 0.0075485 secs] [Times: user=0.00 sys=0.00, real=0.01 secs] 
2020-10-27T20:53:53.488+0800: 8.159: [GC (Allocation Failure) 2020-10-27T20:53:53.488+0800: 8.159: [ParNew: 156912K->156912K(157248K), 0.0000157 secs]2020-10-27T20:53:53.488+0800: 8.159: [CMS2020-10-27T20:53:53.489+0800: 8.160: [CMS-concurrent-abortable-preclean: 0.001/0.076 secs] [Times: user=0.02 sys=0.00, real=0.08 secs] 
 (concurrent mode failure): 307051K->189283K(349568K), 0.0238643 secs] 463963K->189283K(506816K), [Metaspace: 2707K->2707K(1056768K)], 0.0239480 secs] [Times: user=0.03 sys=0.00, real=0.02 secs] 
2020-10-27T20:53:53.542+0800: 8.212: [GC (Allocation Failure) 2020-10-27T20:53:53.542+0800: 8.212: [ParNew: 139776K->17472K(157248K), 0.0058235 secs] 329059K->235947K(506816K), 0.0058784 secs] [Times: user=0.06 sys=0.00, real=0.00 secs] 
2020-10-27T20:53:53.580+0800: 8.252: [GC (Allocation Failure) 2020-10-27T20:53:53.580+0800: 8.252: [ParNew: 157248K->17472K(157248K), 0.0066588 secs] 375723K->275533K(506816K), 0.0067173 secs] [Times: user=0.00 sys=0.00, real=0.01 secs] 
2020-10-27T20:53:53.587+0800: 8.259: [GC (CMS Initial Mark) [1 CMS-initial-mark: 258061K(349568K)] 278596K(506816K), 0.0002654 secs] [Times: user=0.00 sys=0.00, real=0.00 secs] 
2020-10-27T20:53:53.587+0800: 8.259: [CMS-concurrent-mark-start]
2020-10-27T20:53:53.589+0800: 8.260: [CMS-concurrent-mark: 0.001/0.001 secs] [Times: user=0.00 sys=0.00, real=0.00 secs] 
2020-10-27T20:53:53.589+0800: 8.260: [CMS-concurrent-preclean-start]
2020-10-27T20:53:53.589+0800: 8.261: [CMS-concurrent-preclean: 0.000/0.000 secs] [Times: user=0.00 sys=0.00, real=0.00 secs] 
2020-10-27T20:53:53.589+0800: 8.261: [CMS-concurrent-abortable-preclean-start]
2020-10-27T20:53:53.615+0800: 8.286: [GC (Allocation Failure) 2020-10-27T20:53:53.615+0800: 8.286: [ParNew: 157248K->17472K(157248K), 0.0075240 secs] 415309K->320138K(506816K), 0.0075799 secs] [Times: user=0.05 sys=0.01, real=0.01 secs] 
2020-10-27T20:53:53.664+0800: 8.336: [GC (Allocation Failure) 2020-10-27T20:53:53.664+0800: 8.336: [ParNew: 157248K->157248K(157248K), 0.0000150 secs]2020-10-27T20:53:53.664+0800: 8.336: [CMS2020-10-27T20:53:53.664+0800: 8.336: [CMS-concurrent-abortable-preclean: 0.001/0.075 secs] [Times: user=0.06 sys=0.01, real=0.08 secs] 
 (concurrent mode failure): 302666K->195286K(349568K), 0.0237292 secs] 459914K->195286K(506816K), [Metaspace: 2707K->2707K(1056768K)], 0.0238161 secs] [Times: user=0.03 sys=0.00, real=0.02 secs] 
2020-10-27T20:53:53.727+0800: 8.398: [GC (Allocation Failure) 2020-10-27T20:53:53.727+0800: 8.398: [ParNew: 139776K->17472K(157248K), 0.0055316 secs] 335062K->241437K(506816K), 0.0055879 secs] [Times: user=0.06 sys=0.00, real=0.01 secs] 
2020-10-27T20:53:53.768+0800: 8.439: [GC (Allocation Failure) 2020-10-27T20:53:53.768+0800: 8.439: [ParNew: 157248K->17472K(157248K), 0.0068213 secs] 381213K->281354K(506816K), 0.0068817 secs] [Times: user=0.00 sys=0.00, real=0.01 secs] 
2020-10-27T20:53:53.775+0800: 8.446: [GC (CMS Initial Mark) [1 CMS-initial-mark: 263882K(349568K)] 284661K(506816K), 0.0002070 secs] [Times: user=0.00 sys=0.00, real=0.00 secs] 
2020-10-27T20:53:53.775+0800: 8.446: [CMS-concurrent-mark-start]
2020-10-27T20:53:53.776+0800: 8.448: [CMS-concurrent-mark: 0.002/0.002 secs] [Times: user=0.00 sys=0.00, real=0.00 secs] 
2020-10-27T20:53:53.776+0800: 8.448: [CMS-concurrent-preclean-start]
2020-10-27T20:53:53.777+0800: 8.448: [CMS-concurrent-preclean: 0.000/0.000 secs] [Times: user=0.00 sys=0.00, real=0.00 secs] 
2020-10-27T20:53:53.777+0800: 8.448: [CMS-concurrent-abortable-preclean-start]
2020-10-27T20:53:53.815+0800: 8.486: [GC (Allocation Failure) 2020-10-27T20:53:53.815+0800: 8.486: [ParNew: 157248K->17472K(157248K), 0.0067849 secs] 421130K->323393K(506816K), 0.0068415 secs] [Times: user=0.00 sys=0.00, real=0.01 secs] 
2020-10-27T20:53:53.861+0800: 8.532: [GC (Allocation Failure) 2020-10-27T20:53:53.861+0800: 8.532: [ParNew: 157248K->157248K(157248K), 0.0000151 secs]2020-10-27T20:53:53.861+0800: 8.532: [CMS2020-10-27T20:53:53.861+0800: 8.532: [CMS-concurrent-abortable-preclean: 0.001/0.084 secs] [Times: user=0.03 sys=0.00, real=0.08 secs] 
 (concurrent mode failure): 305921K->204855K(349568K), 0.0245793 secs] 463169K->204855K(506816K), [Metaspace: 2707K->2707K(1056768K)], 0.0246636 secs] [Times: user=0.02 sys=0.00, real=0.02 secs] 
2020-10-27T20:53:53.934+0800: 8.605: [GC (Allocation Failure) 2020-10-27T20:53:53.934+0800: 8.605: [ParNew: 139593K->17472K(157248K), 0.0057423 secs] 344449K->249426K(506816K), 0.0058006 secs] [Times: user=0.00 sys=0.00, real=0.01 secs] 
2020-10-27T20:53:53.972+0800: 8.644: [GC (Allocation Failure) 2020-10-27T20:53:53.972+0800: 8.644: [ParNew: 157248K->17472K(157248K), 0.0072331 secs] 389202K->292667K(506816K), 0.0072897 secs] [Times: user=0.00 sys=0.00, real=0.01 secs] 
2020-10-27T20:53:53.980+0800: 8.651: [GC (CMS Initial Mark) [1 CMS-initial-mark: 275195K(349568K)] 295655K(506816K), 0.0002594 secs] [Times: user=0.00 sys=0.00, real=0.00 secs] 
2020-10-27T20:53:53.980+0800: 8.652: [CMS-concurrent-mark-start]
2020-10-27T20:53:53.981+0800: 8.653: [CMS-concurrent-mark: 0.001/0.001 secs] [Times: user=0.00 sys=0.00, real=0.00 secs] 
2020-10-27T20:53:53.981+0800: 8.653: [CMS-concurrent-preclean-start]
2020-10-27T20:53:53.982+0800: 8.653: [CMS-concurrent-preclean: 0.000/0.000 secs] [Times: user=0.00 sys=0.00, real=0.00 secs] 
2020-10-27T20:53:53.982+0800: 8.653: [CMS-concurrent-abortable-preclean-start]
2020-10-27T20:53:54.021+0800: 8.692: [GC (Allocation Failure) 2020-10-27T20:53:54.021+0800: 8.692: [ParNew: 156567K->17472K(157248K), 0.0071562 secs] 431762K->332197K(506816K), 0.0072170 secs] [Times: user=0.05 sys=0.00, real=0.01 secs] 
2020-10-27T20:53:54.070+0800: 8.742: [GC (Allocation Failure) 2020-10-27T20:53:54.070+0800: 8.742: [ParNew: 157054K->157054K(157248K), 0.0000176 secs]2020-10-27T20:53:54.070+0800: 8.742: [CMS2020-10-27T20:53:54.070+0800: 8.742: [CMS-concurrent-abortable-preclean: 0.001/0.088 secs] [Times: user=0.06 sys=0.00, real=0.09 secs] 
 (concurrent mode failure): 314725K->194301K(349568K), 0.0261609 secs] 471780K->194301K(506816K), [Metaspace: 2707K->2707K(1056768K)], 0.0262556 secs] [Times: user=0.03 sys=0.00, real=0.03 secs] 
2020-10-27T20:53:54.138+0800: 8.809: [GC (Allocation Failure) 2020-10-27T20:53:54.138+0800: 8.809: [ParNew: 139740K->17472K(157248K), 0.0057938 secs] 334042K->239147K(506816K), 0.0058534 secs] [Times: user=0.00 sys=0.00, real=0.01 secs] 
2020-10-27T20:53:54.186+0800: 8.858: [GC (Allocation Failure) 2020-10-27T20:53:54.186+0800: 8.858: [ParNew: 157248K->17472K(157248K), 0.0069756 secs] 378923K->279173K(506816K), 0.0070416 secs] [Times: user=0.00 sys=0.00, real=0.01 secs] 
2020-10-27T20:53:54.194+0800: 8.865: [GC (CMS Initial Mark) [1 CMS-initial-mark: 261701K(349568K)] 282227K(506816K), 0.0000783 secs] [Times: user=0.00 sys=0.00, real=0.00 secs] 
2020-10-27T20:53:54.194+0800: 8.865: [CMS-concurrent-mark-start]
2020-10-27T20:53:54.195+0800: 8.866: [CMS-concurrent-mark: 0.001/0.001 secs] [Times: user=0.00 sys=0.00, real=0.00 secs] 
2020-10-27T20:53:54.195+0800: 8.866: [CMS-concurrent-preclean-start]
2020-10-27T20:53:54.195+0800: 8.867: [CMS-concurrent-preclean: 0.000/0.000 secs] [Times: user=0.00 sys=0.00, real=0.00 secs] 
2020-10-27T20:53:54.195+0800: 8.867: [CMS-concurrent-abortable-preclean-start]
2020-10-27T20:53:54.241+0800: 8.912: [GC (Allocation Failure) 2020-10-27T20:53:54.241+0800: 8.912: [ParNew: 157248K->17472K(157248K), 0.0074420 secs] 418949K->320812K(506816K), 0.0075032 secs] [Times: user=0.06 sys=0.00, real=0.01 secs] 
2020-10-27T20:53:54.279+0800: 8.950: [GC (Allocation Failure) 2020-10-27T20:53:54.279+0800: 8.950: [ParNew: 157248K->157248K(157248K), 0.0000160 secs]2020-10-27T20:53:54.279+0800: 8.950: [CMS2020-10-27T20:53:54.279+0800: 8.950: [CMS-concurrent-abortable-preclean: 0.001/0.083 secs] [Times: user=0.06 sys=0.00, real=0.08 secs] 
 (concurrent mode failure): 303340K->183112K(349568K), 0.0238150 secs] 460588K->183112K(506816K), [Metaspace: 2707K->2707K(1056768K)], 0.0238955 secs] [Times: user=0.01 sys=0.00, real=0.02 secs] 
2020-10-27T20:53:54.349+0800: 9.020: [GC (Allocation Failure) 2020-10-27T20:53:54.350+0800: 9.021: [ParNew: 139776K->17472K(157248K), 0.0054428 secs] 322888K->226855K(506816K), 0.0063962 secs] [Times: user=0.02 sys=0.00, real=0.01 secs] 
2020-10-27T20:53:54.383+0800: 9.055: [GC (Allocation Failure) 2020-10-27T20:53:54.384+0800: 9.055: [ParNew: 156817K->17472K(157248K), 0.0072053 secs] 366200K->266867K(506816K), 0.0072656 secs] [Times: user=0.06 sys=0.00, real=0.01 secs] 
2020-10-27T20:53:54.391+0800: 9.062: [GC (CMS Initial Mark) [1 CMS-initial-mark: 249395K(349568K)] 267446K(506816K), 0.0002235 secs] [Times: user=0.00 sys=0.00, real=0.00 secs] 
2020-10-27T20:53:54.391+0800: 9.062: [CMS-concurrent-mark-start]
2020-10-27T20:53:54.393+0800: 9.064: [CMS-concurrent-mark: 0.002/0.002 secs] [Times: user=0.00 sys=0.00, real=0.00 secs] 
2020-10-27T20:53:54.393+0800: 9.064: [CMS-concurrent-preclean-start]
2020-10-27T20:53:54.393+0800: 9.064: [CMS-concurrent-preclean: 0.000/0.000 secs] [Times: user=0.00 sys=0.00, real=0.00 secs] 
2020-10-27T20:53:54.393+0800: 9.064: [CMS-concurrent-abortable-preclean-start]
2020-10-27T20:53:54.433+0800: 9.104: [GC (Allocation Failure) 2020-10-27T20:53:54.433+0800: 9.104: [ParNew: 157248K->17472K(157248K), 0.0065516 secs] 406643K->303637K(506816K), 0.0066074 secs] [Times: user=0.06 sys=0.00, real=0.01 secs] 
2020-10-27T20:53:54.474+0800: 9.146: [GC (Allocation Failure) 2020-10-27T20:53:54.475+0800: 9.146: [ParNew: 157177K->17472K(157248K), 0.0074370 secs] 443342K->346625K(506816K), 0.0074975 secs] [Times: user=0.06 sys=0.00, real=0.01 secs] 
2020-10-27T20:53:54.483+0800: 9.154: [CMS-concurrent-abortable-preclean: 0.002/0.089 secs] [Times: user=0.13 sys=0.00, real=0.09 secs] 
2020-10-27T20:53:54.483+0800: 9.154: [GC (CMS Final Remark) [YG occupancy: 23679 K (157248 K)]2020-10-27T20:53:54.483+0800: 9.154: [Rescan (parallel) , 0.0002102 secs]2020-10-27T20:53:54.483+0800: 9.154: [weak refs processing, 0.0000107 secs]2020-10-27T20:53:54.483+0800: 9.154: [class unloading, 0.0001805 secs]2020-10-27T20:53:54.483+0800: 9.154: [scrub symbol table, 0.0002703 secs]2020-10-27T20:53:54.483+0800: 9.155: [scrub string table, 0.0000826 secs][1 CMS-remark: 329153K(349568K)] 352833K(506816K), 0.0008140 secs] [Times: user=0.00 sys=0.00, real=0.00 secs] 
2020-10-27T20:53:54.484+0800: 9.155: [CMS-concurrent-sweep-start]
2020-10-27T20:53:54.484+0800: 9.155: [CMS-concurrent-sweep: 0.000/0.000 secs] [Times: user=0.00 sys=0.00, real=0.00 secs] 
2020-10-27T20:53:54.484+0800: 9.155: [CMS-concurrent-reset-start]
2020-10-27T20:53:54.484+0800: 9.155: [CMS-concurrent-reset: 0.000/0.000 secs] [Times: user=0.00 sys=0.00, real=0.00 secs] 
2020-10-27T20:53:54.524+0800: 9.195: [GC (Allocation Failure) 2020-10-27T20:53:54.524+0800: 9.195: [ParNew: 157248K->17472K(157248K), 0.0077549 secs] 400319K->302401K(506816K), 0.0078197 secs] [Times: user=0.06 sys=0.00, real=0.01 secs] 
2020-10-27T20:53:54.532+0800: 9.203: [GC (CMS Initial Mark) [1 CMS-initial-mark: 284929K(349568K)] 306445K(506816K), 0.0001931 secs] [Times: user=0.00 sys=0.00, real=0.00 secs] 
2020-10-27T20:53:54.532+0800: 9.203: [CMS-concurrent-mark-start]
2020-10-27T20:53:54.533+0800: 9.204: [CMS-concurrent-mark: 0.001/0.001 secs] [Times: user=0.00 sys=0.00, real=0.00 secs] 
2020-10-27T20:53:54.533+0800: 9.204: [CMS-concurrent-preclean-start]
2020-10-27T20:53:54.534+0800: 9.205: [CMS-concurrent-preclean: 0.000/0.000 secs] [Times: user=0.00 sys=0.00, real=0.00 secs] 
2020-10-27T20:53:54.534+0800: 9.205: [CMS-concurrent-abortable-preclean-start]
2020-10-27T20:53:54.583+0800: 9.254: [GC (Allocation Failure) 2020-10-27T20:53:54.583+0800: 9.254: [ParNew: 157248K->17472K(157248K), 0.0078305 secs] 442177K->349349K(506816K), 0.0078892 secs] [Times: user=0.06 sys=0.00, real=0.01 secs] 
2020-10-27T20:53:54.591+0800: 9.263: [CMS-concurrent-abortable-preclean: 0.001/0.058 secs] [Times: user=0.06 sys=0.00, real=0.06 secs] 
2020-10-27T20:53:54.591+0800: 9.263: [GC (CMS Final Remark) [YG occupancy: 23500 K (157248 K)]2020-10-27T20:53:54.591+0800: 9.263: [Rescan (parallel) , 0.0002373 secs]2020-10-27T20:53:54.591+0800: 9.263: [weak refs processing, 0.0000101 secs]2020-10-27T20:53:54.591+0800: 9.263: [class unloading, 0.0001751 secs]2020-10-27T20:53:54.591+0800: 9.263: [scrub symbol table, 0.0002923 secs]2020-10-27T20:53:54.592+0800: 9.264: [scrub string table, 0.0000856 secs][1 CMS-remark: 331877K(349568K)] 355378K(506816K), 0.0008577 secs] [Times: user=0.00 sys=0.00, real=0.00 secs] 
2020-10-27T20:53:54.592+0800: 9.264: [CMS-concurrent-sweep-start]
2020-10-27T20:53:54.593+0800: 9.264: [CMS-concurrent-sweep: 0.001/0.001 secs] [Times: user=0.00 sys=0.00, real=0.00 secs] 
2020-10-27T20:53:54.593+0800: 9.264: [CMS-concurrent-reset-start]
2020-10-27T20:53:54.593+0800: 9.265: [CMS-concurrent-reset: 0.000/0.000 secs] [Times: user=0.00 sys=0.00, real=0.00 secs] 
2020-10-27T20:53:54.631+0800: 9.303: [GC (Allocation Failure) 2020-10-27T20:53:54.632+0800: 9.303: [ParNew: 157248K->17472K(157248K), 0.0073513 secs] 366281K->267098K(506816K), 0.0074178 secs] [Times: user=0.03 sys=0.02, real=0.01 secs] 
2020-10-27T20:53:54.639+0800: 9.311: [GC (CMS Initial Mark) [1 CMS-initial-mark: 249626K(349568K)] 267380K(506816K), 0.0000998 secs] [Times: user=0.00 sys=0.00, real=0.00 secs] 
2020-10-27T20:53:54.639+0800: 9.311: [CMS-concurrent-mark-start]
2020-10-27T20:53:54.641+0800: 9.312: [CMS-concurrent-mark: 0.002/0.002 secs] [Times: user=0.00 sys=0.00, real=0.00 secs] 
2020-10-27T20:53:54.641+0800: 9.312: [CMS-concurrent-preclean-start]
2020-10-27T20:53:54.641+0800: 9.313: [CMS-concurrent-preclean: 0.000/0.000 secs] [Times: user=0.00 sys=0.00, real=0.00 secs] 
2020-10-27T20:53:54.641+0800: 9.313: [CMS-concurrent-abortable-preclean-start]
2020-10-27T20:53:54.672+0800: 9.344: [GC (Allocation Failure) 2020-10-27T20:53:54.672+0800: 9.344: [ParNew: 157248K->17472K(157248K), 0.0071931 secs] 406874K->307602K(506816K), 0.0072501 secs] [Times: user=0.00 sys=0.00, real=0.01 secs] 
2020-10-27T20:53:54.727+0800: 9.398: [GC (Allocation Failure) 2020-10-27T20:53:54.727+0800: 9.398: [ParNew: 157248K->17472K(157248K), 0.0069458 secs] 447378K->347418K(506816K), 0.0070050 secs] [Times: user=0.06 sys=0.00, real=0.01 secs] 
2020-10-27T20:53:54.734+0800: 9.406: [CMS-concurrent-abortable-preclean: 0.002/0.093 secs] [Times: user=0.06 sys=0.00, real=0.09 secs] 
2020-10-27T20:53:54.734+0800: 9.406: [GC (CMS Final Remark) [YG occupancy: 27989 K (157248 K)]2020-10-27T20:53:54.734+0800: 9.406: [Rescan (parallel) , 0.0003128 secs]2020-10-27T20:53:54.735+0800: 9.406: [weak refs processing, 0.0000107 secs]2020-10-27T20:53:54.735+0800: 9.406: [class unloading, 0.0001873 secs]2020-10-27T20:53:54.735+0800: 9.406: [scrub symbol table, 0.0002715 secs]2020-10-27T20:53:54.735+0800: 9.407: [scrub string table, 0.0000809 secs][1 CMS-remark: 329946K(349568K)] 357935K(506816K), 0.0009212 secs] [Times: user=0.00 sys=0.00, real=0.00 secs] 
2020-10-27T20:53:54.735+0800: 9.407: [CMS-concurrent-sweep-start]
2020-10-27T20:53:54.736+0800: 9.407: [CMS-concurrent-sweep: 0.001/0.001 secs] [Times: user=0.00 sys=0.00, real=0.00 secs] 
2020-10-27T20:53:54.736+0800: 9.407: [CMS-concurrent-reset-start]
2020-10-27T20:53:54.736+0800: 9.408: [CMS-concurrent-reset: 0.000/0.000 secs] [Times: user=0.00 sys=0.00, real=0.00 secs] 
2020-10-27T20:53:54.764+0800: 9.435: [GC (Allocation Failure) 2020-10-27T20:53:54.764+0800: 9.435: [ParNew: 157248K->17472K(157248K), 0.0073374 secs] 399582K->298638K(506816K), 0.0073947 secs] [Times: user=0.00 sys=0.00, real=0.01 secs] 
2020-10-27T20:53:54.771+0800: 9.443: [GC (CMS Initial Mark) [1 CMS-initial-mark: 281166K(349568K)] 298784K(506816K), 0.0001142 secs] [Times: user=0.00 sys=0.00, real=0.00 secs] 
2020-10-27T20:53:54.772+0800: 9.443: [CMS-concurrent-mark-start]
2020-10-27T20:53:54.773+0800: 9.444: [CMS-concurrent-mark: 0.001/0.001 secs] [Times: user=0.00 sys=0.00, real=0.00 secs] 
2020-10-27T20:53:54.773+0800: 9.444: [CMS-concurrent-preclean-start]
2020-10-27T20:53:54.774+0800: 9.445: [CMS-concurrent-preclean: 0.000/0.000 secs] [Times: user=0.00 sys=0.00, real=0.00 secs] 
2020-10-27T20:53:54.774+0800: 9.445: [CMS-concurrent-abortable-preclean-start]
2020-10-27T20:53:54.808+0800: 9.479: [GC (Allocation Failure) 2020-10-27T20:53:54.808+0800: 9.479: [ParNew: 157248K->17472K(157248K), 0.0076316 secs] 438414K->339143K(506816K), 0.0076927 secs] [Times: user=0.03 sys=0.00, real=0.01 secs] 
2020-10-27T20:53:54.864+0800: 9.535: [GC (Allocation Failure) 2020-10-27T20:53:54.864+0800: 9.535: [ParNew: 157248K->157248K(157248K), 0.0000147 secs]2020-10-27T20:53:54.864+0800: 9.535: [CMS2020-10-27T20:53:54.864+0800: 9.535: [CMS-concurrent-abortable-preclean: 0.001/0.090 secs] [Times: user=0.08 sys=0.00, real=0.09 secs] 
 (concurrent mode failure): 321671K->181888K(349568K), 0.0224014 secs] 478919K->181888K(506816K), [Metaspace: 2707K->2707K(1056768K)], 0.0224855 secs] [Times: user=0.03 sys=0.00, real=0.02 secs] 
2020-10-27T20:53:54.930+0800: 9.601: [GC (Allocation Failure) 2020-10-27T20:53:54.930+0800: 9.601: [ParNew: 139776K->17472K(157248K), 0.0054447 secs] 321664K->225860K(506816K), 0.0055011 secs] [Times: user=0.05 sys=0.01, real=0.01 secs] 
2020-10-27T20:53:54.961+0800: 9.632: [GC (Allocation Failure) 2020-10-27T20:53:54.961+0800: 9.632: [ParNew: 157194K->17472K(157248K), 0.0062994 secs] 365582K->260483K(506816K), 0.0063561 secs] [Times: user=0.06 sys=0.00, real=0.01 secs] 
2020-10-27T20:53:54.967+0800: 9.639: [GC (CMS Initial Mark) [1 CMS-initial-mark: 243011K(349568K)] 263359K(506816K), 0.0002657 secs] [Times: user=0.00 sys=0.00, real=0.00 secs] 
2020-10-27T20:53:54.967+0800: 9.639: [CMS-concurrent-mark-start]
2020-10-27T20:53:54.969+0800: 9.641: [CMS-concurrent-mark: 0.002/0.002 secs] [Times: user=0.00 sys=0.00, real=0.00 secs] 
2020-10-27T20:53:54.969+0800: 9.641: [CMS-concurrent-preclean-start]
2020-10-27T20:53:54.969+0800: 9.641: [CMS-concurrent-preclean: 0.000/0.000 secs] [Times: user=0.00 sys=0.00, real=0.00 secs] 
2020-10-27T20:53:54.969+0800: 9.641: [CMS-concurrent-abortable-preclean-start]
2020-10-27T20:53:55.004+0800: 9.675: [GC (Allocation Failure) 2020-10-27T20:53:55.004+0800: 9.675: [ParNew: 157248K->17472K(157248K), 0.0076310 secs] 400259K->302128K(506816K), 0.0076833 secs] [Times: user=0.00 sys=0.00, real=0.01 secs] 
2020-10-27T20:53:55.047+0800: 9.718: [GC (Allocation Failure) 2020-10-27T20:53:55.047+0800: 9.719: [ParNew: 157248K->17472K(157248K), 0.0068172 secs] 441904K->339764K(506816K), 0.0068725 secs] [Times: user=0.00 sys=0.00, real=0.01 secs] 
2020-10-27T20:53:55.089+0800: 9.760: [GC (Allocation Failure) 2020-10-27T20:53:55.089+0800: 9.760: [ParNew: 156779K->156779K(157248K), 0.0000161 secs]2020-10-27T20:53:55.089+0800: 9.760: [CMS2020-10-27T20:53:55.089+0800: 9.760: [CMS-concurrent-abortable-preclean: 0.002/0.119 secs] [Times: user=0.00 sys=0.02, real=0.12 secs] 
 (concurrent mode failure): 322292K->181749K(349568K), 0.0229118 secs] 479071K->181749K(506816K), [Metaspace: 2707K->2707K(1056768K)], 0.0229974 secs] [Times: user=0.03 sys=0.00, real=0.02 secs] 
2020-10-27T20:53:55.149+0800: 9.820: [GC (Allocation Failure) 2020-10-27T20:53:55.149+0800: 9.820: [ParNew: 139776K->17472K(157248K), 0.0062522 secs] 321525K->234526K(506816K), 0.0063086 secs] [Times: user=0.06 sys=0.00, real=0.01 secs] 
2020-10-27T20:53:55.192+0800: 9.863: [GC (Allocation Failure) 2020-10-27T20:53:55.192+0800: 9.863: [ParNew: 157248K->17472K(157248K), 0.0075222 secs] 374302K->279835K(506816K), 0.0075769 secs] [Times: user=0.00 sys=0.00, real=0.01 secs] 
2020-10-27T20:53:55.199+0800: 9.871: [GC (CMS Initial Mark) [1 CMS-initial-mark: 262363K(349568K)] 282658K(506816K), 0.0002707 secs] [Times: user=0.00 sys=0.00, real=0.00 secs] 
2020-10-27T20:53:55.200+0800: 9.871: [CMS-concurrent-mark-start]
2020-10-27T20:53:55.201+0800: 9.872: [CMS-concurrent-mark: 0.001/0.001 secs] [Times: user=0.00 sys=0.00, real=0.00 secs] 
2020-10-27T20:53:55.201+0800: 9.872: [CMS-concurrent-preclean-start]
2020-10-27T20:53:55.202+0800: 9.873: [CMS-concurrent-preclean: 0.000/0.000 secs] [Times: user=0.00 sys=0.00, real=0.00 secs] 
2020-10-27T20:53:55.202+0800: 9.873: [CMS-concurrent-abortable-preclean-start]
2020-10-27T20:53:55.225+0800: 9.896: [GC (Allocation Failure) 2020-10-27T20:53:55.225+0800: 9.896: [ParNew: 157248K->17472K(157248K), 0.0073896 secs] 419611K->322965K(506816K), 0.0074496 secs] [Times: user=0.06 sys=0.00, real=0.01 secs] 
2020-10-27T20:53:55.268+0800: 9.939: [GC (Allocation Failure) 2020-10-27T20:53:55.268+0800: 9.939: [ParNew: 157248K->157248K(157248K), 0.0000161 secs]2020-10-27T20:53:55.268+0800: 9.939: [CMS2020-10-27T20:53:55.268+0800: 9.939: [CMS-concurrent-abortable-preclean: 0.001/0.067 secs] [Times: user=0.08 sys=0.00, real=0.07 secs] 
 (concurrent mode failure): 305493K->191354K(349568K), 0.0236569 secs] 462741K->191354K(506816K), [Metaspace: 2707K->2707K(1056768K)], 0.0237397 secs] [Times: user=0.02 sys=0.00, real=0.02 secs] 
2020-10-27T20:53:55.328+0800: 10.000: [GC (Allocation Failure) 2020-10-27T20:53:55.328+0800: 10.000: [ParNew: 139776K->17472K(157248K), 0.0052460 secs] 331130K->233584K(506816K), 0.0053041 secs] [Times: user=0.00 sys=0.00, real=0.00 secs] 
2020-10-27T20:53:55.369+0800: 10.041: [GC (Allocation Failure) 2020-10-27T20:53:55.369+0800: 10.041: [ParNew: 157248K->17472K(157248K), 0.0060644 secs] 373360K->263384K(506816K), 0.0061202 secs] [Times: user=0.06 sys=0.00, real=0.01 secs] 
2020-10-27T20:53:55.376+0800: 10.047: [GC (CMS Initial Mark) [1 CMS-initial-mark: 245912K(349568K)] 266812K(506816K), 0.0001465 secs] [Times: user=0.00 sys=0.00, real=0.00 secs] 
2020-10-27T20:53:55.376+0800: 10.047: [CMS-concurrent-mark-start]
2020-10-27T20:53:55.377+0800: 10.049: [CMS-concurrent-mark: 0.002/0.002 secs] [Times: user=0.00 sys=0.00, real=0.00 secs] 
2020-10-27T20:53:55.377+0800: 10.049: [CMS-concurrent-preclean-start]
2020-10-27T20:53:55.378+0800: 10.049: [CMS-concurrent-preclean: 0.000/0.000 secs] [Times: user=0.00 sys=0.00, real=0.00 secs] 
2020-10-27T20:53:55.378+0800: 10.049: [CMS-concurrent-abortable-preclean-start]
2020-10-27T20:53:55.421+0800: 10.093: [GC (Allocation Failure) 2020-10-27T20:53:55.421+0800: 10.093: [ParNew: 157100K->17472K(157248K), 0.0057705 secs] 403013K->294128K(506816K), 0.0058277 secs] [Times: user=0.00 sys=0.00, real=0.01 secs] 
Heap
 par new generation   total 157248K, used 59735K [0x00000000e0000000, 0x00000000eaaa0000, 0x00000000eaaa0000)
  eden space 139776K,  30% used [0x00000000e0000000, 0x00000000e2945e80, 0x00000000e8880000)
  from space 17472K, 100% used [0x00000000e9990000, 0x00000000eaaa0000, 0x00000000eaaa0000)
  to   space 17472K,   0% used [0x00000000e8880000, 0x00000000e8880000, 0x00000000e9990000)
 concurrent mark-sweep generation total 349568K, used 276656K [0x00000000eaaa0000, 0x0000000100000000, 0x0000000100000000)
 Metaspace       used 2714K, capacity 4490K, committed 4864K, reserved 1056768K
  class space    used 291K, capacity 386K, committed 512K, reserved 1048576K
