Java HotSpot(TM) 64-Bit Server VM (25.211-b12) for windows-amd64 JRE (1.8.0_211-b12), built on Apr  1 2019 20:53:26 by "java_re" with MS VC++ 10.0 (VS2010)
Memory: 4k page, physical 16640612k(9339228k free), swap 16640612k(7536484k free)
CommandLine flags: -XX:InitialHeapSize=536870912 -XX:MaxHeapSize=536870912 -XX:+PrintGC -XX:+PrintGCDateStamps -XX:+PrintGCDetails -XX:+PrintGCTimeStamps -XX:+UseCompressedClassPointers -XX:+UseCompressedOops -XX:-UseLargePagesIndividualAllocation -XX:+UseSerialGC 
2020-10-27T20:53:25.060+0800: 0.192: [GC (Allocation Failure) 2020-10-27T20:53:25.060+0800: 0.193: [DefNew: 139776K->17472K(157248K), 0.0185847 secs] 139776K->42961K(506816K), 0.0187393 secs] [Times: user=0.00 sys=0.02, real=0.02 secs] 
2020-10-27T20:53:25.115+0800: 0.248: [GC (Allocation Failure) 2020-10-27T20:53:25.115+0800: 0.248: [DefNew: 157248K->17469K(157248K), 0.0235646 secs] 182737K->82445K(506816K), 0.0236173 secs] [Times: user=0.00 sys=0.03, real=0.02 secs] 
2020-10-27T20:53:25.182+0800: 0.314: [GC (Allocation Failure) 2020-10-27T20:53:25.182+0800: 0.314: [DefNew: 157245K->17470K(157248K), 0.0169541 secs] 222221K->118003K(506816K), 0.0170093 secs] [Times: user=0.00 sys=0.01, real=0.02 secs] 
2020-10-27T20:53:25.252+0800: 0.385: [GC (Allocation Failure) 2020-10-27T20:53:25.252+0800: 0.385: [DefNew: 157058K->17471K(157248K), 0.0191293 secs] 257591K->159101K(506816K), 0.0191824 secs] [Times: user=0.02 sys=0.00, real=0.02 secs] 
2020-10-27T20:53:25.310+0800: 0.442: [GC (Allocation Failure) 2020-10-27T20:53:25.310+0800: 0.442: [DefNew: 157247K->17471K(157248K), 0.0163069 secs] 298877K->193168K(506816K), 0.0163616 secs] [Times: user=0.00 sys=0.02, real=0.02 secs] 
2020-10-27T20:53:25.368+0800: 0.500: [GC (Allocation Failure) 2020-10-27T20:53:25.368+0800: 0.500: [DefNew: 157247K->17471K(157248K), 0.0183527 secs] 332944K->231446K(506816K), 0.0184023 secs] [Times: user=0.00 sys=0.01, real=0.02 secs] 
2020-10-27T20:53:25.426+0800: 0.558: [GC (Allocation Failure) 2020-10-27T20:53:25.426+0800: 0.558: [DefNew: 157247K->17469K(157248K), 0.0180081 secs] 371222K->269584K(506816K), 0.0180576 secs] [Times: user=0.00 sys=0.02, real=0.02 secs] 
2020-10-27T20:53:25.491+0800: 0.623: [GC (Allocation Failure) 2020-10-27T20:53:25.491+0800: 0.623: [DefNew: 157245K->17471K(157248K), 0.0188851 secs] 409360K->309836K(506816K), 0.0189388 secs] [Times: user=0.00 sys=0.02, real=0.02 secs] 
2020-10-27T20:53:25.539+0800: 0.671: [GC (Allocation Failure) 2020-10-27T20:53:25.539+0800: 0.671: [DefNew: 157247K->17469K(157248K), 0.0208852 secs] 449612K->354361K(506816K), 0.0209383 secs] [Times: user=0.02 sys=0.02, real=0.02 secs] 
2020-10-27T20:53:25.608+0800: 0.741: [GC (Allocation Failure) 2020-10-27T20:53:25.608+0800: 0.741: [DefNew: 157245K->157245K(157248K), 0.0000141 secs]2020-10-27T20:53:25.608+0800: 0.741: [Tenured: 336891K->192917K(349568K), 0.0224420 secs] 494137K->192917K(506816K), [Metaspace: 2699K->2699K(1056768K)], 0.0225238 secs] [Times: user=0.01 sys=0.00, real=0.02 secs] 
2020-10-27T20:53:25.669+0800: 0.802: [GC (Allocation Failure) 2020-10-27T20:53:25.669+0800: 0.802: [DefNew: 139776K->17471K(157248K), 0.0062688 secs] 332693K->244958K(506816K), 0.0063225 secs] [Times: user=0.00 sys=0.00, real=0.01 secs] 
2020-10-27T20:53:25.710+0800: 0.843: [GC (Allocation Failure) 2020-10-27T20:53:25.710+0800: 0.843: [DefNew: 157247K->17471K(157248K), 0.0068703 secs] 384734K->282195K(506816K), 0.0069237 secs] [Times: user=0.01 sys=0.00, real=0.01 secs] 
2020-10-27T20:53:25.756+0800: 0.889: [GC (Allocation Failure) 2020-10-27T20:53:25.756+0800: 0.889: [DefNew: 157234K->17472K(157248K), 0.0068823 secs] 421958K->321893K(506816K), 0.0069310 secs] [Times: user=0.02 sys=0.00, real=0.01 secs] 
2020-10-27T20:53:25.805+0800: 0.938: [GC (Allocation Failure) 2020-10-27T20:53:25.806+0800: 0.938: [DefNew: 157248K->17469K(157248K), 0.0074462 secs] 461669K->355814K(506816K), 0.0074957 secs] [Times: user=0.02 sys=0.00, real=0.01 secs] 
2020-10-27T20:53:25.855+0800: 0.987: [GC (Allocation Failure) 2020-10-27T20:53:25.855+0800: 0.987: [DefNew: 157245K->157245K(157248K), 0.0000128 secs]2020-10-27T20:53:25.855+0800: 0.987: [Tenured: 338344K->203384K(349568K), 0.0278592 secs] 495590K->203384K(506816K), [Metaspace: 2700K->2700K(1056768K)], 0.0279654 secs] [Times: user=0.03 sys=0.00, real=0.03 secs] 
2020-10-27T20:53:25.952+0800: 1.084: [GC (Allocation Failure) 2020-10-27T20:53:25.952+0800: 1.084: [DefNew: 139776K->17471K(157248K), 0.0056712 secs] 343160K->245510K(506816K), 0.0057324 secs] [Times: user=0.00 sys=0.00, real=0.01 secs] 
2020-10-27T20:53:26.010+0800: 1.143: [GC (Allocation Failure) 2020-10-27T20:53:26.010+0800: 1.143: [DefNew: 157247K->17470K(157248K), 0.0077825 secs] 385286K->282577K(506816K), 0.0078377 secs] [Times: user=0.01 sys=0.00, real=0.01 secs] 
2020-10-27T20:53:26.062+0800: 1.194: [GC (Allocation Failure) 2020-10-27T20:53:26.062+0800: 1.194: [DefNew: 157246K->17471K(157248K), 0.0063142 secs] 422353K->317063K(506816K), 0.0063673 secs] [Times: user=0.00 sys=0.00, real=0.01 secs] 
2020-10-27T20:53:26.106+0800: 1.239: [GC (Allocation Failure) 2020-10-27T20:53:26.106+0800: 1.239: [DefNew: 157247K->17471K(157248K), 0.0085450 secs] 456839K->360385K(506816K), 0.0085912 secs] [Times: user=0.00 sys=0.00, real=0.01 secs] 
2020-10-27T20:53:26.157+0800: 1.289: [GC (Allocation Failure) 2020-10-27T20:53:26.157+0800: 1.289: [DefNew: 157247K->157247K(157248K), 0.0000134 secs]2020-10-27T20:53:26.157+0800: 1.289: [Tenured: 342914K->189916K(349568K), 0.0249139 secs] 500161K->189916K(506816K), [Metaspace: 2700K->2700K(1056768K)], 0.0249930 secs] [Times: user=0.02 sys=0.00, real=0.02 secs] 
2020-10-27T20:53:26.223+0800: 1.355: [GC (Allocation Failure) 2020-10-27T20:53:26.223+0800: 1.355: [DefNew: 139776K->17468K(157248K), 0.0061031 secs] 329692K->236530K(506816K), 0.0061569 secs] [Times: user=0.00 sys=0.00, real=0.01 secs] 
2020-10-27T20:53:26.269+0800: 1.401: [GC (Allocation Failure) 2020-10-27T20:53:26.269+0800: 1.401: [DefNew: 156964K->17471K(157248K), 0.0073378 secs] 376026K->276052K(506816K), 0.0073900 secs] [Times: user=0.00 sys=0.00, real=0.01 secs] 
2020-10-27T20:53:26.320+0800: 1.452: [GC (Allocation Failure) 2020-10-27T20:53:26.320+0800: 1.452: [DefNew: 157247K->17471K(157248K), 0.0074043 secs] 415828K->317060K(506816K), 0.0074562 secs] [Times: user=0.01 sys=0.00, real=0.01 secs] 
2020-10-27T20:53:26.364+0800: 1.497: [GC (Allocation Failure) 2020-10-27T20:53:26.364+0800: 1.497: [DefNew: 157223K->17470K(157248K), 0.0077241 secs] 456812K->361086K(506816K), 0.0077770 secs] [Times: user=0.02 sys=0.00, real=0.01 secs] 
2020-10-27T20:53:26.413+0800: 1.545: [GC (Allocation Failure) 2020-10-27T20:53:26.413+0800: 1.545: [DefNew: 157246K->157246K(157248K), 0.0000130 secs]2020-10-27T20:53:26.413+0800: 1.545: [Tenured: 343615K->183424K(349568K), 0.0222872 secs] 500862K->183424K(506816K), [Metaspace: 2700K->2700K(1056768K)], 0.0223665 secs] [Times: user=0.03 sys=0.00, real=0.02 secs] 
2020-10-27T20:53:26.462+0800: 1.595: [GC (Allocation Failure) 2020-10-27T20:53:26.462+0800: 1.595: [DefNew: 139776K->17470K(157248K), 0.0055408 secs] 323200K->228485K(506816K), 0.0055904 secs] [Times: user=0.01 sys=0.00, real=0.01 secs] 
2020-10-27T20:53:26.509+0800: 1.642: [GC (Allocation Failure) 2020-10-27T20:53:26.509+0800: 1.642: [DefNew: 156643K->17470K(157248K), 0.0068406 secs] 367657K->264311K(506816K), 0.0068980 secs] [Times: user=0.02 sys=0.00, real=0.01 secs] 
2020-10-27T20:53:26.558+0800: 1.690: [GC (Allocation Failure) 2020-10-27T20:53:26.558+0800: 1.690: [DefNew: 157246K->17470K(157248K), 0.0066009 secs] 404087K->297089K(506816K), 0.0066537 secs] [Times: user=0.01 sys=0.00, real=0.01 secs] 
2020-10-27T20:53:26.594+0800: 1.727: [GC (Allocation Failure) 2020-10-27T20:53:26.594+0800: 1.727: [DefNew: 157246K->17471K(157248K), 0.0069047 secs] 436865K->335617K(506816K), 0.0069621 secs] [Times: user=0.00 sys=0.00, real=0.01 secs] 
2020-10-27T20:53:26.641+0800: 1.774: [GC (Allocation Failure) 2020-10-27T20:53:26.641+0800: 1.774: [DefNew: 156703K->156703K(157248K), 0.0000133 secs]2020-10-27T20:53:26.641+0800: 1.774: [Tenured: 318145K->194890K(349568K), 0.0213122 secs] 474849K->194890K(506816K), [Metaspace: 2700K->2700K(1056768K)], 0.0213868 secs] [Times: user=0.02 sys=0.00, real=0.02 secs] 
2020-10-27T20:53:26.704+0800: 1.836: [GC (Allocation Failure) 2020-10-27T20:53:26.704+0800: 1.836: [DefNew: 139776K->17470K(157248K), 0.0061756 secs] 334666K->242652K(506816K), 0.0062268 secs] [Times: user=0.00 sys=0.00, real=0.01 secs] 
2020-10-27T20:53:26.745+0800: 1.878: [GC (Allocation Failure) 2020-10-27T20:53:26.745+0800: 1.878: [DefNew: 157246K->17462K(157248K), 0.0067967 secs] 382428K->280109K(506816K), 0.0068503 secs] [Times: user=0.02 sys=0.00, real=0.01 secs] 
2020-10-27T20:53:26.783+0800: 1.916: [GC (Allocation Failure) 2020-10-27T20:53:26.783+0800: 1.916: [DefNew: 157238K->17472K(157248K), 0.0065105 secs] 419885K->316243K(506816K), 0.0065627 secs] [Times: user=0.00 sys=0.00, real=0.01 secs] 
2020-10-27T20:53:26.819+0800: 1.952: [GC (Allocation Failure) 2020-10-27T20:53:26.819+0800: 1.952: [DefNew: 157248K->17470K(157248K), 0.0085781 secs] 456019K->363085K(506816K), 0.0086346 secs] [Times: user=0.02 sys=0.00, real=0.01 secs] 
2020-10-27T20:53:26.867+0800: 1.999: [GC (Allocation Failure) 2020-10-27T20:53:26.867+0800: 1.999: [DefNew: 157159K->157159K(157248K), 0.0000125 secs]2020-10-27T20:53:26.867+0800: 1.999: [Tenured: 345614K->203929K(349568K), 0.0230621 secs] 502773K->203929K(506816K), [Metaspace: 2700K->2700K(1056768K)], 0.0231405 secs] [Times: user=0.03 sys=0.00, real=0.02 secs] 
2020-10-27T20:53:26.916+0800: 2.048: [GC (Allocation Failure) 2020-10-27T20:53:26.916+0800: 2.048: [DefNew: 139776K->17471K(157248K), 0.0056890 secs] 343705K->247787K(506816K), 0.0057467 secs] [Times: user=0.01 sys=0.00, real=0.01 secs] 
2020-10-27T20:53:26.956+0800: 2.089: [GC (Allocation Failure) 2020-10-27T20:53:26.956+0800: 2.089: [DefNew: 157247K->17470K(157248K), 0.0066217 secs] 387563K->285124K(506816K), 0.0066735 secs] [Times: user=0.00 sys=0.00, real=0.01 secs] 
2020-10-27T20:53:26.988+0800: 2.120: [GC (Allocation Failure) 2020-10-27T20:53:26.988+0800: 2.120: [DefNew: 157246K->17470K(157248K), 0.0068490 secs] 424900K->323375K(506816K), 0.0069049 secs] [Times: user=0.00 sys=0.00, real=0.01 secs] 
2020-10-27T20:53:27.031+0800: 2.163: [GC (Allocation Failure) 2020-10-27T20:53:27.031+0800: 2.163: [DefNew: 157246K->157246K(157248K), 0.0000121 secs]2020-10-27T20:53:27.031+0800: 2.163: [Tenured: 305904K->199383K(349568K), 0.0228137 secs] 463151K->199383K(506816K), [Metaspace: 2700K->2700K(1056768K)], 0.0228870 secs] [Times: user=0.02 sys=0.00, real=0.02 secs] 
2020-10-27T20:53:27.086+0800: 2.218: [GC (Allocation Failure) 2020-10-27T20:53:27.086+0800: 2.218: [DefNew: 139776K->17471K(157248K), 0.0054890 secs] 339159K->241484K(506816K), 0.0055375 secs] [Times: user=0.02 sys=0.00, real=0.01 secs] 
2020-10-27T20:53:27.148+0800: 2.281: [GC (Allocation Failure) 2020-10-27T20:53:27.148+0800: 2.281: [DefNew: 157187K->17471K(157248K), 0.0104248 secs] 381200K->276077K(506816K), 0.0104981 secs] [Times: user=0.02 sys=0.00, real=0.01 secs] 
2020-10-27T20:53:27.204+0800: 2.337: [GC (Allocation Failure) 2020-10-27T20:53:27.204+0800: 2.337: [DefNew: 157247K->17470K(157248K), 0.0071032 secs] 415853K->317320K(506816K), 0.0071524 secs] [Times: user=0.00 sys=0.00, real=0.01 secs] 
2020-10-27T20:53:27.248+0800: 2.381: [GC (Allocation Failure) 2020-10-27T20:53:27.249+0800: 2.381: [DefNew: 157076K->17471K(157248K), 0.0071868 secs] 456926K->356891K(506816K), 0.0072483 secs] [Times: user=0.00 sys=0.00, real=0.01 secs] 
2020-10-27T20:53:27.290+0800: 2.422: [GC (Allocation Failure) 2020-10-27T20:53:27.290+0800: 2.422: [DefNew: 157135K->157135K(157248K), 0.0000130 secs]2020-10-27T20:53:27.290+0800: 2.422: [Tenured: 339419K->193639K(349568K), 0.0235123 secs] 496554K->193639K(506816K), [Metaspace: 2700K->2700K(1056768K)], 0.0235955 secs] [Times: user=0.03 sys=0.00, real=0.02 secs] 
2020-10-27T20:53:27.344+0800: 2.476: [GC (Allocation Failure) 2020-10-27T20:53:27.344+0800: 2.476: [DefNew: 139776K->17471K(157248K), 0.0053020 secs] 333415K->236167K(506816K), 0.0053557 secs] [Times: user=0.00 sys=0.00, real=0.00 secs] 
2020-10-27T20:53:27.390+0800: 2.522: [GC (Allocation Failure) 2020-10-27T20:53:27.390+0800: 2.522: [DefNew: 157247K->17468K(157248K), 0.0069045 secs] 375943K->276154K(506816K), 0.0069552 secs] [Times: user=0.00 sys=0.00, real=0.01 secs] 
2020-10-27T20:53:27.428+0800: 2.560: [GC (Allocation Failure) 2020-10-27T20:53:27.428+0800: 2.560: [DefNew: 156991K->17471K(157248K), 0.0062467 secs] 415677K->310526K(506816K), 0.0063003 secs] [Times: user=0.02 sys=0.00, real=0.01 secs] 
2020-10-27T20:53:27.477+0800: 2.609: [GC (Allocation Failure) 2020-10-27T20:53:27.477+0800: 2.609: [DefNew: 157247K->17471K(157248K), 0.0079222 secs] 450302K->358037K(506816K), 0.0079709 secs] [Times: user=0.02 sys=0.00, real=0.01 secs] 
2020-10-27T20:53:27.517+0800: 2.649: [GC (Allocation Failure) 2020-10-27T20:53:27.517+0800: 2.649: [DefNew: 157247K->157247K(157248K), 0.0000130 secs]2020-10-27T20:53:27.517+0800: 2.650: [Tenured: 340565K->208421K(349568K), 0.0225890 secs] 497813K->208421K(506816K), [Metaspace: 2700K->2700K(1056768K)], 0.0226650 secs] [Times: user=0.01 sys=0.00, real=0.02 secs] 
2020-10-27T20:53:27.572+0800: 2.704: [GC (Allocation Failure) 2020-10-27T20:53:27.572+0800: 2.704: [DefNew: 139717K->17470K(157248K), 0.0056702 secs] 348139K->252690K(506816K), 0.0057261 secs] [Times: user=0.02 sys=0.00, real=0.00 secs] 
2020-10-27T20:53:27.615+0800: 2.747: [GC (Allocation Failure) 2020-10-27T20:53:27.615+0800: 2.747: [DefNew: 157246K->17469K(157248K), 0.0077761 secs] 392466K->289611K(506816K), 0.0078619 secs] [Times: user=0.02 sys=0.00, real=0.01 secs] 
2020-10-27T20:53:27.655+0800: 2.788: [GC (Allocation Failure) 2020-10-27T20:53:27.655+0800: 2.788: [DefNew: 156983K->17465K(157248K), 0.0072960 secs] 429125K->328199K(506816K), 0.0073518 secs] [Times: user=0.00 sys=0.00, real=0.01 secs] 
2020-10-27T20:53:27.689+0800: 2.822: [GC (Allocation Failure) 2020-10-27T20:53:27.689+0800: 2.822: [DefNew: 157241K->157241K(157248K), 0.0000204 secs]2020-10-27T20:53:27.690+0800: 2.822: [Tenured: 310734K->193064K(349568K), 0.0214930 secs] 467975K->193064K(506816K), [Metaspace: 2700K->2700K(1056768K)], 0.0215767 secs] [Times: user=0.02 sys=0.00, real=0.02 secs] 
2020-10-27T20:53:27.755+0800: 2.887: [GC (Allocation Failure) 2020-10-27T20:53:27.755+0800: 2.887: [DefNew: 139776K->17471K(157248K), 0.0058760 secs] 332840K->240678K(506816K), 0.0059284 secs] [Times: user=0.00 sys=0.00, real=0.00 secs] 
2020-10-27T20:53:27.798+0800: 2.930: [GC (Allocation Failure) 2020-10-27T20:53:27.798+0800: 2.930: [DefNew: 157247K->17471K(157248K), 0.0070548 secs] 380454K->281212K(506816K), 0.0071042 secs] [Times: user=0.00 sys=0.00, real=0.01 secs] 
2020-10-27T20:53:27.845+0800: 2.978: [GC (Allocation Failure) 2020-10-27T20:53:27.845+0800: 2.978: [DefNew: 157247K->17471K(157248K), 0.0070306 secs] 420988K->322852K(506816K), 0.0070802 secs] [Times: user=0.00 sys=0.00, real=0.01 secs] 
2020-10-27T20:53:27.886+0800: 3.019: [GC (Allocation Failure) 2020-10-27T20:53:27.886+0800: 3.019: [DefNew: 156740K->156740K(157248K), 0.0000132 secs]2020-10-27T20:53:27.886+0800: 3.019: [Tenured: 305380K->194799K(349568K), 0.0225694 secs] 462120K->194799K(506816K), [Metaspace: 2700K->2700K(1056768K)], 0.0226481 secs] [Times: user=0.02 sys=0.00, real=0.02 secs] 
2020-10-27T20:53:27.949+0800: 3.082: [GC (Allocation Failure) 2020-10-27T20:53:27.949+0800: 3.082: [DefNew: 139776K->17471K(157248K), 0.0056734 secs] 334575K->240318K(506816K), 0.0057285 secs] [Times: user=0.00 sys=0.00, real=0.01 secs] 
2020-10-27T20:53:27.992+0800: 3.125: [GC (Allocation Failure) 2020-10-27T20:53:27.992+0800: 3.125: [DefNew: 156995K->17468K(157248K), 0.0066687 secs] 379842K->278071K(506816K), 0.0067236 secs] [Times: user=0.02 sys=0.00, real=0.01 secs] 
2020-10-27T20:53:28.031+0800: 3.163: [GC (Allocation Failure) 2020-10-27T20:53:28.031+0800: 3.163: [DefNew: 157244K->17470K(157248K), 0.0065334 secs] 417847K->314812K(506816K), 0.0065851 secs] [Times: user=0.00 sys=0.00, real=0.01 secs] 
2020-10-27T20:53:28.072+0800: 3.204: [GC (Allocation Failure) 2020-10-27T20:53:28.072+0800: 3.204: [DefNew: 156901K->17471K(157248K), 0.0073052 secs] 454243K->356180K(506816K), 0.0073997 secs] [Times: user=0.02 sys=0.00, real=0.01 secs] 
2020-10-27T20:53:28.117+0800: 3.249: [GC (Allocation Failure) 2020-10-27T20:53:28.117+0800: 3.249: [DefNew: 157247K->157247K(157248K), 0.0000134 secs]2020-10-27T20:53:28.117+0800: 3.249: [Tenured: 338708K->181063K(349568K), 0.0228260 secs] 495956K->181063K(506816K), [Metaspace: 2700K->2700K(1056768K)], 0.0229047 secs] [Times: user=0.03 sys=0.00, real=0.02 secs] 
2020-10-27T20:53:28.170+0800: 3.302: [GC (Allocation Failure) 2020-10-27T20:53:28.170+0800: 3.302: [DefNew: 139776K->17470K(157248K), 0.0070807 secs] 320839K->225243K(506816K), 0.0071362 secs] [Times: user=0.00 sys=0.00, real=0.01 secs] 
2020-10-27T20:53:28.220+0800: 3.353: [GC (Allocation Failure) 2020-10-27T20:53:28.220+0800: 3.353: [DefNew: 157246K->17471K(157248K), 0.0072706 secs] 365019K->263745K(506816K), 0.0073214 secs] [Times: user=0.00 sys=0.00, real=0.01 secs] 
2020-10-27T20:53:28.255+0800: 3.388: [GC (Allocation Failure) 2020-10-27T20:53:28.255+0800: 3.388: [DefNew: 156975K->17472K(157248K), 0.0064575 secs] 403249K->299292K(506816K), 0.0065098 secs] [Times: user=0.01 sys=0.00, real=0.01 secs] 
2020-10-27T20:53:28.298+0800: 3.430: [GC (Allocation Failure) 2020-10-27T20:53:28.298+0800: 3.430: [DefNew: 157248K->17470K(157248K), 0.0069390 secs] 439068K->338281K(506816K), 0.0069905 secs] [Times: user=0.00 sys=0.00, real=0.01 secs] 
2020-10-27T20:53:28.341+0800: 3.473: [GC (Allocation Failure) 2020-10-27T20:53:28.341+0800: 3.473: [DefNew: 157109K->157109K(157248K), 0.0000126 secs]2020-10-27T20:53:28.341+0800: 3.473: [Tenured: 320810K->202039K(349568K), 0.0219922 secs] 477920K->202039K(506816K), [Metaspace: 2700K->2700K(1056768K)], 0.0220680 secs] [Times: user=0.01 sys=0.00, real=0.02 secs] 
2020-10-27T20:53:28.398+0800: 3.530: [GC (Allocation Failure) 2020-10-27T20:53:28.398+0800: 3.531: [DefNew: 139776K->17470K(157248K), 0.0059484 secs] 341815K->250790K(506816K), 0.0060073 secs] [Times: user=0.02 sys=0.00, real=0.01 secs] 
2020-10-27T20:53:28.452+0800: 3.585: [GC (Allocation Failure) 2020-10-27T20:53:28.452+0800: 3.585: [DefNew: 156916K->17471K(157248K), 0.0069160 secs] 390236K->288143K(506816K), 0.0069662 secs] [Times: user=0.00 sys=0.00, real=0.01 secs] 
2020-10-27T20:53:28.496+0800: 3.628: [GC (Allocation Failure) 2020-10-27T20:53:28.496+0800: 3.628: [DefNew: 157247K->17471K(157248K), 0.0074527 secs] 427919K->330049K(506816K), 0.0075090 secs] [Times: user=0.00 sys=0.00, real=0.01 secs] 
2020-10-27T20:53:28.530+0800: 3.662: [GC (Allocation Failure) 2020-10-27T20:53:28.530+0800: 3.662: [DefNew: 157247K->157247K(157248K), 0.0000132 secs]2020-10-27T20:53:28.530+0800: 3.662: [Tenured: 312577K->213429K(349568K), 0.0233225 secs] 469825K->213429K(506816K), [Metaspace: 2700K->2700K(1056768K)], 0.0234078 secs] [Times: user=0.02 sys=0.00, real=0.02 secs] 
2020-10-27T20:53:28.589+0800: 3.722: [GC (Allocation Failure) 2020-10-27T20:53:28.589+0800: 3.722: [DefNew: 139473K->17471K(157248K), 0.0060626 secs] 352903K->262151K(506816K), 0.0061185 secs] [Times: user=0.01 sys=0.00, real=0.01 secs] 
2020-10-27T20:53:28.630+0800: 3.763: [GC (Allocation Failure) 2020-10-27T20:53:28.630+0800: 3.763: [DefNew: 156786K->17472K(157248K), 0.0075128 secs] 401466K->307266K(506816K), 0.0075674 secs] [Times: user=0.01 sys=0.00, real=0.01 secs] 
2020-10-27T20:53:28.677+0800: 3.810: [GC (Allocation Failure) 2020-10-27T20:53:28.677+0800: 3.810: [DefNew: 156507K->17471K(157248K), 0.0073984 secs] 446302K->350821K(506816K), 0.0074559 secs] [Times: user=0.02 sys=0.00, real=0.01 secs] 
2020-10-27T20:53:28.716+0800: 3.849: [GC (Allocation Failure) 2020-10-27T20:53:28.716+0800: 3.849: [DefNew: 157247K->157247K(157248K), 0.0000141 secs]2020-10-27T20:53:28.716+0800: 3.849: [Tenured: 333349K->216184K(349568K), 0.0256211 secs] 490597K->216184K(506816K), [Metaspace: 2700K->2700K(1056768K)], 0.0257039 secs] [Times: user=0.02 sys=0.00, real=0.03 secs] 
2020-10-27T20:53:28.782+0800: 3.914: [GC (Allocation Failure) 2020-10-27T20:53:28.782+0800: 3.914: [DefNew: 139776K->17469K(157248K), 0.0049656 secs] 355960K->257031K(506816K), 0.0050225 secs] [Times: user=0.00 sys=0.00, real=0.00 secs] 
2020-10-27T20:53:28.815+0800: 3.948: [GC (Allocation Failure) 2020-10-27T20:53:28.815+0800: 3.948: [DefNew: 157245K->17469K(157248K), 0.0064075 secs] 396807K->292134K(506816K), 0.0064593 secs] [Times: user=0.00 sys=0.00, real=0.01 secs] 
2020-10-27T20:53:28.849+0800: 3.981: [GC (Allocation Failure) 2020-10-27T20:53:28.849+0800: 3.981: [DefNew: 156546K->17469K(157248K), 0.0064587 secs] 431211K->329213K(506816K), 0.0065110 secs] [Times: user=0.00 sys=0.00, real=0.01 secs] 
2020-10-27T20:53:28.896+0800: 4.028: [GC (Allocation Failure) 2020-10-27T20:53:28.896+0800: 4.028: [DefNew: 157143K->157143K(157248K), 0.0000128 secs]2020-10-27T20:53:28.896+0800: 4.028: [Tenured: 311743K->188367K(349568K), 0.0229189 secs] 468887K->188367K(506816K), [Metaspace: 2700K->2700K(1056768K)], 0.0229968 secs] [Times: user=0.03 sys=0.00, real=0.02 secs] 
2020-10-27T20:53:28.951+0800: 4.083: [GC (Allocation Failure) 2020-10-27T20:53:28.951+0800: 4.083: [DefNew: 139776K->17471K(157248K), 0.0047777 secs] 328143K->226937K(506816K), 0.0048285 secs] [Times: user=0.00 sys=0.00, real=0.00 secs] 
2020-10-27T20:53:28.989+0800: 4.122: [GC (Allocation Failure) 2020-10-27T20:53:28.989+0800: 4.122: [DefNew: 157220K->17468K(157248K), 0.0063654 secs] 366686K->261483K(506816K), 0.0064179 secs] [Times: user=0.00 sys=0.00, real=0.01 secs] 
2020-10-27T20:53:29.041+0800: 4.174: [GC (Allocation Failure) 2020-10-27T20:53:29.041+0800: 4.174: [DefNew: 157244K->17470K(157248K), 0.0073550 secs] 401259K->304174K(506816K), 0.0074072 secs] [Times: user=0.02 sys=0.00, real=0.01 secs] 
2020-10-27T20:53:29.082+0800: 4.215: [GC (Allocation Failure) 2020-10-27T20:53:29.082+0800: 4.215: [DefNew: 157246K->17471K(157248K), 0.0063189 secs] 443950K->339109K(506816K), 0.0063730 secs] [Times: user=0.00 sys=0.00, real=0.01 secs] 
2020-10-27T20:53:29.123+0800: 4.256: [GC (Allocation Failure) 2020-10-27T20:53:29.123+0800: 4.256: [DefNew: 157247K->157247K(157248K), 0.0000142 secs]2020-10-27T20:53:29.123+0800: 4.256: [Tenured: 321637K->200174K(349568K), 0.0212120 secs] 478885K->200174K(506816K), [Metaspace: 2700K->2700K(1056768K)], 0.0213008 secs] [Times: user=0.02 sys=0.00, real=0.02 secs] 
2020-10-27T20:53:29.177+0800: 4.310: [GC (Allocation Failure) 2020-10-27T20:53:29.177+0800: 4.310: [DefNew: 139776K->17464K(157248K), 0.0053782 secs] 339950K->243881K(506816K), 0.0054307 secs] [Times: user=0.00 sys=0.00, real=0.01 secs] 
2020-10-27T20:53:29.216+0800: 4.348: [GC (Allocation Failure) 2020-10-27T20:53:29.216+0800: 4.348: [DefNew: 157240K->17468K(157248K), 0.0073555 secs] 383657K->284872K(506816K), 0.0074133 secs] [Times: user=0.00 sys=0.00, real=0.01 secs] 
2020-10-27T20:53:29.268+0800: 4.400: [GC (Allocation Failure) 2020-10-27T20:53:29.268+0800: 4.400: [DefNew: 157244K->17471K(157248K), 0.0088762 secs] 424648K->326304K(506816K), 0.0089210 secs] [Times: user=0.00 sys=0.00, real=0.01 secs] 
2020-10-27T20:53:29.305+0800: 4.437: [GC (Allocation Failure) 2020-10-27T20:53:29.305+0800: 4.437: [DefNew: 157034K->157034K(157248K), 0.0000130 secs]2020-10-27T20:53:29.305+0800: 4.438: [Tenured: 308832K->191661K(349568K), 0.0218544 secs] 465867K->191661K(506816K), [Metaspace: 2700K->2700K(1056768K)], 0.0219338 secs] [Times: user=0.03 sys=0.00, real=0.02 secs] 
2020-10-27T20:53:29.362+0800: 4.495: [GC (Allocation Failure) 2020-10-27T20:53:29.362+0800: 4.495: [DefNew: 139776K->17470K(157248K), 0.0051366 secs] 331437K->234726K(506816K), 0.0051923 secs] [Times: user=0.00 sys=0.00, real=0.01 secs] 
2020-10-27T20:53:29.398+0800: 4.531: [GC (Allocation Failure) 2020-10-27T20:53:29.398+0800: 4.531: [DefNew: 157246K->17471K(157248K), 0.0069349 secs] 374502K->275041K(506816K), 0.0069861 secs] [Times: user=0.02 sys=0.00, real=0.01 secs] 
2020-10-27T20:53:29.454+0800: 4.587: [GC (Allocation Failure) 2020-10-27T20:53:29.454+0800: 4.587: [DefNew: 157234K->17471K(157248K), 0.0071192 secs] 414804K->315946K(506816K), 0.0071712 secs] [Times: user=0.00 sys=0.00, real=0.01 secs] 
2020-10-27T20:53:29.510+0800: 4.643: [GC (Allocation Failure) 2020-10-27T20:53:29.510+0800: 4.643: [DefNew: 157247K->157247K(157248K), 0.0000152 secs]2020-10-27T20:53:29.510+0800: 4.643: [Tenured: 298475K->211559K(349568K), 0.0231930 secs] 455722K->211559K(506816K), [Metaspace: 2700K->2700K(1056768K)], 0.0232761 secs] [Times: user=0.03 sys=0.00, real=0.02 secs] 
2020-10-27T20:53:29.575+0800: 4.707: [GC (Allocation Failure) 2020-10-27T20:53:29.575+0800: 4.707: [DefNew: 139776K->17471K(157248K), 0.0048498 secs] 351335K->251275K(506816K), 0.0049005 secs] [Times: user=0.00 sys=0.00, real=0.00 secs] 
2020-10-27T20:53:29.627+0800: 4.759: [GC (Allocation Failure) 2020-10-27T20:53:29.627+0800: 4.759: [DefNew: 157247K->17471K(157248K), 0.0073437 secs] 391051K->291926K(506816K), 0.0073989 secs] [Times: user=0.00 sys=0.00, real=0.01 secs] 
2020-10-27T20:53:29.674+0800: 4.806: [GC (Allocation Failure) 2020-10-27T20:53:29.674+0800: 4.806: [DefNew: 157247K->17467K(157248K), 0.0069182 secs] 431702K->331538K(506816K), 0.0069636 secs] [Times: user=0.00 sys=0.00, real=0.01 secs] 
2020-10-27T20:53:29.711+0800: 4.844: [GC (Allocation Failure) 2020-10-27T20:53:29.711+0800: 4.844: [DefNew: 156879K->156879K(157248K), 0.0000199 secs]2020-10-27T20:53:29.712+0800: 4.844: [Tenured: 314070K->200114K(349568K), 0.0241795 secs] 470950K->200114K(506816K), [Metaspace: 2700K->2700K(1056768K)], 0.0242656 secs] [Times: user=0.03 sys=0.00, real=0.03 secs] 
2020-10-27T20:53:29.769+0800: 4.902: [GC (Allocation Failure) 2020-10-27T20:53:29.769+0800: 4.902: [DefNew: 139776K->17471K(157248K), 0.0052459 secs] 339890K->242154K(506816K), 0.0052968 secs] [Times: user=0.00 sys=0.00, real=0.00 secs] 
2020-10-27T20:53:29.815+0800: 4.947: [GC (Allocation Failure) 2020-10-27T20:53:29.815+0800: 4.947: [DefNew: 157247K->17471K(157248K), 0.0065521 secs] 381930K->279345K(506816K), 0.0066104 secs] [Times: user=0.00 sys=0.00, real=0.01 secs] 
2020-10-27T20:53:29.867+0800: 4.999: [GC (Allocation Failure) 2020-10-27T20:53:29.867+0800: 4.999: [DefNew: 157247K->17470K(157248K), 0.0070702 secs] 419121K->317061K(506816K), 0.0071281 secs] [Times: user=0.02 sys=0.00, real=0.01 secs] 
2020-10-27T20:53:29.914+0800: 5.047: [GC (Allocation Failure) 2020-10-27T20:53:29.914+0800: 5.047: [DefNew: 157246K->157246K(157248K), 0.0000136 secs]2020-10-27T20:53:29.914+0800: 5.047: [Tenured: 299590K->212123K(349568K), 0.0221782 secs] 456837K->212123K(506816K), [Metaspace: 2700K->2700K(1056768K)], 0.0222593 secs] [Times: user=0.03 sys=0.00, real=0.02 secs] 
2020-10-27T20:53:29.965+0800: 5.097: [GC (Allocation Failure) 2020-10-27T20:53:29.965+0800: 5.097: [DefNew: 139754K->17472K(157248K), 0.0056497 secs] 351877K->258435K(506816K), 0.0057022 secs] [Times: user=0.00 sys=0.00, real=0.01 secs] 
2020-10-27T20:53:30.006+0800: 5.138: [GC (Allocation Failure) 2020-10-27T20:53:30.006+0800: 5.138: [DefNew: 157061K->17469K(157248K), 0.0078233 secs] 398025K->297004K(506816K), 0.0078797 secs] [Times: user=0.02 sys=0.00, real=0.01 secs] 
2020-10-27T20:53:30.048+0800: 5.180: [GC (Allocation Failure) 2020-10-27T20:53:30.048+0800: 5.180: [DefNew: 157157K->17467K(157248K), 0.0131474 secs] 436692K->340746K(506816K), 0.0132449 secs] [Times: user=0.02 sys=0.00, real=0.01 secs] 
2020-10-27T20:53:30.093+0800: 5.226: [GC (Allocation Failure) 2020-10-27T20:53:30.093+0800: 5.226: [DefNew: 157243K->157243K(157248K), 0.0000134 secs]2020-10-27T20:53:30.093+0800: 5.226: [Tenured: 323278K->213910K(349568K), 0.0238055 secs] 480522K->213910K(506816K), [Metaspace: 2700K->2700K(1056768K)], 0.0238823 secs] [Times: user=0.01 sys=0.00, real=0.02 secs] 
2020-10-27T20:53:30.158+0800: 5.291: [GC (Allocation Failure) 2020-10-27T20:53:30.158+0800: 5.291: [DefNew: 139776K->17472K(157248K), 0.0053775 secs] 353686K->259213K(506816K), 0.0054265 secs] [Times: user=0.00 sys=0.00, real=0.01 secs] 
2020-10-27T20:53:30.207+0800: 5.339: [GC (Allocation Failure) 2020-10-27T20:53:30.207+0800: 5.339: [DefNew: 157213K->17471K(157248K), 0.0072729 secs] 398955K->300925K(506816K), 0.0073259 secs] [Times: user=0.00 sys=0.00, real=0.01 secs] 
2020-10-27T20:53:30.259+0800: 5.391: [GC (Allocation Failure) 2020-10-27T20:53:30.259+0800: 5.391: [DefNew: 157236K->17470K(157248K), 0.0063271 secs] 440690K->336252K(506816K), 0.0063861 secs] [Times: user=0.02 sys=0.00, real=0.01 secs] 
2020-10-27T20:53:30.310+0800: 5.443: [GC (Allocation Failure) 2020-10-27T20:53:30.311+0800: 5.443: [DefNew: 157246K->157246K(157248K), 0.0000143 secs]2020-10-27T20:53:30.311+0800: 5.443: [Tenured: 318782K->207550K(349568K), 0.0232613 secs] 476028K->207550K(506816K), [Metaspace: 2700K->2700K(1056768K)], 0.0233458 secs] [Times: user=0.02 sys=0.00, real=0.02 secs] 
2020-10-27T20:53:30.377+0800: 5.509: [GC (Allocation Failure) 2020-10-27T20:53:30.377+0800: 5.509: [DefNew: 139776K->17472K(157248K), 0.0058482 secs] 347326K->256319K(506816K), 0.0059111 secs] [Times: user=0.00 sys=0.00, real=0.01 secs] 
2020-10-27T20:53:30.422+0800: 5.554: [GC (Allocation Failure) 2020-10-27T20:53:30.422+0800: 5.554: [DefNew: 157248K->17471K(157248K), 0.0074421 secs] 396095K->296283K(506816K), 0.0074990 secs] [Times: user=0.00 sys=0.00, real=0.01 secs] 
2020-10-27T20:53:30.465+0800: 5.597: [GC (Allocation Failure) 2020-10-27T20:53:30.465+0800: 5.598: [DefNew: 157119K->17471K(157248K), 0.0067982 secs] 435931K->333909K(506816K), 0.0068511 secs] [Times: user=0.00 sys=0.00, real=0.01 secs] 
2020-10-27T20:53:30.503+0800: 5.636: [GC (Allocation Failure) 2020-10-27T20:53:30.503+0800: 5.636: [DefNew: 157247K->157247K(157248K), 0.0000132 secs]2020-10-27T20:53:30.503+0800: 5.636: [Tenured: 316437K->193759K(349568K), 0.0242112 secs] 473685K->193759K(506816K), [Metaspace: 2700K->2700K(1056768K)], 0.0242788 secs] [Times: user=0.03 sys=0.00, real=0.03 secs] 
2020-10-27T20:53:30.574+0800: 5.707: [GC (Allocation Failure) 2020-10-27T20:53:30.574+0800: 5.707: [DefNew: 139776K->17471K(157248K), 0.0056437 secs] 333535K->235872K(506816K), 0.0056980 secs] [Times: user=0.00 sys=0.00, real=0.01 secs] 
2020-10-27T20:53:30.614+0800: 5.746: [GC (Allocation Failure) 2020-10-27T20:53:30.614+0800: 5.746: [DefNew: 157247K->17471K(157248K), 0.0074982 secs] 375648K->277897K(506816K), 0.0075630 secs] [Times: user=0.01 sys=0.00, real=0.01 secs] 
2020-10-27T20:53:30.661+0800: 5.793: [GC (Allocation Failure) 2020-10-27T20:53:30.661+0800: 5.793: [DefNew: 156949K->17471K(157248K), 0.0076933 secs] 417374K->322821K(506816K), 0.0077479 secs] [Times: user=0.02 sys=0.00, real=0.01 secs] 
2020-10-27T20:53:30.701+0800: 5.834: [GC (Allocation Failure) 2020-10-27T20:53:30.702+0800: 5.834: [DefNew: 157247K->157247K(157248K), 0.0000134 secs]2020-10-27T20:53:30.702+0800: 5.834: [Tenured: 305349K->209430K(349568K), 0.0231268 secs] 462597K->209430K(506816K), [Metaspace: 2707K->2707K(1056768K)], 0.0232152 secs] [Times: user=0.01 sys=0.00, real=0.02 secs] 
2020-10-27T20:53:30.766+0800: 5.898: [GC (Allocation Failure) 2020-10-27T20:53:30.766+0800: 5.898: [DefNew: 139776K->17467K(157248K), 0.0051396 secs] 349206K->249384K(506816K), 0.0052105 secs] [Times: user=0.00 sys=0.00, real=0.00 secs] 
2020-10-27T20:53:30.827+0800: 5.960: [GC (Allocation Failure) 2020-10-27T20:53:30.827+0800: 5.960: [DefNew: 156942K->17469K(157248K), 0.0069450 secs] 388859K->288385K(506816K), 0.0069976 secs] [Times: user=0.00 sys=0.00, real=0.01 secs] 
2020-10-27T20:53:30.889+0800: 6.021: [GC (Allocation Failure) 2020-10-27T20:53:30.889+0800: 6.021: [DefNew: 157245K->17468K(157248K), 0.0074286 secs] 428161K->331994K(506816K), 0.0074839 secs] [Times: user=0.00 sys=0.00, real=0.01 secs] 
2020-10-27T20:53:30.943+0800: 6.075: [GC (Allocation Failure) 2020-10-27T20:53:30.943+0800: 6.075: [DefNew: 157244K->157244K(157248K), 0.0000132 secs]2020-10-27T20:53:30.943+0800: 6.076: [Tenured: 314526K->205957K(349568K), 0.0237209 secs] 471770K->205957K(506816K), [Metaspace: 2707K->2707K(1056768K)], 0.0237968 secs] [Times: user=0.03 sys=0.00, real=0.02 secs] 
2020-10-27T20:53:31.012+0800: 6.145: [GC (Allocation Failure) 2020-10-27T20:53:31.012+0800: 6.145: [DefNew: 139776K->17471K(157248K), 0.0051420 secs] 345733K->246498K(506816K), 0.0051966 secs] [Times: user=0.00 sys=0.00, real=0.01 secs] 
2020-10-27T20:53:31.054+0800: 6.186: [GC (Allocation Failure) 2020-10-27T20:53:31.054+0800: 6.186: [DefNew: 156991K->17471K(157248K), 0.0073423 secs] 386018K->281426K(506816K), 0.0074415 secs] [Times: user=0.02 sys=0.00, real=0.01 secs] 
2020-10-27T20:53:31.084+0800: 6.217: [GC (Allocation Failure) 2020-10-27T20:53:31.084+0800: 6.217: [DefNew: 157105K->17471K(157248K), 0.0066616 secs] 421060K->316573K(506816K), 0.0067178 secs] [Times: user=0.01 sys=0.00, real=0.01 secs] 
2020-10-27T20:53:31.131+0800: 6.264: [GC (Allocation Failure) 2020-10-27T20:53:31.131+0800: 6.264: [DefNew: 157247K->157247K(157248K), 0.0000132 secs]2020-10-27T20:53:31.131+0800: 6.264: [Tenured: 299102K->182750K(349568K), 0.0227038 secs] 456349K->182750K(506816K), [Metaspace: 2707K->2707K(1056768K)], 0.0227809 secs] [Times: user=0.03 sys=0.00, real=0.02 secs] 
2020-10-27T20:53:31.193+0800: 6.325: [GC (Allocation Failure) 2020-10-27T20:53:31.193+0800: 6.325: [DefNew: 139776K->17471K(157248K), 0.0058062 secs] 322526K->230706K(506816K), 0.0058600 secs] [Times: user=0.00 sys=0.00, real=0.00 secs] 
2020-10-27T20:53:31.236+0800: 6.369: [GC (Allocation Failure) 2020-10-27T20:53:31.236+0800: 6.369: [DefNew: 157247K->17469K(157248K), 0.0072265 secs] 370482K->272545K(506816K), 0.0072790 secs] [Times: user=0.00 sys=0.00, real=0.01 secs] 
2020-10-27T20:53:31.289+0800: 6.422: [GC (Allocation Failure) 2020-10-27T20:53:31.289+0800: 6.422: [DefNew: 157245K->17471K(157248K), 0.0076940 secs] 412321K->315351K(506816K), 0.0077455 secs] [Times: user=0.02 sys=0.00, real=0.01 secs] 
2020-10-27T20:53:31.333+0800: 6.466: [GC (Allocation Failure) 2020-10-27T20:53:31.333+0800: 6.466: [DefNew: 157225K->157225K(157248K), 0.0000132 secs]2020-10-27T20:53:31.333+0800: 6.466: [Tenured: 297880K->196661K(349568K), 0.0236618 secs] 455105K->196661K(506816K), [Metaspace: 2707K->2707K(1056768K)], 0.0237378 secs] [Times: user=0.03 sys=0.00, real=0.02 secs] 
2020-10-27T20:53:31.393+0800: 6.525: [GC (Allocation Failure) 2020-10-27T20:53:31.393+0800: 6.525: [DefNew: 139776K->17470K(157248K), 0.0051371 secs] 336437K->239369K(506816K), 0.0051895 secs] [Times: user=0.00 sys=0.00, real=0.01 secs] 
2020-10-27T20:53:31.438+0800: 6.570: [GC (Allocation Failure) 2020-10-27T20:53:31.438+0800: 6.570: [DefNew: 157140K->17471K(157248K), 0.0074180 secs] 379038K->282326K(506816K), 0.0074710 secs] [Times: user=0.00 sys=0.00, real=0.01 secs] 
2020-10-27T20:53:31.487+0800: 6.619: [GC (Allocation Failure) 2020-10-27T20:53:31.487+0800: 6.619: [DefNew: 157028K->17471K(157248K), 0.0088448 secs] 421882K->322765K(506816K), 0.0089024 secs] [Times: user=0.00 sys=0.00, real=0.01 secs] 
2020-10-27T20:53:31.526+0800: 6.659: [GC (Allocation Failure) 2020-10-27T20:53:31.526+0800: 6.659: [DefNew: 157247K->157247K(157248K), 0.0000135 secs]2020-10-27T20:53:31.526+0800: 6.659: [Tenured: 305293K->205305K(349568K), 0.0224078 secs] 462541K->205305K(506816K), [Metaspace: 2707K->2707K(1056768K)], 0.0224886 secs] [Times: user=0.03 sys=0.00, real=0.02 secs] 
2020-10-27T20:53:31.580+0800: 6.712: [GC (Allocation Failure) 2020-10-27T20:53:31.580+0800: 6.712: [DefNew: 139776K->17471K(157248K), 0.0051566 secs] 345081K->248103K(506816K), 0.0052076 secs] [Times: user=0.00 sys=0.00, real=0.00 secs] 
2020-10-27T20:53:31.621+0800: 6.753: [GC (Allocation Failure) 2020-10-27T20:53:31.621+0800: 6.753: [DefNew: 157247K->17468K(157248K), 0.0079470 secs] 387879K->286949K(506816K), 0.0080019 secs] [Times: user=0.00 sys=0.00, real=0.01 secs] 
2020-10-27T20:53:31.665+0800: 6.798: [GC (Allocation Failure) 2020-10-27T20:53:31.665+0800: 6.798: [DefNew: 157244K->17471K(157248K), 0.0064752 secs] 426725K->322484K(506816K), 0.0065272 secs] [Times: user=0.02 sys=0.00, real=0.01 secs] 
2020-10-27T20:53:31.696+0800: 6.829: [GC (Allocation Failure) 2020-10-27T20:53:31.696+0800: 6.829: [DefNew: 157247K->157247K(157248K), 0.0000134 secs]2020-10-27T20:53:31.696+0800: 6.829: [Tenured: 305013K->195952K(349568K), 0.0217752 secs] 462260K->195952K(506816K), [Metaspace: 2707K->2707K(1056768K)], 0.0218522 secs] [Times: user=0.03 sys=0.00, real=0.02 secs] 
2020-10-27T20:53:31.754+0800: 6.887: [GC (Allocation Failure) 2020-10-27T20:53:31.754+0800: 6.887: [DefNew: 139776K->17471K(157248K), 0.0058439 secs] 335728K->242427K(506816K), 0.0059017 secs] [Times: user=0.00 sys=0.00, real=0.01 secs] 
2020-10-27T20:53:31.800+0800: 6.933: [GC (Allocation Failure) 2020-10-27T20:53:31.800+0800: 6.933: [DefNew: 157247K->17471K(157248K), 0.0066085 secs] 382203K->279609K(506816K), 0.0066638 secs] [Times: user=0.00 sys=0.00, real=0.01 secs] 
2020-10-27T20:53:31.843+0800: 6.976: [GC (Allocation Failure) 2020-10-27T20:53:31.843+0800: 6.976: [DefNew: 157247K->17471K(157248K), 0.0067309 secs] 419385K->318017K(506816K), 0.0067837 secs] [Times: user=0.00 sys=0.00, real=0.01 secs] 
2020-10-27T20:53:31.878+0800: 7.010: [GC (Allocation Failure) 2020-10-27T20:53:31.878+0800: 7.010: [DefNew: 157247K->157247K(157248K), 0.0000133 secs]2020-10-27T20:53:31.878+0800: 7.010: [Tenured: 300546K->196524K(349568K), 0.0214832 secs] 457793K->196524K(506816K), [Metaspace: 2707K->2707K(1056768K)], 0.0215595 secs] [Times: user=0.02 sys=0.00, real=0.02 secs] 
2020-10-27T20:53:31.939+0800: 7.071: [GC (Allocation Failure) 2020-10-27T20:53:31.939+0800: 7.071: [DefNew: 139776K->17471K(157248K), 0.0063089 secs] 336300K->246460K(506816K), 0.0063599 secs] [Times: user=0.00 sys=0.00, real=0.01 secs] 
2020-10-27T20:53:31.987+0800: 7.120: [GC (Allocation Failure) 2020-10-27T20:53:31.987+0800: 7.120: [DefNew: 157127K->17470K(157248K), 0.0074512 secs] 386116K->289553K(506816K), 0.0075027 secs] [Times: user=0.00 sys=0.00, real=0.01 secs] 
2020-10-27T20:53:32.044+0800: 7.177: [GC (Allocation Failure) 2020-10-27T20:53:32.044+0800: 7.177: [DefNew: 157246K->17471K(157248K), 0.0073209 secs] 429329K->330407K(506816K), 0.0073737 secs] [Times: user=0.00 sys=0.00, real=0.01 secs] 
2020-10-27T20:53:32.096+0800: 7.229: [GC (Allocation Failure) 2020-10-27T20:53:32.096+0800: 7.229: [DefNew: 157185K->157185K(157248K), 0.0000147 secs]2020-10-27T20:53:32.096+0800: 7.229: [Tenured: 312935K->186910K(349568K), 0.0224157 secs] 470121K->186910K(506816K), [Metaspace: 2707K->2707K(1056768K)], 0.0224941 secs] [Times: user=0.02 sys=0.00, real=0.02 secs] 
2020-10-27T20:53:32.158+0800: 7.290: [GC (Allocation Failure) 2020-10-27T20:53:32.158+0800: 7.290: [DefNew: 139776K->17471K(157248K), 0.0063611 secs] 326686K->236501K(506816K), 0.0064180 secs] [Times: user=0.00 sys=0.00, real=0.01 secs] 
2020-10-27T20:53:32.194+0800: 7.326: [GC (Allocation Failure) 2020-10-27T20:53:32.194+0800: 7.326: [DefNew: 157247K->17468K(157248K), 0.0068392 secs] 376277K->276367K(506816K), 0.0068910 secs] [Times: user=0.02 sys=0.00, real=0.01 secs] 
2020-10-27T20:53:32.246+0800: 7.378: [GC (Allocation Failure) 2020-10-27T20:53:32.246+0800: 7.378: [DefNew: 157244K->17471K(157248K), 0.0068042 secs] 416143K->311298K(506816K), 0.0068573 secs] [Times: user=0.00 sys=0.00, real=0.01 secs] 
2020-10-27T20:53:32.289+0800: 7.421: [GC (Allocation Failure) 2020-10-27T20:53:32.289+0800: 7.421: [DefNew: 157195K->157195K(157248K), 0.0000129 secs]2020-10-27T20:53:32.289+0800: 7.421: [Tenured: 293827K->203526K(349568K), 0.0221130 secs] 451023K->203526K(506816K), [Metaspace: 2707K->2707K(1056768K)], 0.0221892 secs] [Times: user=0.03 sys=0.00, real=0.02 secs] 
2020-10-27T20:53:32.341+0800: 7.474: [GC (Allocation Failure) 2020-10-27T20:53:32.341+0800: 7.474: [DefNew: 139776K->17471K(157248K), 0.0060267 secs] 343302K->250733K(506816K), 0.0060877 secs] [Times: user=0.00 sys=0.00, real=0.01 secs] 
2020-10-27T20:53:32.381+0800: 7.514: [GC (Allocation Failure) 2020-10-27T20:53:32.381+0800: 7.514: [DefNew: 157247K->17471K(157248K), 0.0071108 secs] 390509K->286739K(506816K), 0.0071653 secs] [Times: user=0.01 sys=0.00, real=0.01 secs] 
2020-10-27T20:53:32.429+0800: 7.562: [GC (Allocation Failure) 2020-10-27T20:53:32.429+0800: 7.562: [DefNew: 157247K->17471K(157248K), 0.0078607 secs] 426515K->328348K(506816K), 0.0079056 secs] [Times: user=0.02 sys=0.00, real=0.01 secs] 
2020-10-27T20:53:32.471+0800: 7.604: [GC (Allocation Failure) 2020-10-27T20:53:32.471+0800: 7.604: [DefNew: 157247K->157247K(157248K), 0.0000140 secs]2020-10-27T20:53:32.471+0800: 7.604: [Tenured: 310876K->207158K(349568K), 0.0241809 secs] 468124K->207158K(506816K), [Metaspace: 2707K->2707K(1056768K)], 0.0242523 secs] [Times: user=0.02 sys=0.00, real=0.02 secs] 
2020-10-27T20:53:32.536+0800: 7.668: [GC (Allocation Failure) 2020-10-27T20:53:32.536+0800: 7.668: [DefNew: 139776K->17469K(157248K), 0.0056853 secs] 346934K->249891K(506816K), 0.0057287 secs] [Times: user=0.00 sys=0.00, real=0.01 secs] 
2020-10-27T20:53:32.582+0800: 7.715: [GC (Allocation Failure) 2020-10-27T20:53:32.582+0800: 7.715: [DefNew: 157245K->17471K(157248K), 0.0074413 secs] 389667K->290619K(506816K), 0.0074912 secs] [Times: user=0.01 sys=0.00, real=0.01 secs] 
2020-10-27T20:53:32.641+0800: 7.773: [GC (Allocation Failure) 2020-10-27T20:53:32.641+0800: 7.773: [DefNew: 157247K->17469K(157248K), 0.0074298 secs] 430395K->331364K(506816K), 0.0074801 secs] [Times: user=0.00 sys=0.00, real=0.01 secs] 
2020-10-27T20:53:32.691+0800: 7.824: [GC (Allocation Failure) 2020-10-27T20:53:32.691+0800: 7.824: [DefNew: 157194K->157194K(157248K), 0.0000145 secs]2020-10-27T20:53:32.691+0800: 7.824: [Tenured: 313895K->210377K(349568K), 0.0266294 secs] 471089K->210377K(506816K), [Metaspace: 2707K->2707K(1056768K)], 0.0267064 secs] [Times: user=0.03 sys=0.00, real=0.03 secs] 
2020-10-27T20:53:32.764+0800: 7.896: [GC (Allocation Failure) 2020-10-27T20:53:32.764+0800: 7.896: [DefNew: 139106K->17471K(157248K), 0.0060266 secs] 349484K->254038K(506816K), 0.0060699 secs] [Times: user=0.00 sys=0.00, real=0.01 secs] 
2020-10-27T20:53:32.806+0800: 7.938: [GC (Allocation Failure) 2020-10-27T20:53:32.806+0800: 7.938: [DefNew: 157247K->17470K(157248K), 0.0085835 secs] 393814K->295030K(506816K), 0.0086264 secs] [Times: user=0.02 sys=0.00, real=0.01 secs] 
2020-10-27T20:53:32.912+0800: 8.045: [GC (Allocation Failure) 2020-10-27T20:53:32.912+0800: 8.045: [DefNew: 157246K->17471K(157248K), 0.0089445 secs] 434806K->329164K(506816K), 0.0090184 secs] [Times: user=0.02 sys=0.00, real=0.01 secs] 
2020-10-27T20:53:32.985+0800: 8.117: [GC (Allocation Failure) 2020-10-27T20:53:32.985+0800: 8.117: [DefNew: 156872K->156872K(157248K), 0.0000145 secs]2020-10-27T20:53:32.985+0800: 8.117: [Tenured: 311692K->187866K(349568K), 0.0375835 secs] 468565K->187866K(506816K), [Metaspace: 2707K->2707K(1056768K)], 0.0376524 secs] [Times: user=0.03 sys=0.00, real=0.04 secs] 
2020-10-27T20:53:33.065+0800: 8.198: [GC (Allocation Failure) 2020-10-27T20:53:33.065+0800: 8.198: [DefNew: 139471K->17471K(157248K), 0.0070452 secs] 327337K->235046K(506816K), 0.0070998 secs] [Times: user=0.00 sys=0.00, real=0.01 secs] 
2020-10-27T20:53:33.114+0800: 8.247: [GC (Allocation Failure) 2020-10-27T20:53:33.114+0800: 8.247: [DefNew: 156969K->17471K(157248K), 0.0096508 secs] 374543K->274330K(506816K), 0.0097379 secs] [Times: user=0.02 sys=0.00, real=0.01 secs] 
2020-10-27T20:53:33.169+0800: 8.302: [GC (Allocation Failure) 2020-10-27T20:53:33.169+0800: 8.302: [DefNew: 157247K->17468K(157248K), 0.0078310 secs] 414106K->310635K(506816K), 0.0079492 secs] [Times: user=0.00 sys=0.00, real=0.01 secs] 
2020-10-27T20:53:33.212+0800: 8.344: [GC (Allocation Failure) 2020-10-27T20:53:33.212+0800: 8.344: [DefNew: 157244K->17471K(157248K), 0.0072949 secs] 450411K->345027K(506816K), 0.0073573 secs] [Times: user=0.02 sys=0.00, real=0.01 secs] 
2020-10-27T20:53:33.267+0800: 8.400: [GC (Allocation Failure) 2020-10-27T20:53:33.267+0800: 8.400: [DefNew: 156820K->156820K(157248K), 0.0000134 secs]2020-10-27T20:53:33.267+0800: 8.400: [Tenured: 327556K->201951K(349568K), 0.0229724 secs] 484376K->201951K(506816K), [Metaspace: 2707K->2707K(1056768K)], 0.0230496 secs] [Times: user=0.01 sys=0.00, real=0.02 secs] 
2020-10-27T20:53:33.334+0800: 8.466: [GC (Allocation Failure) 2020-10-27T20:53:33.334+0800: 8.466: [DefNew: 139776K->17469K(157248K), 0.0057794 secs] 341727K->249751K(506816K), 0.0058316 secs] [Times: user=0.02 sys=0.00, real=0.01 secs] 
2020-10-27T20:53:33.378+0800: 8.510: [GC (Allocation Failure) 2020-10-27T20:53:33.378+0800: 8.510: [DefNew: 157245K->17471K(157248K), 0.0067944 secs] 389527K->287706K(506816K), 0.0068465 secs] [Times: user=0.00 sys=0.00, real=0.01 secs] 
2020-10-27T20:53:33.432+0800: 8.564: [GC (Allocation Failure) 2020-10-27T20:53:33.432+0800: 8.564: [DefNew: 157247K->17471K(157248K), 0.0070099 secs] 427482K->325666K(506816K), 0.0070627 secs] [Times: user=0.01 sys=0.00, real=0.01 secs] 
2020-10-27T20:53:33.472+0800: 8.605: [GC (Allocation Failure) 2020-10-27T20:53:33.472+0800: 8.605: [DefNew: 157247K->157247K(157248K), 0.0000137 secs]2020-10-27T20:53:33.472+0800: 8.605: [Tenured: 308195K->199741K(349568K), 0.0227314 secs] 465442K->199741K(506816K), [Metaspace: 2707K->2707K(1056768K)], 0.0228153 secs] [Times: user=0.02 sys=0.00, real=0.02 secs] 
2020-10-27T20:53:33.533+0800: 8.666: [GC (Allocation Failure) 2020-10-27T20:53:33.533+0800: 8.666: [DefNew: 139776K->17468K(157248K), 0.0049413 secs] 339517K->239019K(506816K), 0.0049986 secs] [Times: user=0.00 sys=0.00, real=0.01 secs] 
2020-10-27T20:53:33.574+0800: 8.707: [GC (Allocation Failure) 2020-10-27T20:53:33.574+0800: 8.707: [DefNew: 157244K->17472K(157248K), 0.0077589 secs] 378795K->279000K(506816K), 0.0078173 secs] [Times: user=0.00 sys=0.00, real=0.01 secs] 
2020-10-27T20:53:33.614+0800: 8.746: [GC (Allocation Failure) 2020-10-27T20:53:33.614+0800: 8.746: [DefNew: 157248K->17470K(157248K), 0.0069680 secs] 418776K->316338K(506816K), 0.0070264 secs] [Times: user=0.02 sys=0.00, real=0.01 secs] 
2020-10-27T20:53:33.657+0800: 8.790: [GC (Allocation Failure) 2020-10-27T20:53:33.657+0800: 8.790: [DefNew: 157156K->157156K(157248K), 0.0000129 secs]2020-10-27T20:53:33.657+0800: 8.790: [Tenured: 298867K->184512K(349568K), 0.0238135 secs] 456023K->184512K(506816K), [Metaspace: 2707K->2707K(1056768K)], 0.0238793 secs] [Times: user=0.02 sys=0.00, real=0.02 secs] 
2020-10-27T20:53:33.724+0800: 8.856: [GC (Allocation Failure) 2020-10-27T20:53:33.724+0800: 8.856: [DefNew: 139762K->17471K(157248K), 0.0060948 secs] 324275K->227641K(506816K), 0.0061497 secs] [Times: user=0.00 sys=0.00, real=0.01 secs] 
2020-10-27T20:53:33.770+0800: 8.902: [GC (Allocation Failure) 2020-10-27T20:53:33.770+0800: 8.902: [DefNew: 157247K->17469K(157248K), 0.0074135 secs] 367417K->268379K(506816K), 0.0074570 secs] [Times: user=0.00 sys=0.00, real=0.01 secs] 
2020-10-27T20:53:33.825+0800: 8.958: [GC (Allocation Failure) 2020-10-27T20:53:33.826+0800: 8.958: [DefNew: 157245K->17471K(157248K), 0.0069066 secs] 408155K->303849K(506816K), 0.0069755 secs] [Times: user=0.00 sys=0.00, real=0.01 secs] 
2020-10-27T20:53:33.870+0800: 9.003: [GC (Allocation Failure) 2020-10-27T20:53:33.870+0800: 9.003: [DefNew: 157247K->17471K(157248K), 0.0077708 secs] 443625K->344639K(506816K), 0.0078267 secs] [Times: user=0.01 sys=0.00, real=0.01 secs] 
2020-10-27T20:53:33.914+0800: 9.047: [GC (Allocation Failure) 2020-10-27T20:53:33.914+0800: 9.047: [DefNew: 157247K->157247K(157248K), 0.0000127 secs]2020-10-27T20:53:33.914+0800: 9.047: [Tenured: 327167K->174951K(349568K), 0.0232222 secs] 484415K->174951K(506816K), [Metaspace: 2707K->2707K(1056768K)], 0.0232886 secs] [Times: user=0.03 sys=0.00, real=0.02 secs] 
2020-10-27T20:53:33.974+0800: 9.106: [GC (Allocation Failure) 2020-10-27T20:53:33.974+0800: 9.106: [DefNew: 139776K->17469K(157248K), 0.0058037 secs] 314727K->221873K(506816K), 0.0058553 secs] [Times: user=0.00 sys=0.00, real=0.01 secs] 
2020-10-27T20:53:34.018+0800: 9.150: [GC (Allocation Failure) 2020-10-27T20:53:34.018+0800: 9.150: [DefNew: 157245K->17471K(157248K), 0.0071926 secs] 361649K->262962K(506816K), 0.0072444 secs] [Times: user=0.00 sys=0.00, real=0.01 secs] 
2020-10-27T20:53:34.065+0800: 9.197: [GC (Allocation Failure) 2020-10-27T20:53:34.065+0800: 9.197: [DefNew: 157247K->17471K(157248K), 0.0066661 secs] 402738K->300773K(506816K), 0.0067228 secs] [Times: user=0.00 sys=0.00, real=0.01 secs] 
2020-10-27T20:53:34.114+0800: 9.246: [GC (Allocation Failure) 2020-10-27T20:53:34.114+0800: 9.246: [DefNew: 156980K->17469K(157248K), 0.0070586 secs] 440281K->342347K(506816K), 0.0071116 secs] [Times: user=0.00 sys=0.00, real=0.01 secs] 
2020-10-27T20:53:34.157+0800: 9.289: [GC (Allocation Failure) 2020-10-27T20:53:34.157+0800: 9.289: [DefNew: 157245K->157245K(157248K), 0.0000156 secs]2020-10-27T20:53:34.157+0800: 9.289: [Tenured: 324877K->197860K(349568K), 0.0216939 secs] 482123K->197860K(506816K), [Metaspace: 2707K->2707K(1056768K)], 0.0217770 secs] [Times: user=0.02 sys=0.00, real=0.02 secs] 
2020-10-27T20:53:34.213+0800: 9.346: [GC (Allocation Failure) 2020-10-27T20:53:34.213+0800: 9.346: [DefNew: 139776K->17470K(157248K), 0.0058538 secs] 337636K->246138K(506816K), 0.0059079 secs] [Times: user=0.02 sys=0.00, real=0.01 secs] 
2020-10-27T20:53:34.242+0800: 9.375: [GC (Allocation Failure) 2020-10-27T20:53:34.242+0800: 9.375: [DefNew: 157246K->17471K(157248K), 0.0072725 secs] 385914K->285949K(506816K), 0.0073446 secs] [Times: user=0.02 sys=0.00, real=0.01 secs] 
2020-10-27T20:53:34.285+0800: 9.417: [GC (Allocation Failure) 2020-10-27T20:53:34.285+0800: 9.417: [DefNew: 157247K->17471K(157248K), 0.0078338 secs] 425725K->328380K(506816K), 0.0078854 secs] [Times: user=0.02 sys=0.00, real=0.01 secs] 
2020-10-27T20:53:34.334+0800: 9.466: [GC (Allocation Failure) 2020-10-27T20:53:34.334+0800: 9.466: [DefNew: 157247K->157247K(157248K), 0.0000131 secs]2020-10-27T20:53:34.334+0800: 9.466: [Tenured: 310909K->209631K(349568K), 0.0263080 secs] 468156K->209631K(506816K), [Metaspace: 2707K->2707K(1056768K)], 0.0263832 secs] [Times: user=0.03 sys=0.00, real=0.03 secs] 
2020-10-27T20:53:34.397+0800: 9.530: [GC (Allocation Failure) 2020-10-27T20:53:34.397+0800: 9.530: [DefNew: 139776K->17466K(157248K), 0.0053752 secs] 349407K->252827K(506816K), 0.0054303 secs] [Times: user=0.02 sys=0.00, real=0.00 secs] 
2020-10-27T20:53:34.447+0800: 9.580: [GC (Allocation Failure) 2020-10-27T20:53:34.447+0800: 9.580: [DefNew: 157242K->17471K(157248K), 0.0072814 secs] 392603K->294373K(506816K), 0.0073373 secs] [Times: user=0.02 sys=0.00, real=0.01 secs] 
2020-10-27T20:53:34.507+0800: 9.639: [GC (Allocation Failure) 2020-10-27T20:53:34.507+0800: 9.639: [DefNew: 157247K->17472K(157248K), 0.0083563 secs] 434149K->342645K(506816K), 0.0084026 secs] [Times: user=0.02 sys=0.00, real=0.01 secs] 
2020-10-27T20:53:34.554+0800: 9.686: [GC (Allocation Failure) 2020-10-27T20:53:34.554+0800: 9.686: [DefNew: 157248K->157248K(157248K), 0.0000128 secs]2020-10-27T20:53:34.554+0800: 9.686: [Tenured: 325173K->211920K(349568K), 0.0244404 secs] 482421K->211920K(506816K), [Metaspace: 2707K->2707K(1056768K)], 0.0245215 secs] [Times: user=0.03 sys=0.00, real=0.03 secs] 
2020-10-27T20:53:34.612+0800: 9.744: [GC (Allocation Failure) 2020-10-27T20:53:34.612+0800: 9.744: [DefNew: 139776K->17471K(157248K), 0.0051884 secs] 351696K->255406K(506816K), 0.0052415 secs] [Times: user=0.00 sys=0.00, real=0.01 secs] 
2020-10-27T20:53:34.665+0800: 9.797: [GC (Allocation Failure) 2020-10-27T20:53:34.665+0800: 9.797: [DefNew: 157247K->17471K(157248K), 0.0079647 secs] 395182K->295997K(506816K), 0.0080341 secs] [Times: user=0.01 sys=0.00, real=0.01 secs] 
2020-10-27T20:53:34.703+0800: 9.835: [GC (Allocation Failure) 2020-10-27T20:53:34.703+0800: 9.835: [DefNew: 156827K->17470K(157248K), 0.0079533 secs] 435352K->332265K(506816K), 0.0080134 secs] [Times: user=0.00 sys=0.00, real=0.01 secs] 
2020-10-27T20:53:34.734+0800: 9.867: [GC (Allocation Failure) 2020-10-27T20:53:34.734+0800: 9.867: [DefNew: 157139K->157139K(157248K), 0.0000135 secs]2020-10-27T20:53:34.734+0800: 9.867: [Tenured: 314795K->187100K(349568K), 0.0225148 secs] 471934K->187100K(506816K), [Metaspace: 2707K->2707K(1056768K)], 0.0225927 secs] [Times: user=0.02 sys=0.00, real=0.02 secs] 
2020-10-27T20:53:34.794+0800: 9.927: [GC (Allocation Failure) 2020-10-27T20:53:34.794+0800: 9.927: [DefNew: 139776K->17470K(157248K), 0.0058435 secs] 326876K->233260K(506816K), 0.0058944 secs] [Times: user=0.00 sys=0.00, real=0.01 secs] 
2020-10-27T20:53:34.828+0800: 9.961: [GC (Allocation Failure) 2020-10-27T20:53:34.829+0800: 9.961: [DefNew: 157246K->17471K(157248K), 0.0069336 secs] 373036K->274283K(506816K), 0.0069890 secs] [Times: user=0.00 sys=0.00, real=0.01 secs] 
2020-10-27T20:53:34.885+0800: 10.018: [GC (Allocation Failure) 2020-10-27T20:53:34.885+0800: 10.018: [DefNew: 157247K->17470K(157248K), 0.0075113 secs] 414059K->319284K(506816K), 0.0075725 secs] [Times: user=0.02 sys=0.00, real=0.01 secs] 
2020-10-27T20:53:34.933+0800: 10.066: [GC (Allocation Failure) 2020-10-27T20:53:34.933+0800: 10.066: [DefNew: 157246K->157246K(157248K), 0.0000130 secs]2020-10-27T20:53:34.933+0800: 10.066: [Tenured: 301813K->211481K(349568K), 0.0223087 secs] 459060K->211481K(506816K), [Metaspace: 2707K->2707K(1056768K)], 0.0223885 secs] [Times: user=0.03 sys=0.00, real=0.02 secs] 
Heap
 def new generation   total 157248K, used 72406K [0x00000000e0000000, 0x00000000eaaa0000, 0x00000000eaaa0000)
  eden space 139776K,  51% used [0x00000000e0000000, 0x00000000e46b5960, 0x00000000e8880000)
  from space 17472K,   0% used [0x00000000e8880000, 0x00000000e8880000, 0x00000000e9990000)
  to   space 17472K,   0% used [0x00000000e9990000, 0x00000000e9990000, 0x00000000eaaa0000)
 tenured generation   total 349568K, used 211481K [0x00000000eaaa0000, 0x0000000100000000, 0x0000000100000000)
   the space 349568K,  60% used [0x00000000eaaa0000, 0x00000000f7926578, 0x00000000f7926600, 0x0000000100000000)
 Metaspace       used 2714K, capacity 4490K, committed 4864K, reserved 1056768K
  class space    used 291K, capacity 386K, committed 512K, reserved 1048576K
