Java HotSpot(TM) 64-Bit Server VM (25.211-b12) for windows-amd64 JRE (1.8.0_211-b12), built on Apr  1 2019 20:53:26 by "java_re" with MS VC++ 10.0 (VS2010)
Memory: 4k page, physical 16640612k(9357264k free), swap 16640612k(7559008k free)
CommandLine flags: -XX:InitialHeapSize=2147483648 -XX:MaxHeapSize=2147483648 -XX:MaxNewSize=348966912 -XX:MaxTenuringThreshold=6 -XX:NewSize=348966912 -XX:OldPLABSize=16 -XX:OldSize=697933824 -XX:+PrintGC -XX:+PrintGCDateStamps -XX:+PrintGCDetails -XX:+PrintGCTimeStamps -XX:+UseCompressedClassPointers -XX:+UseCompressedOops -XX:+UseConcMarkSweepGC -XX:-UseLargePagesIndividualAllocation -XX:+UseParNewGC 
2020-10-27T20:55:07.964+0800: 0.281: [GC (Allocation Failure) 2020-10-27T20:55:07.964+0800: 0.281: [ParNew: 272640K->34048K(306688K), 0.0162810 secs] 272640K->79873K(2063104K), 0.0164273 secs] [Times: user=0.05 sys=0.01, real=0.02 secs] 
2020-10-27T20:55:08.063+0800: 0.381: [GC (Allocation Failure) 2020-10-27T20:55:08.063+0800: 0.381: [ParNew: 306688K->34048K(306688K), 0.0186926 secs] 352513K->142016K(2063104K), 0.0187533 secs] [Times: user=0.00 sys=0.06, real=0.02 secs] 
2020-10-27T20:55:08.159+0800: 0.477: [GC (Allocation Failure) 2020-10-27T20:55:08.159+0800: 0.477: [ParNew: 306688K->34048K(306688K), 0.0282063 secs] 414656K->193393K(2063104K), 0.0283054 secs] [Times: user=0.06 sys=0.05, real=0.03 secs] 
2020-10-27T20:55:08.257+0800: 0.574: [GC (Allocation Failure) 2020-10-27T20:55:08.257+0800: 0.574: [ParNew: 306688K->34048K(306688K), 0.0260373 secs] 466033K->242882K(2063104K), 0.0261042 secs] [Times: user=0.08 sys=0.03, real=0.03 secs] 
2020-10-27T20:55:08.354+0800: 0.671: [GC (Allocation Failure) 2020-10-27T20:55:08.354+0800: 0.671: [ParNew: 306688K->34048K(306688K), 0.0319397 secs] 515522K->309342K(2063104K), 0.0320028 secs] [Times: user=0.13 sys=0.00, real=0.03 secs] 
2020-10-27T20:55:08.500+0800: 0.818: [GC (Allocation Failure) 2020-10-27T20:55:08.500+0800: 0.818: [ParNew: 306688K->34048K(306688K), 0.0287987 secs] 581982K->365068K(2063104K), 0.0288591 secs] [Times: user=0.06 sys=0.03, real=0.03 secs] 
2020-10-27T20:55:08.609+0800: 0.926: [GC (Allocation Failure) 2020-10-27T20:55:08.609+0800: 0.926: [ParNew: 306688K->34048K(306688K), 0.0362484 secs] 637708K->443126K(2063104K), 0.0363052 secs] [Times: user=0.08 sys=0.02, real=0.04 secs] 
2020-10-27T20:55:08.720+0800: 1.037: [GC (Allocation Failure) 2020-10-27T20:55:08.720+0800: 1.037: [ParNew: 306688K->34048K(306688K), 0.0316324 secs] 715766K->510089K(2063104K), 0.0316890 secs] [Times: user=0.11 sys=0.02, real=0.03 secs] 
2020-10-27T20:55:08.847+0800: 1.165: [GC (Allocation Failure) 2020-10-27T20:55:08.847+0800: 1.165: [ParNew: 306688K->34048K(306688K), 0.0691526 secs] 782729K->575489K(2063104K), 0.0692642 secs] [Times: user=0.14 sys=0.05, real=0.07 secs] 
2020-10-27T20:55:08.992+0800: 1.309: [GC (Allocation Failure) 2020-10-27T20:55:08.992+0800: 1.309: [ParNew: 306688K->34048K(306688K), 0.0292153 secs] 848129K->641409K(2063104K), 0.0292776 secs] [Times: user=0.05 sys=0.08, real=0.03 secs] 
2020-10-27T20:55:09.109+0800: 1.426: [GC (Allocation Failure) 2020-10-27T20:55:09.109+0800: 1.426: [ParNew: 306688K->34048K(306688K), 0.0294170 secs] 914049K->703062K(2063104K), 0.0294755 secs] [Times: user=0.05 sys=0.05, real=0.03 secs] 
2020-10-27T20:55:09.207+0800: 1.525: [GC (Allocation Failure) 2020-10-27T20:55:09.207+0800: 1.525: [ParNew: 306688K->34048K(306688K), 0.0343967 secs] 975702K->780014K(2063104K), 0.0344538 secs] [Times: user=0.09 sys=0.03, real=0.03 secs] 
2020-10-27T20:55:09.330+0800: 1.647: [GC (Allocation Failure) 2020-10-27T20:55:09.330+0800: 1.647: [ParNew: 306688K->34048K(306688K), 0.0286123 secs] 1052654K->841454K(2063104K), 0.0286719 secs] [Times: user=0.08 sys=0.03, real=0.03 secs] 
2020-10-27T20:55:09.479+0800: 1.796: [GC (Allocation Failure) 2020-10-27T20:55:09.479+0800: 1.796: [ParNew: 306688K->34048K(306688K), 0.0515451 secs] 1114094K->917248K(2063104K), 0.0516778 secs] [Times: user=0.22 sys=0.02, real=0.05 secs] 
2020-10-27T20:55:09.531+0800: 1.848: [GC (CMS Initial Mark) [1 CMS-initial-mark: 883200K(1756416K)] 917536K(2063104K), 0.0001047 secs] [Times: user=0.00 sys=0.00, real=0.00 secs] 
2020-10-27T20:55:09.531+0800: 1.848: [CMS-concurrent-mark-start]
2020-10-27T20:55:09.544+0800: 1.862: [CMS-concurrent-mark: 0.014/0.014 secs] [Times: user=0.01 sys=0.00, real=0.01 secs] 
2020-10-27T20:55:09.544+0800: 1.862: [CMS-concurrent-preclean-start]
2020-10-27T20:55:09.545+0800: 1.863: [CMS-concurrent-preclean: 0.002/0.002 secs] [Times: user=0.00 sys=0.00, real=0.00 secs] 
2020-10-27T20:55:09.545+0800: 1.863: [CMS-concurrent-abortable-preclean-start]
2020-10-27T20:55:09.626+0800: 1.943: [GC (Allocation Failure) 2020-10-27T20:55:09.626+0800: 1.943: [ParNew2020-10-27T20:55:09.648+0800: 1.965: [CMS-concurrent-abortable-preclean: 0.001/0.102 secs] [Times: user=0.06 sys=0.02, real=0.10 secs] 
: 306688K->34048K(306688K), 0.0314674 secs] 1189888K->978719K(2063104K), 0.0315199 secs] [Times: user=0.06 sys=0.03, real=0.03 secs] 
2020-10-27T20:55:09.657+0800: 1.975: [GC (CMS Final Remark) [YG occupancy: 34269 K (306688 K)]2020-10-27T20:55:09.657+0800: 1.975: [Rescan (parallel) , 0.0007693 secs]2020-10-27T20:55:09.658+0800: 1.976: [weak refs processing, 0.0000116 secs]2020-10-27T20:55:09.658+0800: 1.976: [class unloading, 0.0001945 secs]2020-10-27T20:55:09.658+0800: 1.976: [scrub symbol table, 0.0003053 secs]2020-10-27T20:55:09.659+0800: 1.976: [scrub string table, 0.0000839 secs][1 CMS-remark: 944671K(1756416K)] 978941K(2063104K), 0.0014332 secs] [Times: user=0.00 sys=0.00, real=0.00 secs] 
2020-10-27T20:55:09.659+0800: 1.976: [CMS-concurrent-sweep-start]
2020-10-27T20:55:09.660+0800: 1.978: [CMS-concurrent-sweep: 0.001/0.001 secs] [Times: user=0.00 sys=0.00, real=0.00 secs] 
2020-10-27T20:55:09.660+0800: 1.978: [CMS-concurrent-reset-start]
2020-10-27T20:55:09.662+0800: 1.979: [CMS-concurrent-reset: 0.002/0.002 secs] [Times: user=0.00 sys=0.00, real=0.00 secs] 
2020-10-27T20:55:09.734+0800: 2.052: [GC (Allocation Failure) 2020-10-27T20:55:09.734+0800: 2.052: [ParNew: 306688K->34048K(306688K), 0.0143125 secs] 535378K->333955K(2063104K), 0.0143688 secs] [Times: user=0.06 sys=0.00, real=0.02 secs] 
2020-10-27T20:55:09.833+0800: 2.150: [GC (Allocation Failure) 2020-10-27T20:55:09.833+0800: 2.150: [ParNew: 306688K->34048K(306688K), 0.0141236 secs] 606595K->405820K(2063104K), 0.0141781 secs] [Times: user=0.05 sys=0.00, real=0.01 secs] 
2020-10-27T20:55:09.915+0800: 2.232: [GC (Allocation Failure) 2020-10-27T20:55:09.915+0800: 2.232: [ParNew: 306688K->34048K(306688K), 0.0138442 secs] 678460K->472427K(2063104K), 0.0139027 secs] [Times: user=0.05 sys=0.00, real=0.01 secs] 
2020-10-27T20:55:10.008+0800: 2.325: [GC (Allocation Failure) 2020-10-27T20:55:10.008+0800: 2.326: [ParNew: 306688K->34048K(306688K), 0.0224142 secs] 745067K->541231K(2063104K), 0.0225392 secs] [Times: user=0.13 sys=0.00, real=0.02 secs] 
2020-10-27T20:55:10.105+0800: 2.422: [GC (Allocation Failure) 2020-10-27T20:55:10.105+0800: 2.422: [ParNew: 306688K->34048K(306688K), 0.0151843 secs] 813871K->615053K(2063104K), 0.0152482 secs] [Times: user=0.06 sys=0.00, real=0.01 secs] 
2020-10-27T20:55:10.187+0800: 2.505: [GC (Allocation Failure) 2020-10-27T20:55:10.187+0800: 2.505: [ParNew: 306688K->34048K(306688K), 0.0136141 secs] 887693K->676751K(2063104K), 0.0136753 secs] [Times: user=0.06 sys=0.00, real=0.01 secs] 
2020-10-27T20:55:10.270+0800: 2.587: [GC (Allocation Failure) 2020-10-27T20:55:10.270+0800: 2.587: [ParNew: 306688K->34048K(306688K), 0.0131234 secs] 949391K->741282K(2063104K), 0.0131807 secs] [Times: user=0.06 sys=0.00, real=0.01 secs] 
2020-10-27T20:55:10.347+0800: 2.665: [GC (Allocation Failure) 2020-10-27T20:55:10.347+0800: 2.665: [ParNew: 306688K->34048K(306688K), 0.0141126 secs] 1013922K->808187K(2063104K), 0.0141701 secs] [Times: user=0.03 sys=0.00, real=0.02 secs] 
2020-10-27T20:55:10.460+0800: 2.778: [GC (Allocation Failure) 2020-10-27T20:55:10.460+0800: 2.778: [ParNew: 306688K->34048K(306688K), 0.0141442 secs] 1080827K->871869K(2063104K), 0.0142257 secs] [Times: user=0.06 sys=0.00, real=0.01 secs] 
2020-10-27T20:55:10.544+0800: 2.862: [GC (Allocation Failure) 2020-10-27T20:55:10.544+0800: 2.862: [ParNew: 306688K->34048K(306688K), 0.0151067 secs] 1144509K->953800K(2063104K), 0.0151660 secs] [Times: user=0.06 sys=0.00, real=0.02 secs] 
2020-10-27T20:55:10.628+0800: 2.946: [GC (Allocation Failure) 2020-10-27T20:55:10.628+0800: 2.946: [ParNew: 306688K->34048K(306688K), 0.0228582 secs] 1226440K->1014881K(2063104K), 0.0229141 secs] [Times: user=0.05 sys=0.02, real=0.02 secs] 
2020-10-27T20:55:10.723+0800: 3.041: [GC (Allocation Failure) 2020-10-27T20:55:10.724+0800: 3.041: [ParNew: 306688K->34048K(306688K), 0.0345454 secs] 1287521K->1091821K(2063104K), 0.0346068 secs] [Times: user=0.13 sys=0.00, real=0.03 secs] 
2020-10-27T20:55:10.842+0800: 3.159: [GC (Allocation Failure) 2020-10-27T20:55:10.842+0800: 3.159: [ParNew: 306688K->34048K(306688K), 0.0324539 secs] 1364461K->1163257K(2063104K), 0.0325110 secs] [Times: user=0.09 sys=0.03, real=0.03 secs] 
2020-10-27T20:55:10.946+0800: 3.263: [GC (Allocation Failure) 2020-10-27T20:55:10.946+0800: 3.263: [ParNew: 306688K->34048K(306688K), 0.0327379 secs] 1435897K->1238197K(2063104K), 0.0327957 secs] [Times: user=0.11 sys=0.02, real=0.03 secs] 
2020-10-27T20:55:11.049+0800: 3.367: [GC (Allocation Failure) 2020-10-27T20:55:11.049+0800: 3.367: [ParNew: 306688K->34048K(306688K), 0.0296600 secs] 1510837K->1302138K(2063104K), 0.0297187 secs] [Times: user=0.13 sys=0.00, real=0.03 secs] 
2020-10-27T20:55:11.152+0800: 3.469: [GC (Allocation Failure) 2020-10-27T20:55:11.152+0800: 3.469: [ParNew: 306688K->34048K(306688K), 0.0286417 secs] 1574778K->1366017K(2063104K), 0.0286976 secs] [Times: user=0.06 sys=0.00, real=0.03 secs] 
2020-10-27T20:55:11.245+0800: 3.562: [GC (Allocation Failure) 2020-10-27T20:55:11.245+0800: 3.562: [ParNew: 306688K->34048K(306688K), 0.0281011 secs] 1638657K->1429749K(2063104K), 0.0281576 secs] [Times: user=0.13 sys=0.00, real=0.03 secs] 
2020-10-27T20:55:11.365+0800: 3.683: [GC (Allocation Failure) 2020-10-27T20:55:11.366+0800: 3.683: [ParNew: 306688K->34048K(306688K), 0.0287547 secs] 1702389K->1495565K(2063104K), 0.0288148 secs] [Times: user=0.11 sys=0.00, real=0.03 secs] 
2020-10-27T20:55:11.459+0800: 3.777: [GC (Allocation Failure) 2020-10-27T20:55:11.459+0800: 3.777: [ParNew: 306688K->34048K(306688K), 0.0301564 secs] 1768205K->1567455K(2063104K), 0.0302125 secs] [Times: user=0.11 sys=0.02, real=0.03 secs] 
2020-10-27T20:55:11.489+0800: 3.807: [GC (CMS Initial Mark) [1 CMS-initial-mark: 1533407K(1756416K)] 1573526K(2063104K), 0.0002749 secs] [Times: user=0.00 sys=0.00, real=0.00 secs] 
2020-10-27T20:55:11.490+0800: 3.807: [CMS-concurrent-mark-start]
2020-10-27T20:55:11.495+0800: 3.813: [CMS-concurrent-mark: 0.005/0.005 secs] [Times: user=0.00 sys=0.00, real=0.00 secs] 
2020-10-27T20:55:11.495+0800: 3.813: [CMS-concurrent-preclean-start]
2020-10-27T20:55:11.497+0800: 3.814: [CMS-concurrent-preclean: 0.001/0.001 secs] [Times: user=0.02 sys=0.00, real=0.00 secs] 
2020-10-27T20:55:11.497+0800: 3.814: [CMS-concurrent-abortable-preclean-start]
2020-10-27T20:55:11.564+0800: 3.881: [GC (Allocation Failure) 2020-10-27T20:55:11.564+0800: 3.881: [ParNew: 306688K->34048K(306688K), 0.0269515 secs] 1840095K->1628804K(2063104K), 0.0270066 secs] [Times: user=0.09 sys=0.02, real=0.03 secs] 
2020-10-27T20:55:11.668+0800: 3.985: [GC (Allocation Failure) 2020-10-27T20:55:11.668+0800: 3.985: [ParNew2020-10-27T20:55:11.695+0800: 4.012: [CMS-concurrent-abortable-preclean: 0.005/0.197 secs] [Times: user=0.19 sys=0.02, real=0.20 secs] 
: 306688K->34048K(306688K), 0.0303954 secs] 1901444K->1698875K(2063104K), 0.0304492 secs] [Times: user=0.06 sys=0.00, real=0.03 secs] 
2020-10-27T20:55:11.699+0800: 4.016: [GC (CMS Final Remark) [YG occupancy: 40469 K (306688 K)]2020-10-27T20:55:11.699+0800: 4.016: [Rescan (parallel) , 0.0007380 secs]2020-10-27T20:55:11.700+0800: 4.017: [weak refs processing, 0.0000099 secs]2020-10-27T20:55:11.700+0800: 4.017: [class unloading, 0.0001700 secs]2020-10-27T20:55:11.700+0800: 4.017: [scrub symbol table, 0.0002664 secs]2020-10-27T20:55:11.700+0800: 4.017: [scrub string table, 0.0000816 secs][1 CMS-remark: 1664827K(1756416K)] 1705297K(2063104K), 0.0013254 secs] [Times: user=0.06 sys=0.00, real=0.00 secs] 
2020-10-27T20:55:11.700+0800: 4.017: [CMS-concurrent-sweep-start]
2020-10-27T20:55:11.702+0800: 4.020: [CMS-concurrent-sweep: 0.002/0.002 secs] [Times: user=0.00 sys=0.00, real=0.00 secs] 
2020-10-27T20:55:11.702+0800: 4.020: [CMS-concurrent-reset-start]
2020-10-27T20:55:11.704+0800: 4.021: [CMS-concurrent-reset: 0.001/0.001 secs] [Times: user=0.00 sys=0.00, real=0.00 secs] 
2020-10-27T20:55:11.778+0800: 4.095: [GC (Allocation Failure) 2020-10-27T20:55:11.778+0800: 4.095: [ParNew: 306615K->34048K(306688K), 0.0140332 secs] 596147K->394971K(2063104K), 0.0140906 secs] [Times: user=0.00 sys=0.00, real=0.01 secs] 
2020-10-27T20:55:11.867+0800: 4.184: [GC (Allocation Failure) 2020-10-27T20:55:11.867+0800: 4.184: [ParNew: 306688K->34048K(306688K), 0.0129570 secs] 667611K->456529K(2063104K), 0.0130162 secs] [Times: user=0.03 sys=0.00, real=0.01 secs] 
2020-10-27T20:55:11.950+0800: 4.267: [GC (Allocation Failure) 2020-10-27T20:55:11.950+0800: 4.267: [ParNew: 306688K->34048K(306688K), 0.0132379 secs] 729169K->525438K(2063104K), 0.0132880 secs] [Times: user=0.00 sys=0.00, real=0.01 secs] 
2020-10-27T20:55:12.050+0800: 4.367: [GC (Allocation Failure) 2020-10-27T20:55:12.050+0800: 4.367: [ParNew: 306688K->34048K(306688K), 0.0137496 secs] 798078K->590004K(2063104K), 0.0138114 secs] [Times: user=0.05 sys=0.00, real=0.01 secs] 
2020-10-27T20:55:12.129+0800: 4.446: [GC (Allocation Failure) 2020-10-27T20:55:12.129+0800: 4.446: [ParNew: 306688K->34048K(306688K), 0.0132106 secs] 862644K->651610K(2063104K), 0.0132665 secs] [Times: user=0.05 sys=0.00, real=0.01 secs] 
2020-10-27T20:55:12.222+0800: 4.540: [GC (Allocation Failure) 2020-10-27T20:55:12.222+0800: 4.540: [ParNew: 306688K->34048K(306688K), 0.0134397 secs] 924250K->717573K(2063104K), 0.0135014 secs] [Times: user=0.05 sys=0.00, real=0.01 secs] 
2020-10-27T20:55:12.312+0800: 4.630: [GC (Allocation Failure) 2020-10-27T20:55:12.312+0800: 4.630: [ParNew: 306688K->34048K(306688K), 0.0142978 secs] 990213K->794627K(2063104K), 0.0143515 secs] [Times: user=0.05 sys=0.00, real=0.01 secs] 
2020-10-27T20:55:12.400+0800: 4.717: [GC (Allocation Failure) 2020-10-27T20:55:12.400+0800: 4.717: [ParNew: 306688K->34048K(306688K), 0.0144749 secs] 1067267K->868405K(2063104K), 0.0145342 secs] [Times: user=0.06 sys=0.00, real=0.01 secs] 
2020-10-27T20:55:12.500+0800: 4.817: [GC (Allocation Failure) 2020-10-27T20:55:12.500+0800: 4.817: [ParNew: 306688K->34048K(306688K), 0.0141312 secs] 1141045K->947225K(2063104K), 0.0141806 secs] [Times: user=0.05 sys=0.00, real=0.01 secs] 
2020-10-27T20:55:12.569+0800: 4.887: [GC (Allocation Failure) 2020-10-27T20:55:12.569+0800: 4.887: [ParNew: 306688K->34048K(306688K), 0.0136169 secs] 1219865K->1013503K(2063104K), 0.0136677 secs] [Times: user=0.05 sys=0.00, real=0.01 secs] 
2020-10-27T20:55:12.676+0800: 4.994: [GC (Allocation Failure) 2020-10-27T20:55:12.676+0800: 4.994: [ParNew: 306688K->34048K(306688K), 0.0142904 secs] 1286143K->1084755K(2063104K), 0.0143387 secs] [Times: user=0.05 sys=0.00, real=0.01 secs] 
2020-10-27T20:55:12.772+0800: 5.089: [GC (Allocation Failure) 2020-10-27T20:55:12.772+0800: 5.089: [ParNew: 306688K->34048K(306688K), 0.0126841 secs] 1357395K->1146812K(2063104K), 0.0127333 secs] [Times: user=0.05 sys=0.00, real=0.01 secs] 
2020-10-27T20:55:12.870+0800: 5.187: [GC (Allocation Failure) 2020-10-27T20:55:12.870+0800: 5.187: [ParNew: 306685K->34048K(306688K), 0.0135970 secs] 1419450K->1218848K(2063104K), 0.0136432 secs] [Times: user=0.06 sys=0.00, real=0.01 secs] 
2020-10-27T20:55:12.959+0800: 5.277: [GC (Allocation Failure) 2020-10-27T20:55:12.959+0800: 5.277: [ParNew: 306688K->34048K(306688K), 0.0129757 secs] 1491488K->1283755K(2063104K), 0.0130320 secs] [Times: user=0.05 sys=0.00, real=0.01 secs] 
2020-10-27T20:55:13.045+0800: 5.362: [GC (Allocation Failure) 2020-10-27T20:55:13.045+0800: 5.362: [ParNew: 306688K->34048K(306688K), 0.0138025 secs] 1556395K->1349774K(2063104K), 0.0138650 secs] [Times: user=0.03 sys=0.02, real=0.01 secs] 
2020-10-27T20:55:13.154+0800: 5.472: [GC (Allocation Failure) 2020-10-27T20:55:13.154+0800: 5.472: [ParNew: 306688K->34048K(306688K), 0.0125835 secs] 1622414K->1412543K(2063104K), 0.0126431 secs] [Times: user=0.00 sys=0.00, real=0.01 secs] 
2020-10-27T20:55:13.250+0800: 5.567: [GC (Allocation Failure) 2020-10-27T20:55:13.250+0800: 5.567: [ParNew: 306688K->34048K(306688K), 0.0130859 secs] 1685183K->1480221K(2063104K), 0.0131449 secs] [Times: user=0.06 sys=0.00, real=0.01 secs] 
2020-10-27T20:55:13.338+0800: 5.656: [GC (Allocation Failure) 2020-10-27T20:55:13.338+0800: 5.656: [ParNew: 306424K->34048K(306688K), 0.0135715 secs] 1752597K->1547833K(2063104K), 0.0136256 secs] [Times: user=0.06 sys=0.00, real=0.01 secs] 
2020-10-27T20:55:13.352+0800: 5.669: [GC (CMS Initial Mark) [1 CMS-initial-mark: 1513785K(1756416K)] 1548576K(2063104K), 0.0001070 secs] [Times: user=0.00 sys=0.00, real=0.00 secs] 
2020-10-27T20:55:13.352+0800: 5.670: [CMS-concurrent-mark-start]
2020-10-27T20:55:13.358+0800: 5.676: [CMS-concurrent-mark: 0.006/0.006 secs] [Times: user=0.03 sys=0.00, real=0.01 secs] 
2020-10-27T20:55:13.358+0800: 5.676: [CMS-concurrent-preclean-start]
2020-10-27T20:55:13.360+0800: 5.677: [CMS-concurrent-preclean: 0.001/0.001 secs] [Times: user=0.00 sys=0.00, real=0.00 secs] 
2020-10-27T20:55:13.360+0800: 5.677: [CMS-concurrent-abortable-preclean-start]
2020-10-27T20:55:13.432+0800: 5.749: [GC (Allocation Failure) 2020-10-27T20:55:13.432+0800: 5.749: [ParNew: 306688K->34048K(306688K), 0.0131909 secs] 1820473K->1612970K(2063104K), 0.0132488 secs] [Times: user=0.06 sys=0.00, real=0.01 secs] 
2020-10-27T20:55:13.535+0800: 5.852: [GC (Allocation Failure) 2020-10-27T20:55:13.535+0800: 5.852: [ParNew: 306688K->34048K(306688K), 0.0131615 secs] 1885610K->1678365K(2063104K), 0.0132349 secs] [Times: user=0.06 sys=0.00, real=0.01 secs] 
2020-10-27T20:55:13.646+0800: 5.963: [GC (Allocation Failure) 2020-10-27T20:55:13.646+0800: 5.963: [ParNew2020-10-27T20:55:13.652+0800: 5.969: [CMS-concurrent-abortable-preclean: 0.008/0.292 secs] [Times: user=0.22 sys=0.00, real=0.29 secs] 
: 306688K->34048K(306688K), 0.0277036 secs] 1951005K->1750395K(2063104K), 0.0277670 secs] [Times: user=0.08 sys=0.01, real=0.03 secs] 
2020-10-27T20:55:13.673+0800: 5.991: [GC (CMS Final Remark) [YG occupancy: 34336 K (306688 K)]2020-10-27T20:55:13.673+0800: 5.991: [Rescan (parallel) , 0.0007988 secs]2020-10-27T20:55:13.674+0800: 5.992: [weak refs processing, 0.0000122 secs]2020-10-27T20:55:13.674+0800: 5.992: [class unloading, 0.0002021 secs]2020-10-27T20:55:13.674+0800: 5.992: [scrub symbol table, 0.0002973 secs]2020-10-27T20:55:13.674+0800: 5.992: [scrub string table, 0.0000913 secs][1 CMS-remark: 1716347K(1756416K)] 1750683K(2063104K), 0.0014742 secs] [Times: user=0.00 sys=0.00, real=0.00 secs] 
2020-10-27T20:55:13.675+0800: 5.992: [CMS-concurrent-sweep-start]
2020-10-27T20:55:13.677+0800: 5.995: [CMS-concurrent-sweep: 0.002/0.002 secs] [Times: user=0.00 sys=0.00, real=0.00 secs] 
2020-10-27T20:55:13.677+0800: 5.995: [CMS-concurrent-reset-start]
2020-10-27T20:55:13.678+0800: 5.996: [CMS-concurrent-reset: 0.001/0.001 secs] [Times: user=0.00 sys=0.00, real=0.00 secs] 
2020-10-27T20:55:13.752+0800: 6.069: [GC (Allocation Failure) 2020-10-27T20:55:13.752+0800: 6.069: [ParNew: 306688K->34048K(306688K), 0.0133253 secs] 666920K->463652K(2063104K), 0.0133897 secs] [Times: user=0.06 sys=0.00, real=0.01 secs] 
2020-10-27T20:55:13.841+0800: 6.159: [GC (Allocation Failure) 2020-10-27T20:55:13.841+0800: 6.159: [ParNew: 306688K->34048K(306688K), 0.0138069 secs] 736292K->539700K(2063104K), 0.0138636 secs] [Times: user=0.00 sys=0.00, real=0.01 secs] 
2020-10-27T20:55:13.941+0800: 6.258: [GC (Allocation Failure) 2020-10-27T20:55:13.941+0800: 6.258: [ParNew: 306688K->34048K(306688K), 0.0126091 secs] 812340K->602011K(2063104K), 0.0126664 secs] [Times: user=0.06 sys=0.00, real=0.01 secs] 
2020-10-27T20:55:14.026+0800: 6.344: [GC (Allocation Failure) 2020-10-27T20:55:14.026+0800: 6.344: [ParNew: 306688K->34048K(306688K), 0.0145807 secs] 874651K->680123K(2063104K), 0.0146338 secs] [Times: user=0.06 sys=0.00, real=0.01 secs] 
2020-10-27T20:55:14.109+0800: 6.427: [GC (Allocation Failure) 2020-10-27T20:55:14.109+0800: 6.427: [ParNew: 306688K->34048K(306688K), 0.0126889 secs] 952763K->744632K(2063104K), 0.0127482 secs] [Times: user=0.06 sys=0.00, real=0.01 secs] 
2020-10-27T20:55:14.218+0800: 6.535: [GC (Allocation Failure) 2020-10-27T20:55:14.218+0800: 6.535: [ParNew: 306688K->34048K(306688K), 0.0126164 secs] 1017272K->805502K(2063104K), 0.0126776 secs] [Times: user=0.02 sys=0.00, real=0.01 secs] 
2020-10-27T20:55:14.295+0800: 6.612: [GC (Allocation Failure) 2020-10-27T20:55:14.295+0800: 6.612: [ParNew: 306688K->34048K(306688K), 0.0136374 secs] 1078142K->871812K(2063104K), 0.0136881 secs] [Times: user=0.01 sys=0.00, real=0.01 secs] 
2020-10-27T20:55:14.397+0800: 6.714: [GC (Allocation Failure) 2020-10-27T20:55:14.397+0800: 6.714: [ParNew: 306688K->34048K(306688K), 0.0131126 secs] 1144452K->940659K(2063104K), 0.0131702 secs] [Times: user=0.06 sys=0.00, real=0.01 secs] 
2020-10-27T20:55:14.483+0800: 6.801: [GC (Allocation Failure) 2020-10-27T20:55:14.483+0800: 6.801: [ParNew: 306688K->34048K(306688K), 0.0134449 secs] 1213299K->1010020K(2063104K), 0.0135005 secs] [Times: user=0.05 sys=0.00, real=0.01 secs] 
2020-10-27T20:55:14.576+0800: 6.893: [GC (Allocation Failure) 2020-10-27T20:55:14.576+0800: 6.893: [ParNew: 306688K->34048K(306688K), 0.0131459 secs] 1282660K->1074073K(2063104K), 0.0132035 secs] [Times: user=0.00 sys=0.00, real=0.01 secs] 
2020-10-27T20:55:14.651+0800: 6.968: [GC (Allocation Failure) 2020-10-27T20:55:14.651+0800: 6.968: [ParNew: 306688K->34048K(306688K), 0.0143456 secs] 1346713K->1144914K(2063104K), 0.0143932 secs] [Times: user=0.06 sys=0.00, real=0.01 secs] 
2020-10-27T20:55:14.749+0800: 7.066: [GC (Allocation Failure) 2020-10-27T20:55:14.749+0800: 7.066: [ParNew: 306688K->34048K(306688K), 0.0132510 secs] 1417554K->1214750K(2063104K), 0.0133037 secs] [Times: user=0.06 sys=0.00, real=0.01 secs] 
2020-10-27T20:55:14.864+0800: 7.182: [GC (Allocation Failure) 2020-10-27T20:55:14.864+0800: 7.182: [ParNew: 306688K->34048K(306688K), 0.0139549 secs] 1487390K->1286310K(2063104K), 0.0140210 secs] [Times: user=0.06 sys=0.00, real=0.01 secs] 
2020-10-27T20:55:14.964+0800: 7.281: [GC (Allocation Failure) 2020-10-27T20:55:14.964+0800: 7.281: [ParNew: 306688K->34048K(306688K), 0.0136402 secs] 1558950K->1350544K(2063104K), 0.0137048 secs] [Times: user=0.06 sys=0.00, real=0.01 secs] 
2020-10-27T20:55:15.098+0800: 7.415: [GC (Allocation Failure) 2020-10-27T20:55:15.098+0800: 7.415: [ParNew: 306688K->34048K(306688K), 0.0147585 secs] 1623184K->1426060K(2063104K), 0.0148201 secs] [Times: user=0.05 sys=0.00, real=0.01 secs] 
2020-10-27T20:55:15.190+0800: 7.508: [GC (Allocation Failure) 2020-10-27T20:55:15.190+0800: 7.508: [ParNew: 306688K->34048K(306688K), 0.0219485 secs] 1698700K->1490961K(2063104K), 0.0220077 secs] [Times: user=0.05 sys=0.00, real=0.02 secs] 
2020-10-27T20:55:15.213+0800: 7.530: [GC (CMS Initial Mark) [1 CMS-initial-mark: 1456913K(1756416K)] 1496796K(2063104K), 0.0001162 secs] [Times: user=0.00 sys=0.00, real=0.00 secs] 
2020-10-27T20:55:15.213+0800: 7.530: [CMS-concurrent-mark-start]
2020-10-27T20:55:15.218+0800: 7.536: [CMS-concurrent-mark: 0.006/0.006 secs] [Times: user=0.01 sys=0.00, real=0.00 secs] 
2020-10-27T20:55:15.218+0800: 7.536: [CMS-concurrent-preclean-start]
2020-10-27T20:55:15.220+0800: 7.538: [CMS-concurrent-preclean: 0.001/0.001 secs] [Times: user=0.00 sys=0.00, real=0.00 secs] 
2020-10-27T20:55:15.220+0800: 7.538: [CMS-concurrent-abortable-preclean-start]
2020-10-27T20:55:15.298+0800: 7.616: [GC (Allocation Failure) 2020-10-27T20:55:15.298+0800: 7.616: [ParNew: 306688K->34048K(306688K), 0.0138672 secs] 1763601K->1556770K(2063104K), 0.0139238 secs] [Times: user=0.05 sys=0.00, real=0.01 secs] 
2020-10-27T20:55:15.394+0800: 7.712: [GC (Allocation Failure) 2020-10-27T20:55:15.394+0800: 7.712: [ParNew: 306688K->34048K(306688K), 0.0130175 secs] 1829410K->1622465K(2063104K), 0.0130734 secs] [Times: user=0.06 sys=0.00, real=0.01 secs] 
2020-10-27T20:55:15.480+0800: 7.797: [GC (Allocation Failure) 2020-10-27T20:55:15.480+0800: 7.797: [ParNew: 306688K->34048K(306688K), 0.0123085 secs] 1895105K->1682498K(2063104K), 0.0123674 secs] [Times: user=0.06 sys=0.00, real=0.01 secs] 
2020-10-27T20:55:15.553+0800: 7.871: [GC (Allocation Failure) 2020-10-27T20:55:15.553+0800: 7.871: [ParNew: 306688K->34048K(306688K), 0.0132992 secs] 1955138K->1750272K(2063104K), 0.0133551 secs] [Times: user=0.06 sys=0.00, real=0.01 secs] 
2020-10-27T20:55:15.568+0800: 7.886: [CMS-concurrent-abortable-preclean: 0.013/0.348 secs] [Times: user=0.31 sys=0.00, real=0.35 secs] 
2020-10-27T20:55:15.568+0800: 7.886: [GC (CMS Final Remark) [YG occupancy: 45530 K (306688 K)]2020-10-27T20:55:15.568+0800: 7.886: [Rescan (parallel) , 0.0008010 secs]2020-10-27T20:55:15.569+0800: 7.887: [weak refs processing, 0.0000106 secs]2020-10-27T20:55:15.569+0800: 7.887: [class unloading, 0.0001746 secs]2020-10-27T20:55:15.569+0800: 7.887: [scrub symbol table, 0.0003032 secs]2020-10-27T20:55:15.570+0800: 7.887: [scrub string table, 0.0000834 secs][1 CMS-remark: 1716224K(1756416K)] 1761755K(2063104K), 0.0014307 secs] [Times: user=0.00 sys=0.00, real=0.00 secs] 
2020-10-27T20:55:15.570+0800: 7.888: [CMS-concurrent-sweep-start]
2020-10-27T20:55:15.572+0800: 7.890: [CMS-concurrent-sweep: 0.002/0.002 secs] [Times: user=0.00 sys=0.00, real=0.00 secs] 
2020-10-27T20:55:15.572+0800: 7.890: [CMS-concurrent-reset-start]
2020-10-27T20:55:15.573+0800: 7.891: [CMS-concurrent-reset: 0.001/0.001 secs] [Times: user=0.00 sys=0.00, real=0.00 secs] 
2020-10-27T20:55:15.631+0800: 7.949: [GC (Allocation Failure) 2020-10-27T20:55:15.631+0800: 7.949: [ParNew: 306688K->34048K(306688K), 0.0128031 secs] 718292K->511287K(2063104K), 0.0128595 secs] [Times: user=0.06 sys=0.00, real=0.01 secs] 
2020-10-27T20:55:15.724+0800: 8.042: [GC (Allocation Failure) 2020-10-27T20:55:15.724+0800: 8.042: [ParNew: 306688K->34048K(306688K), 0.0131508 secs] 783927K->576698K(2063104K), 0.0132068 secs] [Times: user=0.06 sys=0.00, real=0.01 secs] 
2020-10-27T20:55:15.799+0800: 8.116: [GC (Allocation Failure) 2020-10-27T20:55:15.799+0800: 8.116: [ParNew: 306688K->34048K(306688K), 0.0133448 secs] 849338K->643616K(2063104K), 0.0133956 secs] [Times: user=0.05 sys=0.00, real=0.01 secs] 
2020-10-27T20:55:15.898+0800: 8.215: [GC (Allocation Failure) 2020-10-27T20:55:15.898+0800: 8.215: [ParNew: 306688K->34048K(306688K), 0.0140925 secs] 916256K->718224K(2063104K), 0.0141476 secs] [Times: user=0.06 sys=0.00, real=0.01 secs] 
2020-10-27T20:55:15.991+0800: 8.309: [GC (Allocation Failure) 2020-10-27T20:55:15.991+0800: 8.309: [ParNew: 306688K->34048K(306688K), 0.0131014 secs] 990864K->782910K(2063104K), 0.0131604 secs] [Times: user=0.06 sys=0.00, real=0.01 secs] 
2020-10-27T20:55:16.079+0800: 8.397: [GC (Allocation Failure) 2020-10-27T20:55:16.079+0800: 8.397: [ParNew: 306688K->34048K(306688K), 0.0129388 secs] 1055550K->846322K(2063104K), 0.0129993 secs] [Times: user=0.06 sys=0.00, real=0.01 secs] 
2020-10-27T20:55:16.164+0800: 8.482: [GC (Allocation Failure) 2020-10-27T20:55:16.164+0800: 8.482: [ParNew: 306688K->34048K(306688K), 0.0123752 secs] 1118962K->905825K(2063104K), 0.0124409 secs] [Times: user=0.05 sys=0.00, real=0.01 secs] 
2020-10-27T20:55:16.246+0800: 8.563: [GC (Allocation Failure) 2020-10-27T20:55:16.246+0800: 8.563: [ParNew: 306688K->34048K(306688K), 0.0134314 secs] 1178465K->971156K(2063104K), 0.0134922 secs] [Times: user=0.06 sys=0.00, real=0.01 secs] 
2020-10-27T20:55:16.354+0800: 8.672: [GC (Allocation Failure) 2020-10-27T20:55:16.354+0800: 8.672: [ParNew: 306688K->34048K(306688K), 0.0141474 secs] 1243796K->1047268K(2063104K), 0.0142202 secs] [Times: user=0.06 sys=0.00, real=0.01 secs] 
2020-10-27T20:55:16.428+0800: 8.746: [GC (Allocation Failure) 2020-10-27T20:55:16.428+0800: 8.746: [ParNew: 306328K->34048K(306688K), 0.0134016 secs] 1319548K->1118191K(2063104K), 0.0134640 secs] [Times: user=0.06 sys=0.00, real=0.01 secs] 
2020-10-27T20:55:16.512+0800: 8.829: [GC (Allocation Failure) 2020-10-27T20:55:16.512+0800: 8.829: [ParNew: 306688K->34048K(306688K), 0.0128332 secs] 1390831K->1185300K(2063104K), 0.0128926 secs] [Times: user=0.00 sys=0.00, real=0.01 secs] 
2020-10-27T20:55:16.617+0800: 8.934: [GC (Allocation Failure) 2020-10-27T20:55:16.617+0800: 8.934: [ParNew: 306688K->34048K(306688K), 0.0145189 secs] 1457940K->1254019K(2063104K), 0.0145799 secs] [Times: user=0.03 sys=0.00, real=0.01 secs] 
2020-10-27T20:55:16.697+0800: 9.015: [GC (Allocation Failure) 2020-10-27T20:55:16.697+0800: 9.015: [ParNew: 306476K->34048K(306688K), 0.0131271 secs] 1526448K->1315151K(2063104K), 0.0131843 secs] [Times: user=0.06 sys=0.00, real=0.01 secs] 
2020-10-27T20:55:16.796+0800: 9.114: [GC (Allocation Failure) 2020-10-27T20:55:16.796+0800: 9.114: [ParNew: 306688K->34048K(306688K), 0.0150324 secs] 1587791K->1389524K(2063104K), 0.0151004 secs] [Times: user=0.01 sys=0.00, real=0.02 secs] 
2020-10-27T20:55:16.812+0800: 9.129: [GC (CMS Initial Mark) [1 CMS-initial-mark: 1355476K(1756416K)] 1389948K(2063104K), 0.0001206 secs] [Times: user=0.00 sys=0.00, real=0.00 secs] 
2020-10-27T20:55:16.812+0800: 9.130: [CMS-concurrent-mark-start]
2020-10-27T20:55:16.821+0800: 9.139: [CMS-concurrent-mark: 0.009/0.009 secs] [Times: user=0.00 sys=0.00, real=0.01 secs] 
2020-10-27T20:55:16.821+0800: 9.139: [CMS-concurrent-preclean-start]
2020-10-27T20:55:16.823+0800: 9.140: [CMS-concurrent-preclean: 0.002/0.002 secs] [Times: user=0.00 sys=0.00, real=0.00 secs] 
2020-10-27T20:55:16.823+0800: 9.140: [CMS-concurrent-abortable-preclean-start]
2020-10-27T20:55:16.911+0800: 9.228: [GC (Allocation Failure) 2020-10-27T20:55:16.911+0800: 9.228: [ParNew2020-10-27T20:55:16.925+0800: 9.242: [CMS-concurrent-abortable-preclean: 0.002/0.102 secs] [Times: user=0.08 sys=0.00, real=0.10 secs] 
: 306688K->34048K(306688K), 0.0174798 secs] 1662164K->1452850K(2063104K), 0.0175468 secs] [Times: user=0.03 sys=0.00, real=0.02 secs] 
2020-10-27T20:55:16.928+0800: 9.246: [GC (CMS Final Remark) [YG occupancy: 39521 K (306688 K)]2020-10-27T20:55:16.928+0800: 9.246: [Rescan (parallel) , 0.0013346 secs]2020-10-27T20:55:16.930+0800: 9.247: [weak refs processing, 0.0000232 secs]2020-10-27T20:55:16.930+0800: 9.247: [class unloading, 0.0006295 secs]2020-10-27T20:55:16.931+0800: 9.248: [scrub symbol table, 0.0004921 secs]2020-10-27T20:55:16.931+0800: 9.248: [scrub string table, 0.0001043 secs][1 CMS-remark: 1418802K(1756416K)] 1458324K(2063104K), 0.0027266 secs] [Times: user=0.00 sys=0.00, real=0.00 secs] 
2020-10-27T20:55:16.931+0800: 9.248: [CMS-concurrent-sweep-start]
2020-10-27T20:55:16.935+0800: 9.252: [CMS-concurrent-sweep: 0.004/0.004 secs] [Times: user=0.03 sys=0.00, real=0.00 secs] 
2020-10-27T20:55:16.935+0800: 9.252: [CMS-concurrent-reset-start]
2020-10-27T20:55:16.936+0800: 9.253: [CMS-concurrent-reset: 0.001/0.001 secs] [Times: user=0.00 sys=0.00, real=0.00 secs] 
2020-10-27T20:55:17.015+0800: 9.333: [GC (Allocation Failure) 2020-10-27T20:55:17.015+0800: 9.333: [ParNew: 306688K->34048K(306688K), 0.0133346 secs] 540137K->336140K(2063104K), 0.0134222 secs] [Times: user=0.05 sys=0.00, real=0.01 secs] 
2020-10-27T20:55:17.115+0800: 9.432: [GC (Allocation Failure) 2020-10-27T20:55:17.115+0800: 9.432: [ParNew: 306688K->34048K(306688K), 0.0132891 secs] 608780K->399689K(2063104K), 0.0133525 secs] [Times: user=0.06 sys=0.00, real=0.01 secs] 
2020-10-27T20:55:17.185+0800: 9.503: [GC (Allocation Failure) 2020-10-27T20:55:17.185+0800: 9.503: [ParNew: 306688K->34048K(306688K), 0.0141625 secs] 672329K->472528K(2063104K), 0.0142271 secs] [Times: user=0.06 sys=0.00, real=0.02 secs] 
2020-10-27T20:55:17.291+0800: 9.608: [GC (Allocation Failure) 2020-10-27T20:55:17.291+0800: 9.608: [ParNew: 306688K->34048K(306688K), 0.0174775 secs] 745168K->537965K(2063104K), 0.0175443 secs] [Times: user=0.06 sys=0.00, real=0.02 secs] 
2020-10-27T20:55:17.391+0800: 9.709: [GC (Allocation Failure) 2020-10-27T20:55:17.391+0800: 9.709: [ParNew: 306688K->34048K(306688K), 0.0132482 secs] 810605K->602242K(2063104K), 0.0133136 secs] [Times: user=0.06 sys=0.00, real=0.01 secs] 
2020-10-27T20:55:17.489+0800: 9.807: [GC (Allocation Failure) 2020-10-27T20:55:17.489+0800: 9.807: [ParNew: 306688K->34048K(306688K), 0.0146056 secs] 874882K->675145K(2063104K), 0.0147153 secs] [Times: user=0.06 sys=0.00, real=0.01 secs] 
2020-10-27T20:55:17.573+0800: 9.891: [GC (Allocation Failure) 2020-10-27T20:55:17.573+0800: 9.891: [ParNew: 306533K->34048K(306688K), 0.0138417 secs] 947630K->738138K(2063104K), 0.0139045 secs] [Times: user=0.01 sys=0.02, real=0.01 secs] 
2020-10-27T20:55:17.657+0800: 9.974: [GC (Allocation Failure) 2020-10-27T20:55:17.657+0800: 9.974: [ParNew: 306688K->34048K(306688K), 0.0148347 secs] 1010778K->814310K(2063104K), 0.0148947 secs] [Times: user=0.06 sys=0.00, real=0.01 secs] 
2020-10-27T20:55:17.735+0800: 10.052: [GC (Allocation Failure) 2020-10-27T20:55:17.735+0800: 10.052: [ParNew: 306688K->34048K(306688K), 0.0134740 secs] 1086950K->874946K(2063104K), 0.0135333 secs] [Times: user=0.06 sys=0.00, real=0.01 secs] 
Heap
 par new generation   total 306688K, used 238800K [0x0000000080000000, 0x0000000094cc0000, 0x0000000094cc0000)
  eden space 272640K,  75% used [0x0000000080000000, 0x000000008c7f4318, 0x0000000090a40000)
  from space 34048K, 100% used [0x0000000092b80000, 0x0000000094cc0000, 0x0000000094cc0000)
  to   space 34048K,   0% used [0x0000000090a40000, 0x0000000090a40000, 0x0000000092b80000)
 concurrent mark-sweep generation total 1756416K, used 840898K [0x0000000094cc0000, 0x0000000100000000, 0x0000000100000000)
 Metaspace       used 2714K, capacity 4490K, committed 4864K, reserved 1056768K
  class space    used 291K, capacity 386K, committed 512K, reserved 1048576K
