Java HotSpot(TM) 64-Bit Server VM (25.211-b12) for windows-amd64 JRE (1.8.0_211-b12), built on Apr  1 2019 20:53:26 by "java_re" with MS VC++ 10.0 (VS2010)
Memory: 4k page, physical 16640612k(9344312k free), swap 16640612k(7548824k free)
CommandLine flags: -XX:InitialHeapSize=1073741824 -XX:MaxHeapSize=1073741824 -XX:MaxNewSize=348966912 -XX:MaxTenuringThreshold=6 -XX:NewSize=348966912 -XX:OldPLABSize=16 -XX:OldSize=697933824 -XX:+PrintGC -XX:+PrintGCDateStamps -XX:+PrintGCDetails -XX:+PrintGCTimeStamps -XX:+UseCompressedClassPointers -XX:+UseCompressedOops -XX:+UseConcMarkSweepGC -XX:-UseLargePagesIndividualAllocation -XX:+UseParNewGC 
2020-10-27T20:54:26.805+0800: 0.322: [GC (Allocation Failure) 2020-10-27T20:54:26.805+0800: 0.322: [ParNew: 272640K->34048K(306688K), 0.0143329 secs] 272640K->73025K(1014528K), 0.0145094 secs] [Times: user=0.00 sys=0.06, real=0.01 secs] 
2020-10-27T20:54:26.911+0800: 0.428: [GC (Allocation Failure) 2020-10-27T20:54:26.911+0800: 0.428: [ParNew: 306688K->34048K(306688K), 0.0178138 secs] 345665K->129567K(1014528K), 0.0178764 secs] [Times: user=0.02 sys=0.05, real=0.02 secs] 
2020-10-27T20:54:27.009+0800: 0.525: [GC (Allocation Failure) 2020-10-27T20:54:27.009+0800: 0.525: [ParNew: 306688K->34048K(306688K), 0.0266724 secs] 402207K->187794K(1014528K), 0.0267315 secs] [Times: user=0.09 sys=0.03, real=0.03 secs] 
2020-10-27T20:54:27.138+0800: 0.655: [GC (Allocation Failure) 2020-10-27T20:54:27.138+0800: 0.655: [ParNew: 306688K->34048K(306688K), 0.0292728 secs] 460434K->253781K(1014528K), 0.0293293 secs] [Times: user=0.06 sys=0.00, real=0.03 secs] 
2020-10-27T20:54:27.260+0800: 0.777: [GC (Allocation Failure) 2020-10-27T20:54:27.260+0800: 0.777: [ParNew: 306688K->34048K(306688K), 0.0308036 secs] 526421K->322219K(1014528K), 0.0308611 secs] [Times: user=0.11 sys=0.02, real=0.03 secs] 
2020-10-27T20:54:27.374+0800: 0.890: [GC (Allocation Failure) 2020-10-27T20:54:27.374+0800: 0.890: [ParNew: 306688K->34048K(306688K), 0.0315283 secs] 594859K->388852K(1014528K), 0.0315835 secs] [Times: user=0.05 sys=0.03, real=0.03 secs] 
2020-10-27T20:54:27.406+0800: 0.922: [GC (CMS Initial Mark) [1 CMS-initial-mark: 354804K(707840K)] 388924K(1014528K), 0.0001129 secs] [Times: user=0.00 sys=0.00, real=0.00 secs] 
2020-10-27T20:54:27.406+0800: 0.922: [CMS-concurrent-mark-start]
2020-10-27T20:54:27.412+0800: 0.928: [CMS-concurrent-mark: 0.006/0.006 secs] [Times: user=0.00 sys=0.00, real=0.01 secs] 
2020-10-27T20:54:27.412+0800: 0.928: [CMS-concurrent-preclean-start]
2020-10-27T20:54:27.412+0800: 0.929: [CMS-concurrent-preclean: 0.001/0.001 secs] [Times: user=0.00 sys=0.00, real=0.00 secs] 
2020-10-27T20:54:27.412+0800: 0.929: [CMS-concurrent-abortable-preclean-start]
2020-10-27T20:54:27.498+0800: 1.015: [GC (Allocation Failure) 2020-10-27T20:54:27.498+0800: 1.015: [ParNew2020-10-27T20:54:27.513+0800: 1.030: [CMS-concurrent-abortable-preclean: 0.001/0.101 secs] [Times: user=0.06 sys=0.02, real=0.10 secs] 
: 306688K->34048K(306688K), 0.0310377 secs] 661492K->461187K(1014528K), 0.0310946 secs] [Times: user=0.11 sys=0.02, real=0.03 secs] 
2020-10-27T20:54:27.529+0800: 1.046: [GC (CMS Final Remark) [YG occupancy: 34692 K (306688 K)]2020-10-27T20:54:27.529+0800: 1.046: [Rescan (parallel) , 0.0004326 secs]2020-10-27T20:54:27.529+0800: 1.046: [weak refs processing, 0.0000090 secs]2020-10-27T20:54:27.529+0800: 1.046: [class unloading, 0.0001693 secs]2020-10-27T20:54:27.529+0800: 1.047: [scrub symbol table, 0.0002728 secs]2020-10-27T20:54:27.530+0800: 1.047: [scrub string table, 0.0000807 secs][1 CMS-remark: 427139K(707840K)] 461831K(1014528K), 0.0010204 secs] [Times: user=0.00 sys=0.00, real=0.00 secs] 
2020-10-27T20:54:27.530+0800: 1.047: [CMS-concurrent-sweep-start]
2020-10-27T20:54:27.531+0800: 1.048: [CMS-concurrent-sweep: 0.001/0.001 secs] [Times: user=0.00 sys=0.00, real=0.00 secs] 
2020-10-27T20:54:27.531+0800: 1.048: [CMS-concurrent-reset-start]
2020-10-27T20:54:27.531+0800: 1.048: [CMS-concurrent-reset: 0.001/0.001 secs] [Times: user=0.00 sys=0.00, real=0.00 secs] 
2020-10-27T20:54:27.593+0800: 1.110: [GC (Allocation Failure) 2020-10-27T20:54:27.593+0800: 1.110: [ParNew: 306553K->34048K(306688K), 0.0120074 secs] 530255K->325659K(1014528K), 0.0121087 secs] [Times: user=0.05 sys=0.00, real=0.01 secs] 
2020-10-27T20:54:27.695+0800: 1.212: [GC (Allocation Failure) 2020-10-27T20:54:27.695+0800: 1.212: [ParNew: 306688K->34048K(306688K), 0.0130040 secs] 598299K->391090K(1014528K), 0.0130705 secs] [Times: user=0.05 sys=0.00, real=0.01 secs] 
2020-10-27T20:54:27.796+0800: 1.312: [GC (Allocation Failure) 2020-10-27T20:54:27.796+0800: 1.312: [ParNew: 306688K->34048K(306688K), 0.0310141 secs] 663730K->464021K(1014528K), 0.0311405 secs] [Times: user=0.09 sys=0.00, real=0.03 secs] 
2020-10-27T20:54:27.887+0800: 1.404: [GC (Allocation Failure) 2020-10-27T20:54:27.887+0800: 1.404: [ParNew: 306688K->34048K(306688K), 0.0258822 secs] 736661K->524724K(1014528K), 0.0259431 secs] [Times: user=0.05 sys=0.02, real=0.03 secs] 
2020-10-27T20:54:27.913+0800: 1.430: [GC (CMS Initial Mark) [1 CMS-initial-mark: 490676K(707840K)] 530885K(1014528K), 0.0001801 secs] [Times: user=0.00 sys=0.00, real=0.00 secs] 
2020-10-27T20:54:27.914+0800: 1.431: [CMS-concurrent-mark-start]
2020-10-27T20:54:27.916+0800: 1.433: [CMS-concurrent-mark: 0.002/0.002 secs] [Times: user=0.00 sys=0.00, real=0.00 secs] 
2020-10-27T20:54:27.916+0800: 1.433: [CMS-concurrent-preclean-start]
2020-10-27T20:54:27.917+0800: 1.434: [CMS-concurrent-preclean: 0.001/0.001 secs] [Times: user=0.00 sys=0.00, real=0.00 secs] 
2020-10-27T20:54:27.917+0800: 1.434: [CMS-concurrent-abortable-preclean-start]
2020-10-27T20:54:27.986+0800: 1.503: [GC (Allocation Failure) 2020-10-27T20:54:27.987+0800: 1.503: [ParNew: 306688K->34048K(306688K), 0.0277908 secs] 797364K->591263K(1014528K), 0.0278600 secs] [Times: user=0.09 sys=0.03, real=0.03 secs] 
2020-10-27T20:54:28.109+0800: 1.625: [GC (Allocation Failure) 2020-10-27T20:54:28.109+0800: 1.625: [ParNew2020-10-27T20:54:28.117+0800: 1.633: [CMS-concurrent-abortable-preclean: 0.002/0.199 secs] [Times: user=0.11 sys=0.03, real=0.20 secs] 
: 306688K->34048K(306688K), 0.0280025 secs] 863903K->659805K(1014528K), 0.0280622 secs] [Times: user=0.09 sys=0.01, real=0.03 secs] 
2020-10-27T20:54:28.137+0800: 1.654: [GC (CMS Final Remark) [YG occupancy: 34238 K (306688 K)]2020-10-27T20:54:28.137+0800: 1.654: [Rescan (parallel) , 0.0003503 secs]2020-10-27T20:54:28.138+0800: 1.654: [weak refs processing, 0.0000100 secs]2020-10-27T20:54:28.138+0800: 1.654: [class unloading, 0.0002137 secs]2020-10-27T20:54:28.138+0800: 1.654: [scrub symbol table, 0.0003003 secs]2020-10-27T20:54:28.138+0800: 1.655: [scrub string table, 0.0000848 secs][1 CMS-remark: 625757K(707840K)] 659996K(1014528K), 0.0010223 secs] [Times: user=0.00 sys=0.00, real=0.00 secs] 
2020-10-27T20:54:28.138+0800: 1.655: [CMS-concurrent-sweep-start]
2020-10-27T20:54:28.139+0800: 1.656: [CMS-concurrent-sweep: 0.001/0.001 secs] [Times: user=0.00 sys=0.00, real=0.00 secs] 
2020-10-27T20:54:28.139+0800: 1.656: [CMS-concurrent-reset-start]
2020-10-27T20:54:28.140+0800: 1.656: [CMS-concurrent-reset: 0.001/0.001 secs] [Times: user=0.00 sys=0.00, real=0.00 secs] 
2020-10-27T20:54:28.213+0800: 1.729: [GC (Allocation Failure) 2020-10-27T20:54:28.213+0800: 1.729: [ParNew: 306688K->34048K(306688K), 0.0115102 secs] 600132K->391685K(1014528K), 0.0115657 secs] [Times: user=0.06 sys=0.00, real=0.01 secs] 
2020-10-27T20:54:28.289+0800: 1.806: [GC (Allocation Failure) 2020-10-27T20:54:28.289+0800: 1.806: [ParNew: 306688K->34048K(306688K), 0.0122093 secs] 664325K->460879K(1014528K), 0.0122664 secs] [Times: user=0.06 sys=0.00, real=0.01 secs] 
2020-10-27T20:54:28.301+0800: 1.818: [GC (CMS Initial Mark) [1 CMS-initial-mark: 426831K(707840K)] 466460K(1014528K), 0.0001401 secs] [Times: user=0.00 sys=0.00, real=0.00 secs] 
2020-10-27T20:54:28.302+0800: 1.819: [CMS-concurrent-mark-start]
2020-10-27T20:54:28.304+0800: 1.821: [CMS-concurrent-mark: 0.003/0.003 secs] [Times: user=0.00 sys=0.00, real=0.00 secs] 
2020-10-27T20:54:28.305+0800: 1.822: [CMS-concurrent-preclean-start]
2020-10-27T20:54:28.305+0800: 1.822: [CMS-concurrent-preclean: 0.001/0.001 secs] [Times: user=0.00 sys=0.00, real=0.00 secs] 
2020-10-27T20:54:28.305+0800: 1.822: [CMS-concurrent-abortable-preclean-start]
2020-10-27T20:54:28.372+0800: 1.889: [GC (Allocation Failure) 2020-10-27T20:54:28.372+0800: 1.889: [ParNew: 306688K->34048K(306688K), 0.0125681 secs] 733519K->531972K(1014528K), 0.0126271 secs] [Times: user=0.00 sys=0.00, real=0.01 secs] 
2020-10-27T20:54:28.457+0800: 1.974: [GC (Allocation Failure) 2020-10-27T20:54:28.457+0800: 1.974: [ParNew: 306688K->34048K(306688K), 0.0115898 secs] 804612K->600370K(1014528K), 0.0116477 secs] [Times: user=0.06 sys=0.00, real=0.01 secs] 
2020-10-27T20:54:28.554+0800: 2.070: [GC (Allocation Failure) 2020-10-27T20:54:28.554+0800: 2.070: [ParNew: 306688K->34048K(306688K), 0.0147568 secs] 873010K->667900K(1014528K), 0.0148269 secs] [Times: user=0.05 sys=0.00, real=0.02 secs] 
2020-10-27T20:54:28.638+0800: 2.155: [GC (Allocation Failure) 2020-10-27T20:54:28.638+0800: 2.155: [ParNew: 306688K->34048K(306688K), 0.0287901 secs] 940540K->737002K(1014528K), 0.0288480 secs] [Times: user=0.05 sys=0.02, real=0.03 secs] 
2020-10-27T20:54:28.667+0800: 2.184: [CMS-concurrent-abortable-preclean: 0.005/0.362 secs] [Times: user=0.22 sys=0.02, real=0.36 secs] 
2020-10-27T20:54:28.667+0800: 2.184: [GC (CMS Final Remark) [YG occupancy: 39756 K (306688 K)]2020-10-27T20:54:28.667+0800: 2.184: [Rescan (parallel) , 0.0004506 secs]2020-10-27T20:54:28.668+0800: 2.185: [weak refs processing, 0.0000094 secs]2020-10-27T20:54:28.668+0800: 2.185: [class unloading, 0.0001642 secs]2020-10-27T20:54:28.668+0800: 2.185: [scrub symbol table, 0.0002668 secs]2020-10-27T20:54:28.668+0800: 2.185: [scrub string table, 0.0000834 secs][1 CMS-remark: 702954K(707840K)] 742710K(1014528K), 0.0010275 secs] [Times: user=0.05 sys=0.00, real=0.00 secs] 
2020-10-27T20:54:28.669+0800: 2.186: [CMS-concurrent-sweep-start]
2020-10-27T20:54:28.669+0800: 2.186: [CMS-concurrent-sweep: 0.001/0.001 secs] [Times: user=0.00 sys=0.00, real=0.00 secs] 
2020-10-27T20:54:28.670+0800: 2.187: [CMS-concurrent-reset-start]
2020-10-27T20:54:28.670+0800: 2.187: [CMS-concurrent-reset: 0.001/0.001 secs] [Times: user=0.00 sys=0.00, real=0.00 secs] 
2020-10-27T20:54:28.757+0800: 2.274: [GC (Allocation Failure) 2020-10-27T20:54:28.757+0800: 2.274: [ParNew: 306688K->34048K(306688K), 0.0119020 secs] 747559K->543038K(1014528K), 0.0119603 secs] [Times: user=0.06 sys=0.00, real=0.01 secs] 
2020-10-27T20:54:28.769+0800: 2.286: [GC (CMS Initial Mark) [1 CMS-initial-mark: 508990K(707840K)] 549069K(1014528K), 0.0002897 secs] [Times: user=0.00 sys=0.00, real=0.00 secs] 
2020-10-27T20:54:28.769+0800: 2.286: [CMS-concurrent-mark-start]
2020-10-27T20:54:28.772+0800: 2.288: [CMS-concurrent-mark: 0.002/0.002 secs] [Times: user=0.00 sys=0.00, real=0.00 secs] 
2020-10-27T20:54:28.772+0800: 2.288: [CMS-concurrent-preclean-start]
2020-10-27T20:54:28.772+0800: 2.289: [CMS-concurrent-preclean: 0.001/0.001 secs] [Times: user=0.00 sys=0.00, real=0.00 secs] 
2020-10-27T20:54:28.772+0800: 2.289: [CMS-concurrent-abortable-preclean-start]
2020-10-27T20:54:28.845+0800: 2.362: [GC (Allocation Failure) 2020-10-27T20:54:28.845+0800: 2.362: [ParNew: 306688K->34048K(306688K), 0.0123768 secs] 815678K->612132K(1014528K), 0.0124324 secs] [Times: user=0.06 sys=0.00, real=0.01 secs] 
2020-10-27T20:54:28.939+0800: 2.455: [GC (Allocation Failure) 2020-10-27T20:54:28.939+0800: 2.455: [ParNew: 306688K->34048K(306688K), 0.0112295 secs] 884772K->676133K(1014528K), 0.0112868 secs] [Times: user=0.06 sys=0.00, real=0.01 secs] 
2020-10-27T20:54:29.043+0800: 2.560: [GC (Allocation Failure) 2020-10-27T20:54:29.043+0800: 2.560: [ParNew: 306688K->306688K(306688K), 0.0000162 secs]2020-10-27T20:54:29.043+0800: 2.560: [CMS2020-10-27T20:54:29.043+0800: 2.560: [CMS-concurrent-abortable-preclean: 0.004/0.271 secs] [Times: user=0.17 sys=0.00, real=0.27 secs] 
 (concurrent mode failure): 642085K->192464K(707840K), 0.0260177 secs] 948773K->192464K(1014528K), [Metaspace: 2700K->2700K(1056768K)], 0.0261064 secs] [Times: user=0.01 sys=0.00, real=0.03 secs] 
2020-10-27T20:54:29.150+0800: 2.667: [GC (Allocation Failure) 2020-10-27T20:54:29.150+0800: 2.667: [ParNew: 272640K->34048K(306688K), 0.0110900 secs] 465104K->281222K(1014528K), 0.0111481 secs] [Times: user=0.03 sys=0.00, real=0.01 secs] 
2020-10-27T20:54:29.236+0800: 2.753: [GC (Allocation Failure) 2020-10-27T20:54:29.236+0800: 2.753: [ParNew: 306688K->34048K(306688K), 0.0115742 secs] 553862K->345532K(1014528K), 0.0116288 secs] [Times: user=0.03 sys=0.00, real=0.01 secs] 
2020-10-27T20:54:29.323+0800: 2.839: [GC (Allocation Failure) 2020-10-27T20:54:29.323+0800: 2.839: [ParNew: 306688K->34048K(306688K), 0.0115253 secs] 618172K->411299K(1014528K), 0.0115828 secs] [Times: user=0.06 sys=0.00, real=0.01 secs] 
2020-10-27T20:54:29.335+0800: 2.851: [GC (CMS Initial Mark) [1 CMS-initial-mark: 377251K(707840K)] 411628K(1014528K), 0.0002036 secs] [Times: user=0.00 sys=0.00, real=0.00 secs] 
2020-10-27T20:54:29.335+0800: 2.851: [CMS-concurrent-mark-start]
2020-10-27T20:54:29.338+0800: 2.854: [CMS-concurrent-mark: 0.002/0.002 secs] [Times: user=0.00 sys=0.00, real=0.00 secs] 
2020-10-27T20:54:29.338+0800: 2.854: [CMS-concurrent-preclean-start]
2020-10-27T20:54:29.338+0800: 2.854: [CMS-concurrent-preclean: 0.001/0.001 secs] [Times: user=0.00 sys=0.00, real=0.00 secs] 
2020-10-27T20:54:29.338+0800: 2.854: [CMS-concurrent-abortable-preclean-start]
2020-10-27T20:54:29.410+0800: 2.927: [GC (Allocation Failure) 2020-10-27T20:54:29.410+0800: 2.927: [ParNew: 306688K->34048K(306688K), 0.0115482 secs] 683939K->476999K(1014528K), 0.0116069 secs] [Times: user=0.06 sys=0.00, real=0.01 secs] 
2020-10-27T20:54:29.472+0800: 2.989: [GC (Allocation Failure) 2020-10-27T20:54:29.472+0800: 2.989: [ParNew: 306688K->34048K(306688K), 0.0129083 secs] 749639K->552035K(1014528K), 0.0129647 secs] [Times: user=0.03 sys=0.00, real=0.01 secs] 
2020-10-27T20:54:29.548+0800: 3.065: [GC (Allocation Failure) 2020-10-27T20:54:29.548+0800: 3.065: [ParNew: 306688K->34048K(306688K), 0.0118021 secs] 824675K->617860K(1014528K), 0.0118691 secs] [Times: user=0.05 sys=0.00, real=0.01 secs] 
2020-10-27T20:54:29.623+0800: 3.140: [GC (Allocation Failure) 2020-10-27T20:54:29.623+0800: 3.140: [ParNew: 306688K->34048K(306688K), 0.0115017 secs] 890500K->680609K(1014528K), 0.0115569 secs] [Times: user=0.00 sys=0.00, real=0.01 secs] 
2020-10-27T20:54:29.696+0800: 3.212: [GC (Allocation Failure) 2020-10-27T20:54:29.696+0800: 3.212: [ParNew: 306688K->306688K(306688K), 0.0000159 secs]2020-10-27T20:54:29.696+0800: 3.212: [CMS2020-10-27T20:54:29.696+0800: 3.212: [CMS-concurrent-abortable-preclean: 0.007/0.357 secs] [Times: user=0.23 sys=0.00, real=0.36 secs] 
 (concurrent mode failure): 646561K->183630K(707840K), 0.0244677 secs] 953249K->183630K(1014528K), [Metaspace: 2700K->2700K(1056768K)], 0.0245529 secs] [Times: user=0.03 sys=0.00, real=0.02 secs] 
2020-10-27T20:54:29.808+0800: 3.324: [GC (Allocation Failure) 2020-10-27T20:54:29.808+0800: 3.325: [ParNew: 272640K->34048K(306688K), 0.0100040 secs] 456270K->264586K(1014528K), 0.0100640 secs] [Times: user=0.00 sys=0.00, real=0.01 secs] 
2020-10-27T20:54:29.883+0800: 3.399: [GC (Allocation Failure) 2020-10-27T20:54:29.883+0800: 3.399: [ParNew: 306480K->34048K(306688K), 0.0121118 secs] 537019K->325311K(1014528K), 0.0121706 secs] [Times: user=0.06 sys=0.00, real=0.01 secs] 
2020-10-27T20:54:29.984+0800: 3.500: [GC (Allocation Failure) 2020-10-27T20:54:29.984+0800: 3.500: [ParNew: 306688K->34048K(306688K), 0.0126646 secs] 597951K->391025K(1014528K), 0.0127230 secs] [Times: user=0.06 sys=0.00, real=0.01 secs] 
2020-10-27T20:54:30.063+0800: 3.579: [GC (Allocation Failure) 2020-10-27T20:54:30.063+0800: 3.579: [ParNew: 306536K->34048K(306688K), 0.0117176 secs] 663514K->458225K(1014528K), 0.0117762 secs] [Times: user=0.06 sys=0.00, real=0.01 secs] 
2020-10-27T20:54:30.075+0800: 3.591: [GC (CMS Initial Mark) [1 CMS-initial-mark: 424177K(707840K)] 458513K(1014528K), 0.0002070 secs] [Times: user=0.00 sys=0.00, real=0.00 secs] 
2020-10-27T20:54:30.075+0800: 3.592: [CMS-concurrent-mark-start]
2020-10-27T20:54:30.078+0800: 3.594: [CMS-concurrent-mark: 0.002/0.002 secs] [Times: user=0.00 sys=0.00, real=0.00 secs] 
2020-10-27T20:54:30.078+0800: 3.594: [CMS-concurrent-preclean-start]
2020-10-27T20:54:30.079+0800: 3.595: [CMS-concurrent-preclean: 0.001/0.001 secs] [Times: user=0.00 sys=0.00, real=0.00 secs] 
2020-10-27T20:54:30.079+0800: 3.595: [CMS-concurrent-abortable-preclean-start]
2020-10-27T20:54:30.156+0800: 3.673: [GC (Allocation Failure) 2020-10-27T20:54:30.156+0800: 3.673: [ParNew: 306688K->34048K(306688K), 0.0118795 secs] 730865K->527797K(1014528K), 0.0119348 secs] [Times: user=0.00 sys=0.00, real=0.01 secs] 
2020-10-27T20:54:30.240+0800: 3.757: [GC (Allocation Failure) 2020-10-27T20:54:30.240+0800: 3.757: [ParNew: 306688K->34048K(306688K), 0.0125947 secs] 800437K->601924K(1014528K), 0.0126497 secs] [Times: user=0.06 sys=0.00, real=0.01 secs] 
2020-10-27T20:54:30.314+0800: 3.830: [GC (Allocation Failure) 2020-10-27T20:54:30.314+0800: 3.830: [ParNew: 306688K->34048K(306688K), 0.0123931 secs] 874564K->674899K(1014528K), 0.0124482 secs] [Times: user=0.06 sys=0.00, real=0.01 secs] 
2020-10-27T20:54:30.397+0800: 3.914: [GC (Allocation Failure) 2020-10-27T20:54:30.397+0800: 3.914: [ParNew: 306414K->306414K(306688K), 0.0000153 secs]2020-10-27T20:54:30.397+0800: 3.914: [CMS2020-10-27T20:54:30.397+0800: 3.914: [CMS-concurrent-abortable-preclean: 0.005/0.319 secs] [Times: user=0.19 sys=0.00, real=0.32 secs] 
 (concurrent mode failure): 640851K->191348K(707840K), 0.0248006 secs] 947266K->191348K(1014528K), [Metaspace: 2700K->2700K(1056768K)], 0.0248866 secs] [Times: user=0.03 sys=0.00, real=0.02 secs] 
2020-10-27T20:54:30.480+0800: 3.997: [GC (Allocation Failure) 2020-10-27T20:54:30.480+0800: 3.997: [ParNew: 272640K->34048K(306688K), 0.0105039 secs] 463988K->277943K(1014528K), 0.0105644 secs] [Times: user=0.03 sys=0.00, real=0.01 secs] 
2020-10-27T20:54:30.561+0800: 4.078: [GC (Allocation Failure) 2020-10-27T20:54:30.561+0800: 4.078: [ParNew: 306688K->34048K(306688K), 0.0124878 secs] 550583K->340129K(1014528K), 0.0125488 secs] [Times: user=0.00 sys=0.00, real=0.01 secs] 
2020-10-27T20:54:30.659+0800: 4.176: [GC (Allocation Failure) 2020-10-27T20:54:30.659+0800: 4.176: [ParNew: 306688K->34048K(306688K), 0.0129875 secs] 612769K->409174K(1014528K), 0.0130482 secs] [Times: user=0.06 sys=0.00, real=0.01 secs] 
2020-10-27T20:54:30.673+0800: 4.189: [GC (CMS Initial Mark) [1 CMS-initial-mark: 375126K(707840K)] 409268K(1014528K), 0.0001346 secs] [Times: user=0.00 sys=0.00, real=0.00 secs] 
2020-10-27T20:54:30.673+0800: 4.190: [CMS-concurrent-mark-start]
2020-10-27T20:54:30.675+0800: 4.192: [CMS-concurrent-mark: 0.002/0.002 secs] [Times: user=0.00 sys=0.00, real=0.00 secs] 
2020-10-27T20:54:30.675+0800: 4.192: [CMS-concurrent-preclean-start]
2020-10-27T20:54:30.676+0800: 4.193: [CMS-concurrent-preclean: 0.001/0.001 secs] [Times: user=0.00 sys=0.00, real=0.00 secs] 
2020-10-27T20:54:30.676+0800: 4.193: [CMS-concurrent-abortable-preclean-start]
2020-10-27T20:54:30.742+0800: 4.258: [GC (Allocation Failure) 2020-10-27T20:54:30.742+0800: 4.258: [ParNew: 306688K->34048K(306688K), 0.0120125 secs] 681814K->473959K(1014528K), 0.0120698 secs] [Times: user=0.06 sys=0.00, real=0.01 secs] 
2020-10-27T20:54:30.834+0800: 4.350: [GC (Allocation Failure) 2020-10-27T20:54:30.834+0800: 4.350: [ParNew: 306688K->34048K(306688K), 0.0129574 secs] 746599K->547229K(1014528K), 0.0130173 secs] [Times: user=0.05 sys=0.00, real=0.01 secs] 
2020-10-27T20:54:30.918+0800: 4.435: [GC (Allocation Failure) 2020-10-27T20:54:30.918+0800: 4.435: [ParNew: 306688K->34048K(306688K), 0.0120456 secs] 819869K->614326K(1014528K), 0.0121038 secs] [Times: user=0.00 sys=0.00, real=0.01 secs] 
2020-10-27T20:54:30.987+0800: 4.504: [GC (Allocation Failure) 2020-10-27T20:54:30.987+0800: 4.504: [ParNew: 306688K->34048K(306688K), 0.0119611 secs] 886966K->681752K(1014528K), 0.0120216 secs] [Times: user=0.06 sys=0.00, real=0.01 secs] 
2020-10-27T20:54:31.082+0800: 4.599: [GC (Allocation Failure) 2020-10-27T20:54:31.082+0800: 4.599: [ParNew: 306688K->306688K(306688K), 0.0000159 secs]2020-10-27T20:54:31.082+0800: 4.599: [CMS2020-10-27T20:54:31.082+0800: 4.599: [CMS-concurrent-abortable-preclean: 0.007/0.406 secs] [Times: user=0.33 sys=0.00, real=0.41 secs] 
 (concurrent mode failure): 647704K->196025K(707840K), 0.0259454 secs] 954392K->196025K(1014528K), [Metaspace: 2700K->2700K(1056768K)], 0.0260312 secs] [Times: user=0.03 sys=0.00, real=0.03 secs] 
2020-10-27T20:54:31.171+0800: 4.687: [GC (Allocation Failure) 2020-10-27T20:54:31.171+0800: 4.687: [ParNew: 272640K->34048K(306688K), 0.0103458 secs] 468665K->286129K(1014528K), 0.0104134 secs] [Times: user=0.00 sys=0.00, real=0.01 secs] 
2020-10-27T20:54:31.242+0800: 4.759: [GC (Allocation Failure) 2020-10-27T20:54:31.242+0800: 4.759: [ParNew: 306688K->34048K(306688K), 0.0180570 secs] 558769K->351623K(1014528K), 0.0181568 secs] [Times: user=0.06 sys=0.00, real=0.02 secs] 
2020-10-27T20:54:31.333+0800: 4.850: [GC (Allocation Failure) 2020-10-27T20:54:31.333+0800: 4.850: [ParNew: 306688K->34048K(306688K), 0.0134184 secs] 624263K->420642K(1014528K), 0.0134795 secs] [Times: user=0.05 sys=0.00, real=0.01 secs] 
2020-10-27T20:54:31.347+0800: 4.864: [GC (CMS Initial Mark) [1 CMS-initial-mark: 386594K(707840K)] 426299K(1014528K), 0.0002583 secs] [Times: user=0.00 sys=0.00, real=0.00 secs] 
2020-10-27T20:54:31.347+0800: 4.864: [CMS-concurrent-mark-start]
2020-10-27T20:54:31.349+0800: 4.866: [CMS-concurrent-mark: 0.002/0.002 secs] [Times: user=0.00 sys=0.00, real=0.00 secs] 
2020-10-27T20:54:31.349+0800: 4.866: [CMS-concurrent-preclean-start]
2020-10-27T20:54:31.350+0800: 4.867: [CMS-concurrent-preclean: 0.001/0.001 secs] [Times: user=0.00 sys=0.00, real=0.00 secs] 
2020-10-27T20:54:31.350+0800: 4.867: [CMS-concurrent-abortable-preclean-start]
2020-10-27T20:54:31.427+0800: 4.944: [GC (Allocation Failure) 2020-10-27T20:54:31.427+0800: 4.944: [ParNew: 306688K->34048K(306688K), 0.0115314 secs] 693282K->487356K(1014528K), 0.0115948 secs] [Times: user=0.06 sys=0.00, real=0.01 secs] 
2020-10-27T20:54:31.514+0800: 5.030: [GC (Allocation Failure) 2020-10-27T20:54:31.514+0800: 5.030: [ParNew: 306688K->34048K(306688K), 0.0121981 secs] 759996K->563004K(1014528K), 0.0122552 secs] [Times: user=0.00 sys=0.00, real=0.01 secs] 
2020-10-27T20:54:31.586+0800: 5.102: [GC (Allocation Failure) 2020-10-27T20:54:31.586+0800: 5.102: [ParNew: 306688K->34048K(306688K), 0.0120462 secs] 835644K->626579K(1014528K), 0.0121044 secs] [Times: user=0.06 sys=0.00, real=0.01 secs] 
2020-10-27T20:54:31.650+0800: 5.167: [GC (Allocation Failure) 2020-10-27T20:54:31.650+0800: 5.167: [ParNew: 306688K->34048K(306688K), 0.0115971 secs] 899219K->693299K(1014528K), 0.0116540 secs] [Times: user=0.06 sys=0.00, real=0.01 secs] 
2020-10-27T20:54:31.727+0800: 5.243: [GC (Allocation Failure) 2020-10-27T20:54:31.727+0800: 5.243: [ParNew: 306688K->306688K(306688K), 0.0000172 secs]2020-10-27T20:54:31.727+0800: 5.243: [CMS2020-10-27T20:54:31.727+0800: 5.243: [CMS-concurrent-abortable-preclean: 0.007/0.376 secs] [Times: user=0.25 sys=0.00, real=0.38 secs] 
 (concurrent mode failure): 659251K->184157K(707840K), 0.0240443 secs] 965939K->184157K(1014528K), [Metaspace: 2700K->2700K(1056768K)], 0.0241327 secs] [Times: user=0.03 sys=0.00, real=0.02 secs] 
2020-10-27T20:54:31.820+0800: 5.337: [GC (Allocation Failure) 2020-10-27T20:54:31.820+0800: 5.337: [ParNew: 272640K->34048K(306688K), 0.0103743 secs] 456797K->271065K(1014528K), 0.0104311 secs] [Times: user=0.05 sys=0.00, real=0.01 secs] 
2020-10-27T20:54:31.901+0800: 5.417: [GC (Allocation Failure) 2020-10-27T20:54:31.901+0800: 5.417: [ParNew: 306688K->34048K(306688K), 0.0119801 secs] 543705K->337901K(1014528K), 0.0120381 secs] [Times: user=0.06 sys=0.00, real=0.01 secs] 
2020-10-27T20:54:31.993+0800: 5.510: [GC (Allocation Failure) 2020-10-27T20:54:31.993+0800: 5.510: [ParNew: 306688K->34048K(306688K), 0.0257093 secs] 610541K->408272K(1014528K), 0.0258317 secs] [Times: user=0.11 sys=0.00, real=0.03 secs] 
2020-10-27T20:54:32.019+0800: 5.536: [GC (CMS Initial Mark) [1 CMS-initial-mark: 374224K(707840K)] 414491K(1014528K), 0.0001813 secs] [Times: user=0.00 sys=0.00, real=0.00 secs] 
2020-10-27T20:54:32.019+0800: 5.536: [CMS-concurrent-mark-start]
2020-10-27T20:54:32.023+0800: 5.540: [CMS-concurrent-mark: 0.004/0.004 secs] [Times: user=0.00 sys=0.00, real=0.00 secs] 
2020-10-27T20:54:32.023+0800: 5.540: [CMS-concurrent-preclean-start]
2020-10-27T20:54:32.024+0800: 5.541: [CMS-concurrent-preclean: 0.001/0.001 secs] [Times: user=0.00 sys=0.00, real=0.00 secs] 
2020-10-27T20:54:32.024+0800: 5.541: [CMS-concurrent-abortable-preclean-start]
2020-10-27T20:54:32.099+0800: 5.616: [GC (Allocation Failure) 2020-10-27T20:54:32.099+0800: 5.616: [ParNew: 306688K->34048K(306688K), 0.0127669 secs] 680912K->477901K(1014528K), 0.0128280 secs] [Times: user=0.05 sys=0.00, real=0.01 secs] 
2020-10-27T20:54:32.193+0800: 5.710: [GC (Allocation Failure) 2020-10-27T20:54:32.193+0800: 5.710: [ParNew: 306688K->34048K(306688K), 0.0122124 secs] 750541K->542389K(1014528K), 0.0122721 secs] [Times: user=0.05 sys=0.00, real=0.01 secs] 
2020-10-27T20:54:32.281+0800: 5.798: [GC (Allocation Failure) 2020-10-27T20:54:32.281+0800: 5.798: [ParNew: 306688K->34048K(306688K), 0.0115557 secs] 815029K->603485K(1014528K), 0.0116117 secs] [Times: user=0.06 sys=0.00, real=0.01 secs] 
2020-10-27T20:54:32.363+0800: 5.880: [GC (Allocation Failure) 2020-10-27T20:54:32.363+0800: 5.880: [ParNew: 306688K->34048K(306688K), 0.0124184 secs] 876125K->680454K(1014528K), 0.0124761 secs] [Times: user=0.06 sys=0.00, real=0.01 secs] 
2020-10-27T20:54:32.445+0800: 5.962: [GC (Allocation Failure) 2020-10-27T20:54:32.445+0800: 5.962: [ParNew: 306688K->306688K(306688K), 0.0000152 secs]2020-10-27T20:54:32.445+0800: 5.962: [CMS2020-10-27T20:54:32.445+0800: 5.962: [CMS-concurrent-abortable-preclean: 0.007/0.421 secs] [Times: user=0.28 sys=0.00, real=0.42 secs] 
 (concurrent mode failure): 646406K->189717K(707840K), 0.0244333 secs] 953094K->189717K(1014528K), [Metaspace: 2707K->2707K(1056768K)], 0.0245168 secs] [Times: user=0.03 sys=0.00, real=0.03 secs] 
2020-10-27T20:54:32.567+0800: 6.084: [GC (Allocation Failure) 2020-10-27T20:54:32.567+0800: 6.084: [ParNew: 272640K->34048K(306688K), 0.0106820 secs] 462357K->275380K(1014528K), 0.0107433 secs] [Times: user=0.05 sys=0.00, real=0.01 secs] 
2020-10-27T20:54:32.653+0800: 6.170: [GC (Allocation Failure) 2020-10-27T20:54:32.653+0800: 6.170: [ParNew: 306688K->34048K(306688K), 0.0120133 secs] 548020K->342393K(1014528K), 0.0120712 secs] [Times: user=0.00 sys=0.00, real=0.01 secs] 
2020-10-27T20:54:32.747+0800: 6.264: [GC (Allocation Failure) 2020-10-27T20:54:32.747+0800: 6.264: [ParNew: 306688K->34048K(306688K), 0.0121541 secs] 615033K->411586K(1014528K), 0.0122316 secs] [Times: user=0.00 sys=0.00, real=0.01 secs] 
2020-10-27T20:54:32.760+0800: 6.277: [GC (CMS Initial Mark) [1 CMS-initial-mark: 377538K(707840K)] 411874K(1014528K), 0.0002881 secs] [Times: user=0.00 sys=0.00, real=0.00 secs] 
2020-10-27T20:54:32.760+0800: 6.277: [CMS-concurrent-mark-start]
2020-10-27T20:54:32.762+0800: 6.279: [CMS-concurrent-mark: 0.002/0.002 secs] [Times: user=0.03 sys=0.00, real=0.00 secs] 
2020-10-27T20:54:32.762+0800: 6.279: [CMS-concurrent-preclean-start]
2020-10-27T20:54:32.763+0800: 6.280: [CMS-concurrent-preclean: 0.001/0.001 secs] [Times: user=0.00 sys=0.00, real=0.00 secs] 
2020-10-27T20:54:32.763+0800: 6.280: [CMS-concurrent-abortable-preclean-start]
2020-10-27T20:54:32.838+0800: 6.355: [GC (Allocation Failure) 2020-10-27T20:54:32.838+0800: 6.355: [ParNew: 306688K->34048K(306688K), 0.0226502 secs] 684226K->476706K(1014528K), 0.0227684 secs] [Times: user=0.08 sys=0.00, real=0.02 secs] 
2020-10-27T20:54:32.930+0800: 6.447: [GC (Allocation Failure) 2020-10-27T20:54:32.931+0800: 6.447: [ParNew: 306688K->34048K(306688K), 0.0123605 secs] 749346K->549277K(1014528K), 0.0124201 secs] [Times: user=0.06 sys=0.00, real=0.01 secs] 
2020-10-27T20:54:33.028+0800: 6.544: [GC (Allocation Failure) 2020-10-27T20:54:33.028+0800: 6.544: [ParNew: 306405K->34048K(306688K), 0.0125910 secs] 821635K->620584K(1014528K), 0.0126477 secs] [Times: user=0.00 sys=0.00, real=0.01 secs] 
2020-10-27T20:54:33.108+0800: 6.626: [GC (Allocation Failure) 2020-10-27T20:54:33.108+0800: 6.626: [ParNew: 306688K->34048K(306688K), 0.0112256 secs] 893224K->685860K(1014528K), 0.0112878 secs] [Times: user=0.00 sys=0.00, real=0.01 secs] 
2020-10-27T20:54:33.193+0800: 6.710: [GC (Allocation Failure) 2020-10-27T20:54:33.193+0800: 6.710: [ParNew: 306688K->306688K(306688K), 0.0000157 secs]2020-10-27T20:54:33.193+0800: 6.710: [CMS2020-10-27T20:54:33.193+0800: 6.710: [CMS-concurrent-abortable-preclean: 0.008/0.430 secs] [Times: user=0.24 sys=0.00, real=0.43 secs] 
 (concurrent mode failure): 651812K->185369K(707840K), 0.0241907 secs] 958500K->185369K(1014528K), [Metaspace: 2707K->2707K(1056768K)], 0.0242743 secs] [Times: user=0.03 sys=0.00, real=0.02 secs] 
2020-10-27T20:54:33.291+0800: 6.808: [GC (Allocation Failure) 2020-10-27T20:54:33.291+0800: 6.808: [ParNew: 272475K->34048K(306688K), 0.0104646 secs] 457845K->273183K(1014528K), 0.0105268 secs] [Times: user=0.05 sys=0.00, real=0.01 secs] 
2020-10-27T20:54:33.373+0800: 6.889: [GC (Allocation Failure) 2020-10-27T20:54:33.373+0800: 6.889: [ParNew: 306688K->34048K(306688K), 0.0113907 secs] 545823K->337475K(1014528K), 0.0114487 secs] [Times: user=0.00 sys=0.00, real=0.01 secs] 
2020-10-27T20:54:33.450+0800: 6.967: [GC (Allocation Failure) 2020-10-27T20:54:33.450+0800: 6.967: [ParNew: 306688K->34048K(306688K), 0.0122151 secs] 610115K->407775K(1014528K), 0.0122719 secs] [Times: user=0.00 sys=0.00, real=0.01 secs] 
2020-10-27T20:54:33.462+0800: 6.979: [GC (CMS Initial Mark) [1 CMS-initial-mark: 373727K(707840K)] 413948K(1014528K), 0.0002568 secs] [Times: user=0.00 sys=0.00, real=0.00 secs] 
2020-10-27T20:54:33.462+0800: 6.979: [CMS-concurrent-mark-start]
2020-10-27T20:54:33.464+0800: 6.982: [CMS-concurrent-mark: 0.002/0.002 secs] [Times: user=0.01 sys=0.00, real=0.00 secs] 
2020-10-27T20:54:33.464+0800: 6.982: [CMS-concurrent-preclean-start]
2020-10-27T20:54:33.465+0800: 6.982: [CMS-concurrent-preclean: 0.001/0.001 secs] [Times: user=0.00 sys=0.00, real=0.00 secs] 
2020-10-27T20:54:33.465+0800: 6.982: [CMS-concurrent-abortable-preclean-start]
2020-10-27T20:54:33.542+0800: 7.059: [GC (Allocation Failure) 2020-10-27T20:54:33.542+0800: 7.059: [ParNew: 306688K->34048K(306688K), 0.0127736 secs] 680415K->485771K(1014528K), 0.0128289 secs] [Times: user=0.06 sys=0.00, real=0.01 secs] 
2020-10-27T20:54:33.640+0800: 7.157: [GC (Allocation Failure) 2020-10-27T20:54:33.640+0800: 7.157: [ParNew: 306688K->34048K(306688K), 0.0116924 secs] 758411K->554499K(1014528K), 0.0117544 secs] [Times: user=0.06 sys=0.00, real=0.01 secs] 
2020-10-27T20:54:33.717+0800: 7.234: [GC (Allocation Failure) 2020-10-27T20:54:33.717+0800: 7.234: [ParNew: 306688K->34048K(306688K), 0.0124256 secs] 827139K->624004K(1014528K), 0.0124821 secs] [Times: user=0.00 sys=0.00, real=0.01 secs] 
2020-10-27T20:54:33.805+0800: 7.321: [GC (Allocation Failure) 2020-10-27T20:54:33.805+0800: 7.321: [ParNew: 306688K->34048K(306688K), 0.0125217 secs] 896644K->697853K(1014528K), 0.0125795 secs] [Times: user=0.05 sys=0.00, real=0.01 secs] 
2020-10-27T20:54:33.819+0800: 7.335: [CMS-concurrent-abortable-preclean: 0.006/0.353 secs] [Times: user=0.25 sys=0.00, real=0.35 secs] 
2020-10-27T20:54:33.819+0800: 7.335: [GC (CMS Final Remark) [YG occupancy: 46123 K (306688 K)]2020-10-27T20:54:33.819+0800: 7.335: [Rescan (parallel) , 0.0003603 secs]2020-10-27T20:54:33.819+0800: 7.336: [weak refs processing, 0.0000105 secs]2020-10-27T20:54:33.819+0800: 7.336: [class unloading, 0.0001850 secs]2020-10-27T20:54:33.820+0800: 7.336: [scrub symbol table, 0.0002744 secs]2020-10-27T20:54:33.820+0800: 7.336: [scrub string table, 0.0000808 secs][1 CMS-remark: 663805K(707840K)] 709929K(1014528K), 0.0009693 secs] [Times: user=0.00 sys=0.00, real=0.00 secs] 
2020-10-27T20:54:33.820+0800: 7.336: [CMS-concurrent-sweep-start]
2020-10-27T20:54:33.821+0800: 7.337: [CMS-concurrent-sweep: 0.001/0.001 secs] [Times: user=0.00 sys=0.00, real=0.00 secs] 
2020-10-27T20:54:33.821+0800: 7.337: [CMS-concurrent-reset-start]
2020-10-27T20:54:33.821+0800: 7.337: [CMS-concurrent-reset: 0.000/0.000 secs] [Times: user=0.00 sys=0.00, real=0.00 secs] 
2020-10-27T20:54:33.893+0800: 7.410: [GC (Allocation Failure) 2020-10-27T20:54:33.893+0800: 7.410: [ParNew: 306688K->34048K(306688K), 0.0174737 secs] 767081K->562904K(1014528K), 0.0175806 secs] [Times: user=0.06 sys=0.00, real=0.02 secs] 
2020-10-27T20:54:33.911+0800: 7.428: [GC (CMS Initial Mark) [1 CMS-initial-mark: 528856K(707840K)] 569012K(1014528K), 0.0002532 secs] [Times: user=0.00 sys=0.00, real=0.00 secs] 
2020-10-27T20:54:33.911+0800: 7.428: [CMS-concurrent-mark-start]
2020-10-27T20:54:33.914+0800: 7.431: [CMS-concurrent-mark: 0.003/0.003 secs] [Times: user=0.00 sys=0.00, real=0.00 secs] 
2020-10-27T20:54:33.914+0800: 7.431: [CMS-concurrent-preclean-start]
2020-10-27T20:54:33.915+0800: 7.432: [CMS-concurrent-preclean: 0.001/0.001 secs] [Times: user=0.00 sys=0.00, real=0.00 secs] 
2020-10-27T20:54:33.915+0800: 7.432: [CMS-concurrent-abortable-preclean-start]
2020-10-27T20:54:33.994+0800: 7.511: [GC (Allocation Failure) 2020-10-27T20:54:33.994+0800: 7.511: [ParNew: 306688K->34048K(306688K), 0.0119654 secs] 835544K->630628K(1014528K), 0.0120223 secs] [Times: user=0.06 sys=0.00, real=0.01 secs] 
2020-10-27T20:54:34.079+0800: 7.596: [GC (Allocation Failure) 2020-10-27T20:54:34.079+0800: 7.596: [ParNew: 306688K->34048K(306688K), 0.0125116 secs] 903268K->702995K(1014528K), 0.0125717 secs] [Times: user=0.06 sys=0.00, real=0.01 secs] 
2020-10-27T20:54:34.093+0800: 7.609: [CMS-concurrent-abortable-preclean: 0.003/0.177 secs] [Times: user=0.14 sys=0.00, real=0.18 secs] 
2020-10-27T20:54:34.093+0800: 7.609: [GC (CMS Final Remark) [YG occupancy: 39818 K (306688 K)]2020-10-27T20:54:34.093+0800: 7.609: [Rescan (parallel) , 0.0003473 secs]2020-10-27T20:54:34.093+0800: 7.610: [weak refs processing, 0.0000103 secs]2020-10-27T20:54:34.093+0800: 7.610: [class unloading, 0.0001963 secs]2020-10-27T20:54:34.094+0800: 7.610: [scrub symbol table, 0.0002859 secs]2020-10-27T20:54:34.094+0800: 7.610: [scrub string table, 0.0000797 secs][1 CMS-remark: 668947K(707840K)] 708765K(1014528K), 0.0009755 secs] [Times: user=0.00 sys=0.00, real=0.00 secs] 
2020-10-27T20:54:34.094+0800: 7.611: [CMS-concurrent-sweep-start]
2020-10-27T20:54:34.095+0800: 7.611: [CMS-concurrent-sweep: 0.001/0.001 secs] [Times: user=0.00 sys=0.00, real=0.00 secs] 
2020-10-27T20:54:34.095+0800: 7.611: [CMS-concurrent-reset-start]
2020-10-27T20:54:34.095+0800: 7.612: [CMS-concurrent-reset: 0.000/0.000 secs] [Times: user=0.00 sys=0.00, real=0.00 secs] 
2020-10-27T20:54:34.170+0800: 7.686: [GC (Allocation Failure) 2020-10-27T20:54:34.170+0800: 7.686: [ParNew: 306688K->34048K(306688K), 0.0117220 secs] 608608K->399585K(1014528K), 0.0117789 secs] [Times: user=0.00 sys=0.00, real=0.01 secs] 
2020-10-27T20:54:34.182+0800: 7.698: [GC (CMS Initial Mark) [1 CMS-initial-mark: 365537K(707840K)] 405180K(1014528K), 0.0002748 secs] [Times: user=0.00 sys=0.00, real=0.00 secs] 
2020-10-27T20:54:34.182+0800: 7.698: [CMS-concurrent-mark-start]
2020-10-27T20:54:34.185+0800: 7.701: [CMS-concurrent-mark: 0.002/0.002 secs] [Times: user=0.03 sys=0.00, real=0.00 secs] 
2020-10-27T20:54:34.185+0800: 7.701: [CMS-concurrent-preclean-start]
2020-10-27T20:54:34.185+0800: 7.702: [CMS-concurrent-preclean: 0.001/0.001 secs] [Times: user=0.00 sys=0.00, real=0.00 secs] 
2020-10-27T20:54:34.185+0800: 7.702: [CMS-concurrent-abortable-preclean-start]
2020-10-27T20:54:34.238+0800: 7.756: [GC (Allocation Failure) 2020-10-27T20:54:34.238+0800: 7.756: [ParNew: 306688K->34048K(306688K), 0.0123639 secs] 672225K->465480K(1014528K), 0.0124191 secs] [Times: user=0.06 sys=0.00, real=0.01 secs] 
2020-10-27T20:54:34.314+0800: 7.830: [GC (Allocation Failure) 2020-10-27T20:54:34.314+0800: 7.830: [ParNew: 306688K->34048K(306688K), 0.0128206 secs] 738120K->540153K(1014528K), 0.0128782 secs] [Times: user=0.06 sys=0.00, real=0.01 secs] 
2020-10-27T20:54:34.392+0800: 7.909: [GC (Allocation Failure) 2020-10-27T20:54:34.392+0800: 7.909: [ParNew: 306688K->34048K(306688K), 0.0128185 secs] 812793K->612151K(1014528K), 0.0128778 secs] [Times: user=0.05 sys=0.00, real=0.01 secs] 
2020-10-27T20:54:34.474+0800: 7.991: [GC (Allocation Failure) 2020-10-27T20:54:34.474+0800: 7.991: [ParNew: 306688K->34048K(306688K), 0.0123055 secs] 884791K->674278K(1014528K), 0.0123662 secs] [Times: user=0.05 sys=0.00, real=0.01 secs] 
2020-10-27T20:54:34.561+0800: 8.077: [GC (Allocation Failure) 2020-10-27T20:54:34.561+0800: 8.077: [ParNew: 306688K->306688K(306688K), 0.0000152 secs]2020-10-27T20:54:34.561+0800: 8.077: [CMS2020-10-27T20:54:34.561+0800: 8.077: [CMS-concurrent-abortable-preclean: 0.007/0.376 secs] [Times: user=0.33 sys=0.00, real=0.38 secs] 
 (concurrent mode failure): 640230K->191076K(707840K), 0.0255033 secs] 946918K->191076K(1014528K), [Metaspace: 2707K->2707K(1056768K)], 0.0255834 secs] [Times: user=0.02 sys=0.00, real=0.03 secs] 
2020-10-27T20:54:34.646+0800: 8.163: [GC (Allocation Failure) 2020-10-27T20:54:34.646+0800: 8.163: [ParNew: 272640K->34048K(306688K), 0.0105089 secs] 463716K->280308K(1014528K), 0.0105722 secs] [Times: user=0.06 sys=0.00, real=0.01 secs] 
2020-10-27T20:54:34.725+0800: 8.242: [GC (Allocation Failure) 2020-10-27T20:54:34.725+0800: 8.242: [ParNew: 306688K->34048K(306688K), 0.0120637 secs] 552948K->344058K(1014528K), 0.0121208 secs] [Times: user=0.06 sys=0.00, real=0.01 secs] 
2020-10-27T20:54:34.801+0800: 8.317: [GC (Allocation Failure) 2020-10-27T20:54:34.801+0800: 8.318: [ParNew: 306688K->34048K(306688K), 0.0129055 secs] 616698K->419729K(1014528K), 0.0129612 secs] [Times: user=0.06 sys=0.00, real=0.01 secs] 
2020-10-27T20:54:34.814+0800: 8.331: [GC (CMS Initial Mark) [1 CMS-initial-mark: 385681K(707840K)] 425280K(1014528K), 0.0002587 secs] [Times: user=0.00 sys=0.00, real=0.00 secs] 
2020-10-27T20:54:34.814+0800: 8.331: [CMS-concurrent-mark-start]
2020-10-27T20:54:34.817+0800: 8.333: [CMS-concurrent-mark: 0.002/0.002 secs] [Times: user=0.00 sys=0.00, real=0.00 secs] 
2020-10-27T20:54:34.817+0800: 8.333: [CMS-concurrent-preclean-start]
2020-10-27T20:54:34.818+0800: 8.334: [CMS-concurrent-preclean: 0.001/0.001 secs] [Times: user=0.00 sys=0.00, real=0.00 secs] 
2020-10-27T20:54:34.818+0800: 8.334: [CMS-concurrent-abortable-preclean-start]
2020-10-27T20:54:34.870+0800: 8.386: [GC (Allocation Failure) 2020-10-27T20:54:34.870+0800: 8.386: [ParNew: 306688K->34048K(306688K), 0.0116212 secs] 692369K->483516K(1014528K), 0.0116794 secs] [Times: user=0.06 sys=0.00, real=0.01 secs] 
2020-10-27T20:54:34.960+0800: 8.476: [GC (Allocation Failure) 2020-10-27T20:54:34.960+0800: 8.476: [ParNew: 306688K->34048K(306688K), 0.0129767 secs] 756156K->550539K(1014528K), 0.0130384 secs] [Times: user=0.05 sys=0.00, real=0.01 secs] 
2020-10-27T20:54:35.031+0800: 8.548: [GC (Allocation Failure) 2020-10-27T20:54:35.031+0800: 8.548: [ParNew: 306688K->34048K(306688K), 0.0125031 secs] 823179K->624158K(1014528K), 0.0125606 secs] [Times: user=0.05 sys=0.00, real=0.01 secs] 
2020-10-27T20:54:35.103+0800: 8.620: [GC (Allocation Failure) 2020-10-27T20:54:35.103+0800: 8.620: [ParNew: 306688K->34048K(306688K), 0.0118718 secs] 896798K->690698K(1014528K), 0.0119287 secs] [Times: user=0.06 sys=0.00, real=0.01 secs] 
2020-10-27T20:54:35.173+0800: 8.690: [GC (Allocation Failure) 2020-10-27T20:54:35.173+0800: 8.690: [ParNew: 306688K->306688K(306688K), 0.0000158 secs]2020-10-27T20:54:35.173+0800: 8.690: [CMS2020-10-27T20:54:35.173+0800: 8.690: [CMS-concurrent-abortable-preclean: 0.007/0.355 secs] [Times: user=0.30 sys=0.00, real=0.36 secs] 
 (concurrent mode failure): 656650K->185320K(707840K), 0.0244667 secs] 963338K->185320K(1014528K), [Metaspace: 2707K->2707K(1056768K)], 0.0245483 secs] [Times: user=0.02 sys=0.00, real=0.02 secs] 
2020-10-27T20:54:35.264+0800: 8.781: [GC (Allocation Failure) 2020-10-27T20:54:35.265+0800: 8.781: [ParNew: 272640K->34048K(306688K), 0.0093925 secs] 457960K->264159K(1014528K), 0.0094545 secs] [Times: user=0.00 sys=0.00, real=0.01 secs] 
2020-10-27T20:54:35.371+0800: 8.888: [GC (Allocation Failure) 2020-10-27T20:54:35.371+0800: 8.888: [ParNew: 306688K->34048K(306688K), 0.0125591 secs] 536799K->337668K(1014528K), 0.0126351 secs] [Times: user=0.00 sys=0.00, real=0.01 secs] 
2020-10-27T20:54:35.459+0800: 8.976: [GC (Allocation Failure) 2020-10-27T20:54:35.459+0800: 8.976: [ParNew: 306688K->34048K(306688K), 0.0121268 secs] 610308K->402908K(1014528K), 0.0121877 secs] [Times: user=0.06 sys=0.00, real=0.01 secs] 
2020-10-27T20:54:35.540+0800: 9.057: [GC (Allocation Failure) 2020-10-27T20:54:35.540+0800: 9.057: [ParNew: 306688K->34048K(306688K), 0.0126264 secs] 675548K->474686K(1014528K), 0.0126844 secs] [Times: user=0.05 sys=0.00, real=0.01 secs] 
2020-10-27T20:54:35.553+0800: 9.069: [GC (CMS Initial Mark) [1 CMS-initial-mark: 440638K(707840K)] 475402K(1014528K), 0.0001285 secs] [Times: user=0.00 sys=0.00, real=0.00 secs] 
2020-10-27T20:54:35.553+0800: 9.070: [CMS-concurrent-mark-start]
2020-10-27T20:54:35.556+0800: 9.073: [CMS-concurrent-mark: 0.003/0.003 secs] [Times: user=0.00 sys=0.00, real=0.00 secs] 
2020-10-27T20:54:35.556+0800: 9.073: [CMS-concurrent-preclean-start]
2020-10-27T20:54:35.557+0800: 9.073: [CMS-concurrent-preclean: 0.001/0.001 secs] [Times: user=0.00 sys=0.00, real=0.00 secs] 
2020-10-27T20:54:35.557+0800: 9.073: [CMS-concurrent-abortable-preclean-start]
2020-10-27T20:54:35.634+0800: 9.150: [GC (Allocation Failure) 2020-10-27T20:54:35.634+0800: 9.150: [ParNew: 306688K->34048K(306688K), 0.0126852 secs] 747326K->545836K(1014528K), 0.0127333 secs] [Times: user=0.05 sys=0.00, real=0.01 secs] 
2020-10-27T20:54:35.728+0800: 9.245: [GC (Allocation Failure) 2020-10-27T20:54:35.728+0800: 9.245: [ParNew: 306688K->34048K(306688K), 0.0119771 secs] 818476K->609673K(1014528K), 0.0120292 secs] [Times: user=0.05 sys=0.00, real=0.01 secs] 
2020-10-27T20:54:35.816+0800: 9.333: [GC (Allocation Failure) 2020-10-27T20:54:35.816+0800: 9.333: [ParNew: 306457K->34048K(306688K), 0.0129053 secs] 882083K->679198K(1014528K), 0.0129692 secs] [Times: user=0.05 sys=0.00, real=0.01 secs] 
2020-10-27T20:54:35.901+0800: 9.418: [GC (Allocation Failure) 2020-10-27T20:54:35.901+0800: 9.418: [ParNew: 306688K->306688K(306688K), 0.0000161 secs]2020-10-27T20:54:35.901+0800: 9.418: [CMS2020-10-27T20:54:35.901+0800: 9.418: [CMS-concurrent-abortable-preclean: 0.006/0.345 secs] [Times: user=0.17 sys=0.00, real=0.34 secs] 
 (concurrent mode failure): 645150K->182388K(707840K), 0.0237671 secs] 951838K->182388K(1014528K), [Metaspace: 2707K->2707K(1056768K)], 0.0238530 secs] [Times: user=0.03 sys=0.00, real=0.02 secs] 
2020-10-27T20:54:35.986+0800: 9.503: [GC (Allocation Failure) 2020-10-27T20:54:35.986+0800: 9.503: [ParNew: 272640K->34048K(306688K), 0.0101543 secs] 455028K->268041K(1014528K), 0.0102110 secs] [Times: user=0.00 sys=0.00, real=0.01 secs] 
2020-10-27T20:54:36.087+0800: 9.603: [GC (Allocation Failure) 2020-10-27T20:54:36.087+0800: 9.603: [ParNew: 306687K->34048K(306688K), 0.0117972 secs] 540680K->333674K(1014528K), 0.0118605 secs] [Times: user=0.06 sys=0.00, real=0.01 secs] 
2020-10-27T20:54:36.178+0800: 9.695: [GC (Allocation Failure) 2020-10-27T20:54:36.178+0800: 9.695: [ParNew: 306688K->34048K(306688K), 0.0129900 secs] 606314K->398513K(1014528K), 0.0130518 secs] [Times: user=0.05 sys=0.00, real=0.01 secs] 
2020-10-27T20:54:36.255+0800: 9.771: [GC (Allocation Failure) 2020-10-27T20:54:36.255+0800: 9.771: [ParNew: 306688K->34048K(306688K), 0.0120815 secs] 671153K->467958K(1014528K), 0.0121478 secs] [Times: user=0.05 sys=0.00, real=0.01 secs] 
2020-10-27T20:54:36.267+0800: 9.784: [GC (CMS Initial Mark) [1 CMS-initial-mark: 433910K(707840K)] 474780K(1014528K), 0.0002663 secs] [Times: user=0.00 sys=0.00, real=0.00 secs] 
2020-10-27T20:54:36.267+0800: 9.784: [CMS-concurrent-mark-start]
2020-10-27T20:54:36.270+0800: 9.786: [CMS-concurrent-mark: 0.002/0.002 secs] [Times: user=0.00 sys=0.00, real=0.00 secs] 
2020-10-27T20:54:36.270+0800: 9.786: [CMS-concurrent-preclean-start]
2020-10-27T20:54:36.270+0800: 9.787: [CMS-concurrent-preclean: 0.001/0.001 secs] [Times: user=0.00 sys=0.00, real=0.00 secs] 
2020-10-27T20:54:36.270+0800: 9.787: [CMS-concurrent-abortable-preclean-start]
2020-10-27T20:54:36.351+0800: 9.867: [GC (Allocation Failure) 2020-10-27T20:54:36.351+0800: 9.867: [ParNew: 306688K->34048K(306688K), 0.0118367 secs] 740598K->532627K(1014528K), 0.0118968 secs] [Times: user=0.06 sys=0.00, real=0.01 secs] 
2020-10-27T20:54:36.439+0800: 9.955: [GC (Allocation Failure) 2020-10-27T20:54:36.439+0800: 9.955: [ParNew: 306688K->34048K(306688K), 0.0141864 secs] 805267K->607162K(1014528K), 0.0142536 secs] [Times: user=0.05 sys=0.00, real=0.01 secs] 
2020-10-27T20:54:36.530+0800: 10.047: [GC (Allocation Failure) 2020-10-27T20:54:36.530+0800: 10.047: [ParNew: 306688K->34048K(306688K), 0.0106205 secs] 879802K->665154K(1014528K), 0.0106712 secs] [Times: user=0.00 sys=0.00, real=0.01 secs] 
Heap
 par new generation   total 306688K, used 194875K [0x00000000c0000000, 0x00000000d4cc0000, 0x00000000d4cc0000)
  eden space 272640K,  58% used [0x00000000c0000000, 0x00000000c9d0ef30, 0x00000000d0a40000)
  from space 34048K, 100% used [0x00000000d0a40000, 0x00000000d2b80000, 0x00000000d2b80000)
  to   space 34048K,   0% used [0x00000000d2b80000, 0x00000000d2b80000, 0x00000000d4cc0000)
 concurrent mark-sweep generation total 707840K, used 631106K [0x00000000d4cc0000, 0x0000000100000000, 0x0000000100000000)
 Metaspace       used 2714K, capacity 4490K, committed 4864K, reserved 1056768K
  class space    used 291K, capacity 386K, committed 512K, reserved 1048576K
