Java HotSpot(TM) 64-Bit Server VM (25.211-b12) for windows-amd64 JRE (1.8.0_211-b12), built on Apr  1 2019 20:53:26 by "java_re" with MS VC++ 10.0 (VS2010)
Memory: 4k page, physical 16640612k(9341480k free), swap 16640612k(7545832k free)
CommandLine flags: -XX:InitialHeapSize=536870912 -XX:MaxGCPauseMillis=10 -XX:MaxHeapSize=536870912 -XX:+PrintGC -XX:+PrintGCDateStamps -XX:+PrintGCTimeStamps -XX:+UseCompressedClassPointers -XX:+UseCompressedOops -XX:+UseG1GC -XX:-UseLargePagesIndividualAllocation 
2020-10-27T20:53:55.685+0800: 0.143: [GC pause (G1 Evacuation Pause) (young) 30M->10M(512M), 0.0014467 secs]
2020-10-27T20:53:55.693+0800: 0.151: [GC pause (G1 Evacuation Pause) (young) 35M->17M(512M), 0.0020556 secs]
2020-10-27T20:53:55.710+0800: 0.169: [GC pause (G1 Evacuation Pause) (young) 40M->24M(512M), 0.0016113 secs]
2020-10-27T20:53:55.722+0800: 0.181: [GC pause (G1 Evacuation Pause) (young) 50M->32M(512M), 0.0021737 secs]
2020-10-27T20:53:55.734+0800: 0.192: [GC pause (G1 Evacuation Pause) (young) 55M->39M(512M), 0.0018035 secs]
2020-10-27T20:53:55.750+0800: 0.209: [GC pause (G1 Evacuation Pause) (young) 69M->50M(512M), 0.0025714 secs]
2020-10-27T20:53:55.765+0800: 0.223: [GC pause (G1 Evacuation Pause) (young) 78M->58M(512M), 0.0021574 secs]
2020-10-27T20:53:55.774+0800: 0.232: [GC pause (G1 Evacuation Pause) (young) 85M->66M(512M), 0.0021569 secs]
2020-10-27T20:53:55.788+0800: 0.246: [GC pause (G1 Evacuation Pause) (young) 93M->71M(512M), 0.0021048 secs]
2020-10-27T20:53:55.799+0800: 0.257: [GC pause (G1 Evacuation Pause) (young) 94M->80M(512M), 0.0019377 secs]
2020-10-27T20:53:55.806+0800: 0.265: [GC pause (G1 Evacuation Pause) (young) 104M->86M(512M), 0.0021876 secs]
2020-10-27T20:53:55.813+0800: 0.271: [GC pause (G1 Evacuation Pause) (young) 113M->94M(512M), 0.0020259 secs]
2020-10-27T20:53:55.820+0800: 0.278: [GC pause (G1 Evacuation Pause) (young) 118M->100M(512M), 0.0020836 secs]
2020-10-27T20:53:55.829+0800: 0.287: [GC pause (G1 Evacuation Pause) (young) 124M->108M(512M), 0.0025383 secs]
2020-10-27T20:53:55.840+0800: 0.298: [GC pause (G1 Evacuation Pause) (young) 135M->119M(512M), 0.0019611 secs]
2020-10-27T20:53:55.852+0800: 0.310: [GC pause (G1 Evacuation Pause) (young) 146M->126M(512M), 0.0026466 secs]
2020-10-27T20:53:55.871+0800: 0.329: [GC pause (G1 Evacuation Pause) (young) 176M->142M(512M), 0.0034526 secs]
2020-10-27T20:53:55.890+0800: 0.348: [GC pause (G1 Evacuation Pause) (young) 177M->156M(512M), 0.0025208 secs]
2020-10-27T20:53:55.908+0800: 0.366: [GC pause (G1 Evacuation Pause) (young) 201M->171M(512M), 0.0028627 secs]
2020-10-27T20:53:55.927+0800: 0.385: [GC pause (G1 Evacuation Pause) (young) 217M->183M(512M), 0.0034116 secs]
2020-10-27T20:53:55.949+0800: 0.406: [GC pause (G1 Evacuation Pause) (young) 247M->207M(512M), 0.0039756 secs]
2020-10-27T20:53:55.956+0800: 0.414: [GC pause (G1 Humongous Allocation) (young) (initial-mark) 227M->211M(512M), 0.0018116 secs]
2020-10-27T20:53:55.958+0800: 0.415: [GC concurrent-root-region-scan-start]
2020-10-27T20:53:55.958+0800: 0.416: [GC concurrent-root-region-scan-end, 0.0000979 secs]
2020-10-27T20:53:55.958+0800: 0.416: [GC concurrent-mark-start]
2020-10-27T20:53:55.960+0800: 0.417: [GC concurrent-mark-end, 0.0018751 secs]
2020-10-27T20:53:55.960+0800: 0.418: [GC remark, 0.0010183 secs]
2020-10-27T20:53:55.961+0800: 0.419: [GC cleanup 214M->207M(512M), 0.0007310 secs]
2020-10-27T20:53:55.962+0800: 0.419: [GC concurrent-cleanup-start]
2020-10-27T20:53:55.962+0800: 0.419: [GC concurrent-cleanup-end, 0.0000101 secs]
2020-10-27T20:53:55.987+0800: 0.445: [GC pause (G1 Evacuation Pause) (young) 266M->218M(512M), 0.0038989 secs]
2020-10-27T20:53:55.997+0800: 0.454: [GC pause (G1 Evacuation Pause) (mixed) 239M->209M(512M), 0.0024337 secs]
2020-10-27T20:53:56.005+0800: 0.463: [GC pause (G1 Evacuation Pause) (mixed) 234M->202M(512M), 0.0020875 secs]
2020-10-27T20:53:56.014+0800: 0.471: [GC pause (G1 Evacuation Pause) (mixed) 228M->200M(512M), 0.0025277 secs]
2020-10-27T20:53:56.026+0800: 0.483: [GC pause (G1 Evacuation Pause) (mixed) 225M->199M(512M), 0.0022439 secs]
2020-10-27T20:53:56.034+0800: 0.492: [GC pause (G1 Humongous Allocation) (young) (initial-mark) 228M->210M(512M), 0.0023626 secs]
2020-10-27T20:53:56.037+0800: 0.494: [GC concurrent-root-region-scan-start]
2020-10-27T20:53:56.037+0800: 0.494: [GC concurrent-root-region-scan-end, 0.0000983 secs]
2020-10-27T20:53:56.037+0800: 0.494: [GC concurrent-mark-start]
2020-10-27T20:53:56.039+0800: 0.496: [GC concurrent-mark-end, 0.0018812 secs]
2020-10-27T20:53:56.039+0800: 0.496: [GC remark, 0.0009096 secs]
2020-10-27T20:53:56.040+0800: 0.497: [GC cleanup 214M->214M(512M), 0.0007305 secs]
2020-10-27T20:53:56.068+0800: 0.527: [GC pause (G1 Evacuation Pause) (young) 288M->235M(512M), 0.0046424 secs]
2020-10-27T20:53:56.083+0800: 0.541: [GC pause (G1 Evacuation Pause) (mixed) 259M->223M(512M), 0.0032338 secs]
2020-10-27T20:53:56.095+0800: 0.553: [GC pause (G1 Evacuation Pause) (mixed) 253M->221M(512M), 0.0031555 secs]
2020-10-27T20:53:56.106+0800: 0.564: [GC pause (G1 Evacuation Pause) (mixed) 245M->218M(512M), 0.0022466 secs]
2020-10-27T20:53:56.109+0800: 0.567: [GC pause (G1 Humongous Allocation) (young) (initial-mark) 219M->219M(512M), 0.0009217 secs]
2020-10-27T20:53:56.109+0800: 0.568: [GC concurrent-root-region-scan-start]
2020-10-27T20:53:56.110+0800: 0.568: [GC concurrent-root-region-scan-end, 0.0000934 secs]
2020-10-27T20:53:56.110+0800: 0.568: [GC concurrent-mark-start]
2020-10-27T20:53:56.111+0800: 0.570: [GC concurrent-mark-end, 0.0018996 secs]
2020-10-27T20:53:56.112+0800: 0.570: [GC remark, 0.0008780 secs]
2020-10-27T20:53:56.113+0800: 0.571: [GC cleanup 225M->224M(512M), 0.0002799 secs]
2020-10-27T20:53:56.113+0800: 0.571: [GC concurrent-cleanup-start]
2020-10-27T20:53:56.113+0800: 0.571: [GC concurrent-cleanup-end, 0.0000081 secs]
2020-10-27T20:53:56.173+0800: 0.631: [GC pause (G1 Evacuation Pause) (young) 347M->245M(512M), 0.0056481 secs]
2020-10-27T20:53:56.186+0800: 0.644: [GC pause (G1 Evacuation Pause) (mixed) 262M->219M(512M), 0.0041728 secs]
2020-10-27T20:53:56.194+0800: 0.652: [GC pause (G1 Evacuation Pause) (mixed) 243M->223M(512M), 0.0020562 secs]
2020-10-27T20:53:56.197+0800: 0.655: [GC pause (G1 Humongous Allocation) (young) (initial-mark) 229M->224M(512M), 0.0013464 secs]
2020-10-27T20:53:56.199+0800: 0.657: [GC concurrent-root-region-scan-start]
2020-10-27T20:53:56.199+0800: 0.657: [GC concurrent-root-region-scan-end, 0.0001369 secs]
2020-10-27T20:53:56.199+0800: 0.657: [GC concurrent-mark-start]
2020-10-27T20:53:56.201+0800: 0.659: [GC concurrent-mark-end, 0.0018050 secs]
2020-10-27T20:53:56.201+0800: 0.659: [GC remark, 0.0008594 secs]
2020-10-27T20:53:56.202+0800: 0.660: [GC cleanup 234M->233M(512M), 0.0002764 secs]
2020-10-27T20:53:56.202+0800: 0.660: [GC concurrent-cleanup-start]
2020-10-27T20:53:56.202+0800: 0.660: [GC concurrent-cleanup-end, 0.0000077 secs]
2020-10-27T20:53:56.276+0800: 0.734: [GC pause (G1 Evacuation Pause) (young)-- 410M->271M(512M), 0.0077956 secs]
2020-10-27T20:53:56.295+0800: 0.753: [GC pause (G1 Evacuation Pause) (mixed) 280M->243M(512M), 0.0043070 secs]
2020-10-27T20:53:56.300+0800: 0.758: [GC pause (G1 Humongous Allocation) (young) (initial-mark) 245M->243M(512M), 0.0009090 secs]
2020-10-27T20:53:56.301+0800: 0.759: [GC concurrent-root-region-scan-start]
2020-10-27T20:53:56.301+0800: 0.759: [GC concurrent-root-region-scan-end, 0.0000699 secs]
2020-10-27T20:53:56.301+0800: 0.759: [GC concurrent-mark-start]
2020-10-27T20:53:56.303+0800: 0.761: [GC concurrent-mark-end, 0.0020189 secs]
2020-10-27T20:53:56.303+0800: 0.761: [GC remark, 0.0009335 secs]
2020-10-27T20:53:56.304+0800: 0.762: [GC cleanup 252M->250M(512M), 0.0002388 secs]
2020-10-27T20:53:56.304+0800: 0.762: [GC concurrent-cleanup-start]
2020-10-27T20:53:56.304+0800: 0.762: [GC concurrent-cleanup-end, 0.0000085 secs]
2020-10-27T20:53:56.354+0800: 0.812: [GC pause (G1 Evacuation Pause) (young)-- 425M->340M(512M), 0.0042330 secs]
2020-10-27T20:53:56.364+0800: 0.821: [GC pause (G1 Evacuation Pause) (mixed) 346M->298M(512M), 0.0032822 secs]
2020-10-27T20:53:56.376+0800: 0.834: [GC pause (G1 Evacuation Pause) (mixed) 329M->297M(512M), 0.0024101 secs]
2020-10-27T20:53:56.385+0800: 0.842: [GC pause (G1 Humongous Allocation) (young) (initial-mark) 304M->300M(512M), 0.0012951 secs]
2020-10-27T20:53:56.386+0800: 0.844: [GC concurrent-root-region-scan-start]
2020-10-27T20:53:56.386+0800: 0.844: [GC concurrent-root-region-scan-end, 0.0001017 secs]
2020-10-27T20:53:56.386+0800: 0.844: [GC concurrent-mark-start]
2020-10-27T20:53:56.389+0800: 0.846: [GC concurrent-mark-end, 0.0022541 secs]
2020-10-27T20:53:56.389+0800: 0.846: [GC remark, 0.0010783 secs]
2020-10-27T20:53:56.390+0800: 0.847: [GC cleanup 316M->312M(512M), 0.0005259 secs]
2020-10-27T20:53:56.391+0800: 0.848: [GC concurrent-cleanup-start]
2020-10-27T20:53:56.391+0800: 0.848: [GC concurrent-cleanup-end, 0.0000091 secs]
2020-10-27T20:53:56.402+0800: 0.859: [GC pause (G1 Evacuation Pause) (young) 351M->308M(512M), 0.0031292 secs]
2020-10-27T20:53:56.411+0800: 0.868: [GC pause (G1 Evacuation Pause) (mixed) 336M->281M(512M), 0.0026303 secs]
2020-10-27T20:53:56.416+0800: 0.874: [GC pause (G1 Evacuation Pause) (mixed) 305M->264M(512M), 0.0024504 secs]
2020-10-27T20:53:56.429+0800: 0.887: [GC pause (G1 Evacuation Pause) (mixed) 291M->251M(512M), 0.0026931 secs]
2020-10-27T20:53:56.435+0800: 0.893: [GC pause (G1 Evacuation Pause) (mixed) 276M->242M(512M), 0.0029007 secs]
2020-10-27T20:53:56.449+0800: 0.907: [GC pause (G1 Evacuation Pause) (mixed) 268M->243M(512M), 0.0053617 secs]
2020-10-27T20:53:56.454+0800: 0.913: [GC pause (G1 Humongous Allocation) (young) (initial-mark) 244M->243M(512M), 0.0009571 secs]
2020-10-27T20:53:56.455+0800: 0.914: [GC concurrent-root-region-scan-start]
2020-10-27T20:53:56.456+0800: 0.914: [GC concurrent-root-region-scan-end, 0.0000799 secs]
2020-10-27T20:53:56.456+0800: 0.914: [GC concurrent-mark-start]
2020-10-27T20:53:56.458+0800: 0.916: [GC concurrent-mark-end, 0.0019874 secs]
2020-10-27T20:53:56.461+0800: 0.919: [GC remark, 0.0013433 secs]
2020-10-27T20:53:56.463+0800: 0.922: [GC cleanup 256M->255M(512M), 0.0003633 secs]
2020-10-27T20:53:56.464+0800: 0.922: [GC concurrent-cleanup-start]
2020-10-27T20:53:56.464+0800: 0.922: [GC concurrent-cleanup-end, 0.0000084 secs]
2020-10-27T20:53:56.494+0800: 0.952: [GC pause (G1 Evacuation Pause) (young) 357M->277M(512M), 0.0055407 secs]
2020-10-27T20:53:56.503+0800: 0.961: [GC pause (G1 Evacuation Pause) (mixed) 294M->249M(512M), 0.0040225 secs]
2020-10-27T20:53:56.520+0800: 0.978: [GC pause (G1 Evacuation Pause) (mixed) 274M->249M(512M), 0.0022478 secs]
2020-10-27T20:53:56.522+0800: 0.981: [GC pause (G1 Humongous Allocation) (young) (initial-mark) 250M->249M(512M), 0.0008024 secs]
2020-10-27T20:53:56.523+0800: 0.981: [GC concurrent-root-region-scan-start]
2020-10-27T20:53:56.523+0800: 0.981: [GC concurrent-root-region-scan-end, 0.0000873 secs]
2020-10-27T20:53:56.523+0800: 0.981: [GC concurrent-mark-start]
2020-10-27T20:53:56.525+0800: 0.983: [GC concurrent-mark-end, 0.0018573 secs]
2020-10-27T20:53:56.525+0800: 0.983: [GC remark, 0.0008675 secs]
2020-10-27T20:53:56.526+0800: 0.984: [GC cleanup 254M->253M(512M), 0.0002169 secs]
2020-10-27T20:53:56.526+0800: 0.985: [GC concurrent-cleanup-start]
2020-10-27T20:53:56.526+0800: 0.985: [GC concurrent-cleanup-end, 0.0000068 secs]
2020-10-27T20:53:56.579+0800: 1.037: [GC pause (G1 Evacuation Pause) (young)-- 429M->334M(512M), 0.0046037 secs]
2020-10-27T20:53:56.586+0800: 1.044: [GC pause (G1 Evacuation Pause) (mixed) 341M->300M(512M), 0.0043047 secs]
2020-10-27T20:53:56.597+0800: 1.055: [GC pause (G1 Evacuation Pause) (mixed) 326M->305M(512M), 0.0022170 secs]
2020-10-27T20:53:56.601+0800: 1.059: [GC pause (G1 Humongous Allocation) (young) (initial-mark) 309M->306M(512M), 0.0015034 secs]
2020-10-27T20:53:56.602+0800: 1.060: [GC concurrent-root-region-scan-start]
2020-10-27T20:53:56.603+0800: 1.061: [GC concurrent-root-region-scan-end, 0.0000931 secs]
2020-10-27T20:53:56.603+0800: 1.061: [GC concurrent-mark-start]
2020-10-27T20:53:56.605+0800: 1.063: [GC concurrent-mark-end, 0.0021022 secs]
2020-10-27T20:53:56.605+0800: 1.063: [GC remark, 0.0011470 secs]
2020-10-27T20:53:56.606+0800: 1.064: [GC cleanup 322M->318M(512M), 0.0004954 secs]
2020-10-27T20:53:56.607+0800: 1.065: [GC concurrent-cleanup-start]
2020-10-27T20:53:56.607+0800: 1.065: [GC concurrent-cleanup-end, 0.0000093 secs]
2020-10-27T20:53:56.636+0800: 1.094: [GC pause (G1 Evacuation Pause) (young) 405M->324M(512M), 0.0045614 secs]
2020-10-27T20:53:56.643+0800: 1.101: [GC pause (G1 Evacuation Pause) (mixed) 339M->283M(512M), 0.0028959 secs]
2020-10-27T20:53:56.649+0800: 1.107: [GC pause (G1 Evacuation Pause) (mixed) 311M->254M(512M), 0.0040195 secs]
2020-10-27T20:53:56.660+0800: 1.118: [GC pause (G1 Evacuation Pause) (mixed) 282M->250M(512M), 0.0028900 secs]
2020-10-27T20:53:56.665+0800: 1.123: [GC pause (G1 Humongous Allocation) (young) (initial-mark) 252M->250M(512M), 0.0015001 secs]
2020-10-27T20:53:56.666+0800: 1.124: [GC concurrent-root-region-scan-start]
2020-10-27T20:53:56.667+0800: 1.124: [GC concurrent-root-region-scan-end, 0.0000914 secs]
2020-10-27T20:53:56.667+0800: 1.124: [GC concurrent-mark-start]
2020-10-27T20:53:56.669+0800: 1.126: [GC concurrent-mark-end, 0.0020095 secs]
2020-10-27T20:53:56.669+0800: 1.126: [GC remark, 0.0011593 secs]
2020-10-27T20:53:56.670+0800: 1.128: [GC cleanup 269M->267M(512M), 0.0007110 secs]
2020-10-27T20:53:56.671+0800: 1.129: [GC concurrent-cleanup-start]
2020-10-27T20:53:56.671+0800: 1.129: [GC concurrent-cleanup-end, 0.0000087 secs]
2020-10-27T20:53:56.715+0800: 1.173: [GC pause (G1 Evacuation Pause) (young)-- 421M->296M(512M), 0.0051742 secs]
2020-10-27T20:53:56.723+0800: 1.181: [GC pause (G1 Evacuation Pause) (mixed) 303M->259M(512M), 0.0037931 secs]
2020-10-27T20:53:56.730+0800: 1.188: [GC pause (G1 Evacuation Pause) (mixed) 286M->259M(512M), 0.0025577 secs]
2020-10-27T20:53:56.733+0800: 1.191: [GC pause (G1 Humongous Allocation) (young) (initial-mark) 259M->259M(512M), 0.0007596 secs]
2020-10-27T20:53:56.734+0800: 1.192: [GC concurrent-root-region-scan-start]
2020-10-27T20:53:56.734+0800: 1.192: [GC concurrent-root-region-scan-end, 0.0000647 secs]
2020-10-27T20:53:56.734+0800: 1.192: [GC concurrent-mark-start]
2020-10-27T20:53:56.736+0800: 1.194: [GC concurrent-mark-end, 0.0019075 secs]
2020-10-27T20:53:56.736+0800: 1.194: [GC remark, 0.0010884 secs]
2020-10-27T20:53:56.737+0800: 1.195: [GC cleanup 265M->264M(512M), 0.0008021 secs]
2020-10-27T20:53:56.738+0800: 1.196: [GC concurrent-cleanup-start]
2020-10-27T20:53:56.738+0800: 1.196: [GC concurrent-cleanup-end, 0.0000078 secs]
2020-10-27T20:53:56.772+0800: 1.230: [GC pause (G1 Evacuation Pause) (young) 413M->289M(512M), 0.0051035 secs]
2020-10-27T20:53:56.779+0800: 1.236: [GC pause (G1 Evacuation Pause) (mixed) 302M->272M(512M), 0.0029909 secs]
2020-10-27T20:53:56.789+0800: 1.247: [GC pause (G1 Evacuation Pause) (mixed) 302M->264M(512M), 0.0027342 secs]
2020-10-27T20:53:56.803+0800: 1.261: [GC pause (G1 Evacuation Pause) (mixed) 293M->258M(512M), 0.0032276 secs]
2020-10-27T20:53:56.812+0800: 1.270: [GC pause (G1 Evacuation Pause) (mixed) 285M->258M(512M), 0.0023852 secs]
2020-10-27T20:53:56.814+0800: 1.273: [GC pause (G1 Humongous Allocation) (young) (initial-mark) 258M->258M(512M), 0.0010486 secs]
2020-10-27T20:53:56.816+0800: 1.274: [GC concurrent-root-region-scan-start]
2020-10-27T20:53:56.816+0800: 1.274: [GC concurrent-root-region-scan-end, 0.0000807 secs]
2020-10-27T20:53:56.816+0800: 1.274: [GC concurrent-mark-start]
2020-10-27T20:53:56.818+0800: 1.276: [GC concurrent-mark-end, 0.0018704 secs]
2020-10-27T20:53:56.818+0800: 1.276: [GC remark, 0.0009766 secs]
2020-10-27T20:53:56.819+0800: 1.277: [GC cleanup 265M->262M(512M), 0.0005770 secs]
2020-10-27T20:53:56.819+0800: 1.278: [GC concurrent-cleanup-start]
2020-10-27T20:53:56.819+0800: 1.278: [GC concurrent-cleanup-end, 0.0000094 secs]
2020-10-27T20:53:56.836+0800: 1.294: [GC pause (G1 Evacuation Pause) (young) 343M->276M(512M), 0.0039569 secs]
2020-10-27T20:53:56.845+0800: 1.303: [GC pause (G1 Evacuation Pause) (mixed) 294M->241M(512M), 0.0034877 secs]
2020-10-27T20:53:56.853+0800: 1.311: [GC pause (G1 Evacuation Pause) (mixed) 275M->242M(512M), 0.0039889 secs]
2020-10-27T20:53:56.859+0800: 1.317: [GC pause (G1 Humongous Allocation) (young) (initial-mark) 244M->243M(512M), 0.0009592 secs]
2020-10-27T20:53:56.860+0800: 1.318: [GC concurrent-root-region-scan-start]
2020-10-27T20:53:56.860+0800: 1.318: [GC concurrent-root-region-scan-end, 0.0000771 secs]
2020-10-27T20:53:56.860+0800: 1.318: [GC concurrent-mark-start]
2020-10-27T20:53:56.862+0800: 1.320: [GC concurrent-mark-end, 0.0018082 secs]
2020-10-27T20:53:56.862+0800: 1.320: [GC remark, 0.0008651 secs]
2020-10-27T20:53:56.863+0800: 1.321: [GC cleanup 245M->243M(512M), 0.0002210 secs]
2020-10-27T20:53:56.863+0800: 1.321: [GC concurrent-cleanup-start]
2020-10-27T20:53:56.863+0800: 1.321: [GC concurrent-cleanup-end, 0.0000080 secs]
2020-10-27T20:53:56.880+0800: 1.338: [GC pause (G1 Evacuation Pause) (young) 296M->254M(512M), 0.0032029 secs]
2020-10-27T20:53:56.894+0800: 1.352: [GC pause (G1 Evacuation Pause) (mixed) 275M->231M(512M), 0.0035200 secs]
2020-10-27T20:53:56.899+0800: 1.357: [GC pause (G1 Humongous Allocation) (young) (initial-mark) 237M->232M(512M), 0.0015061 secs]
2020-10-27T20:53:56.900+0800: 1.358: [GC concurrent-root-region-scan-start]
2020-10-27T20:53:56.900+0800: 1.358: [GC concurrent-root-region-scan-end, 0.0001112 secs]
2020-10-27T20:53:56.900+0800: 1.358: [GC concurrent-mark-start]
2020-10-27T20:53:56.902+0800: 1.360: [GC concurrent-mark-end, 0.0018091 secs]
2020-10-27T20:53:56.902+0800: 1.360: [GC remark, 0.0011670 secs]
2020-10-27T20:53:56.904+0800: 1.362: [GC cleanup 236M->236M(512M), 0.0007089 secs]
2020-10-27T20:53:56.941+0800: 1.399: [GC pause (G1 Evacuation Pause) (young) 333M->257M(512M), 0.0040889 secs]
2020-10-27T20:53:56.948+0800: 1.406: [GC pause (G1 Evacuation Pause) (mixed) 272M->237M(512M), 0.0039769 secs]
2020-10-27T20:53:56.954+0800: 1.412: [GC pause (G1 Humongous Allocation) (young) (initial-mark) 244M->239M(512M), 0.0015125 secs]
2020-10-27T20:53:56.955+0800: 1.414: [GC concurrent-root-region-scan-start]
2020-10-27T20:53:56.956+0800: 1.414: [GC concurrent-root-region-scan-end, 0.0001378 secs]
2020-10-27T20:53:56.956+0800: 1.414: [GC concurrent-mark-start]
2020-10-27T20:53:56.958+0800: 1.416: [GC concurrent-mark-end, 0.0019018 secs]
2020-10-27T20:53:56.958+0800: 1.416: [GC remark, 0.0011745 secs]
2020-10-27T20:53:56.959+0800: 1.417: [GC cleanup 252M->252M(512M), 0.0009147 secs]
2020-10-27T20:53:57.000+0800: 1.458: [GC pause (G1 Evacuation Pause) (young) 383M->264M(512M), 0.0050058 secs]
2020-10-27T20:53:57.007+0800: 1.465: [GC pause (G1 Evacuation Pause) (mixed) 276M->241M(512M), 0.0044178 secs]
2020-10-27T20:53:57.013+0800: 1.471: [GC pause (G1 Humongous Allocation) (young) (initial-mark) 250M->242M(512M), 0.0011508 secs]
2020-10-27T20:53:57.014+0800: 1.472: [GC concurrent-root-region-scan-start]
2020-10-27T20:53:57.014+0800: 1.472: [GC concurrent-root-region-scan-end, 0.0001092 secs]
2020-10-27T20:53:57.014+0800: 1.472: [GC concurrent-mark-start]
2020-10-27T20:53:57.016+0800: 1.474: [GC concurrent-mark-end, 0.0018214 secs]
2020-10-27T20:53:57.016+0800: 1.474: [GC remark, 0.0012007 secs]
2020-10-27T20:53:57.017+0800: 1.475: [GC cleanup 249M->249M(512M), 0.0006847 secs]
2020-10-27T20:53:57.070+0800: 1.528: [GC pause (G1 Evacuation Pause) (young)-- 425M->344M(512M), 0.0042153 secs]
2020-10-27T20:53:57.075+0800: 1.533: [GC pause (G1 Evacuation Pause) (mixed) 351M->310M(512M), 0.0044376 secs]
2020-10-27T20:53:57.084+0800: 1.542: [GC pause (G1 Evacuation Pause) (mixed) 342M->318M(512M), 0.0029555 secs]
2020-10-27T20:53:57.087+0800: 1.545: [GC pause (G1 Humongous Allocation) (young) (initial-mark) 318M->318M(512M), 0.0012719 secs]
2020-10-27T20:53:57.088+0800: 1.546: [GC concurrent-root-region-scan-start]
2020-10-27T20:53:57.089+0800: 1.546: [GC concurrent-root-region-scan-end, 0.0001235 secs]
2020-10-27T20:53:57.089+0800: 1.546: [GC concurrent-mark-start]
2020-10-27T20:53:57.091+0800: 1.548: [GC concurrent-mark-end, 0.0020314 secs]
2020-10-27T20:53:57.091+0800: 1.548: [GC remark, 0.0009854 secs]
2020-10-27T20:53:57.092+0800: 1.549: [GC cleanup 323M->318M(512M), 0.0002735 secs]
2020-10-27T20:53:57.092+0800: 1.550: [GC concurrent-cleanup-start]
2020-10-27T20:53:57.092+0800: 1.550: [GC concurrent-cleanup-end, 0.0000111 secs]
2020-10-27T20:53:57.125+0800: 1.582: [GC pause (G1 Evacuation Pause) (young) 417M->338M(512M), 0.0042242 secs]
2020-10-27T20:53:57.131+0800: 1.589: [GC pause (G1 Evacuation Pause) (mixed) 356M->294M(512M), 0.0028149 secs]
2020-10-27T20:53:57.140+0800: 1.597: [GC pause (G1 Evacuation Pause) (mixed) 320M->262M(512M), 0.0031248 secs]
2020-10-27T20:53:57.150+0800: 1.607: [GC pause (G1 Evacuation Pause) (mixed) 288M->249M(512M), 0.0035370 secs]
2020-10-27T20:53:57.154+0800: 1.612: [GC pause (G1 Humongous Allocation) (young) (initial-mark) 252M->249M(512M), 0.0014149 secs]
2020-10-27T20:53:57.155+0800: 1.613: [GC concurrent-root-region-scan-start]
2020-10-27T20:53:57.156+0800: 1.613: [GC concurrent-root-region-scan-end, 0.0000872 secs]
2020-10-27T20:53:57.156+0800: 1.613: [GC concurrent-mark-start]
2020-10-27T20:53:57.158+0800: 1.615: [GC concurrent-mark-end, 0.0020195 secs]
2020-10-27T20:53:57.158+0800: 1.615: [GC remark, 0.0011271 secs]
2020-10-27T20:53:57.159+0800: 1.616: [GC cleanup 257M->255M(512M), 0.0005019 secs]
2020-10-27T20:53:57.159+0800: 1.617: [GC concurrent-cleanup-start]
2020-10-27T20:53:57.159+0800: 1.617: [GC concurrent-cleanup-end, 0.0000087 secs]
2020-10-27T20:53:57.194+0800: 1.652: [GC pause (G1 Evacuation Pause) (young)-- 420M->311M(512M), 0.0047219 secs]
2020-10-27T20:53:57.199+0800: 1.657: [GC pause (G1 Evacuation Pause) (mixed) 318M->273M(512M), 0.0040509 secs]
2020-10-27T20:53:57.217+0800: 1.675: [GC pause (G1 Evacuation Pause) (mixed) 303M->277M(512M), 0.0025887 secs]
2020-10-27T20:53:57.220+0800: 1.678: [GC pause (G1 Humongous Allocation) (young) (initial-mark) 278M->278M(512M), 0.0009099 secs]
2020-10-27T20:53:57.221+0800: 1.679: [GC concurrent-root-region-scan-start]
2020-10-27T20:53:57.221+0800: 1.679: [GC concurrent-root-region-scan-end, 0.0000625 secs]
2020-10-27T20:53:57.221+0800: 1.679: [GC concurrent-mark-start]
2020-10-27T20:53:57.223+0800: 1.681: [GC concurrent-mark-end, 0.0020405 secs]
2020-10-27T20:53:57.223+0800: 1.681: [GC remark, 0.0010633 secs]
2020-10-27T20:53:57.224+0800: 1.683: [GC cleanup 289M->287M(512M), 0.0005398 secs]
2020-10-27T20:53:57.225+0800: 1.683: [GC concurrent-cleanup-start]
2020-10-27T20:53:57.225+0800: 1.683: [GC concurrent-cleanup-end, 0.0000093 secs]
2020-10-27T20:53:57.273+0800: 1.731: [GC pause (G1 Evacuation Pause) (young) 411M->301M(512M), 0.0044047 secs]
2020-10-27T20:53:57.282+0800: 1.740: [GC pause (G1 Evacuation Pause) (mixed) 313M->260M(512M), 0.0030537 secs]
2020-10-27T20:53:57.291+0800: 1.749: [GC pause (G1 Evacuation Pause) (mixed) 285M->238M(512M), 0.0040030 secs]
2020-10-27T20:53:57.295+0800: 1.753: [GC pause (G1 Humongous Allocation) (young) (initial-mark) 239M->239M(512M), 0.0008744 secs]
2020-10-27T20:53:57.296+0800: 1.754: [GC concurrent-root-region-scan-start]
2020-10-27T20:53:57.296+0800: 1.754: [GC concurrent-root-region-scan-end, 0.0000817 secs]
2020-10-27T20:53:57.296+0800: 1.754: [GC concurrent-mark-start]
2020-10-27T20:53:57.298+0800: 1.756: [GC concurrent-mark-end, 0.0020970 secs]
2020-10-27T20:53:57.298+0800: 1.756: [GC remark, 0.0010283 secs]
2020-10-27T20:53:57.299+0800: 1.757: [GC cleanup 253M->252M(512M), 0.0006156 secs]
2020-10-27T20:53:57.300+0800: 1.758: [GC concurrent-cleanup-start]
2020-10-27T20:53:57.300+0800: 1.758: [GC concurrent-cleanup-end, 0.0000082 secs]
2020-10-27T20:53:57.350+0800: 1.808: [GC pause (G1 Evacuation Pause) (young)-- 430M->349M(512M), 0.0047269 secs]
2020-10-27T20:53:57.356+0800: 1.814: [GC pause (G1 Evacuation Pause) (mixed) 358M->316M(512M), 0.0045027 secs]
2020-10-27T20:53:57.368+0800: 1.826: [GC pause (G1 Evacuation Pause) (mixed) 344M->322M(512M), 0.0025995 secs]
2020-10-27T20:53:57.371+0800: 1.829: [GC pause (G1 Humongous Allocation) (young) (initial-mark) 322M->321M(512M), 0.0008567 secs]
2020-10-27T20:53:57.372+0800: 1.830: [GC concurrent-root-region-scan-start]
2020-10-27T20:53:57.372+0800: 1.830: [GC concurrent-root-region-scan-end, 0.0001067 secs]
2020-10-27T20:53:57.372+0800: 1.830: [GC concurrent-mark-start]
2020-10-27T20:53:57.374+0800: 1.832: [GC concurrent-mark-end, 0.0021003 secs]
2020-10-27T20:53:57.374+0800: 1.832: [GC remark, 0.0010990 secs]
2020-10-27T20:53:57.376+0800: 1.833: [GC cleanup 327M->317M(512M), 0.0004446 secs]
2020-10-27T20:53:57.376+0800: 1.834: [GC concurrent-cleanup-start]
2020-10-27T20:53:57.376+0800: 1.834: [GC concurrent-cleanup-end, 0.0000102 secs]
2020-10-27T20:53:57.404+0800: 1.862: [GC pause (G1 Evacuation Pause) (young) 411M->332M(512M), 0.0038864 secs]
2020-10-27T20:53:57.415+0800: 1.873: [GC pause (G1 Evacuation Pause) (mixed) 349M->290M(512M), 0.0029681 secs]
2020-10-27T20:53:57.427+0800: 1.885: [GC pause (G1 Evacuation Pause) (mixed) 314M->259M(512M), 0.0039075 secs]
2020-10-27T20:53:57.439+0800: 1.897: [GC pause (G1 Evacuation Pause) (mixed) 284M->247M(512M), 0.0037878 secs]
2020-10-27T20:53:57.443+0800: 1.901: [GC pause (G1 Humongous Allocation) (young) (initial-mark) 248M->248M(512M), 0.0014367 secs]
2020-10-27T20:53:57.444+0800: 1.902: [GC concurrent-root-region-scan-start]
2020-10-27T20:53:57.445+0800: 1.902: [GC concurrent-root-region-scan-end, 0.0001699 secs]
2020-10-27T20:53:57.445+0800: 1.902: [GC concurrent-mark-start]
2020-10-27T20:53:57.447+0800: 1.904: [GC concurrent-mark-end, 0.0019647 secs]
2020-10-27T20:53:57.447+0800: 1.904: [GC remark, 0.0010423 secs]
2020-10-27T20:53:57.448+0800: 1.906: [GC cleanup 257M->257M(512M), 0.0003814 secs]
2020-10-27T20:53:57.504+0800: 1.962: [GC pause (G1 Evacuation Pause) (young)-- 426M->329M(512M), 0.0045653 secs]
2020-10-27T20:53:57.511+0800: 1.969: [GC pause (G1 Evacuation Pause) (mixed) 337M->295M(512M), 0.0040932 secs]
2020-10-27T20:53:57.525+0800: 1.982: [GC pause (G1 Evacuation Pause) (mixed) 321M->295M(512M), 0.0021854 secs]
2020-10-27T20:53:57.528+0800: 1.985: [GC pause (G1 Humongous Allocation) (young) (initial-mark) 299M->295M(512M), 0.0012410 secs]
2020-10-27T20:53:57.529+0800: 1.986: [GC concurrent-root-region-scan-start]
2020-10-27T20:53:57.529+0800: 1.987: [GC concurrent-root-region-scan-end, 0.0001341 secs]
2020-10-27T20:53:57.529+0800: 1.987: [GC concurrent-mark-start]
2020-10-27T20:53:57.531+0800: 1.989: [GC concurrent-mark-end, 0.0020375 secs]
2020-10-27T20:53:57.531+0800: 1.989: [GC remark, 0.0010499 secs]
2020-10-27T20:53:57.532+0800: 1.990: [GC cleanup 297M->292M(512M), 0.0003073 secs]
2020-10-27T20:53:57.533+0800: 1.990: [GC concurrent-cleanup-start]
2020-10-27T20:53:57.533+0800: 1.990: [GC concurrent-cleanup-end, 0.0000105 secs]
2020-10-27T20:53:57.563+0800: 2.020: [GC pause (G1 Evacuation Pause) (young) 422M->317M(512M), 0.0039521 secs]
2020-10-27T20:53:57.568+0800: 2.026: [GC pause (G1 Evacuation Pause) (mixed) 328M->275M(512M), 0.0031007 secs]
2020-10-27T20:53:57.578+0800: 2.036: [GC pause (G1 Evacuation Pause) (mixed) 301M->243M(512M), 0.0039029 secs]
2020-10-27T20:53:57.588+0800: 2.046: [GC pause (G1 Evacuation Pause) (mixed) 273M->246M(512M), 0.0029776 secs]
2020-10-27T20:53:57.592+0800: 2.050: [GC pause (G1 Humongous Allocation) (young) (initial-mark) 249M->246M(512M), 0.0009705 secs]
2020-10-27T20:53:57.593+0800: 2.051: [GC concurrent-root-region-scan-start]
2020-10-27T20:53:57.593+0800: 2.051: [GC concurrent-root-region-scan-end, 0.0001065 secs]
2020-10-27T20:53:57.593+0800: 2.051: [GC concurrent-mark-start]
2020-10-27T20:53:57.595+0800: 2.053: [GC concurrent-mark-end, 0.0019322 secs]
2020-10-27T20:53:57.595+0800: 2.053: [GC remark, 0.0010811 secs]
2020-10-27T20:53:57.596+0800: 2.054: [GC cleanup 259M->258M(512M), 0.0004139 secs]
2020-10-27T20:53:57.597+0800: 2.055: [GC concurrent-cleanup-start]
2020-10-27T20:53:57.597+0800: 2.055: [GC concurrent-cleanup-end, 0.0000092 secs]
2020-10-27T20:53:57.645+0800: 2.104: [GC pause (G1 Evacuation Pause) (young)-- 428M->342M(512M), 0.0044394 secs]
2020-10-27T20:53:57.652+0800: 2.110: [GC pause (G1 Evacuation Pause) (mixed) 350M->310M(512M), 0.0046014 secs]
2020-10-27T20:53:57.662+0800: 2.121: [GC pause (G1 Evacuation Pause) (mixed) 339M->311M(512M), 0.0026409 secs]
2020-10-27T20:53:57.665+0800: 2.124: [GC pause (G1 Humongous Allocation) (young) (initial-mark) 312M->311M(512M), 0.0011761 secs]
2020-10-27T20:53:57.667+0800: 2.125: [GC concurrent-root-region-scan-start]
2020-10-27T20:53:57.667+0800: 2.125: [GC concurrent-root-region-scan-end, 0.0000905 secs]
2020-10-27T20:53:57.667+0800: 2.125: [GC concurrent-mark-start]
2020-10-27T20:53:57.669+0800: 2.127: [GC concurrent-mark-end, 0.0023198 secs]
2020-10-27T20:53:57.669+0800: 2.127: [GC remark, 0.0010309 secs]
2020-10-27T20:53:57.670+0800: 2.129: [GC cleanup 326M->320M(512M), 0.0004138 secs]
2020-10-27T20:53:57.671+0800: 2.129: [GC concurrent-cleanup-start]
2020-10-27T20:53:57.671+0800: 2.129: [GC concurrent-cleanup-end, 0.0000098 secs]
2020-10-27T20:53:57.696+0800: 2.154: [GC pause (G1 Evacuation Pause) (young) 418M->335M(512M), 0.0048963 secs]
2020-10-27T20:53:57.704+0800: 2.162: [GC pause (G1 Evacuation Pause) (mixed) 353M->294M(512M), 0.0033516 secs]
2020-10-27T20:53:57.717+0800: 2.175: [GC pause (G1 Evacuation Pause) (mixed) 318M->264M(512M), 0.0037919 secs]
2020-10-27T20:53:57.727+0800: 2.185: [GC pause (G1 Evacuation Pause) (mixed) 290M->251M(512M), 0.0037582 secs]
2020-10-27T20:53:57.735+0800: 2.193: [GC pause (G1 Humongous Allocation) (young) (initial-mark) 255M->252M(512M), 0.0008804 secs]
2020-10-27T20:53:57.736+0800: 2.194: [GC concurrent-root-region-scan-start]
2020-10-27T20:53:57.736+0800: 2.194: [GC concurrent-root-region-scan-end, 0.0000849 secs]
2020-10-27T20:53:57.736+0800: 2.194: [GC concurrent-mark-start]
2020-10-27T20:53:57.738+0800: 2.196: [GC concurrent-mark-end, 0.0021696 secs]
2020-10-27T20:53:57.738+0800: 2.196: [GC remark, 0.0011774 secs]
2020-10-27T20:53:57.739+0800: 2.197: [GC cleanup 269M->269M(512M), 0.0003578 secs]
2020-10-27T20:53:57.778+0800: 2.236: [GC pause (G1 Evacuation Pause) (young)-- 438M->366M(512M), 0.0039110 secs]
2020-10-27T20:53:57.783+0800: 2.241: [GC pause (G1 Evacuation Pause) (mixed) 376M->335M(512M), 0.0047630 secs]
2020-10-27T20:53:57.801+0800: 2.259: [GC pause (G1 Evacuation Pause) (mixed) 361M->335M(512M), 0.0026162 secs]
2020-10-27T20:53:57.807+0800: 2.264: [GC pause (G1 Humongous Allocation) (young) (initial-mark) 338M->334M(512M), 0.0012215 secs]
2020-10-27T20:53:57.808+0800: 2.266: [GC concurrent-root-region-scan-start]
2020-10-27T20:53:57.808+0800: 2.266: [GC concurrent-root-region-scan-end, 0.0001387 secs]
2020-10-27T20:53:57.808+0800: 2.266: [GC concurrent-mark-start]
2020-10-27T20:53:57.810+0800: 2.268: [GC concurrent-mark-end, 0.0024545 secs]
2020-10-27T20:53:57.811+0800: 2.268: [GC remark, 0.0011260 secs]
2020-10-27T20:53:57.812+0800: 2.270: [GC cleanup 343M->337M(512M), 0.0004913 secs]
2020-10-27T20:53:57.812+0800: 2.270: [GC concurrent-cleanup-start]
2020-10-27T20:53:57.812+0800: 2.270: [GC concurrent-cleanup-end, 0.0000099 secs]
2020-10-27T20:53:57.833+0800: 2.290: [GC pause (G1 Evacuation Pause) (young) 420M->352M(512M), 0.0042318 secs]
2020-10-27T20:53:57.848+0800: 2.305: [GC pause (G1 Evacuation Pause) (mixed) 372M->306M(512M), 0.0031278 secs]
2020-10-27T20:53:57.857+0800: 2.315: [GC pause (G1 Evacuation Pause) (mixed) 331M->273M(512M), 0.0035550 secs]
2020-10-27T20:53:57.867+0800: 2.325: [GC pause (G1 Evacuation Pause) (mixed) 299M->244M(512M), 0.0042377 secs]
2020-10-27T20:53:57.876+0800: 2.334: [GC pause (G1 Evacuation Pause) (mixed) 269M->250M(512M), 0.0024062 secs]
2020-10-27T20:53:57.880+0800: 2.337: [GC pause (G1 Humongous Allocation) (young) (initial-mark) 250M->250M(512M), 0.0009331 secs]
2020-10-27T20:53:57.881+0800: 2.338: [GC concurrent-root-region-scan-start]
2020-10-27T20:53:57.881+0800: 2.338: [GC concurrent-root-region-scan-end, 0.0000910 secs]
2020-10-27T20:53:57.881+0800: 2.338: [GC concurrent-mark-start]
2020-10-27T20:53:57.883+0800: 2.340: [GC concurrent-mark-end, 0.0020067 secs]
2020-10-27T20:53:57.883+0800: 2.340: [GC remark, 0.0010441 secs]
2020-10-27T20:53:57.884+0800: 2.342: [GC cleanup 261M->259M(512M), 0.0004144 secs]
2020-10-27T20:53:57.885+0800: 2.342: [GC concurrent-cleanup-start]
2020-10-27T20:53:57.885+0800: 2.342: [GC concurrent-cleanup-end, 0.0000096 secs]
2020-10-27T20:53:57.926+0800: 2.383: [GC pause (G1 Evacuation Pause) (young) 417M->283M(512M), 0.0053124 secs]
2020-10-27T20:53:57.935+0800: 2.392: [GC pause (G1 Evacuation Pause) (mixed) 291M->248M(512M), 0.0040377 secs]
2020-10-27T20:53:57.942+0800: 2.400: [GC pause (G1 Evacuation Pause) (mixed) 275M->246M(512M), 0.0023533 secs]
2020-10-27T20:53:57.945+0800: 2.404: [GC pause (G1 Humongous Allocation) (young) (initial-mark) 255M->247M(512M), 0.0011306 secs]
2020-10-27T20:53:57.946+0800: 2.405: [GC concurrent-root-region-scan-start]
2020-10-27T20:53:57.947+0800: 2.405: [GC concurrent-root-region-scan-end, 0.0001045 secs]
2020-10-27T20:53:57.947+0800: 2.405: [GC concurrent-mark-start]
2020-10-27T20:53:57.948+0800: 2.407: [GC concurrent-mark-end, 0.0019227 secs]
2020-10-27T20:53:57.949+0800: 2.407: [GC remark, 0.0010054 secs]
2020-10-27T20:53:57.950+0800: 2.408: [GC cleanup 258M->257M(512M), 0.0005113 secs]
2020-10-27T20:53:57.950+0800: 2.409: [GC concurrent-cleanup-start]
2020-10-27T20:53:57.950+0800: 2.409: [GC concurrent-cleanup-end, 0.0000086 secs]
2020-10-27T20:53:57.972+0800: 2.431: [GC pause (G1 Evacuation Pause) (young) 357M->273M(512M), 0.0039488 secs]
2020-10-27T20:53:57.981+0800: 2.439: [GC pause (G1 Evacuation Pause) (mixed) 287M->239M(512M), 0.0035256 secs]
2020-10-27T20:53:57.989+0800: 2.447: [GC pause (G1 Evacuation Pause) (mixed) 264M->241M(512M), 0.0022906 secs]
2020-10-27T20:53:57.994+0800: 2.452: [GC pause (G1 Humongous Allocation) (young) (initial-mark) 243M->242M(512M), 0.0010976 secs]
2020-10-27T20:53:57.995+0800: 2.453: [GC concurrent-root-region-scan-start]
2020-10-27T20:53:57.995+0800: 2.453: [GC concurrent-root-region-scan-end, 0.0001242 secs]
2020-10-27T20:53:57.995+0800: 2.453: [GC concurrent-mark-start]
2020-10-27T20:53:57.997+0800: 2.455: [GC concurrent-mark-end, 0.0019085 secs]
2020-10-27T20:53:57.997+0800: 2.455: [GC remark, 0.0010820 secs]
2020-10-27T20:53:57.998+0800: 2.457: [GC cleanup 250M->249M(512M), 0.0002325 secs]
2020-10-27T20:53:57.999+0800: 2.457: [GC concurrent-cleanup-start]
2020-10-27T20:53:57.999+0800: 2.457: [GC concurrent-cleanup-end, 0.0000069 secs]
2020-10-27T20:53:58.049+0800: 2.507: [GC pause (G1 Evacuation Pause) (young)-- 419M->281M(512M), 0.0058150 secs]
2020-10-27T20:53:58.055+0800: 2.513: [GC pause (G1 Evacuation Pause) (mixed) 287M->249M(512M), 0.0041290 secs]
2020-10-27T20:53:58.060+0800: 2.518: [GC pause (G1 Humongous Allocation) (young) (initial-mark) 249M->249M(512M), 0.0006952 secs]
2020-10-27T20:53:58.061+0800: 2.519: [GC concurrent-root-region-scan-start]
2020-10-27T20:53:58.061+0800: 2.519: [GC concurrent-root-region-scan-end, 0.0000576 secs]
2020-10-27T20:53:58.061+0800: 2.519: [GC concurrent-mark-start]
2020-10-27T20:53:58.063+0800: 2.521: [GC concurrent-mark-end, 0.0023663 secs]
2020-10-27T20:53:58.063+0800: 2.522: [GC remark, 0.0011277 secs]
2020-10-27T20:53:58.065+0800: 2.523: [GC cleanup 266M->262M(512M), 0.0005259 secs]
2020-10-27T20:53:58.065+0800: 2.523: [GC concurrent-cleanup-start]
2020-10-27T20:53:58.065+0800: 2.523: [GC concurrent-cleanup-end, 0.0000111 secs]
2020-10-27T20:53:58.100+0800: 2.558: [GC pause (G1 Evacuation Pause) (young)-- 427M->345M(512M), 0.0046055 secs]
2020-10-27T20:53:58.110+0800: 2.568: [GC pause (G1 Evacuation Pause) (mixed) 352M->306M(512M), 0.0035439 secs]
2020-10-27T20:53:58.121+0800: 2.579: [GC pause (G1 Evacuation Pause) (mixed) 338M->307M(512M), 0.0028288 secs]
2020-10-27T20:53:58.124+0800: 2.582: [GC pause (G1 Humongous Allocation) (young) (initial-mark) 309M->309M(512M), 0.0010655 secs]
2020-10-27T20:53:58.126+0800: 2.584: [GC concurrent-root-region-scan-start]
2020-10-27T20:53:58.126+0800: 2.584: [GC concurrent-root-region-scan-end, 0.0000673 secs]
2020-10-27T20:53:58.126+0800: 2.584: [GC concurrent-mark-start]
2020-10-27T20:53:58.128+0800: 2.586: [GC concurrent-mark-end, 0.0019180 secs]
2020-10-27T20:53:58.128+0800: 2.586: [GC remark, 0.0012743 secs]
2020-10-27T20:53:58.129+0800: 2.587: [GC cleanup 317M->314M(512M), 0.0005514 secs]
2020-10-27T20:53:58.130+0800: 2.588: [GC concurrent-cleanup-start]
2020-10-27T20:53:58.130+0800: 2.588: [GC concurrent-cleanup-end, 0.0000100 secs]
2020-10-27T20:53:58.152+0800: 2.610: [GC pause (G1 Evacuation Pause) (young)-- 429M->347M(512M), 0.0047389 secs]
2020-10-27T20:53:58.163+0800: 2.621: [GC pause (G1 Evacuation Pause) (mixed) 363M->306M(512M), 0.0028654 secs]
2020-10-27T20:53:58.169+0800: 2.627: [GC pause (G1 Evacuation Pause) (mixed) 331M->272M(512M), 0.0029936 secs]
2020-10-27T20:53:58.180+0800: 2.638: [GC pause (G1 Evacuation Pause) (mixed) 295M->261M(512M), 0.0026358 secs]
2020-10-27T20:53:58.184+0800: 2.642: [GC pause (G1 Humongous Allocation) (young) (initial-mark) 267M->262M(512M), 0.0011115 secs]
2020-10-27T20:53:58.185+0800: 2.643: [GC concurrent-root-region-scan-start]
2020-10-27T20:53:58.185+0800: 2.643: [GC concurrent-root-region-scan-end, 0.0000620 secs]
2020-10-27T20:53:58.185+0800: 2.643: [GC concurrent-mark-start]
2020-10-27T20:53:58.187+0800: 2.645: [GC concurrent-mark-end, 0.0020672 secs]
2020-10-27T20:53:58.187+0800: 2.645: [GC remark, 0.0010028 secs]
2020-10-27T20:53:58.188+0800: 2.646: [GC cleanup 274M->272M(512M), 0.0003093 secs]
2020-10-27T20:53:58.189+0800: 2.646: [GC concurrent-cleanup-start]
2020-10-27T20:53:58.189+0800: 2.646: [GC concurrent-cleanup-end, 0.0000080 secs]
2020-10-27T20:53:58.225+0800: 2.682: [GC pause (G1 Evacuation Pause) (young)-- 438M->359M(512M), 0.0034583 secs]
2020-10-27T20:53:58.234+0800: 2.691: [GC pause (G1 Evacuation Pause) (mixed) 366M->321M(512M), 0.0034818 secs]
2020-10-27T20:53:58.244+0800: 2.702: [GC pause (G1 Evacuation Pause) (mixed) 348M->317M(512M), 0.0030344 secs]
2020-10-27T20:53:58.250+0800: 2.707: [GC pause (G1 Humongous Allocation) (young) (initial-mark) 331M->319M(512M), 0.0015147 secs]
2020-10-27T20:53:58.251+0800: 2.709: [GC concurrent-root-region-scan-start]
2020-10-27T20:53:58.251+0800: 2.709: [GC concurrent-root-region-scan-end, 0.0001303 secs]
2020-10-27T20:53:58.251+0800: 2.709: [GC concurrent-mark-start]
2020-10-27T20:53:58.253+0800: 2.711: [GC concurrent-mark-end, 0.0020110 secs]
2020-10-27T20:53:58.254+0800: 2.711: [GC remark, 0.0010586 secs]
2020-10-27T20:53:58.255+0800: 2.712: [GC cleanup 330M->327M(512M), 0.0004784 secs]
2020-10-27T20:53:58.255+0800: 2.713: [GC concurrent-cleanup-start]
2020-10-27T20:53:58.255+0800: 2.713: [GC concurrent-cleanup-end, 0.0000088 secs]
2020-10-27T20:53:58.286+0800: 2.743: [GC pause (G1 Evacuation Pause) (young) 425M->343M(512M), 0.0047519 secs]
2020-10-27T20:53:58.292+0800: 2.750: [GC pause (G1 Evacuation Pause) (mixed) 359M->303M(512M), 0.0031197 secs]
2020-10-27T20:53:58.302+0800: 2.759: [GC pause (G1 Evacuation Pause) (mixed) 332M->277M(512M), 0.0036413 secs]
2020-10-27T20:53:58.313+0800: 2.771: [GC pause (G1 Evacuation Pause) (mixed) 306M->258M(512M), 0.0035678 secs]
2020-10-27T20:53:58.317+0800: 2.775: [GC pause (G1 Humongous Allocation) (young) (initial-mark) 261M->259M(512M), 0.0012924 secs]
2020-10-27T20:53:58.318+0800: 2.776: [GC concurrent-root-region-scan-start]
2020-10-27T20:53:58.318+0800: 2.777: [GC concurrent-root-region-scan-end, 0.0001170 secs]
2020-10-27T20:53:58.318+0800: 2.777: [GC concurrent-mark-start]
2020-10-27T20:53:58.320+0800: 2.779: [GC concurrent-mark-end, 0.0021467 secs]
2020-10-27T20:53:58.320+0800: 2.779: [GC remark, 0.0010640 secs]
2020-10-27T20:53:58.322+0800: 2.780: [GC cleanup 276M->276M(512M), 0.0005233 secs]
2020-10-27T20:53:58.344+0800: 2.802: [GC pause (G1 Evacuation Pause) (young) 388M->287M(512M), 0.0046875 secs]
2020-10-27T20:53:58.351+0800: 2.809: [GC pause (G1 Evacuation Pause) (mixed) 300M->261M(512M), 0.0038066 secs]
2020-10-27T20:53:58.362+0800: 2.820: [GC pause (G1 Evacuation Pause) (mixed) 288M->246M(512M), 0.0033590 secs]
2020-10-27T20:53:58.366+0800: 2.824: [GC pause (G1 Humongous Allocation) (young) (initial-mark) 249M->247M(512M), 0.0012418 secs]
2020-10-27T20:53:58.367+0800: 2.826: [GC concurrent-root-region-scan-start]
2020-10-27T20:53:58.367+0800: 2.826: [GC concurrent-root-region-scan-end, 0.0000893 secs]
2020-10-27T20:53:58.367+0800: 2.826: [GC concurrent-mark-start]
2020-10-27T20:53:58.369+0800: 2.828: [GC concurrent-mark-end, 0.0018929 secs]
2020-10-27T20:53:58.369+0800: 2.828: [GC remark, 0.0010791 secs]
2020-10-27T20:53:58.371+0800: 2.829: [GC cleanup 255M->254M(512M), 0.0006009 secs]
2020-10-27T20:53:58.371+0800: 2.830: [GC concurrent-cleanup-start]
2020-10-27T20:53:58.371+0800: 2.830: [GC concurrent-cleanup-end, 0.0000079 secs]
2020-10-27T20:53:58.395+0800: 2.853: [GC pause (G1 Evacuation Pause) (young) 328M->270M(512M), 0.0040714 secs]
2020-10-27T20:53:58.404+0800: 2.862: [GC pause (G1 Evacuation Pause) (mixed) 292M->243M(512M), 0.0041166 secs]
2020-10-27T20:53:58.408+0800: 2.866: [GC pause (G1 Humongous Allocation) (young) (initial-mark) 244M->243M(512M), 0.0010442 secs]
2020-10-27T20:53:58.409+0800: 2.867: [GC concurrent-root-region-scan-start]
2020-10-27T20:53:58.409+0800: 2.867: [GC concurrent-root-region-scan-end, 0.0000610 secs]
2020-10-27T20:53:58.409+0800: 2.867: [GC concurrent-mark-start]
2020-10-27T20:53:58.411+0800: 2.869: [GC concurrent-mark-end, 0.0020216 secs]
2020-10-27T20:53:58.411+0800: 2.869: [GC remark, 0.0011915 secs]
2020-10-27T20:53:58.413+0800: 2.871: [GC cleanup 256M->255M(512M), 0.0006519 secs]
2020-10-27T20:53:58.413+0800: 2.871: [GC concurrent-cleanup-start]
2020-10-27T20:53:58.413+0800: 2.871: [GC concurrent-cleanup-end, 0.0000086 secs]
2020-10-27T20:53:58.444+0800: 2.902: [GC pause (G1 Evacuation Pause) (young) 365M->268M(512M), 0.0053266 secs]
2020-10-27T20:53:58.453+0800: 2.911: [GC pause (G1 Evacuation Pause) (mixed) 282M->256M(512M), 0.0027589 secs]
2020-10-27T20:53:58.464+0800: 2.922: [GC pause (G1 Evacuation Pause) (mixed) 284M->257M(512M), 0.0030095 secs]
2020-10-27T20:53:58.477+0800: 2.935: [GC pause (G1 Evacuation Pause) (mixed) 282M->259M(512M), 0.0024642 secs]
2020-10-27T20:53:58.479+0800: 2.937: [GC pause (G1 Humongous Allocation) (young) (initial-mark) 260M->259M(512M), 0.0008296 secs]
2020-10-27T20:53:58.480+0800: 2.938: [GC concurrent-root-region-scan-start]
2020-10-27T20:53:58.480+0800: 2.938: [GC concurrent-root-region-scan-end, 0.0000864 secs]
2020-10-27T20:53:58.480+0800: 2.938: [GC concurrent-mark-start]
2020-10-27T20:53:58.483+0800: 2.941: [GC concurrent-mark-end, 0.0021404 secs]
2020-10-27T20:53:58.483+0800: 2.941: [GC remark, 0.0010078 secs]
2020-10-27T20:53:58.484+0800: 2.942: [GC cleanup 274M->272M(512M), 0.0002809 secs]
2020-10-27T20:53:58.484+0800: 2.942: [GC concurrent-cleanup-start]
2020-10-27T20:53:58.484+0800: 2.942: [GC concurrent-cleanup-end, 0.0000091 secs]
2020-10-27T20:53:58.510+0800: 2.968: [GC pause (G1 Evacuation Pause) (young) 346M->279M(512M), 0.0044170 secs]
2020-10-27T20:53:58.518+0800: 2.976: [GC pause (G1 Evacuation Pause) (mixed) 297M->258M(512M), 0.0033763 secs]
2020-10-27T20:53:58.530+0800: 2.987: [GC pause (G1 Evacuation Pause) (mixed) 281M->245M(512M), 0.0032957 secs]
2020-10-27T20:53:58.542+0800: 3.000: [GC pause (G1 Evacuation Pause) (mixed) 272M->250M(512M), 0.0025734 secs]
2020-10-27T20:53:58.545+0800: 3.003: [GC pause (G1 Humongous Allocation) (young) (initial-mark) 251M->251M(512M), 0.0009091 secs]
2020-10-27T20:53:58.546+0800: 3.003: [GC concurrent-root-region-scan-start]
2020-10-27T20:53:58.546+0800: 3.004: [GC concurrent-root-region-scan-end, 0.0000653 secs]
2020-10-27T20:53:58.546+0800: 3.004: [GC concurrent-mark-start]
2020-10-27T20:53:58.548+0800: 3.006: [GC concurrent-mark-end, 0.0019672 secs]
2020-10-27T20:53:58.548+0800: 3.006: [GC remark, 0.0011077 secs]
2020-10-27T20:53:58.549+0800: 3.007: [GC cleanup 254M->253M(512M), 0.0005872 secs]
2020-10-27T20:53:58.550+0800: 3.008: [GC concurrent-cleanup-start]
2020-10-27T20:53:58.550+0800: 3.008: [GC concurrent-cleanup-end, 0.0000083 secs]
2020-10-27T20:53:58.597+0800: 3.054: [GC pause (G1 Evacuation Pause) (young) 410M->292M(512M), 0.0054588 secs]
2020-10-27T20:53:58.606+0800: 3.063: [GC pause (G1 Evacuation Pause) (mixed) 301M->257M(512M), 0.0038922 secs]
2020-10-27T20:53:58.616+0800: 3.074: [GC pause (G1 Evacuation Pause) (mixed) 282M->254M(512M), 0.0028134 secs]
2020-10-27T20:53:58.622+0800: 3.080: [GC pause (G1 Humongous Allocation) (young) (initial-mark) 261M->255M(512M), 0.0013457 secs]
2020-10-27T20:53:58.624+0800: 3.081: [GC concurrent-root-region-scan-start]
2020-10-27T20:53:58.624+0800: 3.081: [GC concurrent-root-region-scan-end, 0.0001222 secs]
2020-10-27T20:53:58.624+0800: 3.081: [GC concurrent-mark-start]
2020-10-27T20:53:58.626+0800: 3.083: [GC concurrent-mark-end, 0.0021411 secs]
2020-10-27T20:53:58.626+0800: 3.084: [GC remark, 0.0010616 secs]
2020-10-27T20:53:58.627+0800: 3.085: [GC cleanup 274M->269M(512M), 0.0003936 secs]
2020-10-27T20:53:58.628+0800: 3.085: [GC concurrent-cleanup-start]
2020-10-27T20:53:58.628+0800: 3.085: [GC concurrent-cleanup-end, 0.0000106 secs]
2020-10-27T20:53:58.661+0800: 3.119: [GC pause (G1 Evacuation Pause) (young) 358M->272M(512M), 0.0043070 secs]
2020-10-27T20:53:58.673+0800: 3.130: [GC pause (G1 Evacuation Pause) (mixed) 290M->255M(512M), 0.0029409 secs]
2020-10-27T20:53:58.680+0800: 3.139: [GC pause (G1 Evacuation Pause) (mixed) 285M->251M(512M), 0.0029144 secs]
2020-10-27T20:53:58.695+0800: 3.154: [GC pause (G1 Evacuation Pause) (mixed) 280M->246M(512M), 0.0031140 secs]
2020-10-27T20:53:58.706+0800: 3.165: [GC pause (G1 Evacuation Pause) (mixed) 275M->251M(512M), 0.0025973 secs]
2020-10-27T20:53:58.712+0800: 3.170: [GC pause (G1 Humongous Allocation) (young) (initial-mark) 255M->253M(512M), 0.0011046 secs]
2020-10-27T20:53:58.713+0800: 3.171: [GC concurrent-root-region-scan-start]
2020-10-27T20:53:58.713+0800: 3.172: [GC concurrent-root-region-scan-end, 0.0001075 secs]
2020-10-27T20:53:58.713+0800: 3.172: [GC concurrent-mark-start]
2020-10-27T20:53:58.715+0800: 3.174: [GC concurrent-mark-end, 0.0020367 secs]
2020-10-27T20:53:58.715+0800: 3.174: [GC remark, 0.0010524 secs]
2020-10-27T20:53:58.716+0800: 3.175: [GC cleanup 269M->267M(512M), 0.0005402 secs]
2020-10-27T20:53:58.717+0800: 3.175: [GC concurrent-cleanup-start]
2020-10-27T20:53:58.717+0800: 3.175: [GC concurrent-cleanup-end, 0.0000089 secs]
2020-10-27T20:53:58.732+0800: 3.190: [GC pause (G1 Evacuation Pause) (young) 347M->277M(512M), 0.0041851 secs]
2020-10-27T20:53:58.740+0800: 3.198: [GC pause (G1 Evacuation Pause) (mixed) 296M->246M(512M), 0.0040331 secs]
2020-10-27T20:53:58.750+0800: 3.208: [GC pause (G1 Evacuation Pause) (mixed) 273M->236M(512M), 0.0034029 secs]
2020-10-27T20:53:58.754+0800: 3.212: [GC pause (G1 Humongous Allocation) (young) (initial-mark) 238M->237M(512M), 0.0011983 secs]
2020-10-27T20:53:58.755+0800: 3.213: [GC concurrent-root-region-scan-start]
2020-10-27T20:53:58.755+0800: 3.213: [GC concurrent-root-region-scan-end, 0.0001182 secs]
2020-10-27T20:53:58.755+0800: 3.213: [GC concurrent-mark-start]
2020-10-27T20:53:58.757+0800: 3.215: [GC concurrent-mark-end, 0.0019840 secs]
2020-10-27T20:53:58.757+0800: 3.215: [GC remark, 0.0009570 secs]
2020-10-27T20:53:58.758+0800: 3.216: [GC cleanup 253M->253M(512M), 0.0004857 secs]
2020-10-27T20:53:58.783+0800: 3.241: [GC pause (G1 Evacuation Pause) (young) 378M->267M(512M), 0.0045960 secs]
2020-10-27T20:53:58.791+0800: 3.249: [GC pause (G1 Evacuation Pause) (mixed) 280M->258M(512M), 0.0027986 secs]
2020-10-27T20:53:58.799+0800: 3.257: [GC pause (G1 Evacuation Pause) (mixed) 286M->254M(512M), 0.0031871 secs]
2020-10-27T20:53:58.808+0800: 3.266: [GC pause (G1 Evacuation Pause) (mixed) 281M->252M(512M), 0.0031693 secs]
2020-10-27T20:53:58.811+0800: 3.269: [GC pause (G1 Humongous Allocation) (young) (initial-mark) 253M->252M(512M), 0.0008335 secs]
2020-10-27T20:53:58.812+0800: 3.270: [GC concurrent-root-region-scan-start]
2020-10-27T20:53:58.812+0800: 3.270: [GC concurrent-root-region-scan-end, 0.0000066 secs]
2020-10-27T20:53:58.812+0800: 3.270: [GC concurrent-mark-start]
2020-10-27T20:53:58.814+0800: 3.272: [GC concurrent-mark-end, 0.0020366 secs]
2020-10-27T20:53:58.814+0800: 3.272: [GC remark, 0.0010320 secs]
2020-10-27T20:53:58.816+0800: 3.274: [GC cleanup 258M->256M(512M), 0.0004216 secs]
2020-10-27T20:53:58.816+0800: 3.274: [GC concurrent-cleanup-start]
2020-10-27T20:53:58.816+0800: 3.274: [GC concurrent-cleanup-end, 0.0000091 secs]
2020-10-27T20:53:58.824+0800: 3.282: [GC pause (G1 Evacuation Pause) (young) 284M->256M(512M), 0.0022389 secs]
2020-10-27T20:53:58.835+0800: 3.293: [GC pause (G1 Evacuation Pause) (mixed) 281M->247M(512M), 0.0025384 secs]
2020-10-27T20:53:58.844+0800: 3.302: [GC pause (G1 Evacuation Pause) (mixed) 274M->241M(512M), 0.0029868 secs]
2020-10-27T20:53:58.850+0800: 3.308: [GC pause (G1 Evacuation Pause) (mixed) 266M->236M(512M), 0.0025781 secs]
2020-10-27T20:53:58.861+0800: 3.319: [GC pause (G1 Evacuation Pause) (mixed) 262M->241M(512M), 0.0023956 secs]
2020-10-27T20:53:58.863+0800: 3.321: [GC pause (G1 Humongous Allocation) (young) (initial-mark) 243M->241M(512M), 0.0007339 secs]
2020-10-27T20:53:58.864+0800: 3.322: [GC concurrent-root-region-scan-start]
2020-10-27T20:53:58.864+0800: 3.322: [GC concurrent-root-region-scan-end, 0.0001025 secs]
2020-10-27T20:53:58.864+0800: 3.322: [GC concurrent-mark-start]
2020-10-27T20:53:58.866+0800: 3.324: [GC concurrent-mark-end, 0.0019886 secs]
2020-10-27T20:53:58.866+0800: 3.324: [GC remark, 0.0009951 secs]
2020-10-27T20:53:58.867+0800: 3.325: [GC cleanup 249M->249M(512M), 0.0004132 secs]
2020-10-27T20:53:58.878+0800: 3.335: [GC pause (G1 Evacuation Pause) (young) 312M->255M(512M), 0.0032383 secs]
2020-10-27T20:53:58.893+0800: 3.350: [GC pause (G1 Evacuation Pause) (mixed) 280M->249M(512M), 0.0031164 secs]
2020-10-27T20:53:58.900+0800: 3.358: [GC pause (G1 Evacuation Pause) (mixed) 276M->244M(512M), 0.0030992 secs]
2020-10-27T20:53:58.912+0800: 3.370: [GC pause (G1 Evacuation Pause) (mixed) 268M->243M(512M), 0.0018705 secs]
2020-10-27T20:53:58.914+0800: 3.372: [GC pause (G1 Humongous Allocation) (young) (initial-mark) 243M->242M(512M), 0.0008384 secs]
2020-10-27T20:53:58.915+0800: 3.373: [GC concurrent-root-region-scan-start]
2020-10-27T20:53:58.915+0800: 3.373: [GC concurrent-root-region-scan-end, 0.0000760 secs]
2020-10-27T20:53:58.915+0800: 3.373: [GC concurrent-mark-start]
2020-10-27T20:53:58.917+0800: 3.375: [GC concurrent-mark-end, 0.0019256 secs]
2020-10-27T20:53:58.917+0800: 3.375: [GC remark, 0.0009805 secs]
2020-10-27T20:53:58.918+0800: 3.376: [GC cleanup 253M->253M(512M), 0.0003970 secs]
2020-10-27T20:53:58.949+0800: 3.407: [GC pause (G1 Evacuation Pause) (young) 372M->269M(512M), 0.0044023 secs]
2020-10-27T20:53:58.960+0800: 3.417: [GC pause (G1 Evacuation Pause) (mixed) 284M->254M(512M), 0.0032836 secs]
2020-10-27T20:53:58.970+0800: 3.427: [GC pause (G1 Evacuation Pause) (mixed) 281M->248M(512M), 0.0031853 secs]
2020-10-27T20:53:58.982+0800: 3.440: [GC pause (G1 Evacuation Pause) (mixed) 277M->255M(512M), 0.0026362 secs]
2020-10-27T20:53:58.985+0800: 3.443: [GC pause (G1 Humongous Allocation) (young) (initial-mark) 256M->255M(512M), 0.0008758 secs]
2020-10-27T20:53:58.986+0800: 3.443: [GC concurrent-root-region-scan-start]
2020-10-27T20:53:58.986+0800: 3.444: [GC concurrent-root-region-scan-end, 0.0000648 secs]
2020-10-27T20:53:58.986+0800: 3.444: [GC concurrent-mark-start]
2020-10-27T20:53:58.988+0800: 3.446: [GC concurrent-mark-end, 0.0022776 secs]
2020-10-27T20:53:58.988+0800: 3.446: [GC remark, 0.0010107 secs]
2020-10-27T20:53:58.990+0800: 3.447: [GC cleanup 277M->275M(512M), 0.0003255 secs]
2020-10-27T20:53:58.990+0800: 3.448: [GC concurrent-cleanup-start]
2020-10-27T20:53:58.990+0800: 3.448: [GC concurrent-cleanup-end, 0.0000083 secs]
2020-10-27T20:53:59.041+0800: 3.498: [GC pause (G1 Evacuation Pause) (young) 421M->289M(512M), 0.0053556 secs]
2020-10-27T20:53:59.047+0800: 3.505: [GC pause (G1 Evacuation Pause) (mixed) 298M->270M(512M), 0.0032878 secs]
2020-10-27T20:53:59.054+0800: 3.511: [GC pause (G1 Evacuation Pause) (mixed) 298M->265M(512M), 0.0029592 secs]
2020-10-27T20:53:59.064+0800: 3.522: [GC pause (G1 Evacuation Pause) (mixed) 292M->261M(512M), 0.0028124 secs]
2020-10-27T20:53:59.069+0800: 3.526: [GC pause (G1 Humongous Allocation) (young) (initial-mark) 262M->261M(512M), 0.0014295 secs]
2020-10-27T20:53:59.069+0800: 3.528: [GC concurrent-root-region-scan-start]
2020-10-27T20:53:59.069+0800: 3.528: [GC concurrent-root-region-scan-end, 0.0001230 secs]
2020-10-27T20:53:59.069+0800: 3.528: [GC concurrent-mark-start]
2020-10-27T20:53:59.071+0800: 3.530: [GC concurrent-mark-end, 0.0019196 secs]
2020-10-27T20:53:59.071+0800: 3.530: [GC remark, 0.0011930 secs]
2020-10-27T20:53:59.073+0800: 3.531: [GC cleanup 267M->267M(512M), 0.0006961 secs]
2020-10-27T20:53:59.101+0800: 3.560: [GC pause (G1 Evacuation Pause) (young) 343M->282M(512M), 0.0041797 secs]
2020-10-27T20:53:59.109+0800: 3.567: [GC pause (G1 Evacuation Pause) (mixed) 300M->249M(512M), 0.0039773 secs]
2020-10-27T20:53:59.119+0800: 3.577: [GC pause (G1 Evacuation Pause) (mixed) 275M->244M(512M), 0.0032494 secs]
2020-10-27T20:53:59.123+0800: 3.581: [GC pause (G1 Humongous Allocation) (young) (initial-mark) 249M->242M(512M), 0.0009312 secs]
2020-10-27T20:53:59.124+0800: 3.582: [GC concurrent-root-region-scan-start]
2020-10-27T20:53:59.124+0800: 3.582: [GC concurrent-root-region-scan-end, 0.0000625 secs]
2020-10-27T20:53:59.124+0800: 3.582: [GC concurrent-mark-start]
2020-10-27T20:53:59.126+0800: 3.584: [GC concurrent-mark-end, 0.0020208 secs]
2020-10-27T20:53:59.126+0800: 3.584: [GC remark, 0.0011727 secs]
2020-10-27T20:53:59.127+0800: 3.586: [GC cleanup 247M->247M(512M), 0.0007295 secs]
2020-10-27T20:53:59.156+0800: 3.614: [GC pause (G1 Evacuation Pause) (young) 385M->274M(512M), 0.0043004 secs]
2020-10-27T20:53:59.164+0800: 3.622: [GC pause (G1 Evacuation Pause) (mixed) 288M->251M(512M), 0.0046851 secs]
2020-10-27T20:53:59.169+0800: 3.627: [GC pause (G1 Humongous Allocation) (young) (initial-mark) 252M->251M(512M), 0.0013971 secs]
2020-10-27T20:53:59.170+0800: 3.628: [GC concurrent-root-region-scan-start]
2020-10-27T20:53:59.170+0800: 3.629: [GC concurrent-root-region-scan-end, 0.0001208 secs]
2020-10-27T20:53:59.170+0800: 3.629: [GC concurrent-mark-start]
2020-10-27T20:53:59.172+0800: 3.631: [GC concurrent-mark-end, 0.0019423 secs]
2020-10-27T20:53:59.172+0800: 3.631: [GC remark, 0.0010161 secs]
2020-10-27T20:53:59.174+0800: 3.633: [GC cleanup 254M->254M(512M), 0.0005615 secs]
2020-10-27T20:53:59.212+0800: 3.670: [GC pause (G1 Evacuation Pause) (young) 409M->288M(512M), 0.0056645 secs]
2020-10-27T20:53:59.222+0800: 3.680: [GC pause (G1 Evacuation Pause) (mixed) 298M->256M(512M), 0.0042420 secs]
2020-10-27T20:53:59.226+0800: 3.684: [GC pause (G1 Humongous Allocation) (young) (initial-mark) 257M->256M(512M), 0.0009201 secs]
2020-10-27T20:53:59.227+0800: 3.685: [GC concurrent-root-region-scan-start]
2020-10-27T20:53:59.227+0800: 3.685: [GC concurrent-root-region-scan-end, 0.0000884 secs]
2020-10-27T20:53:59.227+0800: 3.685: [GC concurrent-mark-start]
2020-10-27T20:53:59.229+0800: 3.687: [GC concurrent-mark-end, 0.0020903 secs]
2020-10-27T20:53:59.229+0800: 3.687: [GC remark, 0.0010132 secs]
2020-10-27T20:53:59.231+0800: 3.689: [GC cleanup 271M->271M(512M), 0.0005447 secs]
2020-10-27T20:53:59.267+0800: 3.725: [GC pause (G1 Evacuation Pause) (young) 389M->290M(512M), 0.0045752 secs]
2020-10-27T20:53:59.275+0800: 3.733: [GC pause (G1 Evacuation Pause) (mixed) 305M->259M(512M), 0.0037966 secs]
2020-10-27T20:53:59.288+0800: 3.746: [GC pause (G1 Evacuation Pause) (mixed) 284M->258M(512M), 0.0024109 secs]
2020-10-27T20:53:59.291+0800: 3.749: [GC pause (G1 Humongous Allocation) (young) (initial-mark) 260M->258M(512M), 0.0008796 secs]
2020-10-27T20:53:59.292+0800: 3.749: [GC concurrent-root-region-scan-start]
2020-10-27T20:53:59.292+0800: 3.750: [GC concurrent-root-region-scan-end, 0.0000818 secs]
2020-10-27T20:53:59.292+0800: 3.750: [GC concurrent-mark-start]
2020-10-27T20:53:59.294+0800: 3.752: [GC concurrent-mark-end, 0.0021352 secs]
2020-10-27T20:53:59.294+0800: 3.752: [GC remark, 0.0010790 secs]
2020-10-27T20:53:59.295+0800: 3.753: [GC cleanup 266M->265M(512M), 0.0002356 secs]
2020-10-27T20:53:59.295+0800: 3.753: [GC concurrent-cleanup-start]
2020-10-27T20:53:59.295+0800: 3.753: [GC concurrent-cleanup-end, 0.0000085 secs]
2020-10-27T20:53:59.343+0800: 3.800: [GC pause (G1 Evacuation Pause) (young) 412M->292M(512M), 0.0049710 secs]
2020-10-27T20:53:59.349+0800: 3.807: [GC pause (G1 Evacuation Pause) (mixed) 302M->278M(512M), 0.0028755 secs]
2020-10-27T20:53:59.364+0800: 3.822: [GC pause (G1 Evacuation Pause) (mixed) 305M->271M(512M), 0.0023865 secs]
2020-10-27T20:53:59.372+0800: 3.829: [GC pause (G1 Evacuation Pause) (mixed) 302M->271M(512M), 0.0031198 secs]
2020-10-27T20:53:59.385+0800: 3.843: [GC pause (G1 Evacuation Pause) (mixed) 298M->275M(512M), 0.0029273 secs]
2020-10-27T20:53:59.388+0800: 3.846: [GC pause (G1 Humongous Allocation) (young) (initial-mark) 277M->274M(512M), 0.0009858 secs]
2020-10-27T20:53:59.389+0800: 3.847: [GC concurrent-root-region-scan-start]
2020-10-27T20:53:59.389+0800: 3.847: [GC concurrent-root-region-scan-end, 0.0000588 secs]
2020-10-27T20:53:59.390+0800: 3.847: [GC concurrent-mark-start]
2020-10-27T20:53:59.392+0800: 3.849: [GC concurrent-mark-end, 0.0021145 secs]
2020-10-27T20:53:59.392+0800: 3.849: [GC remark, 0.0012145 secs]
2020-10-27T20:53:59.393+0800: 3.851: [GC cleanup 291M->288M(512M), 0.0008724 secs]
2020-10-27T20:53:59.394+0800: 3.852: [GC concurrent-cleanup-start]
2020-10-27T20:53:59.394+0800: 3.852: [GC concurrent-cleanup-end, 0.0000087 secs]
2020-10-27T20:53:59.413+0800: 3.870: [GC pause (G1 Evacuation Pause) (young) 346M->290M(512M), 0.0040269 secs]
2020-10-27T20:53:59.422+0800: 3.880: [GC pause (G1 Evacuation Pause) (mixed) 311M->258M(512M), 0.0038162 secs]
2020-10-27T20:53:59.434+0800: 3.891: [GC pause (G1 Evacuation Pause) (mixed) 289M->249M(512M), 0.0035487 secs]
2020-10-27T20:53:59.438+0800: 3.896: [GC pause (G1 Humongous Allocation) (young) (initial-mark) 250M->249M(512M), 0.0011754 secs]
2020-10-27T20:53:59.439+0800: 3.897: [GC concurrent-root-region-scan-start]
2020-10-27T20:53:59.439+0800: 3.897: [GC concurrent-root-region-scan-end, 0.0000211 secs]
2020-10-27T20:53:59.439+0800: 3.897: [GC concurrent-mark-start]
2020-10-27T20:53:59.441+0800: 3.899: [GC concurrent-mark-end, 0.0019662 secs]
2020-10-27T20:53:59.441+0800: 3.900: [GC remark, 0.0009959 secs]
2020-10-27T20:53:59.442+0800: 3.901: [GC cleanup 259M->258M(512M), 0.0003584 secs]
2020-10-27T20:53:59.443+0800: 3.901: [GC concurrent-cleanup-start]
2020-10-27T20:53:59.443+0800: 3.901: [GC concurrent-cleanup-end, 0.0000086 secs]
2020-10-27T20:53:59.454+0800: 3.912: [GC pause (G1 Evacuation Pause) (young) 330M->264M(512M), 0.0032469 secs]
2020-10-27T20:53:59.461+0800: 3.919: [GC pause (G1 Evacuation Pause) (mixed) 285M->248M(512M), 0.0037999 secs]
2020-10-27T20:53:59.471+0800: 3.929: [GC pause (G1 Evacuation Pause) (mixed) 276M->249M(512M), 0.0030074 secs]
2020-10-27T20:53:59.475+0800: 3.933: [GC pause (G1 Humongous Allocation) (young) (initial-mark) 250M->249M(512M), 0.0009040 secs]
2020-10-27T20:53:59.476+0800: 3.934: [GC concurrent-root-region-scan-start]
2020-10-27T20:53:59.476+0800: 3.934: [GC concurrent-root-region-scan-end, 0.0000631 secs]
2020-10-27T20:53:59.476+0800: 3.934: [GC concurrent-mark-start]
2020-10-27T20:53:59.478+0800: 3.936: [GC concurrent-mark-end, 0.0021391 secs]
2020-10-27T20:53:59.478+0800: 3.936: [GC remark, 0.0012106 secs]
2020-10-27T20:53:59.479+0800: 3.938: [GC cleanup 269M->269M(512M), 0.0004048 secs]
2020-10-27T20:53:59.494+0800: 3.952: [GC pause (G1 Evacuation Pause) (young) 325M->265M(512M), 0.0041395 secs]
2020-10-27T20:53:59.501+0800: 3.959: [GC pause (G1 Evacuation Pause) (mixed) 287M->258M(512M), 0.0025266 secs]
2020-10-27T20:53:59.510+0800: 3.968: [GC pause (G1 Evacuation Pause) (mixed) 286M->254M(512M), 0.0030577 secs]
2020-10-27T20:53:59.516+0800: 3.974: [GC pause (G1 Evacuation Pause) (mixed) 281M->253M(512M), 0.0031553 secs]
2020-10-27T20:53:59.529+0800: 3.987: [GC pause (G1 Evacuation Pause) (mixed) 279M->257M(512M), 0.0019408 secs]
2020-10-27T20:53:59.532+0800: 3.990: [GC pause (G1 Humongous Allocation) (young) (initial-mark) 262M->257M(512M), 0.0014268 secs]
2020-10-27T20:53:59.533+0800: 3.991: [GC concurrent-root-region-scan-start]
2020-10-27T20:53:59.533+0800: 3.992: [GC concurrent-root-region-scan-end, 0.0001310 secs]
2020-10-27T20:53:59.533+0800: 3.992: [GC concurrent-mark-start]
2020-10-27T20:53:59.535+0800: 3.993: [GC concurrent-mark-end, 0.0019553 secs]
2020-10-27T20:53:59.535+0800: 3.994: [GC remark, 0.0011425 secs]
2020-10-27T20:53:59.537+0800: 3.995: [GC cleanup 265M->264M(512M), 0.0006604 secs]
2020-10-27T20:53:59.537+0800: 3.996: [GC concurrent-cleanup-start]
2020-10-27T20:53:59.537+0800: 3.996: [GC concurrent-cleanup-end, 0.0000083 secs]
2020-10-27T20:53:59.556+0800: 4.014: [GC pause (G1 Evacuation Pause) (young) 319M->271M(512M), 0.0032756 secs]
2020-10-27T20:53:59.566+0800: 4.024: [GC pause (G1 Evacuation Pause) (mixed) 292M->256M(512M), 0.0034177 secs]
2020-10-27T20:53:59.573+0800: 4.031: [GC pause (G1 Evacuation Pause) (mixed) 281M->249M(512M), 0.0031724 secs]
2020-10-27T20:53:59.583+0800: 4.041: [GC pause (G1 Evacuation Pause) (mixed) 278M->246M(512M), 0.0034485 secs]
2020-10-27T20:53:59.588+0800: 4.046: [GC pause (G1 Humongous Allocation) (young) (initial-mark) 247M->246M(512M), 0.0013749 secs]
2020-10-27T20:53:59.589+0800: 4.047: [GC concurrent-root-region-scan-start]
2020-10-27T20:53:59.589+0800: 4.047: [GC concurrent-root-region-scan-end, 0.0000904 secs]
2020-10-27T20:53:59.589+0800: 4.047: [GC concurrent-mark-start]
2020-10-27T20:53:59.591+0800: 4.049: [GC concurrent-mark-end, 0.0019507 secs]
2020-10-27T20:53:59.591+0800: 4.049: [GC remark, 0.0010144 secs]
2020-10-27T20:53:59.593+0800: 4.051: [GC cleanup 255M->254M(512M), 0.0004115 secs]
2020-10-27T20:53:59.593+0800: 4.051: [GC concurrent-cleanup-start]
2020-10-27T20:53:59.593+0800: 4.051: [GC concurrent-cleanup-end, 0.0000079 secs]
2020-10-27T20:53:59.629+0800: 4.087: [GC pause (G1 Evacuation Pause) (young) 370M->273M(512M), 0.0049045 secs]
2020-10-27T20:53:59.642+0800: 4.100: [GC pause (G1 Evacuation Pause) (mixed) 287M->251M(512M), 0.0030952 secs]
2020-10-27T20:53:59.651+0800: 4.109: [GC pause (G1 Evacuation Pause) (mixed) 278M->247M(512M), 0.0028708 secs]
2020-10-27T20:53:59.654+0800: 4.112: [GC pause (G1 Humongous Allocation) (young) (initial-mark) 249M->248M(512M), 0.0009988 secs]
2020-10-27T20:53:59.655+0800: 4.113: [GC concurrent-root-region-scan-start]
2020-10-27T20:53:59.655+0800: 4.113: [GC concurrent-root-region-scan-end, 0.0000657 secs]
2020-10-27T20:53:59.655+0800: 4.113: [GC concurrent-mark-start]
2020-10-27T20:53:59.657+0800: 4.115: [GC concurrent-mark-end, 0.0021241 secs]
2020-10-27T20:53:59.657+0800: 4.115: [GC remark, 0.0013421 secs]
2020-10-27T20:53:59.659+0800: 4.117: [GC cleanup 265M->265M(512M), 0.0009633 secs]
2020-10-27T20:53:59.675+0800: 4.132: [GC pause (G1 Evacuation Pause) (young) 332M->272M(512M), 0.0034216 secs]
2020-10-27T20:53:59.683+0800: 4.141: [GC pause (G1 Evacuation Pause) (mixed) 292M->243M(512M), 0.0043339 secs]
2020-10-27T20:53:59.694+0800: 4.152: [GC pause (G1 Evacuation Pause) (mixed) 272M->244M(512M), 0.0028693 secs]
2020-10-27T20:53:59.697+0800: 4.155: [GC pause (G1 Humongous Allocation) (young) (initial-mark) 247M->245M(512M), 0.0013289 secs]
2020-10-27T20:53:59.699+0800: 4.156: [GC concurrent-root-region-scan-start]
2020-10-27T20:53:59.699+0800: 4.157: [GC concurrent-root-region-scan-end, 0.0000826 secs]
2020-10-27T20:53:59.699+0800: 4.157: [GC concurrent-mark-start]
2020-10-27T20:53:59.701+0800: 4.159: [GC concurrent-mark-end, 0.0019906 secs]
2020-10-27T20:53:59.701+0800: 4.159: [GC remark, 0.0010700 secs]
2020-10-27T20:53:59.702+0800: 4.160: [GC cleanup 252M->252M(512M), 0.0005710 secs]
2020-10-27T20:53:59.741+0800: 4.198: [GC pause (G1 Evacuation Pause) (young) 391M->284M(512M), 0.0052429 secs]
2020-10-27T20:53:59.751+0800: 4.208: [GC pause (G1 Evacuation Pause) (mixed) 297M->251M(512M), 0.0046043 secs]
2020-10-27T20:53:59.764+0800: 4.221: [GC pause (G1 Evacuation Pause) (mixed) 276M->253M(512M), 0.0021090 secs]
2020-10-27T20:53:59.769+0800: 4.226: [GC pause (G1 Humongous Allocation) (young) (initial-mark) 258M->253M(512M), 0.0009740 secs]
2020-10-27T20:53:59.770+0800: 4.227: [GC concurrent-root-region-scan-start]
2020-10-27T20:53:59.770+0800: 4.227: [GC concurrent-root-region-scan-end, 0.0001172 secs]
2020-10-27T20:53:59.770+0800: 4.227: [GC concurrent-mark-start]
2020-10-27T20:53:59.772+0800: 4.229: [GC concurrent-mark-end, 0.0019097 secs]
2020-10-27T20:53:59.772+0800: 4.229: [GC remark, 0.0009950 secs]
2020-10-27T20:53:59.773+0800: 4.230: [GC cleanup 262M->262M(512M), 0.0004625 secs]
2020-10-27T20:53:59.820+0800: 4.278: [GC pause (G1 Evacuation Pause) (young) 414M->295M(512M), 0.0053509 secs]
2020-10-27T20:53:59.827+0800: 4.286: [GC pause (G1 Evacuation Pause) (mixed) 302M->260M(512M), 0.0040359 secs]
2020-10-27T20:53:59.842+0800: 4.301: [GC pause (G1 Evacuation Pause) (mixed) 288M->261M(512M), 0.0029408 secs]
2020-10-27T20:53:59.845+0800: 4.304: [GC pause (G1 Humongous Allocation) (young) (initial-mark) 262M->261M(512M), 0.0008275 secs]
2020-10-27T20:53:59.846+0800: 4.305: [GC concurrent-root-region-scan-start]
2020-10-27T20:53:59.846+0800: 4.305: [GC concurrent-root-region-scan-end, 0.0000841 secs]
2020-10-27T20:53:59.846+0800: 4.305: [GC concurrent-mark-start]
2020-10-27T20:53:59.849+0800: 4.307: [GC concurrent-mark-end, 0.0022708 secs]
2020-10-27T20:53:59.849+0800: 4.307: [GC remark, 0.0010551 secs]
2020-10-27T20:53:59.850+0800: 4.308: [GC cleanup 267M->266M(512M), 0.0003121 secs]
2020-10-27T20:53:59.850+0800: 4.309: [GC concurrent-cleanup-start]
2020-10-27T20:53:59.850+0800: 4.309: [GC concurrent-cleanup-end, 0.0000085 secs]
2020-10-27T20:53:59.903+0800: 4.361: [GC pause (G1 Evacuation Pause) (young)-- 432M->359M(512M), 0.0040375 secs]
2020-10-27T20:53:59.911+0800: 4.369: [GC pause (G1 Evacuation Pause) (mixed) 370M->324M(512M), 0.0040627 secs]
2020-10-27T20:53:59.927+0800: 4.385: [GC pause (G1 Evacuation Pause) (mixed) 353M->317M(512M), 0.0035975 secs]
2020-10-27T20:53:59.931+0800: 4.389: [GC pause (G1 Humongous Allocation) (young) (initial-mark) 318M->317M(512M), 0.0008811 secs]
2020-10-27T20:53:59.932+0800: 4.390: [GC concurrent-root-region-scan-start]
2020-10-27T20:53:59.932+0800: 4.390: [GC concurrent-root-region-scan-end, 0.0000884 secs]
2020-10-27T20:53:59.932+0800: 4.390: [GC concurrent-mark-start]
2020-10-27T20:53:59.934+0800: 4.392: [GC concurrent-mark-end, 0.0020576 secs]
2020-10-27T20:53:59.934+0800: 4.392: [GC remark, 0.0010173 secs]
2020-10-27T20:53:59.935+0800: 4.393: [GC cleanup 324M->317M(512M), 0.0003759 secs]
2020-10-27T20:53:59.936+0800: 4.394: [GC concurrent-cleanup-start]
2020-10-27T20:53:59.936+0800: 4.394: [GC concurrent-cleanup-end, 0.0000105 secs]
2020-10-27T20:53:59.970+0800: 4.428: [GC pause (G1 Evacuation Pause) (young) 422M->331M(512M), 0.0038002 secs]
2020-10-27T20:53:59.975+0800: 4.433: [GC pause (G1 Evacuation Pause) (mixed) 346M->301M(512M), 0.0028098 secs]
2020-10-27T20:53:59.987+0800: 4.445: [GC pause (G1 Evacuation Pause) (mixed) 324M->270M(512M), 0.0027723 secs]
2020-10-27T20:53:59.993+0800: 4.451: [GC pause (G1 Evacuation Pause) (mixed) 295M->255M(512M), 0.0028233 secs]
2020-10-27T20:54:00.004+0800: 4.462: [GC pause (G1 Evacuation Pause) (mixed) 282M->250M(512M), 0.0029424 secs]
2020-10-27T20:54:00.007+0800: 4.465: [GC pause (G1 Humongous Allocation) (young) (initial-mark) 253M->251M(512M), 0.0010312 secs]
2020-10-27T20:54:00.008+0800: 4.466: [GC concurrent-root-region-scan-start]
2020-10-27T20:54:00.008+0800: 4.466: [GC concurrent-root-region-scan-end, 0.0000928 secs]
2020-10-27T20:54:00.008+0800: 4.466: [GC concurrent-mark-start]
2020-10-27T20:54:00.010+0800: 4.468: [GC concurrent-mark-end, 0.0020632 secs]
2020-10-27T20:54:00.010+0800: 4.468: [GC remark, 0.0010619 secs]
2020-10-27T20:54:00.012+0800: 4.470: [GC cleanup 255M->253M(512M), 0.0003373 secs]
2020-10-27T20:54:00.012+0800: 4.470: [GC concurrent-cleanup-start]
2020-10-27T20:54:00.012+0800: 4.470: [GC concurrent-cleanup-end, 0.0000085 secs]
2020-10-27T20:54:00.033+0800: 4.491: [GC pause (G1 Evacuation Pause) (young) 343M->269M(512M), 0.0035956 secs]
2020-10-27T20:54:00.041+0800: 4.498: [GC pause (G1 Evacuation Pause) (mixed) 291M->247M(512M), 0.0040032 secs]
2020-10-27T20:54:00.053+0800: 4.511: [GC pause (G1 Evacuation Pause) (mixed) 274M->246M(512M), 0.0029873 secs]
2020-10-27T20:54:00.056+0800: 4.514: [GC pause (G1 Humongous Allocation) (young) (initial-mark) 246M->246M(512M), 0.0007975 secs]
2020-10-27T20:54:00.057+0800: 4.515: [GC concurrent-root-region-scan-start]
2020-10-27T20:54:00.057+0800: 4.515: [GC concurrent-root-region-scan-end, 0.0001041 secs]
2020-10-27T20:54:00.057+0800: 4.515: [GC concurrent-mark-start]
2020-10-27T20:54:00.059+0800: 4.517: [GC concurrent-mark-end, 0.0020623 secs]
2020-10-27T20:54:00.059+0800: 4.517: [GC remark, 0.0010319 secs]
2020-10-27T20:54:00.061+0800: 4.518: [GC cleanup 255M->253M(512M), 0.0003529 secs]
2020-10-27T20:54:00.061+0800: 4.519: [GC concurrent-cleanup-start]
2020-10-27T20:54:00.061+0800: 4.519: [GC concurrent-cleanup-end, 0.0000083 secs]
2020-10-27T20:54:00.095+0800: 4.553: [GC pause (G1 Evacuation Pause) (young) 379M->267M(512M), 0.0045598 secs]
2020-10-27T20:54:00.106+0800: 4.563: [GC pause (G1 Evacuation Pause) (mixed) 281M->237M(512M), 0.0042796 secs]
2020-10-27T20:54:00.118+0800: 4.576: [GC pause (G1 Evacuation Pause) (mixed) 263M->243M(512M), 0.0019906 secs]
2020-10-27T20:54:00.128+0800: 4.585: [GC pause (G1 Humongous Allocation) (young) (initial-mark) 249M->243M(512M), 0.0013506 secs]
2020-10-27T20:54:00.129+0800: 4.587: [GC concurrent-root-region-scan-start]
2020-10-27T20:54:00.129+0800: 4.587: [GC concurrent-root-region-scan-end, 0.0001232 secs]
2020-10-27T20:54:00.129+0800: 4.587: [GC concurrent-mark-start]
2020-10-27T20:54:00.131+0800: 4.589: [GC concurrent-mark-end, 0.0019461 secs]
2020-10-27T20:54:00.131+0800: 4.589: [GC remark, 0.0011073 secs]
2020-10-27T20:54:00.132+0800: 4.590: [GC cleanup 250M->249M(512M), 0.0005078 secs]
2020-10-27T20:54:00.133+0800: 4.591: [GC concurrent-cleanup-start]
2020-10-27T20:54:00.133+0800: 4.591: [GC concurrent-cleanup-end, 0.0000080 secs]
2020-10-27T20:54:00.197+0800: 4.655: [GC pause (G1 Evacuation Pause) (young)-- 442M->363M(512M), 0.0040360 secs]
2020-10-27T20:54:00.203+0800: 4.661: [GC pause (G1 Evacuation Pause) (mixed) 371M->329M(512M), 0.0043424 secs]
2020-10-27T20:54:00.220+0800: 4.678: [GC pause (G1 Evacuation Pause) (mixed) 356M->323M(512M), 0.0027217 secs]
2020-10-27T20:54:00.223+0800: 4.681: [GC pause (G1 Humongous Allocation) (young) (initial-mark) 327M->324M(512M), 0.0010390 secs]
2020-10-27T20:54:00.224+0800: 4.682: [GC concurrent-root-region-scan-start]
2020-10-27T20:54:00.224+0800: 4.683: [GC concurrent-root-region-scan-end, 0.0001088 secs]
2020-10-27T20:54:00.224+0800: 4.683: [GC concurrent-mark-start]
2020-10-27T20:54:00.226+0800: 4.685: [GC concurrent-mark-end, 0.0020018 secs]
2020-10-27T20:54:00.226+0800: 4.685: [GC remark, 0.0010387 secs]
2020-10-27T20:54:00.228+0800: 4.686: [GC cleanup 331M->324M(512M), 0.0005948 secs]
2020-10-27T20:54:00.228+0800: 4.687: [GC concurrent-cleanup-start]
2020-10-27T20:54:00.228+0800: 4.687: [GC concurrent-cleanup-end, 0.0000112 secs]
2020-10-27T20:54:00.252+0800: 4.710: [GC pause (G1 Evacuation Pause) (young) 422M->344M(512M), 0.0041630 secs]
2020-10-27T20:54:00.260+0800: 4.718: [GC pause (G1 Evacuation Pause) (mixed) 361M->299M(512M), 0.0030455 secs]
2020-10-27T20:54:00.268+0800: 4.726: [GC pause (G1 Evacuation Pause) (mixed) 327M->268M(512M), 0.0034319 secs]
2020-10-27T20:54:00.282+0800: 4.740: [GC pause (G1 Evacuation Pause) (mixed) 293M->247M(512M), 0.0038952 secs]
2020-10-27T20:54:00.294+0800: 4.752: [GC pause (G1 Humongous Allocation) (young) (initial-mark) 256M->250M(512M), 0.0012893 secs]
2020-10-27T20:54:00.295+0800: 4.753: [GC concurrent-root-region-scan-start]
2020-10-27T20:54:00.295+0800: 4.753: [GC concurrent-root-region-scan-end, 0.0000801 secs]
2020-10-27T20:54:00.295+0800: 4.753: [GC concurrent-mark-start]
2020-10-27T20:54:00.297+0800: 4.755: [GC concurrent-mark-end, 0.0019777 secs]
2020-10-27T20:54:00.297+0800: 4.755: [GC remark, 0.0010169 secs]
2020-10-27T20:54:00.298+0800: 4.757: [GC cleanup 258M->258M(512M), 0.0005628 secs]
2020-10-27T20:54:00.350+0800: 4.808: [GC pause (G1 Evacuation Pause) (young)-- 438M->385M(512M), 0.0038245 secs]
2020-10-27T20:54:00.355+0800: 4.813: [GC pause (G1 Evacuation Pause) (mixed) 398M->349M(512M), 0.0039216 secs]
2020-10-27T20:54:00.366+0800: 4.824: [GC pause (G1 Evacuation Pause) (mixed) 380M->350M(512M), 0.0028850 secs]
2020-10-27T20:54:00.370+0800: 4.828: [GC pause (G1 Humongous Allocation) (young) (initial-mark) 351M->350M(512M), 0.0013693 secs]
2020-10-27T20:54:00.371+0800: 4.829: [GC concurrent-root-region-scan-start]
2020-10-27T20:54:00.371+0800: 4.829: [GC concurrent-root-region-scan-end, 0.0001114 secs]
2020-10-27T20:54:00.371+0800: 4.829: [GC concurrent-mark-start]
2020-10-27T20:54:00.373+0800: 4.831: [GC concurrent-mark-end, 0.0022189 secs]
2020-10-27T20:54:00.374+0800: 4.832: [GC remark, 0.0010447 secs]
2020-10-27T20:54:00.375+0800: 4.833: [GC cleanup 366M->356M(512M), 0.0002875 secs]
2020-10-27T20:54:00.375+0800: 4.833: [GC concurrent-cleanup-start]
2020-10-27T20:54:00.375+0800: 4.833: [GC concurrent-cleanup-end, 0.0000114 secs]
2020-10-27T20:54:00.392+0800: 4.850: [GC pause (G1 Evacuation Pause) (young) 414M->358M(512M), 0.0042242 secs]
2020-10-27T20:54:00.407+0800: 4.865: [GC pause (G1 Evacuation Pause) (mixed) 380M->316M(512M), 0.0029406 secs]
2020-10-27T20:54:00.413+0800: 4.871: [GC pause (G1 Evacuation Pause) (mixed) 340M->281M(512M), 0.0029357 secs]
2020-10-27T20:54:00.424+0800: 4.882: [GC pause (G1 Evacuation Pause) (mixed) 305M->254M(512M), 0.0037504 secs]
2020-10-27T20:54:00.437+0800: 4.894: [GC pause (G1 Evacuation Pause) (mixed) 283M->254M(512M), 0.0029750 secs]
2020-10-27T20:54:00.440+0800: 4.897: [GC pause (G1 Humongous Allocation) (young) (initial-mark) 255M->254M(512M), 0.0013153 secs]
2020-10-27T20:54:00.441+0800: 4.899: [GC concurrent-root-region-scan-start]
2020-10-27T20:54:00.441+0800: 4.899: [GC concurrent-root-region-scan-end, 0.0001186 secs]
2020-10-27T20:54:00.441+0800: 4.899: [GC concurrent-mark-start]
2020-10-27T20:54:00.443+0800: 4.901: [GC concurrent-mark-end, 0.0020056 secs]
2020-10-27T20:54:00.443+0800: 4.901: [GC remark, 0.0011468 secs]
2020-10-27T20:54:00.445+0800: 4.902: [GC cleanup 273M->273M(512M), 0.0007601 secs]
2020-10-27T20:54:00.484+0800: 4.941: [GC pause (G1 Evacuation Pause) (young)-- 443M->380M(512M), 0.0030538 secs]
2020-10-27T20:54:00.492+0800: 4.949: [GC pause (G1 Evacuation Pause) (mixed) 395M->349M(512M), 0.0038524 secs]
2020-10-27T20:54:00.501+0800: 4.959: [GC pause (G1 Evacuation Pause) (mixed) 378M->349M(512M), 0.0031935 secs]
2020-10-27T20:54:00.506+0800: 4.963: [GC pause (G1 Humongous Allocation) (young) (initial-mark) 351M->350M(512M), 0.0015385 secs]
2020-10-27T20:54:00.507+0800: 4.965: [GC concurrent-root-region-scan-start]
2020-10-27T20:54:00.507+0800: 4.965: [GC concurrent-root-region-scan-end, 0.0000901 secs]
2020-10-27T20:54:00.507+0800: 4.965: [GC concurrent-mark-start]
2020-10-27T20:54:00.510+0800: 4.967: [GC concurrent-mark-end, 0.0022018 secs]
2020-10-27T20:54:00.510+0800: 4.967: [GC remark, 0.0011256 secs]
2020-10-27T20:54:00.511+0800: 4.969: [GC cleanup 364M->358M(512M), 0.0003901 secs]
2020-10-27T20:54:00.512+0800: 4.969: [GC concurrent-cleanup-start]
2020-10-27T20:54:00.512+0800: 4.969: [GC concurrent-cleanup-end, 0.0000102 secs]
2020-10-27T20:54:00.522+0800: 4.980: [GC pause (G1 Evacuation Pause) (young) 424M->358M(512M), 0.0033163 secs]
2020-10-27T20:54:00.530+0800: 4.988: [GC pause (G1 Evacuation Pause) (mixed) 378M->336M(512M), 0.0027785 secs]
2020-10-27T20:54:00.537+0800: 4.995: [GC pause (G1 Evacuation Pause) (mixed) 362M->318M(512M), 0.0023911 secs]
2020-10-27T20:54:00.545+0800: 5.002: [GC pause (G1 Evacuation Pause) (mixed) 344M->301M(512M), 0.0026496 secs]
2020-10-27T20:54:00.551+0800: 5.010: [GC pause (G1 Evacuation Pause) (mixed) 327M->286M(512M), 0.0030459 secs]
2020-10-27T20:54:00.560+0800: 5.018: [GC pause (G1 Evacuation Pause) (mixed) 313M->281M(512M), 0.0035458 secs]
2020-10-27T20:54:00.571+0800: 5.029: [GC pause (G1 Evacuation Pause) (mixed) 308M->280M(512M), 0.0023920 secs]
2020-10-27T20:54:00.574+0800: 5.033: [GC pause (G1 Humongous Allocation) (young) (initial-mark) 286M->280M(512M), 0.0012068 secs]
2020-10-27T20:54:00.576+0800: 5.034: [GC concurrent-root-region-scan-start]
2020-10-27T20:54:00.576+0800: 5.034: [GC concurrent-root-region-scan-end, 0.0000705 secs]
2020-10-27T20:54:00.576+0800: 5.034: [GC concurrent-mark-start]
2020-10-27T20:54:00.578+0800: 5.036: [GC concurrent-mark-end, 0.0020452 secs]
2020-10-27T20:54:00.578+0800: 5.036: [GC remark, 0.0011278 secs]
2020-10-27T20:54:00.579+0800: 5.037: [GC cleanup 289M->288M(512M), 0.0004677 secs]
2020-10-27T20:54:00.580+0800: 5.038: [GC concurrent-cleanup-start]
2020-10-27T20:54:00.580+0800: 5.038: [GC concurrent-cleanup-end, 0.0000084 secs]
2020-10-27T20:54:00.600+0800: 5.058: [GC pause (G1 Evacuation Pause) (young) 374M->300M(512M), 0.0039132 secs]
2020-10-27T20:54:00.608+0800: 5.066: [GC pause (G1 Evacuation Pause) (mixed) 321M->275M(512M), 0.0032959 secs]
2020-10-27T20:54:00.616+0800: 5.074: [GC pause (G1 Evacuation Pause) (mixed) 303M->264M(512M), 0.0032001 secs]
2020-10-27T20:54:00.631+0800: 5.089: [GC pause (G1 Evacuation Pause) (mixed) 289M->259M(512M), 0.0024598 secs]
2020-10-27T20:54:00.634+0800: 5.092: [GC pause (G1 Humongous Allocation) (young) (initial-mark) 260M->259M(512M), 0.0008164 secs]
2020-10-27T20:54:00.635+0800: 5.093: [GC concurrent-root-region-scan-start]
2020-10-27T20:54:00.635+0800: 5.093: [GC concurrent-root-region-scan-end, 0.0001097 secs]
2020-10-27T20:54:00.635+0800: 5.093: [GC concurrent-mark-start]
2020-10-27T20:54:00.637+0800: 5.095: [GC concurrent-mark-end, 0.0019000 secs]
2020-10-27T20:54:00.637+0800: 5.095: [GC remark, 0.0010607 secs]
2020-10-27T20:54:00.638+0800: 5.096: [GC cleanup 273M->273M(512M), 0.0004654 secs]
2020-10-27T20:54:00.680+0800: 5.138: [GC pause (G1 Evacuation Pause) (young)-- 423M->329M(512M), 0.0047656 secs]
2020-10-27T20:54:00.689+0800: 5.147: [GC pause (G1 Evacuation Pause) (mixed) 337M->293M(512M), 0.0036975 secs]
2020-10-27T20:54:00.703+0800: 5.161: [GC pause (G1 Evacuation Pause) (mixed) 325M->299M(512M), 0.0028116 secs]
2020-10-27T20:54:00.710+0800: 5.168: [GC pause (G1 Humongous Allocation) (young) (initial-mark) 304M->299M(512M), 0.0013901 secs]
2020-10-27T20:54:00.711+0800: 5.169: [GC concurrent-root-region-scan-start]
2020-10-27T20:54:00.711+0800: 5.169: [GC concurrent-root-region-scan-end, 0.0001100 secs]
2020-10-27T20:54:00.711+0800: 5.169: [GC concurrent-mark-start]
2020-10-27T20:54:00.713+0800: 5.171: [GC concurrent-mark-end, 0.0019307 secs]
2020-10-27T20:54:00.713+0800: 5.171: [GC remark, 0.0010493 secs]
2020-10-27T20:54:00.714+0800: 5.172: [GC cleanup 305M->303M(512M), 0.0003832 secs]
2020-10-27T20:54:00.715+0800: 5.173: [GC concurrent-cleanup-start]
2020-10-27T20:54:00.715+0800: 5.173: [GC concurrent-cleanup-end, 0.0000084 secs]
2020-10-27T20:54:00.743+0800: 5.201: [GC pause (G1 Evacuation Pause) (young) 420M->323M(512M), 0.0045576 secs]
2020-10-27T20:54:00.749+0800: 5.207: [GC pause (G1 Evacuation Pause) (mixed) 338M->280M(512M), 0.0029432 secs]
2020-10-27T20:54:00.759+0800: 5.217: [GC pause (G1 Evacuation Pause) (mixed) 311M->258M(512M), 0.0031704 secs]
2020-10-27T20:54:00.779+0800: 5.236: [GC pause (G1 Evacuation Pause) (mixed) 284M->251M(512M), 0.0028011 secs]
2020-10-27T20:54:00.782+0800: 5.240: [GC pause (G1 Humongous Allocation) (young) (initial-mark) 253M->251M(512M), 0.0009690 secs]
2020-10-27T20:54:00.783+0800: 5.241: [GC concurrent-root-region-scan-start]
2020-10-27T20:54:00.783+0800: 5.241: [GC concurrent-root-region-scan-end, 0.0000793 secs]
2020-10-27T20:54:00.783+0800: 5.241: [GC concurrent-mark-start]
2020-10-27T20:54:00.785+0800: 5.243: [GC concurrent-mark-end, 0.0020816 secs]
2020-10-27T20:54:00.785+0800: 5.243: [GC remark, 0.0010757 secs]
2020-10-27T20:54:00.786+0800: 5.244: [GC cleanup 268M->268M(512M), 0.0004289 secs]
2020-10-27T20:54:00.816+0800: 5.273: [GC pause (G1 Evacuation Pause) (young) 369M->282M(512M), 0.0048179 secs]
2020-10-27T20:54:00.830+0800: 5.288: [GC pause (G1 Evacuation Pause) (mixed) 296M->248M(512M), 0.0038109 secs]
2020-10-27T20:54:00.839+0800: 5.297: [GC pause (G1 Evacuation Pause) (mixed) 275M->246M(512M), 0.0027288 secs]
2020-10-27T20:54:00.842+0800: 5.300: [GC pause (G1 Humongous Allocation) (young) (initial-mark) 247M->246M(512M), 0.0007670 secs]
2020-10-27T20:54:00.843+0800: 5.301: [GC concurrent-root-region-scan-start]
2020-10-27T20:54:00.843+0800: 5.301: [GC concurrent-root-region-scan-end, 0.0001044 secs]
2020-10-27T20:54:00.843+0800: 5.301: [GC concurrent-mark-start]
2020-10-27T20:54:00.845+0800: 5.303: [GC concurrent-mark-end, 0.0019010 secs]
2020-10-27T20:54:00.845+0800: 5.303: [GC remark, 0.0011371 secs]
2020-10-27T20:54:00.847+0800: 5.304: [GC cleanup 255M->253M(512M), 0.0005744 secs]
2020-10-27T20:54:00.847+0800: 5.305: [GC concurrent-cleanup-start]
2020-10-27T20:54:00.847+0800: 5.305: [GC concurrent-cleanup-end, 0.0000087 secs]
2020-10-27T20:54:00.889+0800: 5.347: [GC pause (G1 Evacuation Pause) (young) 412M->271M(512M), 0.0055168 secs]
2020-10-27T20:54:00.896+0800: 5.353: [GC pause (G1 Evacuation Pause) (mixed) 279M->258M(512M), 0.0030893 secs]
2020-10-27T20:54:00.909+0800: 5.366: [GC pause (G1 Evacuation Pause) (mixed) 283M->252M(512M), 0.0025750 secs]
2020-10-27T20:54:00.919+0800: 5.376: [GC pause (G1 Evacuation Pause) (mixed) 278M->249M(512M), 0.0025393 secs]
2020-10-27T20:54:00.922+0800: 5.380: [GC pause (G1 Humongous Allocation) (young) (initial-mark) 257M->250M(512M), 0.0011705 secs]
2020-10-27T20:54:00.923+0800: 5.381: [GC concurrent-root-region-scan-start]
2020-10-27T20:54:00.923+0800: 5.381: [GC concurrent-root-region-scan-end, 0.0000717 secs]
2020-10-27T20:54:00.923+0800: 5.381: [GC concurrent-mark-start]
2020-10-27T20:54:00.925+0800: 5.383: [GC concurrent-mark-end, 0.0018494 secs]
2020-10-27T20:54:00.925+0800: 5.383: [GC remark, 0.0010632 secs]
2020-10-27T20:54:00.926+0800: 5.385: [GC cleanup 251M->251M(512M), 0.0003119 secs]
2020-10-27T20:54:00.941+0800: 5.400: [GC pause (G1 Evacuation Pause) (young) 305M->266M(512M), 0.0031099 secs]
2020-10-27T20:54:00.950+0800: 5.409: [GC pause (G1 Evacuation Pause) (mixed) 293M->254M(512M), 0.0026391 secs]
2020-10-27T20:54:00.957+0800: 5.415: [GC pause (G1 Evacuation Pause) (mixed) 282M->246M(512M), 0.0027502 secs]
2020-10-27T20:54:00.965+0800: 5.423: [GC pause (G1 Evacuation Pause) (mixed) 274M->241M(512M), 0.0031986 secs]
2020-10-27T20:54:00.977+0800: 5.435: [GC pause (G1 Evacuation Pause) (mixed) 265M->240M(512M), 0.0024059 secs]
2020-10-27T20:54:00.981+0800: 5.439: [GC pause (G1 Humongous Allocation) (young) (initial-mark) 246M->240M(512M), 0.0009882 secs]
2020-10-27T20:54:00.982+0800: 5.440: [GC concurrent-root-region-scan-start]
2020-10-27T20:54:00.982+0800: 5.440: [GC concurrent-root-region-scan-end, 0.0000621 secs]
2020-10-27T20:54:00.982+0800: 5.440: [GC concurrent-mark-start]
2020-10-27T20:54:00.984+0800: 5.442: [GC concurrent-mark-end, 0.0019641 secs]
2020-10-27T20:54:00.984+0800: 5.442: [GC remark, 0.0009953 secs]
2020-10-27T20:54:00.985+0800: 5.443: [GC cleanup 250M->250M(512M), 0.0006393 secs]
2020-10-27T20:54:01.012+0800: 5.470: [GC pause (G1 Evacuation Pause) (young) 359M->275M(512M), 0.0048605 secs]
2020-10-27T20:54:01.019+0800: 5.477: [GC pause (G1 Evacuation Pause) (mixed) 288M->245M(512M), 0.0039791 secs]
2020-10-27T20:54:01.029+0800: 5.487: [GC pause (G1 Evacuation Pause) (mixed) 272M->246M(512M), 0.0024150 secs]
2020-10-27T20:54:01.032+0800: 5.490: [GC pause (G1 Humongous Allocation) (young) (initial-mark) 247M->246M(512M), 0.0009474 secs]
2020-10-27T20:54:01.033+0800: 5.491: [GC concurrent-root-region-scan-start]
2020-10-27T20:54:01.033+0800: 5.491: [GC concurrent-root-region-scan-end, 0.0001076 secs]
2020-10-27T20:54:01.033+0800: 5.491: [GC concurrent-mark-start]
2020-10-27T20:54:01.035+0800: 5.493: [GC concurrent-mark-end, 0.0018947 secs]
2020-10-27T20:54:01.035+0800: 5.493: [GC remark, 0.0011082 secs]
2020-10-27T20:54:01.036+0800: 5.494: [GC cleanup 254M->254M(512M), 0.0004420 secs]
2020-10-27T20:54:01.059+0800: 5.517: [GC pause (G1 Evacuation Pause) (young) 356M->267M(512M), 0.0046479 secs]
2020-10-27T20:54:01.067+0800: 5.525: [GC pause (G1 Evacuation Pause) (mixed) 282M->244M(512M), 0.0035255 secs]
2020-10-27T20:54:01.079+0800: 5.537: [GC pause (G1 Evacuation Pause) (mixed) 271M->242M(512M), 0.0030290 secs]
2020-10-27T20:54:01.082+0800: 5.540: [GC pause (G1 Humongous Allocation) (young) (initial-mark) 243M->242M(512M), 0.0007673 secs]
2020-10-27T20:54:01.083+0800: 5.541: [GC concurrent-root-region-scan-start]
2020-10-27T20:54:01.083+0800: 5.541: [GC concurrent-root-region-scan-end, 0.0001133 secs]
2020-10-27T20:54:01.083+0800: 5.541: [GC concurrent-mark-start]
2020-10-27T20:54:01.085+0800: 5.543: [GC concurrent-mark-end, 0.0018681 secs]
2020-10-27T20:54:01.085+0800: 5.543: [GC remark, 0.0009969 secs]
2020-10-27T20:54:01.087+0800: 5.545: [GC cleanup 245M->245M(512M), 0.0005416 secs]
2020-10-27T20:54:01.121+0800: 5.579: [GC pause (G1 Evacuation Pause) (young) 377M->279M(512M), 0.0047517 secs]
2020-10-27T20:54:01.129+0800: 5.587: [GC pause (G1 Evacuation Pause) (mixed) 294M->254M(512M), 0.0039312 secs]
2020-10-27T20:54:01.140+0800: 5.598: [GC pause (G1 Evacuation Pause) (mixed) 287M->258M(512M), 0.0033968 secs]
2020-10-27T20:54:01.145+0800: 5.603: [GC pause (G1 Humongous Allocation) (young) (initial-mark) 261M->259M(512M), 0.0011520 secs]
2020-10-27T20:54:01.146+0800: 5.604: [GC concurrent-root-region-scan-start]
2020-10-27T20:54:01.146+0800: 5.604: [GC concurrent-root-region-scan-end, 0.0001263 secs]
2020-10-27T20:54:01.146+0800: 5.604: [GC concurrent-mark-start]
2020-10-27T20:54:01.148+0800: 5.606: [GC concurrent-mark-end, 0.0020726 secs]
2020-10-27T20:54:01.148+0800: 5.606: [GC remark, 0.0010133 secs]
2020-10-27T20:54:01.149+0800: 5.607: [GC cleanup 278M->278M(512M), 0.0002609 secs]
2020-10-27T20:54:01.166+0800: 5.624: [GC pause (G1 Evacuation Pause) (young) 349M->279M(512M), 0.0036500 secs]
2020-10-27T20:54:01.178+0800: 5.636: [GC pause (G1 Evacuation Pause) (mixed) 299M->252M(512M), 0.0043110 secs]
2020-10-27T20:54:01.192+0800: 5.650: [GC pause (G1 Evacuation Pause) (mixed) 278M->253M(512M), 0.0028569 secs]
2020-10-27T20:54:01.195+0800: 5.653: [GC pause (G1 Humongous Allocation) (young) (initial-mark) 254M->253M(512M), 0.0008257 secs]
2020-10-27T20:54:01.196+0800: 5.653: [GC concurrent-root-region-scan-start]
2020-10-27T20:54:01.196+0800: 5.654: [GC concurrent-root-region-scan-end, 0.0001140 secs]
2020-10-27T20:54:01.196+0800: 5.654: [GC concurrent-mark-start]
2020-10-27T20:54:01.198+0800: 5.655: [GC concurrent-mark-end, 0.0019365 secs]
2020-10-27T20:54:01.198+0800: 5.656: [GC remark, 0.0011056 secs]
2020-10-27T20:54:01.199+0800: 5.657: [GC cleanup 267M->266M(512M), 0.0003277 secs]
2020-10-27T20:54:01.200+0800: 5.657: [GC concurrent-cleanup-start]
2020-10-27T20:54:01.200+0800: 5.657: [GC concurrent-cleanup-end, 0.0000123 secs]
2020-10-27T20:54:01.234+0800: 5.692: [GC pause (G1 Evacuation Pause) (young) 359M->269M(512M), 0.0040260 secs]
2020-10-27T20:54:01.243+0800: 5.700: [GC pause (G1 Evacuation Pause) (mixed) 283M->251M(512M), 0.0031627 secs]
2020-10-27T20:54:01.255+0800: 5.712: [GC pause (G1 Evacuation Pause) (mixed) 281M->252M(512M), 0.0033445 secs]
2020-10-27T20:54:01.259+0800: 5.717: [GC pause (G1 Humongous Allocation) (young) (initial-mark) 255M->252M(512M), 0.0012995 secs]
2020-10-27T20:54:01.260+0800: 5.718: [GC concurrent-root-region-scan-start]
2020-10-27T20:54:01.260+0800: 5.718: [GC concurrent-root-region-scan-end, 0.0001221 secs]
2020-10-27T20:54:01.261+0800: 5.718: [GC concurrent-mark-start]
2020-10-27T20:54:01.262+0800: 5.720: [GC concurrent-mark-end, 0.0019340 secs]
2020-10-27T20:54:01.263+0800: 5.720: [GC remark, 0.0010760 secs]
2020-10-27T20:54:01.264+0800: 5.721: [GC cleanup 266M->266M(512M), 0.0004750 secs]
2020-10-27T20:54:01.278+0800: 5.736: [GC pause (G1 Evacuation Pause) (young) 325M->269M(512M), 0.0035427 secs]
2020-10-27T20:54:01.285+0800: 5.742: [GC pause (G1 Evacuation Pause) (mixed) 289M->242M(512M), 0.0037721 secs]
2020-10-27T20:54:01.295+0800: 5.752: [GC pause (G1 Evacuation Pause) (mixed) 267M->237M(512M), 0.0028470 secs]
2020-10-27T20:54:01.297+0800: 5.755: [GC pause (G1 Humongous Allocation) (young) (initial-mark) 238M->237M(512M), 0.0010260 secs]
2020-10-27T20:54:01.298+0800: 5.756: [GC concurrent-root-region-scan-start]
2020-10-27T20:54:01.298+0800: 5.756: [GC concurrent-root-region-scan-end, 0.0000653 secs]
2020-10-27T20:54:01.298+0800: 5.756: [GC concurrent-mark-start]
2020-10-27T20:54:01.301+0800: 5.758: [GC concurrent-mark-end, 0.0020682 secs]
2020-10-27T20:54:01.301+0800: 5.759: [GC remark, 0.0010515 secs]
2020-10-27T20:54:01.301+0800: 5.760: [GC cleanup 246M->246M(512M), 0.0003627 secs]
2020-10-27T20:54:01.332+0800: 5.790: [GC pause (G1 Evacuation Pause) (young) 336M->259M(512M), 0.0038756 secs]
2020-10-27T20:54:01.339+0800: 5.797: [GC pause (G1 Evacuation Pause) (mixed) 274M->240M(512M), 0.0032898 secs]
2020-10-27T20:54:01.347+0800: 5.805: [GC pause (G1 Evacuation Pause) (mixed) 266M->241M(512M), 0.0022156 secs]
2020-10-27T20:54:01.351+0800: 5.809: [GC pause (G1 Humongous Allocation) (young) (initial-mark) 244M->242M(512M), 0.0008329 secs]
2020-10-27T20:54:01.352+0800: 5.810: [GC concurrent-root-region-scan-start]
2020-10-27T20:54:01.352+0800: 5.810: [GC concurrent-root-region-scan-end, 0.0000965 secs]
2020-10-27T20:54:01.352+0800: 5.810: [GC concurrent-mark-start]
2020-10-27T20:54:01.354+0800: 5.812: [GC concurrent-mark-end, 0.0019296 secs]
2020-10-27T20:54:01.354+0800: 5.812: [GC remark, 0.0009563 secs]
2020-10-27T20:54:01.355+0800: 5.813: [GC cleanup 247M->247M(512M), 0.0005929 secs]
2020-10-27T20:54:01.397+0800: 5.855: [GC pause (G1 Evacuation Pause) (young) 372M->268M(512M), 0.0047301 secs]
2020-10-27T20:54:01.406+0800: 5.864: [GC pause (G1 Evacuation Pause) (mixed) 283M->245M(512M), 0.0037840 secs]
2020-10-27T20:54:01.418+0800: 5.876: [GC pause (G1 Evacuation Pause) (mixed) 274M->245M(512M), 0.0029990 secs]
2020-10-27T20:54:01.422+0800: 5.880: [GC pause (G1 Humongous Allocation) (young) (initial-mark) 251M->246M(512M), 0.0011439 secs]
2020-10-27T20:54:01.423+0800: 5.881: [GC concurrent-root-region-scan-start]
2020-10-27T20:54:01.423+0800: 5.881: [GC concurrent-root-region-scan-end, 0.0000608 secs]
2020-10-27T20:54:01.423+0800: 5.881: [GC concurrent-mark-start]
2020-10-27T20:54:01.425+0800: 5.883: [GC concurrent-mark-end, 0.0020146 secs]
2020-10-27T20:54:01.425+0800: 5.883: [GC remark, 0.0011081 secs]
2020-10-27T20:54:01.426+0800: 5.884: [GC cleanup 263M->261M(512M), 0.0006146 secs]
2020-10-27T20:54:01.427+0800: 5.885: [GC concurrent-cleanup-start]
2020-10-27T20:54:01.427+0800: 5.885: [GC concurrent-cleanup-end, 0.0000094 secs]
2020-10-27T20:54:01.445+0800: 5.903: [GC pause (G1 Evacuation Pause) (young) 335M->263M(512M), 0.0042561 secs]
2020-10-27T20:54:01.454+0800: 5.912: [GC pause (G1 Evacuation Pause) (mixed) 279M->236M(512M), 0.0036621 secs]
2020-10-27T20:54:01.464+0800: 5.922: [GC pause (G1 Evacuation Pause) (mixed) 264M->235M(512M), 0.0028849 secs]
2020-10-27T20:54:01.467+0800: 5.925: [GC pause (G1 Humongous Allocation) (young) (initial-mark) 237M->236M(512M), 0.0010088 secs]
2020-10-27T20:54:01.468+0800: 5.926: [GC concurrent-root-region-scan-start]
2020-10-27T20:54:01.468+0800: 5.926: [GC concurrent-root-region-scan-end, 0.0001242 secs]
2020-10-27T20:54:01.468+0800: 5.926: [GC concurrent-mark-start]
2020-10-27T20:54:01.470+0800: 5.928: [GC concurrent-mark-end, 0.0020347 secs]
2020-10-27T20:54:01.470+0800: 5.928: [GC remark, 0.0010120 secs]
2020-10-27T20:54:01.472+0800: 5.930: [GC cleanup 242M->242M(512M), 0.0003586 secs]
2020-10-27T20:54:01.499+0800: 5.957: [GC pause (G1 Evacuation Pause) (young) 338M->261M(512M), 0.0042570 secs]
2020-10-27T20:54:01.511+0800: 5.968: [GC pause (G1 Evacuation Pause) (mixed) 277M->237M(512M), 0.0036640 secs]
2020-10-27T20:54:01.521+0800: 5.979: [GC pause (G1 Evacuation Pause) (mixed) 265M->238M(512M), 0.0026324 secs]
2020-10-27T20:54:01.524+0800: 5.982: [GC pause (G1 Humongous Allocation) (young) (initial-mark) 239M->239M(512M), 0.0010768 secs]
2020-10-27T20:54:01.525+0800: 5.983: [GC concurrent-root-region-scan-start]
2020-10-27T20:54:01.525+0800: 5.983: [GC concurrent-root-region-scan-end, 0.0001331 secs]
2020-10-27T20:54:01.525+0800: 5.983: [GC concurrent-mark-start]
2020-10-27T20:54:01.527+0800: 5.985: [GC concurrent-mark-end, 0.0019383 secs]
2020-10-27T20:54:01.527+0800: 5.985: [GC remark, 0.0010738 secs]
2020-10-27T20:54:01.528+0800: 5.986: [GC cleanup 256M->255M(512M), 0.0004907 secs]
2020-10-27T20:54:01.529+0800: 5.987: [GC concurrent-cleanup-start]
2020-10-27T20:54:01.529+0800: 5.987: [GC concurrent-cleanup-end, 0.0000078 secs]
2020-10-27T20:54:01.557+0800: 6.015: [GC pause (G1 Evacuation Pause) (young) 321M->257M(512M), 0.0035438 secs]
2020-10-27T20:54:01.568+0800: 6.026: [GC pause (G1 Evacuation Pause) (mixed) 279M->243M(512M), 0.0036552 secs]
2020-10-27T20:54:01.576+0800: 6.034: [GC pause (G1 Evacuation Pause) (mixed) 269M->236M(512M), 0.0028518 secs]
2020-10-27T20:54:01.588+0800: 6.045: [GC pause (G1 Evacuation Pause) (mixed) 267M->242M(512M), 0.0028751 secs]
2020-10-27T20:54:01.591+0800: 6.049: [GC pause (G1 Humongous Allocation) (young) (initial-mark) 244M->242M(512M), 0.0009535 secs]
2020-10-27T20:54:01.592+0800: 6.050: [GC concurrent-root-region-scan-start]
2020-10-27T20:54:01.592+0800: 6.050: [GC concurrent-root-region-scan-end, 0.0000561 secs]
2020-10-27T20:54:01.592+0800: 6.050: [GC concurrent-mark-start]
2020-10-27T20:54:01.594+0800: 6.052: [GC concurrent-mark-end, 0.0021538 secs]
2020-10-27T20:54:01.594+0800: 6.052: [GC remark, 0.0011307 secs]
2020-10-27T20:54:01.596+0800: 6.053: [GC cleanup 261M->259M(512M), 0.0008250 secs]
2020-10-27T20:54:01.596+0800: 6.054: [GC concurrent-cleanup-start]
2020-10-27T20:54:01.596+0800: 6.054: [GC concurrent-cleanup-end, 0.0000082 secs]
2020-10-27T20:54:01.626+0800: 6.083: [GC pause (G1 Evacuation Pause) (young) 330M->259M(512M), 0.0027241 secs]
2020-10-27T20:54:01.632+0800: 6.090: [GC pause (G1 Evacuation Pause) (mixed) 279M->228M(512M), 0.0039381 secs]
2020-10-27T20:54:01.646+0800: 6.103: [GC pause (G1 Evacuation Pause) (mixed) 255M->228M(512M), 0.0031684 secs]
2020-10-27T20:54:01.650+0800: 6.107: [GC pause (G1 Humongous Allocation) (young) (initial-mark) 231M->228M(512M), 0.0008565 secs]
2020-10-27T20:54:01.650+0800: 6.108: [GC concurrent-root-region-scan-start]
2020-10-27T20:54:01.651+0800: 6.108: [GC concurrent-root-region-scan-end, 0.0001120 secs]
2020-10-27T20:54:01.651+0800: 6.108: [GC concurrent-mark-start]
2020-10-27T20:54:01.652+0800: 6.110: [GC concurrent-mark-end, 0.0017840 secs]
2020-10-27T20:54:01.652+0800: 6.110: [GC remark, 0.0010671 secs]
2020-10-27T20:54:01.654+0800: 6.111: [GC cleanup 229M->229M(512M), 0.0004986 secs]
2020-10-27T20:54:01.693+0800: 6.151: [GC pause (G1 Evacuation Pause) (young) 380M->266M(512M), 0.0052654 secs]
2020-10-27T20:54:01.702+0800: 6.160: [GC pause (G1 Evacuation Pause) (mixed) 276M->238M(512M), 0.0038593 secs]
2020-10-27T20:54:01.708+0800: 6.166: [GC pause (G1 Humongous Allocation) (young) (initial-mark) 248M->241M(512M), 0.0016431 secs]
2020-10-27T20:54:01.710+0800: 6.168: [GC concurrent-root-region-scan-start]
2020-10-27T20:54:01.710+0800: 6.168: [GC concurrent-root-region-scan-end, 0.0001382 secs]
2020-10-27T20:54:01.710+0800: 6.168: [GC concurrent-mark-start]
2020-10-27T20:54:01.712+0800: 6.170: [GC concurrent-mark-end, 0.0019390 secs]
2020-10-27T20:54:01.712+0800: 6.170: [GC remark, 0.0011881 secs]
2020-10-27T20:54:01.713+0800: 6.171: [GC cleanup 259M->257M(512M), 0.0007112 secs]
2020-10-27T20:54:01.714+0800: 6.172: [GC concurrent-cleanup-start]
2020-10-27T20:54:01.714+0800: 6.172: [GC concurrent-cleanup-end, 0.0000084 secs]
2020-10-27T20:54:01.726+0800: 6.184: [GC pause (G1 Evacuation Pause) (young) 309M->257M(512M), 0.0037569 secs]
2020-10-27T20:54:01.740+0800: 6.198: [GC pause (G1 Evacuation Pause) (mixed) 280M->224M(512M), 0.0063836 secs]
2020-10-27T20:54:01.758+0800: 6.216: [GC pause (G1 Evacuation Pause) (mixed) 248M->225M(512M), 0.0026921 secs]
2020-10-27T20:54:01.761+0800: 6.219: [GC pause (G1 Humongous Allocation) (young) (initial-mark) 228M->226M(512M), 0.0013013 secs]
2020-10-27T20:54:01.762+0800: 6.220: [GC concurrent-root-region-scan-start]
2020-10-27T20:54:01.762+0800: 6.220: [GC concurrent-root-region-scan-end, 0.0001188 secs]
2020-10-27T20:54:01.762+0800: 6.220: [GC concurrent-mark-start]
2020-10-27T20:54:01.764+0800: 6.222: [GC concurrent-mark-end, 0.0018307 secs]
2020-10-27T20:54:01.764+0800: 6.222: [GC remark, 0.0010342 secs]
2020-10-27T20:54:01.765+0800: 6.224: [GC cleanup 233M->233M(512M), 0.0003857 secs]
2020-10-27T20:54:01.790+0800: 6.248: [GC pause (G1 Evacuation Pause) (young) 340M->251M(512M), 0.0041627 secs]
2020-10-27T20:54:01.797+0800: 6.255: [GC pause (G1 Evacuation Pause) (mixed) 267M->237M(512M), 0.0038190 secs]
2020-10-27T20:54:01.810+0800: 6.268: [GC pause (G1 Evacuation Pause) (mixed) 269M->243M(512M), 0.0026064 secs]
2020-10-27T20:54:01.813+0800: 6.271: [GC pause (G1 Humongous Allocation) (young) (initial-mark) 246M->243M(512M), 0.0008884 secs]
2020-10-27T20:54:01.814+0800: 6.272: [GC concurrent-root-region-scan-start]
2020-10-27T20:54:01.814+0800: 6.272: [GC concurrent-root-region-scan-end, 0.0000902 secs]
2020-10-27T20:54:01.814+0800: 6.272: [GC concurrent-mark-start]
2020-10-27T20:54:01.816+0800: 6.274: [GC concurrent-mark-end, 0.0021815 secs]
2020-10-27T20:54:01.816+0800: 6.274: [GC remark, 0.0010164 secs]
2020-10-27T20:54:01.817+0800: 6.275: [GC cleanup 260M->260M(512M), 0.0005360 secs]
2020-10-27T20:54:01.834+0800: 6.292: [GC pause (G1 Evacuation Pause) (young) 342M->266M(512M), 0.0041160 secs]
2020-10-27T20:54:01.842+0800: 6.300: [GC pause (G1 Evacuation Pause) (mixed) 287M->251M(512M), 0.0032006 secs]
2020-10-27T20:54:01.853+0800: 6.311: [GC pause (G1 Evacuation Pause) (mixed) 277M->250M(512M), 0.0028046 secs]
2020-10-27T20:54:01.863+0800: 6.321: [GC pause (G1 Evacuation Pause) (mixed) 277M->249M(512M), 0.0023266 secs]
2020-10-27T20:54:01.867+0800: 6.325: [GC pause (G1 Humongous Allocation) (young) (initial-mark) 253M->248M(512M), 0.0012039 secs]
2020-10-27T20:54:01.868+0800: 6.326: [GC concurrent-root-region-scan-start]
2020-10-27T20:54:01.868+0800: 6.326: [GC concurrent-root-region-scan-end, 0.0001095 secs]
2020-10-27T20:54:01.868+0800: 6.326: [GC concurrent-mark-start]
2020-10-27T20:54:01.870+0800: 6.328: [GC concurrent-mark-end, 0.0018161 secs]
2020-10-27T20:54:01.870+0800: 6.328: [GC remark, 0.0009784 secs]
2020-10-27T20:54:01.872+0800: 6.329: [GC cleanup 250M->249M(512M), 0.0006265 secs]
2020-10-27T20:54:01.872+0800: 6.330: [GC concurrent-cleanup-start]
2020-10-27T20:54:01.872+0800: 6.330: [GC concurrent-cleanup-end, 0.0000082 secs]
2020-10-27T20:54:01.899+0800: 6.357: [GC pause (G1 Evacuation Pause) (young) 335M->269M(512M), 0.0037536 secs]
2020-10-27T20:54:01.905+0800: 6.363: [GC pause (G1 Evacuation Pause) (mixed) 287M->242M(512M), 0.0040122 secs]
2020-10-27T20:54:01.920+0800: 6.378: [GC pause (G1 Evacuation Pause) (mixed) 265M->242M(512M), 0.0028189 secs]
2020-10-27T20:54:01.925+0800: 6.383: [GC pause (G1 Humongous Allocation) (young) (initial-mark) 251M->243M(512M), 0.0012900 secs]
2020-10-27T20:54:01.926+0800: 6.384: [GC concurrent-root-region-scan-start]
2020-10-27T20:54:01.926+0800: 6.384: [GC concurrent-root-region-scan-end, 0.0001126 secs]
2020-10-27T20:54:01.926+0800: 6.384: [GC concurrent-mark-start]
2020-10-27T20:54:01.928+0800: 6.386: [GC concurrent-mark-end, 0.0018757 secs]
2020-10-27T20:54:01.928+0800: 6.386: [GC remark, 0.0010187 secs]
2020-10-27T20:54:01.929+0800: 6.387: [GC cleanup 251M->250M(512M), 0.0006094 secs]
2020-10-27T20:54:01.930+0800: 6.388: [GC concurrent-cleanup-start]
2020-10-27T20:54:01.930+0800: 6.388: [GC concurrent-cleanup-end, 0.0000082 secs]
2020-10-27T20:54:01.966+0800: 6.424: [GC pause (G1 Evacuation Pause) (young) 382M->273M(512M), 0.0049648 secs]
2020-10-27T20:54:01.975+0800: 6.432: [GC pause (G1 Evacuation Pause) (mixed) 285M->240M(512M), 0.0046275 secs]
2020-10-27T20:54:01.999+0800: 6.457: [GC pause (G1 Evacuation Pause) (mixed) 266M->244M(512M), 0.0053656 secs]
2020-10-27T20:54:02.006+0800: 6.464: [GC pause (G1 Humongous Allocation) (young) (initial-mark) 244M->244M(512M), 0.0030917 secs]
2020-10-27T20:54:02.010+0800: 6.467: [GC concurrent-root-region-scan-start]
2020-10-27T20:54:02.010+0800: 6.467: [GC concurrent-root-region-scan-end, 0.0001678 secs]
2020-10-27T20:54:02.010+0800: 6.467: [GC concurrent-mark-start]
2020-10-27T20:54:02.018+0800: 6.475: [GC concurrent-mark-end, 0.0078060 secs]
2020-10-27T20:54:02.018+0800: 6.476: [GC remark, 0.0038458 secs]
2020-10-27T20:54:02.023+0800: 6.480: [GC cleanup 248M->247M(512M), 0.0010548 secs]
2020-10-27T20:54:02.024+0800: 6.481: [GC concurrent-cleanup-start]
2020-10-27T20:54:02.024+0800: 6.481: [GC concurrent-cleanup-end, 0.0000324 secs]
2020-10-27T20:54:02.079+0800: 6.538: [GC pause (G1 Evacuation Pause) (young) 394M->274M(512M), 0.0046752 secs]
2020-10-27T20:54:02.087+0800: 6.545: [GC pause (G1 Evacuation Pause) (mixed) 285M->261M(512M), 0.0028451 secs]
2020-10-27T20:54:02.094+0800: 6.553: [GC pause (G1 Evacuation Pause) (mixed) 285M->253M(512M), 0.0024294 secs]
2020-10-27T20:54:02.104+0800: 6.562: [GC pause (G1 Evacuation Pause) (mixed) 279M->250M(512M), 0.0027666 secs]
2020-10-27T20:54:02.116+0800: 6.574: [GC pause (G1 Evacuation Pause) (mixed) 277M->252M(512M), 0.0020036 secs]
2020-10-27T20:54:02.118+0800: 6.576: [GC pause (G1 Humongous Allocation) (young) (initial-mark) 253M->252M(512M), 0.0007683 secs]
2020-10-27T20:54:02.119+0800: 6.577: [GC concurrent-root-region-scan-start]
2020-10-27T20:54:02.119+0800: 6.577: [GC concurrent-root-region-scan-end, 0.0000824 secs]
2020-10-27T20:54:02.119+0800: 6.577: [GC concurrent-mark-start]
2020-10-27T20:54:02.121+0800: 6.579: [GC concurrent-mark-end, 0.0019325 secs]
2020-10-27T20:54:02.121+0800: 6.579: [GC remark, 0.0009050 secs]
2020-10-27T20:54:02.122+0800: 6.580: [GC cleanup 255M->255M(512M), 0.0002595 secs]
2020-10-27T20:54:02.126+0800: 6.584: [GC pause (G1 Evacuation Pause) (young) 278M->259M(512M), 0.0012880 secs]
2020-10-27T20:54:02.130+0800: 6.589: [GC pause (G1 Evacuation Pause) (mixed) 287M->250M(512M), 0.0026949 secs]
2020-10-27T20:54:02.150+0800: 6.608: [GC pause (G1 Evacuation Pause) (mixed) 278M->247M(512M), 0.0027035 secs]
2020-10-27T20:54:02.161+0800: 6.619: [GC pause (G1 Evacuation Pause) (mixed) 274M->243M(512M), 0.0026250 secs]
2020-10-27T20:54:02.168+0800: 6.626: [GC pause (G1 Evacuation Pause) (mixed) 267M->241M(512M), 0.0022222 secs]
2020-10-27T20:54:02.171+0800: 6.629: [GC pause (G1 Humongous Allocation) (young) (initial-mark) 242M->241M(512M), 0.0008486 secs]
2020-10-27T20:54:02.172+0800: 6.630: [GC concurrent-root-region-scan-start]
2020-10-27T20:54:02.172+0800: 6.630: [GC concurrent-root-region-scan-end, 0.0000154 secs]
2020-10-27T20:54:02.172+0800: 6.630: [GC concurrent-mark-start]
2020-10-27T20:54:02.174+0800: 6.632: [GC concurrent-mark-end, 0.0019813 secs]
2020-10-27T20:54:02.174+0800: 6.632: [GC remark, 0.0008979 secs]
2020-10-27T20:54:02.175+0800: 6.633: [GC cleanup 244M->244M(512M), 0.0002517 secs]
2020-10-27T20:54:02.199+0800: 6.657: [GC pause (G1 Evacuation Pause) (young) 317M->258M(512M), 0.0031110 secs]
2020-10-27T20:54:02.208+0800: 6.666: [GC pause (G1 Evacuation Pause) (mixed) 280M->248M(512M), 0.0027008 secs]
2020-10-27T20:54:02.219+0800: 6.677: [GC pause (G1 Evacuation Pause) (mixed) 277M->243M(512M), 0.0026410 secs]
2020-10-27T20:54:02.230+0800: 6.688: [GC pause (G1 Evacuation Pause) (mixed) 265M->237M(512M), 0.0022367 secs]
2020-10-27T20:54:02.233+0800: 6.691: [GC pause (G1 Humongous Allocation) (young) (initial-mark) 240M->237M(512M), 0.0008351 secs]
2020-10-27T20:54:02.234+0800: 6.692: [GC concurrent-root-region-scan-start]
2020-10-27T20:54:02.234+0800: 6.692: [GC concurrent-root-region-scan-end, 0.0000888 secs]
2020-10-27T20:54:02.234+0800: 6.692: [GC concurrent-mark-start]
2020-10-27T20:54:02.236+0800: 6.694: [GC concurrent-mark-end, 0.0018780 secs]
2020-10-27T20:54:02.236+0800: 6.694: [GC remark, 0.0008711 secs]
2020-10-27T20:54:02.237+0800: 6.695: [GC cleanup 241M->240M(512M), 0.0002608 secs]
2020-10-27T20:54:02.237+0800: 6.695: [GC concurrent-cleanup-start]
2020-10-27T20:54:02.237+0800: 6.695: [GC concurrent-cleanup-end, 0.0000073 secs]
2020-10-27T20:54:02.245+0800: 6.703: [GC pause (G1 Evacuation Pause) (young) 290M->249M(512M), 0.0025618 secs]
2020-10-27T20:54:02.254+0800: 6.711: [GC pause (G1 Evacuation Pause) (mixed) 272M->240M(512M), 0.0023223 secs]
2020-10-27T20:54:02.274+0800: 6.732: [GC pause (G1 Evacuation Pause) (mixed) 269M->237M(512M), 0.0031765 secs]
2020-10-27T20:54:02.286+0800: 6.744: [GC pause (G1 Evacuation Pause) (mixed) 267M->232M(512M), 0.0032442 secs]
2020-10-27T20:54:02.291+0800: 6.748: [GC pause (G1 Humongous Allocation) (young) (initial-mark) 233M->233M(512M), 0.0007994 secs]
2020-10-27T20:54:02.291+0800: 6.749: [GC concurrent-root-region-scan-start]
2020-10-27T20:54:02.291+0800: 6.749: [GC concurrent-root-region-scan-end, 0.0000185 secs]
2020-10-27T20:54:02.291+0800: 6.749: [GC concurrent-mark-start]
2020-10-27T20:54:02.293+0800: 6.751: [GC concurrent-mark-end, 0.0019499 secs]
2020-10-27T20:54:02.293+0800: 6.751: [GC remark, 0.0008574 secs]
2020-10-27T20:54:02.294+0800: 6.752: [GC cleanup 235M->234M(512M), 0.0003271 secs]
2020-10-27T20:54:02.295+0800: 6.753: [GC concurrent-cleanup-start]
2020-10-27T20:54:02.295+0800: 6.753: [GC concurrent-cleanup-end, 0.0000077 secs]
2020-10-27T20:54:02.314+0800: 6.772: [GC pause (G1 Evacuation Pause) (young) 324M->255M(512M), 0.0035504 secs]
2020-10-27T20:54:02.324+0800: 6.781: [GC pause (G1 Evacuation Pause) (mixed) 273M->231M(512M), 0.0033388 secs]
2020-10-27T20:54:02.334+0800: 6.792: [GC pause (G1 Evacuation Pause) (mixed) 255M->234M(512M), 0.0020822 secs]
2020-10-27T20:54:02.339+0800: 6.796: [GC pause (G1 Humongous Allocation) (young) (initial-mark) 240M->234M(512M), 0.0010018 secs]
2020-10-27T20:54:02.340+0800: 6.797: [GC concurrent-root-region-scan-start]
2020-10-27T20:54:02.340+0800: 6.797: [GC concurrent-root-region-scan-end, 0.0000879 secs]
2020-10-27T20:54:02.340+0800: 6.797: [GC concurrent-mark-start]
2020-10-27T20:54:02.342+0800: 6.799: [GC concurrent-mark-end, 0.0019717 secs]
2020-10-27T20:54:02.342+0800: 6.800: [GC remark, 0.0008660 secs]
2020-10-27T20:54:02.343+0800: 6.800: [GC cleanup 236M->236M(512M), 0.0002154 secs]
2020-10-27T20:54:02.373+0800: 6.830: [GC pause (G1 Evacuation Pause) (young) 353M->259M(512M), 0.0045048 secs]
2020-10-27T20:54:02.381+0800: 6.838: [GC pause (G1 Evacuation Pause) (mixed) 275M->236M(512M), 0.0039268 secs]
2020-10-27T20:54:02.392+0800: 6.849: [GC pause (G1 Evacuation Pause) (mixed) 267M->241M(512M), 0.0026691 secs]
2020-10-27T20:54:02.399+0800: 6.856: [GC pause (G1 Humongous Allocation) (young) (initial-mark) 244M->241M(512M), 0.0009244 secs]
2020-10-27T20:54:02.400+0800: 6.857: [GC concurrent-root-region-scan-start]
2020-10-27T20:54:02.400+0800: 6.857: [GC concurrent-root-region-scan-end, 0.0000795 secs]
2020-10-27T20:54:02.400+0800: 6.857: [GC concurrent-mark-start]
2020-10-27T20:54:02.403+0800: 6.860: [GC concurrent-mark-end, 0.0021426 secs]
2020-10-27T20:54:02.403+0800: 6.860: [GC remark, 0.0009044 secs]
2020-10-27T20:54:02.404+0800: 6.862: [GC cleanup 256M->255M(512M), 0.0002811 secs]
2020-10-27T20:54:02.405+0800: 6.862: [GC concurrent-cleanup-start]
2020-10-27T20:54:02.405+0800: 6.862: [GC concurrent-cleanup-end, 0.0000077 secs]
2020-10-27T20:54:02.444+0800: 6.903: [GC pause (G1 Evacuation Pause) (young) 375M->270M(512M), 0.0051328 secs]
2020-10-27T20:54:02.453+0800: 6.911: [GC pause (G1 Evacuation Pause) (mixed) 281M->239M(512M), 0.0038147 secs]
2020-10-27T20:54:02.467+0800: 6.926: [GC pause (G1 Evacuation Pause) (mixed) 270M->248M(512M), 0.0025746 secs]
2020-10-27T20:54:02.474+0800: 6.932: [GC pause (G1 Humongous Allocation) (young) (initial-mark) 254M->249M(512M), 0.0009184 secs]
2020-10-27T20:54:02.475+0800: 6.933: [GC concurrent-root-region-scan-start]
2020-10-27T20:54:02.475+0800: 6.933: [GC concurrent-root-region-scan-end, 0.0000982 secs]
2020-10-27T20:54:02.475+0800: 6.933: [GC concurrent-mark-start]
2020-10-27T20:54:02.477+0800: 6.935: [GC concurrent-mark-end, 0.0022583 secs]
2020-10-27T20:54:02.477+0800: 6.935: [GC remark, 0.0009435 secs]
2020-10-27T20:54:02.478+0800: 6.936: [GC cleanup 270M->270M(512M), 0.0002440 secs]
2020-10-27T20:54:02.516+0800: 6.974: [GC pause (G1 Evacuation Pause) (young) 393M->285M(512M), 0.0050754 secs]
2020-10-27T20:54:02.524+0800: 6.982: [GC pause (G1 Evacuation Pause) (mixed) 296M->250M(512M), 0.0036278 secs]
2020-10-27T20:54:02.535+0800: 6.993: [GC pause (G1 Evacuation Pause) (mixed) 279M->244M(512M), 0.0028442 secs]
2020-10-27T20:54:02.541+0800: 6.999: [GC pause (G1 Humongous Allocation) (young) (initial-mark) 249M->246M(512M), 0.0009055 secs]
2020-10-27T20:54:02.542+0800: 7.000: [GC concurrent-root-region-scan-start]
2020-10-27T20:54:02.542+0800: 7.000: [GC concurrent-root-region-scan-end, 0.0000734 secs]
2020-10-27T20:54:02.542+0800: 7.000: [GC concurrent-mark-start]
2020-10-27T20:54:02.544+0800: 7.002: [GC concurrent-mark-end, 0.0018325 secs]
2020-10-27T20:54:02.544+0800: 7.002: [GC remark, 0.0008356 secs]
2020-10-27T20:54:02.545+0800: 7.003: [GC cleanup 248M->247M(512M), 0.0002221 secs]
2020-10-27T20:54:02.545+0800: 7.003: [GC concurrent-cleanup-start]
2020-10-27T20:54:02.545+0800: 7.003: [GC concurrent-cleanup-end, 0.0000067 secs]
2020-10-27T20:54:02.573+0800: 7.031: [GC pause (G1 Evacuation Pause) (young) 349M->268M(512M), 0.0044061 secs]
2020-10-27T20:54:02.583+0800: 7.041: [GC pause (G1 Evacuation Pause) (mixed) 285M->240M(512M), 0.0043861 secs]
2020-10-27T20:54:02.592+0800: 7.050: [GC pause (G1 Evacuation Pause) (mixed) 264M->242M(512M), 0.0019802 secs]
2020-10-27T20:54:02.594+0800: 7.052: [GC pause (G1 Humongous Allocation) (young) (initial-mark) 243M->242M(512M), 0.0007615 secs]
2020-10-27T20:54:02.595+0800: 7.053: [GC concurrent-root-region-scan-start]
2020-10-27T20:54:02.595+0800: 7.053: [GC concurrent-root-region-scan-end, 0.0000836 secs]
2020-10-27T20:54:02.595+0800: 7.053: [GC concurrent-mark-start]
2020-10-27T20:54:02.597+0800: 7.055: [GC concurrent-mark-end, 0.0018842 secs]
2020-10-27T20:54:02.597+0800: 7.055: [GC remark, 0.0008826 secs]
2020-10-27T20:54:02.598+0800: 7.056: [GC cleanup 254M->253M(512M), 0.0002263 secs]
2020-10-27T20:54:02.598+0800: 7.056: [GC concurrent-cleanup-start]
2020-10-27T20:54:02.598+0800: 7.056: [GC concurrent-cleanup-end, 0.0000076 secs]
2020-10-27T20:54:02.627+0800: 7.085: [GC pause (G1 Evacuation Pause) (young) 353M->268M(512M), 0.0045125 secs]
2020-10-27T20:54:02.635+0800: 7.093: [GC pause (G1 Evacuation Pause) (mixed) 282M->246M(512M), 0.0030639 secs]
2020-10-27T20:54:02.643+0800: 7.101: [GC pause (G1 Evacuation Pause) (mixed) 273M->240M(512M), 0.0028955 secs]
2020-10-27T20:54:02.646+0800: 7.104: [GC pause (G1 Humongous Allocation) (young) (initial-mark) 241M->241M(512M), 0.0010823 secs]
2020-10-27T20:54:02.647+0800: 7.105: [GC concurrent-root-region-scan-start]
2020-10-27T20:54:02.647+0800: 7.105: [GC concurrent-root-region-scan-end, 0.0001212 secs]
2020-10-27T20:54:02.647+0800: 7.105: [GC concurrent-mark-start]
2020-10-27T20:54:02.649+0800: 7.107: [GC concurrent-mark-end, 0.0020221 secs]
2020-10-27T20:54:02.649+0800: 7.107: [GC remark, 0.0009602 secs]
2020-10-27T20:54:02.650+0800: 7.108: [GC cleanup 247M->247M(512M), 0.0003631 secs]
2020-10-27T20:54:02.681+0800: 7.139: [GC pause (G1 Evacuation Pause) (young) 325M->262M(512M), 0.0039156 secs]
2020-10-27T20:54:02.692+0800: 7.149: [GC pause (G1 Evacuation Pause) (mixed) 282M->235M(512M), 0.0041890 secs]
2020-10-27T20:54:02.702+0800: 7.160: [GC pause (G1 Evacuation Pause) (mixed) 258M->239M(512M), 0.0021395 secs]
2020-10-27T20:54:02.704+0800: 7.162: [GC pause (G1 Humongous Allocation) (young) (initial-mark) 239M->239M(512M), 0.0009635 secs]
2020-10-27T20:54:02.705+0800: 7.163: [GC concurrent-root-region-scan-start]
2020-10-27T20:54:02.705+0800: 7.163: [GC concurrent-root-region-scan-end, 0.0001207 secs]
2020-10-27T20:54:02.705+0800: 7.163: [GC concurrent-mark-start]
2020-10-27T20:54:02.708+0800: 7.165: [GC concurrent-mark-end, 0.0021596 secs]
2020-10-27T20:54:02.708+0800: 7.165: [GC remark, 0.0010746 secs]
2020-10-27T20:54:02.709+0800: 7.167: [GC cleanup 257M->257M(512M), 0.0002374 secs]
2020-10-27T20:54:02.749+0800: 7.206: [GC pause (G1 Evacuation Pause) (young) 379M->264M(512M), 0.0048559 secs]
2020-10-27T20:54:02.755+0800: 7.213: [GC pause (G1 Evacuation Pause) (mixed) 278M->248M(512M), 0.0033146 secs]
2020-10-27T20:54:02.766+0800: 7.224: [GC pause (G1 Evacuation Pause) (mixed) 275M->247M(512M), 0.0032896 secs]
2020-10-27T20:54:02.779+0800: 7.236: [GC pause (G1 Evacuation Pause) (mixed) 274M->247M(512M), 0.0026308 secs]
2020-10-27T20:54:02.783+0800: 7.240: [GC pause (G1 Humongous Allocation) (young) (initial-mark) 248M->247M(512M), 0.0009759 secs]
2020-10-27T20:54:02.784+0800: 7.241: [GC concurrent-root-region-scan-start]
2020-10-27T20:54:02.784+0800: 7.241: [GC concurrent-root-region-scan-end, 0.0000887 secs]
2020-10-27T20:54:02.784+0800: 7.241: [GC concurrent-mark-start]
2020-10-27T20:54:02.786+0800: 7.243: [GC concurrent-mark-end, 0.0019535 secs]
2020-10-27T20:54:02.786+0800: 7.243: [GC remark, 0.0011077 secs]
2020-10-27T20:54:02.787+0800: 7.245: [GC cleanup 250M->248M(512M), 0.0004849 secs]
2020-10-27T20:54:02.788+0800: 7.245: [GC concurrent-cleanup-start]
2020-10-27T20:54:02.788+0800: 7.245: [GC concurrent-cleanup-end, 0.0000073 secs]
2020-10-27T20:54:02.816+0800: 7.274: [GC pause (G1 Evacuation Pause) (young) 358M->273M(512M), 0.0042867 secs]
2020-10-27T20:54:02.826+0800: 7.284: [GC pause (G1 Evacuation Pause) (mixed) 290M->264M(512M), 0.0029730 secs]
2020-10-27T20:54:02.838+0800: 7.297: [GC pause (G1 Evacuation Pause) (mixed) 296M->260M(512M), 0.0032502 secs]
2020-10-27T20:54:02.850+0800: 7.308: [GC pause (G1 Evacuation Pause) (mixed) 288M->253M(512M), 0.0027653 secs]
2020-10-27T20:54:02.857+0800: 7.315: [GC pause (G1 Evacuation Pause) (mixed) 278M->253M(512M), 0.0026893 secs]
2020-10-27T20:54:02.860+0800: 7.319: [GC pause (G1 Humongous Allocation) (young) (initial-mark) 257M->254M(512M), 0.0011483 secs]
2020-10-27T20:54:02.862+0800: 7.320: [GC concurrent-root-region-scan-start]
2020-10-27T20:54:02.862+0800: 7.320: [GC concurrent-root-region-scan-end, 0.0001212 secs]
2020-10-27T20:54:02.862+0800: 7.320: [GC concurrent-mark-start]
2020-10-27T20:54:02.864+0800: 7.322: [GC concurrent-mark-end, 0.0020998 secs]
2020-10-27T20:54:02.864+0800: 7.322: [GC remark, 0.0010233 secs]
2020-10-27T20:54:02.865+0800: 7.323: [GC cleanup 269M->267M(512M), 0.0006311 secs]
2020-10-27T20:54:02.866+0800: 7.324: [GC concurrent-cleanup-start]
2020-10-27T20:54:02.866+0800: 7.324: [GC concurrent-cleanup-end, 0.0000092 secs]
2020-10-27T20:54:02.887+0800: 7.345: [GC pause (G1 Evacuation Pause) (young) 332M->269M(512M), 0.0039329 secs]
2020-10-27T20:54:02.899+0800: 7.357: [GC pause (G1 Evacuation Pause) (mixed) 291M->239M(512M), 0.0037050 secs]
2020-10-27T20:54:02.907+0800: 7.365: [GC pause (G1 Evacuation Pause) (mixed) 268M->228M(512M), 0.0038157 secs]
2020-10-27T20:54:02.914+0800: 7.372: [GC pause (G1 Humongous Allocation) (young) (initial-mark) 234M->230M(512M), 0.0013336 secs]
2020-10-27T20:54:02.915+0800: 7.373: [GC concurrent-root-region-scan-start]
2020-10-27T20:54:02.915+0800: 7.374: [GC concurrent-root-region-scan-end, 0.0001215 secs]
2020-10-27T20:54:02.915+0800: 7.374: [GC concurrent-mark-start]
2020-10-27T20:54:02.918+0800: 7.376: [GC concurrent-mark-end, 0.0022812 secs]
2020-10-27T20:54:02.918+0800: 7.376: [GC remark, 0.0010404 secs]
2020-10-27T20:54:02.919+0800: 7.377: [GC cleanup 242M->241M(512M), 0.0005186 secs]
2020-10-27T20:54:02.920+0800: 7.378: [GC concurrent-cleanup-start]
2020-10-27T20:54:02.920+0800: 7.378: [GC concurrent-cleanup-end, 0.0000072 secs]
2020-10-27T20:54:02.957+0800: 7.415: [GC pause (G1 Evacuation Pause) (young) 368M->265M(512M), 0.0056180 secs]
2020-10-27T20:54:02.964+0800: 7.422: [GC pause (G1 Evacuation Pause) (mixed) 277M->239M(512M), 0.0039538 secs]
2020-10-27T20:54:02.968+0800: 7.426: [GC pause (G1 Humongous Allocation) (young) (initial-mark) 240M->239M(512M), 0.0006877 secs]
2020-10-27T20:54:02.968+0800: 7.426: [GC concurrent-root-region-scan-start]
2020-10-27T20:54:02.969+0800: 7.427: [GC concurrent-root-region-scan-end, 0.0001066 secs]
2020-10-27T20:54:02.969+0800: 7.427: [GC concurrent-mark-start]
2020-10-27T20:54:02.971+0800: 7.429: [GC concurrent-mark-end, 0.0019726 secs]
2020-10-27T20:54:02.971+0800: 7.429: [GC remark, 0.0009581 secs]
2020-10-27T20:54:02.972+0800: 7.430: [GC cleanup 251M->250M(512M), 0.0002591 secs]
2020-10-27T20:54:02.972+0800: 7.430: [GC concurrent-cleanup-start]
2020-10-27T20:54:02.972+0800: 7.430: [GC concurrent-cleanup-end, 0.0000078 secs]
2020-10-27T20:54:03.023+0800: 7.481: [GC pause (G1 Evacuation Pause) (young)-- 434M->340M(512M), 0.0040316 secs]
2020-10-27T20:54:03.030+0800: 7.488: [GC pause (G1 Evacuation Pause) (mixed) 347M->306M(512M), 0.0046827 secs]
2020-10-27T20:54:03.040+0800: 7.497: [GC pause (G1 Evacuation Pause) (mixed) 334M->309M(512M), 0.0021478 secs]
2020-10-27T20:54:03.043+0800: 7.501: [GC pause (G1 Humongous Allocation) (young) (initial-mark) 312M->309M(512M), 0.0009686 secs]
2020-10-27T20:54:03.044+0800: 7.502: [GC concurrent-root-region-scan-start]
2020-10-27T20:54:03.044+0800: 7.502: [GC concurrent-root-region-scan-end, 0.0001242 secs]
2020-10-27T20:54:03.044+0800: 7.502: [GC concurrent-mark-start]
2020-10-27T20:54:03.046+0800: 7.504: [GC concurrent-mark-end, 0.0022068 secs]
2020-10-27T20:54:03.046+0800: 7.504: [GC remark, 0.0009403 secs]
2020-10-27T20:54:03.047+0800: 7.505: [GC cleanup 328M->324M(512M), 0.0003023 secs]
2020-10-27T20:54:03.048+0800: 7.505: [GC concurrent-cleanup-start]
2020-10-27T20:54:03.048+0800: 7.505: [GC concurrent-cleanup-end, 0.0000088 secs]
2020-10-27T20:54:03.081+0800: 7.539: [GC pause (G1 Evacuation Pause) (young) 427M->337M(512M), 0.0050093 secs]
2020-10-27T20:54:03.089+0800: 7.547: [GC pause (G1 Evacuation Pause) (mixed) 351M->294M(512M), 0.0028138 secs]
2020-10-27T20:54:03.105+0800: 7.562: [GC pause (G1 Evacuation Pause) (mixed) 322M->261M(512M), 0.0032551 secs]
2020-10-27T20:54:03.114+0800: 7.571: [GC pause (G1 Evacuation Pause) (mixed) 287M->247M(512M), 0.0036241 secs]
2020-10-27T20:54:03.119+0800: 7.576: [GC pause (G1 Humongous Allocation) (young) (initial-mark) 252M->250M(512M), 0.0014011 secs]
2020-10-27T20:54:03.120+0800: 7.578: [GC concurrent-root-region-scan-start]
2020-10-27T20:54:03.120+0800: 7.578: [GC concurrent-root-region-scan-end, 0.0001100 secs]
2020-10-27T20:54:03.120+0800: 7.578: [GC concurrent-mark-start]
2020-10-27T20:54:03.122+0800: 7.580: [GC concurrent-mark-end, 0.0018316 secs]
2020-10-27T20:54:03.122+0800: 7.580: [GC remark, 0.0009046 secs]
2020-10-27T20:54:03.123+0800: 7.581: [GC cleanup 253M->253M(512M), 0.0002758 secs]
2020-10-27T20:54:03.168+0800: 7.625: [GC pause (G1 Evacuation Pause) (young)-- 429M->360M(512M), 0.0046657 secs]
2020-10-27T20:54:03.176+0800: 7.634: [GC pause (G1 Evacuation Pause) (mixed) 368M->327M(512M), 0.0042765 secs]
2020-10-27T20:54:03.185+0800: 7.643: [GC pause (G1 Evacuation Pause) (mixed) 354M->327M(512M), 0.0023118 secs]
2020-10-27T20:54:03.187+0800: 7.646: [GC pause (G1 Humongous Allocation) (young) (initial-mark) 328M->327M(512M), 0.0007317 secs]
2020-10-27T20:54:03.188+0800: 7.646: [GC concurrent-root-region-scan-start]
2020-10-27T20:54:03.188+0800: 7.646: [GC concurrent-root-region-scan-end, 0.0001055 secs]
2020-10-27T20:54:03.188+0800: 7.646: [GC concurrent-mark-start]
2020-10-27T20:54:03.190+0800: 7.649: [GC concurrent-mark-end, 0.0021230 secs]
2020-10-27T20:54:03.190+0800: 7.649: [GC remark, 0.0010360 secs]
2020-10-27T20:54:03.191+0800: 7.650: [GC cleanup 337M->332M(512M), 0.0002920 secs]
2020-10-27T20:54:03.192+0800: 7.650: [GC concurrent-cleanup-start]
2020-10-27T20:54:03.192+0800: 7.650: [GC concurrent-cleanup-end, 0.0000102 secs]
2020-10-27T20:54:03.224+0800: 7.682: [GC pause (G1 Evacuation Pause) (young) 427M->350M(512M), 0.0037712 secs]
2020-10-27T20:54:03.232+0800: 7.690: [GC pause (G1 Evacuation Pause) (mixed) 367M->307M(512M), 0.0030446 secs]
2020-10-27T20:54:03.247+0800: 7.705: [GC pause (G1 Evacuation Pause) (mixed) 337M->277M(512M), 0.0038388 secs]
2020-10-27T20:54:03.255+0800: 7.713: [GC pause (G1 Evacuation Pause) (mixed) 300M->258M(512M), 0.0036528 secs]
2020-10-27T20:54:03.259+0800: 7.717: [GC pause (G1 Humongous Allocation) (young) (initial-mark) 258M->258M(512M), 0.0008096 secs]
2020-10-27T20:54:03.260+0800: 7.718: [GC concurrent-root-region-scan-start]
2020-10-27T20:54:03.260+0800: 7.718: [GC concurrent-root-region-scan-end, 0.0001227 secs]
2020-10-27T20:54:03.260+0800: 7.718: [GC concurrent-mark-start]
2020-10-27T20:54:03.262+0800: 7.720: [GC concurrent-mark-end, 0.0023028 secs]
2020-10-27T20:54:03.262+0800: 7.721: [GC remark, 0.0009409 secs]
2020-10-27T20:54:03.263+0800: 7.722: [GC cleanup 280M->279M(512M), 0.0002919 secs]
2020-10-27T20:54:03.264+0800: 7.722: [GC concurrent-cleanup-start]
2020-10-27T20:54:03.264+0800: 7.722: [GC concurrent-cleanup-end, 0.0000088 secs]
2020-10-27T20:54:03.314+0800: 7.772: [GC pause (G1 Evacuation Pause) (young)-- 435M->377M(512M), 0.0036469 secs]
2020-10-27T20:54:03.322+0800: 7.780: [GC pause (G1 Evacuation Pause) (mixed) 387M->343M(512M), 0.0041600 secs]
2020-10-27T20:54:03.333+0800: 7.791: [GC pause (G1 Evacuation Pause) (mixed) 368M->343M(512M), 0.0024545 secs]
2020-10-27T20:54:03.335+0800: 7.793: [GC pause (G1 Humongous Allocation) (young) (initial-mark) 344M->343M(512M), 0.0007348 secs]
2020-10-27T20:54:03.336+0800: 7.794: [GC concurrent-root-region-scan-start]
2020-10-27T20:54:03.336+0800: 7.794: [GC concurrent-root-region-scan-end, 0.0000786 secs]
2020-10-27T20:54:03.336+0800: 7.794: [GC concurrent-mark-start]
2020-10-27T20:54:03.339+0800: 7.797: [GC concurrent-mark-end, 0.0022895 secs]
2020-10-27T20:54:03.339+0800: 7.797: [GC remark, 0.0010831 secs]
2020-10-27T20:54:03.340+0800: 7.798: [GC cleanup 357M->349M(512M), 0.0004050 secs]
2020-10-27T20:54:03.340+0800: 7.798: [GC concurrent-cleanup-start]
2020-10-27T20:54:03.340+0800: 7.798: [GC concurrent-cleanup-end, 0.0000116 secs]
2020-10-27T20:54:03.358+0800: 7.816: [GC pause (G1 Evacuation Pause) (young) 414M->353M(512M), 0.0039090 secs]
2020-10-27T20:54:03.367+0800: 7.825: [GC pause (G1 Evacuation Pause) (mixed) 374M->313M(512M), 0.0029273 secs]
2020-10-27T20:54:03.375+0800: 7.833: [GC pause (G1 Evacuation Pause) (mixed) 339M->279M(512M), 0.0032096 secs]
2020-10-27T20:54:03.386+0800: 7.844: [GC pause (G1 Evacuation Pause) (mixed) 304M->253M(512M), 0.0046054 secs]
2020-10-27T20:54:03.396+0800: 7.854: [GC pause (G1 Evacuation Pause) (mixed) 284M->260M(512M), 0.0023949 secs]
2020-10-27T20:54:03.399+0800: 7.856: [GC pause (G1 Humongous Allocation) (young) (initial-mark) 262M->260M(512M), 0.0009779 secs]
2020-10-27T20:54:03.400+0800: 7.857: [GC concurrent-root-region-scan-start]
2020-10-27T20:54:03.400+0800: 7.858: [GC concurrent-root-region-scan-end, 0.0000835 secs]
2020-10-27T20:54:03.400+0800: 7.858: [GC concurrent-mark-start]
2020-10-27T20:54:03.402+0800: 7.860: [GC concurrent-mark-end, 0.0019758 secs]
2020-10-27T20:54:03.402+0800: 7.860: [GC remark, 0.0008819 secs]
2020-10-27T20:54:03.403+0800: 7.861: [GC cleanup 265M->261M(512M), 0.0002190 secs]
2020-10-27T20:54:03.403+0800: 7.861: [GC concurrent-cleanup-start]
2020-10-27T20:54:03.403+0800: 7.861: [GC concurrent-cleanup-end, 0.0000086 secs]
2020-10-27T20:54:03.460+0800: 7.917: [GC pause (G1 Evacuation Pause) (young)-- 427M->339M(512M), 0.0048323 secs]
2020-10-27T20:54:03.465+0800: 7.923: [GC pause (G1 Evacuation Pause) (mixed) 346M->304M(512M), 0.0042685 secs]
2020-10-27T20:54:03.480+0800: 7.938: [GC pause (G1 Evacuation Pause) (mixed) 329M->299M(512M), 0.0023875 secs]
2020-10-27T20:54:03.483+0800: 7.941: [GC pause (G1 Humongous Allocation) (young) (initial-mark) 300M->299M(512M), 0.0016393 secs]
2020-10-27T20:54:03.485+0800: 7.942: [GC concurrent-root-region-scan-start]
2020-10-27T20:54:03.485+0800: 7.942: [GC concurrent-root-region-scan-end, 0.0000810 secs]
2020-10-27T20:54:03.485+0800: 7.942: [GC concurrent-mark-start]
2020-10-27T20:54:03.487+0800: 7.945: [GC concurrent-mark-end, 0.0024617 secs]
2020-10-27T20:54:03.487+0800: 7.945: [GC remark, 0.0014251 secs]
2020-10-27T20:54:03.490+0800: 7.947: [GC cleanup 317M->313M(512M), 0.0003422 secs]
2020-10-27T20:54:03.490+0800: 7.947: [GC concurrent-cleanup-start]
2020-10-27T20:54:03.490+0800: 7.947: [GC concurrent-cleanup-end, 0.0000101 secs]
2020-10-27T20:54:03.529+0800: 7.987: [GC pause (G1 Evacuation Pause) (young) 422M->323M(512M), 0.0053329 secs]
2020-10-27T20:54:03.538+0800: 7.997: [GC pause (G1 Evacuation Pause) (mixed) 339M->303M(512M), 0.0028395 secs]
2020-10-27T20:54:03.551+0800: 8.009: [GC pause (G1 Evacuation Pause) (mixed) 333M->292M(512M), 0.0036568 secs]
2020-10-27T20:54:03.563+0800: 8.021: [GC pause (G1 Evacuation Pause) (mixed) 321M->282M(512M), 0.0030240 secs]
2020-10-27T20:54:03.572+0800: 8.031: [GC pause (G1 Evacuation Pause) (mixed) 310M->271M(512M), 0.0032783 secs]
2020-10-27T20:54:03.583+0800: 8.042: [GC pause (G1 Evacuation Pause) (mixed) 300M->271M(512M), 0.0030258 secs]
2020-10-27T20:54:03.590+0800: 8.048: [GC pause (G1 Humongous Allocation) (young) (initial-mark) 281M->274M(512M), 0.0015543 secs]
2020-10-27T20:54:03.591+0800: 8.050: [GC concurrent-root-region-scan-start]
2020-10-27T20:54:03.591+0800: 8.050: [GC concurrent-root-region-scan-end, 0.0000749 secs]
2020-10-27T20:54:03.591+0800: 8.050: [GC concurrent-mark-start]
2020-10-27T20:54:03.593+0800: 8.052: [GC concurrent-mark-end, 0.0019790 secs]
2020-10-27T20:54:03.593+0800: 8.052: [GC remark, 0.0010161 secs]
2020-10-27T20:54:03.595+0800: 8.053: [GC cleanup 276M->273M(512M), 0.0002964 secs]
2020-10-27T20:54:03.595+0800: 8.053: [GC concurrent-cleanup-start]
2020-10-27T20:54:03.595+0800: 8.053: [GC concurrent-cleanup-end, 0.0000083 secs]
2020-10-27T20:54:03.602+0800: 8.060: [GC pause (G1 Evacuation Pause) (young) 299M->278M(512M), 0.0019434 secs]
2020-10-27T20:54:03.620+0800: 8.078: [GC pause (G1 Evacuation Pause) (mixed) 302M->262M(512M), 0.0021046 secs]
2020-10-27T20:54:03.630+0800: 8.089: [GC pause (G1 Evacuation Pause) (mixed) 289M->251M(512M), 0.0026116 secs]
2020-10-27T20:54:03.641+0800: 8.099: [GC pause (G1 Evacuation Pause) (mixed) 277M->244M(512M), 0.0026546 secs]
2020-10-27T20:54:03.653+0800: 8.111: [GC pause (G1 Evacuation Pause) (mixed) 273M->241M(512M), 0.0032431 secs]
2020-10-27T20:54:03.660+0800: 8.118: [GC pause (G1 Humongous Allocation) (young) (initial-mark) 246M->242M(512M), 0.0010083 secs]
2020-10-27T20:54:03.661+0800: 8.119: [GC concurrent-root-region-scan-start]
2020-10-27T20:54:03.661+0800: 8.119: [GC concurrent-root-region-scan-end, 0.0000981 secs]
2020-10-27T20:54:03.661+0800: 8.119: [GC concurrent-mark-start]
2020-10-27T20:54:03.663+0800: 8.121: [GC concurrent-mark-end, 0.0018971 secs]
2020-10-27T20:54:03.663+0800: 8.121: [GC remark, 0.0010152 secs]
2020-10-27T20:54:03.664+0800: 8.122: [GC cleanup 250M->250M(512M), 0.0003345 secs]
2020-10-27T20:54:03.679+0800: 8.137: [GC pause (G1 Evacuation Pause) (young) 293M->259M(512M), 0.0032784 secs]
2020-10-27T20:54:03.688+0800: 8.146: [GC pause (G1 Evacuation Pause) (mixed) 283M->253M(512M), 0.0025210 secs]
2020-10-27T20:54:03.698+0800: 8.156: [GC pause (G1 Evacuation Pause) (mixed) 281M->246M(512M), 0.0036744 secs]
2020-10-27T20:54:03.709+0800: 8.167: [GC pause (G1 Evacuation Pause) (mixed) 268M->245M(512M), 0.0024471 secs]
2020-10-27T20:54:03.713+0800: 8.171: [GC pause (G1 Humongous Allocation) (young) (initial-mark) 257M->244M(512M), 0.0012481 secs]
2020-10-27T20:54:03.714+0800: 8.172: [GC concurrent-root-region-scan-start]
2020-10-27T20:54:03.715+0800: 8.173: [GC concurrent-root-region-scan-end, 0.0001035 secs]
2020-10-27T20:54:03.715+0800: 8.173: [GC concurrent-mark-start]
2020-10-27T20:54:03.716+0800: 8.174: [GC concurrent-mark-end, 0.0018463 secs]
2020-10-27T20:54:03.716+0800: 8.174: [GC remark, 0.0009572 secs]
2020-10-27T20:54:03.717+0800: 8.175: [GC cleanup 248M->248M(512M), 0.0003824 secs]
2020-10-27T20:54:03.764+0800: 8.222: [GC pause (G1 Evacuation Pause) (young) 402M->280M(512M), 0.0056598 secs]
2020-10-27T20:54:03.774+0800: 8.232: [GC pause (G1 Evacuation Pause) (mixed) 288M->257M(512M), 0.0031591 secs]
2020-10-27T20:54:03.783+0800: 8.241: [GC pause (G1 Evacuation Pause) (mixed) 286M->254M(512M), 0.0029112 secs]
2020-10-27T20:54:03.786+0800: 8.244: [GC pause (G1 Humongous Allocation) (young) (initial-mark) 255M->254M(512M), 0.0013354 secs]
2020-10-27T20:54:03.788+0800: 8.245: [GC concurrent-root-region-scan-start]
2020-10-27T20:54:03.788+0800: 8.246: [GC concurrent-root-region-scan-end, 0.0001482 secs]
2020-10-27T20:54:03.788+0800: 8.246: [GC concurrent-mark-start]
2020-10-27T20:54:03.790+0800: 8.247: [GC concurrent-mark-end, 0.0019444 secs]
2020-10-27T20:54:03.790+0800: 8.248: [GC remark, 0.0012214 secs]
2020-10-27T20:54:03.791+0800: 8.249: [GC cleanup 266M->264M(512M), 0.0004812 secs]
2020-10-27T20:54:03.792+0800: 8.250: [GC concurrent-cleanup-start]
2020-10-27T20:54:03.792+0800: 8.250: [GC concurrent-cleanup-end, 0.0000091 secs]
2020-10-27T20:54:03.832+0800: 8.290: [GC pause (G1 Evacuation Pause) (young) 382M->274M(512M), 0.0046620 secs]
2020-10-27T20:54:03.839+0800: 8.297: [GC pause (G1 Evacuation Pause) (mixed) 286M->240M(512M), 0.0038339 secs]
2020-10-27T20:54:03.847+0800: 8.305: [GC pause (G1 Evacuation Pause) (mixed) 264M->239M(512M), 0.0021903 secs]
2020-10-27T20:54:03.850+0800: 8.307: [GC pause (G1 Humongous Allocation) (young) (initial-mark) 243M->240M(512M), 0.0015912 secs]
2020-10-27T20:54:03.851+0800: 8.309: [GC concurrent-root-region-scan-start]
2020-10-27T20:54:03.852+0800: 8.309: [GC concurrent-root-region-scan-end, 0.0001056 secs]
2020-10-27T20:54:03.852+0800: 8.309: [GC concurrent-mark-start]
2020-10-27T20:54:03.853+0800: 8.311: [GC concurrent-mark-end, 0.0019281 secs]
2020-10-27T20:54:03.854+0800: 8.311: [GC remark, 0.0011975 secs]
2020-10-27T20:54:03.855+0800: 8.313: [GC cleanup 255M->255M(512M), 0.0007379 secs]
2020-10-27T20:54:03.888+0800: 8.345: [GC pause (G1 Evacuation Pause) (young) 393M->275M(512M), 0.0052003 secs]
2020-10-27T20:54:03.897+0800: 8.355: [GC pause (G1 Evacuation Pause) (mixed) 287M->250M(512M), 0.0037246 secs]
2020-10-27T20:54:03.905+0800: 8.362: [GC pause (G1 Evacuation Pause) (mixed) 273M->246M(512M), 0.0019312 secs]
2020-10-27T20:54:03.907+0800: 8.365: [GC pause (G1 Humongous Allocation) (young) (initial-mark) 246M->244M(512M), 0.0007218 secs]
2020-10-27T20:54:03.908+0800: 8.365: [GC concurrent-root-region-scan-start]
2020-10-27T20:54:03.908+0800: 8.365: [GC concurrent-root-region-scan-end, 0.0001122 secs]
2020-10-27T20:54:03.908+0800: 8.365: [GC concurrent-mark-start]
2020-10-27T20:54:03.910+0800: 8.368: [GC concurrent-mark-end, 0.0021333 secs]
2020-10-27T20:54:03.910+0800: 8.368: [GC remark, 0.0010755 secs]
2020-10-27T20:54:03.911+0800: 8.369: [GC cleanup 262M->261M(512M), 0.0008091 secs]
2020-10-27T20:54:03.911+0800: 8.370: [GC concurrent-cleanup-start]
2020-10-27T20:54:03.911+0800: 8.370: [GC concurrent-cleanup-end, 0.0000086 secs]
2020-10-27T20:54:03.935+0800: 8.393: [GC pause (G1 Evacuation Pause) (young) 342M->267M(512M), 0.0038463 secs]
2020-10-27T20:54:03.944+0800: 8.403: [GC pause (G1 Evacuation Pause) (mixed) 284M->235M(512M), 0.0039090 secs]
2020-10-27T20:54:03.954+0800: 8.413: [GC pause (G1 Evacuation Pause) (mixed) 260M->235M(512M), 0.0023966 secs]
2020-10-27T20:54:03.957+0800: 8.416: [GC pause (G1 Humongous Allocation) (young) (initial-mark) 239M->235M(512M), 0.0014787 secs]
2020-10-27T20:54:03.959+0800: 8.417: [GC concurrent-root-region-scan-start]
2020-10-27T20:54:03.959+0800: 8.417: [GC concurrent-root-region-scan-end, 0.0001265 secs]
2020-10-27T20:54:03.959+0800: 8.417: [GC concurrent-mark-start]
2020-10-27T20:54:03.961+0800: 8.419: [GC concurrent-mark-end, 0.0018691 secs]
2020-10-27T20:54:03.961+0800: 8.419: [GC remark, 0.0011535 secs]
2020-10-27T20:54:03.962+0800: 8.421: [GC cleanup 249M->249M(512M), 0.0008060 secs]
2020-10-27T20:54:04.002+0800: 8.460: [GC pause (G1 Evacuation Pause) (young) 367M->265M(512M), 0.0047703 secs]
2020-10-27T20:54:04.011+0800: 8.469: [GC pause (G1 Evacuation Pause) (mixed) 277M->236M(512M), 0.0043921 secs]
2020-10-27T20:54:04.021+0800: 8.479: [GC pause (G1 Evacuation Pause) (mixed) 265M->243M(512M), 0.0028258 secs]
2020-10-27T20:54:04.030+0800: 8.488: [GC pause (G1 Humongous Allocation) (young) (initial-mark) 250M->243M(512M), 0.0015076 secs]
2020-10-27T20:54:04.031+0800: 8.490: [GC concurrent-root-region-scan-start]
2020-10-27T20:54:04.032+0800: 8.490: [GC concurrent-root-region-scan-end, 0.0000796 secs]
2020-10-27T20:54:04.032+0800: 8.490: [GC concurrent-mark-start]
2020-10-27T20:54:04.033+0800: 8.492: [GC concurrent-mark-end, 0.0019176 secs]
2020-10-27T20:54:04.034+0800: 8.492: [GC remark, 0.0011511 secs]
2020-10-27T20:54:04.035+0800: 8.493: [GC cleanup 255M->255M(512M), 0.0002795 secs]
2020-10-27T20:54:04.090+0800: 8.548: [GC pause (G1 Evacuation Pause) (young)-- 433M->362M(512M), 0.0043831 secs]
2020-10-27T20:54:04.097+0800: 8.555: [GC pause (G1 Evacuation Pause) (mixed) 368M->324M(512M), 0.0040307 secs]
2020-10-27T20:54:04.107+0800: 8.565: [GC pause (G1 Evacuation Pause) (mixed) 355M->324M(512M), 0.0026829 secs]
2020-10-27T20:54:04.112+0800: 8.570: [GC pause (G1 Humongous Allocation) (young) (initial-mark) 332M->327M(512M), 0.0016336 secs]
2020-10-27T20:54:04.114+0800: 8.572: [GC concurrent-root-region-scan-start]
2020-10-27T20:54:04.114+0800: 8.572: [GC concurrent-root-region-scan-end, 0.0001227 secs]
2020-10-27T20:54:04.114+0800: 8.572: [GC concurrent-mark-start]
2020-10-27T20:54:04.116+0800: 8.574: [GC concurrent-mark-end, 0.0021964 secs]
2020-10-27T20:54:04.116+0800: 8.574: [GC remark, 0.0011427 secs]
2020-10-27T20:54:04.117+0800: 8.575: [GC cleanup 348M->339M(512M), 0.0005100 secs]
2020-10-27T20:54:04.118+0800: 8.576: [GC concurrent-cleanup-start]
2020-10-27T20:54:04.118+0800: 8.576: [GC concurrent-cleanup-end, 0.0000125 secs]
2020-10-27T20:54:04.135+0800: 8.593: [GC pause (G1 Evacuation Pause) (young) 421M->345M(512M), 0.0044225 secs]
2020-10-27T20:54:04.147+0800: 8.605: [GC pause (G1 Evacuation Pause) (mixed) 365M->303M(512M), 0.0032422 secs]
2020-10-27T20:54:04.155+0800: 8.613: [GC pause (G1 Evacuation Pause) (mixed) 326M->269M(512M), 0.0030361 secs]
2020-10-27T20:54:04.166+0800: 8.624: [GC pause (G1 Evacuation Pause) (mixed) 294M->250M(512M), 0.0037519 secs]
2020-10-27T20:54:04.170+0800: 8.628: [GC pause (G1 Humongous Allocation) (young) (initial-mark) 250M->250M(512M), 0.0008102 secs]
2020-10-27T20:54:04.171+0800: 8.628: [GC concurrent-root-region-scan-start]
2020-10-27T20:54:04.171+0800: 8.629: [GC concurrent-root-region-scan-end, 0.0001221 secs]
2020-10-27T20:54:04.171+0800: 8.629: [GC concurrent-mark-start]
2020-10-27T20:54:04.173+0800: 8.631: [GC concurrent-mark-end, 0.0020939 secs]
2020-10-27T20:54:04.173+0800: 8.631: [GC remark, 0.0010645 secs]
2020-10-27T20:54:04.174+0800: 8.632: [GC cleanup 274M->274M(512M), 0.0004025 secs]
2020-10-27T20:54:04.211+0800: 8.668: [GC pause (G1 Evacuation Pause) (young) 403M->285M(512M), 0.0050729 secs]
2020-10-27T20:54:04.221+0800: 8.678: [GC pause (G1 Evacuation Pause) (mixed) 296M->255M(512M), 0.0038864 secs]
2020-10-27T20:54:04.230+0800: 8.688: [GC pause (G1 Evacuation Pause) (mixed) 282M->255M(512M), 0.0023292 secs]
2020-10-27T20:54:04.234+0800: 8.691: [GC pause (G1 Humongous Allocation) (young) (initial-mark) 256M->255M(512M), 0.0008852 secs]
2020-10-27T20:54:04.235+0800: 8.692: [GC concurrent-root-region-scan-start]
2020-10-27T20:54:04.235+0800: 8.692: [GC concurrent-root-region-scan-end, 0.0000598 secs]
2020-10-27T20:54:04.235+0800: 8.692: [GC concurrent-mark-start]
2020-10-27T20:54:04.237+0800: 8.694: [GC concurrent-mark-end, 0.0020578 secs]
2020-10-27T20:54:04.237+0800: 8.695: [GC remark, 0.0011755 secs]
2020-10-27T20:54:04.238+0800: 8.696: [GC cleanup 270M->269M(512M), 0.0007978 secs]
2020-10-27T20:54:04.239+0800: 8.697: [GC concurrent-cleanup-start]
2020-10-27T20:54:04.239+0800: 8.697: [GC concurrent-cleanup-end, 0.0000084 secs]
2020-10-27T20:54:04.271+0800: 8.729: [GC pause (G1 Evacuation Pause) (young) 387M->284M(512M), 0.0048197 secs]
2020-10-27T20:54:04.279+0800: 8.736: [GC pause (G1 Evacuation Pause) (mixed) 299M->256M(512M), 0.0035979 secs]
2020-10-27T20:54:04.285+0800: 8.743: [GC pause (G1 Evacuation Pause) (mixed) 283M->257M(512M), 0.0027125 secs]
2020-10-27T20:54:04.288+0800: 8.747: [GC pause (G1 Humongous Allocation) (young) (initial-mark) 258M->258M(512M), 0.0010714 secs]
2020-10-27T20:54:04.289+0800: 8.748: [GC concurrent-root-region-scan-start]
2020-10-27T20:54:04.289+0800: 8.748: [GC concurrent-root-region-scan-end, 0.0000967 secs]
2020-10-27T20:54:04.289+0800: 8.748: [GC concurrent-mark-start]
2020-10-27T20:54:04.292+0800: 8.750: [GC concurrent-mark-end, 0.0020106 secs]
2020-10-27T20:54:04.292+0800: 8.750: [GC remark, 0.0010468 secs]
2020-10-27T20:54:04.293+0800: 8.751: [GC cleanup 270M->269M(512M), 0.0008510 secs]
2020-10-27T20:54:04.294+0800: 8.752: [GC concurrent-cleanup-start]
2020-10-27T20:54:04.294+0800: 8.752: [GC concurrent-cleanup-end, 0.0000083 secs]
2020-10-27T20:54:04.324+0800: 8.782: [GC pause (G1 Evacuation Pause) (young) 392M->285M(512M), 0.0049904 secs]
2020-10-27T20:54:04.331+0800: 8.789: [GC pause (G1 Evacuation Pause) (mixed) 298M->272M(512M), 0.0028138 secs]
2020-10-27T20:54:04.349+0800: 8.807: [GC pause (G1 Evacuation Pause) (mixed) 301M->264M(512M), 0.0029240 secs]
2020-10-27T20:54:04.358+0800: 8.816: [GC pause (G1 Evacuation Pause) (mixed) 290M->258M(512M), 0.0030298 secs]
2020-10-27T20:54:04.369+0800: 8.827: [GC pause (G1 Evacuation Pause) (mixed) 283M->259M(512M), 0.0025757 secs]
2020-10-27T20:54:04.372+0800: 8.830: [GC pause (G1 Humongous Allocation) (young) (initial-mark) 266M->261M(512M), 0.0011397 secs]
2020-10-27T20:54:04.373+0800: 8.832: [GC concurrent-root-region-scan-start]
2020-10-27T20:54:04.374+0800: 8.832: [GC concurrent-root-region-scan-end, 0.0000651 secs]
2020-10-27T20:54:04.374+0800: 8.832: [GC concurrent-mark-start]
2020-10-27T20:54:04.376+0800: 8.834: [GC concurrent-mark-end, 0.0020197 secs]
2020-10-27T20:54:04.376+0800: 8.834: [GC remark, 0.0010549 secs]
2020-10-27T20:54:04.377+0800: 8.835: [GC cleanup 266M->265M(512M), 0.0002354 secs]
2020-10-27T20:54:04.377+0800: 8.835: [GC concurrent-cleanup-start]
2020-10-27T20:54:04.377+0800: 8.835: [GC concurrent-cleanup-end, 0.0000077 secs]
2020-10-27T20:54:04.381+0800: 8.839: [GC pause (G1 Evacuation Pause) (young) 289M->266M(512M), 0.0020958 secs]
2020-10-27T20:54:04.387+0800: 8.845: [GC pause (G1 Evacuation Pause) (mixed) 293M->252M(512M), 0.0024909 secs]
2020-10-27T20:54:04.394+0800: 8.852: [GC pause (G1 Evacuation Pause) (mixed) 278M->244M(512M), 0.0028408 secs]
2020-10-27T20:54:04.408+0800: 8.866: [GC pause (G1 Evacuation Pause) (mixed) 269M->239M(512M), 0.0028887 secs]
2020-10-27T20:54:04.419+0800: 8.877: [GC pause (G1 Evacuation Pause) (mixed) 265M->238M(512M), 0.0028485 secs]
2020-10-27T20:54:04.422+0800: 8.880: [GC pause (G1 Humongous Allocation) (young) (initial-mark) 240M->238M(512M), 0.0010667 secs]
2020-10-27T20:54:04.423+0800: 8.881: [GC concurrent-root-region-scan-start]
2020-10-27T20:54:04.423+0800: 8.881: [GC concurrent-root-region-scan-end, 0.0000543 secs]
2020-10-27T20:54:04.423+0800: 8.881: [GC concurrent-mark-start]
2020-10-27T20:54:04.425+0800: 8.883: [GC concurrent-mark-end, 0.0019712 secs]
2020-10-27T20:54:04.425+0800: 8.883: [GC remark, 0.0009835 secs]
2020-10-27T20:54:04.426+0800: 8.885: [GC cleanup 244M->243M(512M), 0.0003511 secs]
2020-10-27T20:54:04.427+0800: 8.885: [GC concurrent-cleanup-start]
2020-10-27T20:54:04.427+0800: 8.885: [GC concurrent-cleanup-end, 0.0000076 secs]
2020-10-27T20:54:04.439+0800: 8.897: [GC pause (G1 Evacuation Pause) (young) 268M->250M(512M), 0.0019906 secs]
2020-10-27T20:54:04.454+0800: 8.912: [GC pause (G1 Evacuation Pause) (mixed) 276M->245M(512M), 0.0025159 secs]
2020-10-27T20:54:04.466+0800: 8.924: [GC pause (G1 Evacuation Pause) (mixed) 273M->243M(512M), 0.0029435 secs]
2020-10-27T20:54:04.476+0800: 8.934: [GC pause (G1 Evacuation Pause) (mixed) 270M->235M(512M), 0.0028843 secs]
2020-10-27T20:54:04.479+0800: 8.937: [GC pause (G1 Humongous Allocation) (young) (initial-mark) 236M->236M(512M), 0.0011290 secs]
2020-10-27T20:54:04.480+0800: 8.938: [GC concurrent-root-region-scan-start]
2020-10-27T20:54:04.480+0800: 8.938: [GC concurrent-root-region-scan-end, 0.0000713 secs]
2020-10-27T20:54:04.480+0800: 8.938: [GC concurrent-mark-start]
2020-10-27T20:54:04.482+0800: 8.940: [GC concurrent-mark-end, 0.0019193 secs]
2020-10-27T20:54:04.482+0800: 8.940: [GC remark, 0.0008720 secs]
2020-10-27T20:54:04.483+0800: 8.941: [GC cleanup 242M->241M(512M), 0.0002370 secs]
2020-10-27T20:54:04.483+0800: 8.941: [GC concurrent-cleanup-start]
2020-10-27T20:54:04.483+0800: 8.941: [GC concurrent-cleanup-end, 0.0000087 secs]
2020-10-27T20:54:04.492+0800: 8.950: [GC pause (G1 Evacuation Pause) (young) 266M->241M(512M), 0.0022573 secs]
2020-10-27T20:54:04.503+0800: 8.961: [GC pause (G1 Evacuation Pause) (mixed) 267M->236M(512M), 0.0027742 secs]
2020-10-27T20:54:04.517+0800: 8.975: [GC pause (G1 Evacuation Pause) (mixed) 265M->234M(512M), 0.0030605 secs]
2020-10-27T20:54:04.527+0800: 8.985: [GC pause (G1 Evacuation Pause) (mixed) 262M->240M(512M), 0.0025551 secs]
2020-10-27T20:54:04.531+0800: 8.989: [GC pause (G1 Humongous Allocation) (young) (initial-mark) 247M->243M(512M), 0.0013249 secs]
2020-10-27T20:54:04.532+0800: 8.990: [GC concurrent-root-region-scan-start]
2020-10-27T20:54:04.532+0800: 8.990: [GC concurrent-root-region-scan-end, 0.0001045 secs]
2020-10-27T20:54:04.532+0800: 8.990: [GC concurrent-mark-start]
2020-10-27T20:54:04.534+0800: 8.992: [GC concurrent-mark-end, 0.0018296 secs]
2020-10-27T20:54:04.534+0800: 8.992: [GC remark, 0.0010037 secs]
2020-10-27T20:54:04.536+0800: 8.993: [GC cleanup 245M->245M(512M), 0.0002627 secs]
2020-10-27T20:54:04.544+0800: 9.002: [GC pause (G1 Evacuation Pause) (young) 270M->249M(512M), 0.0021640 secs]
2020-10-27T20:54:04.559+0800: 9.017: [GC pause (G1 Evacuation Pause) (mixed) 273M->241M(512M), 0.0023226 secs]
2020-10-27T20:54:04.570+0800: 9.028: [GC pause (G1 Evacuation Pause) (mixed) 270M->238M(512M), 0.0031504 secs]
2020-10-27T20:54:04.586+0800: 9.043: [GC pause (G1 Evacuation Pause) (mixed) 267M->238M(512M), 0.0030544 secs]
2020-10-27T20:54:04.602+0800: 9.060: [GC pause (G1 Evacuation Pause) (mixed) 267M->243M(512M), 0.0028904 secs]
2020-10-27T20:54:04.607+0800: 9.064: [GC pause (G1 Humongous Allocation) (young) (initial-mark) 244M->242M(512M), 0.0008980 secs]
2020-10-27T20:54:04.608+0800: 9.065: [GC concurrent-root-region-scan-start]
2020-10-27T20:54:04.608+0800: 9.065: [GC concurrent-root-region-scan-end, 0.0000161 secs]
2020-10-27T20:54:04.608+0800: 9.065: [GC concurrent-mark-start]
2020-10-27T20:54:04.610+0800: 9.067: [GC concurrent-mark-end, 0.0020140 secs]
2020-10-27T20:54:04.610+0800: 9.067: [GC remark, 0.0010857 secs]
2020-10-27T20:54:04.611+0800: 9.069: [GC cleanup 247M->246M(512M), 0.0006672 secs]
2020-10-27T20:54:04.612+0800: 9.069: [GC concurrent-cleanup-start]
2020-10-27T20:54:04.612+0800: 9.069: [GC concurrent-cleanup-end, 0.0000085 secs]
2020-10-27T20:54:04.631+0800: 9.089: [GC pause (G1 Evacuation Pause) (young) 311M->260M(512M), 0.0033715 secs]
2020-10-27T20:54:04.638+0800: 9.095: [GC pause (G1 Evacuation Pause) (mixed) 284M->251M(512M), 0.0031520 secs]
2020-10-27T20:54:04.644+0800: 9.102: [GC pause (G1 Evacuation Pause) (mixed) 276M->247M(512M), 0.0031791 secs]
2020-10-27T20:54:04.655+0800: 9.112: [GC pause (G1 Evacuation Pause) (mixed) 270M->245M(512M), 0.0026195 secs]
2020-10-27T20:54:04.662+0800: 9.120: [GC pause (G1 Evacuation Pause) (mixed) 273M->250M(512M), 0.0023040 secs]
2020-10-27T20:54:04.665+0800: 9.123: [GC pause (G1 Humongous Allocation) (young) (initial-mark) 257M->252M(512M), 0.0015896 secs]
2020-10-27T20:54:04.666+0800: 9.125: [GC concurrent-root-region-scan-start]
2020-10-27T20:54:04.666+0800: 9.125: [GC concurrent-root-region-scan-end, 0.0001067 secs]
2020-10-27T20:54:04.666+0800: 9.125: [GC concurrent-mark-start]
2020-10-27T20:54:04.669+0800: 9.127: [GC concurrent-mark-end, 0.0022502 secs]
2020-10-27T20:54:04.669+0800: 9.127: [GC remark, 0.0010723 secs]
2020-10-27T20:54:04.670+0800: 9.128: [GC cleanup 276M->275M(512M), 0.0005231 secs]
2020-10-27T20:54:04.670+0800: 9.129: [GC concurrent-cleanup-start]
2020-10-27T20:54:04.670+0800: 9.129: [GC concurrent-cleanup-end, 0.0000087 secs]
2020-10-27T20:54:04.688+0800: 9.146: [GC pause (G1 Evacuation Pause) (young) 362M->277M(512M), 0.0044447 secs]
2020-10-27T20:54:04.698+0800: 9.157: [GC pause (G1 Evacuation Pause) (mixed) 296M->252M(512M), 0.0042011 secs]
2020-10-27T20:54:04.711+0800: 9.169: [GC pause (G1 Evacuation Pause) (mixed) 278M->244M(512M), 0.0026806 secs]
2020-10-27T20:54:04.717+0800: 9.175: [GC pause (G1 Humongous Allocation) (young) (initial-mark) 250M->245M(512M), 0.0009724 secs]
2020-10-27T20:54:04.718+0800: 9.176: [GC concurrent-root-region-scan-start]
2020-10-27T20:54:04.718+0800: 9.176: [GC concurrent-root-region-scan-end, 0.0000672 secs]
2020-10-27T20:54:04.718+0800: 9.176: [GC concurrent-mark-start]
2020-10-27T20:54:04.720+0800: 9.178: [GC concurrent-mark-end, 0.0021033 secs]
2020-10-27T20:54:04.720+0800: 9.178: [GC remark, 0.0009166 secs]
2020-10-27T20:54:04.721+0800: 9.179: [GC cleanup 255M->255M(512M), 0.0004747 secs]
2020-10-27T20:54:04.744+0800: 9.202: [GC pause (G1 Evacuation Pause) (young) 337M->272M(512M), 0.0040210 secs]
2020-10-27T20:54:04.752+0800: 9.210: [GC pause (G1 Evacuation Pause) (mixed) 292M->244M(512M), 0.0039917 secs]
2020-10-27T20:54:04.763+0800: 9.221: [GC pause (G1 Evacuation Pause) (mixed) 269M->246M(512M), 0.0024018 secs]
2020-10-27T20:54:04.766+0800: 9.224: [GC pause (G1 Humongous Allocation) (young) (initial-mark) 247M->247M(512M), 0.0011455 secs]
2020-10-27T20:54:04.767+0800: 9.225: [GC concurrent-root-region-scan-start]
2020-10-27T20:54:04.767+0800: 9.225: [GC concurrent-root-region-scan-end, 0.0000918 secs]
2020-10-27T20:54:04.767+0800: 9.225: [GC concurrent-mark-start]
2020-10-27T20:54:04.769+0800: 9.227: [GC concurrent-mark-end, 0.0021142 secs]
2020-10-27T20:54:04.769+0800: 9.227: [GC remark, 0.0009771 secs]
2020-10-27T20:54:04.770+0800: 9.228: [GC cleanup 262M->262M(512M), 0.0004344 secs]
2020-10-27T20:54:04.793+0800: 9.251: [GC pause (G1 Evacuation Pause) (young) 366M->266M(512M), 0.0044716 secs]
2020-10-27T20:54:04.802+0800: 9.260: [GC pause (G1 Evacuation Pause) (mixed) 281M->236M(512M), 0.0043795 secs]
2020-10-27T20:54:04.809+0800: 9.267: [GC pause (G1 Humongous Allocation) (young) (initial-mark) 239M->237M(512M), 0.0010528 secs]
2020-10-27T20:54:04.810+0800: 9.268: [GC concurrent-root-region-scan-start]
2020-10-27T20:54:04.810+0800: 9.268: [GC concurrent-root-region-scan-end, 0.0000644 secs]
2020-10-27T20:54:04.810+0800: 9.268: [GC concurrent-mark-start]
2020-10-27T20:54:04.812+0800: 9.270: [GC concurrent-mark-end, 0.0020121 secs]
2020-10-27T20:54:04.812+0800: 9.270: [GC remark, 0.0009478 secs]
2020-10-27T20:54:04.813+0800: 9.271: [GC cleanup 240M->240M(512M), 0.0002546 secs]
2020-10-27T20:54:04.858+0800: 9.316: [GC pause (G1 Evacuation Pause) (young)-- 416M->305M(512M), 0.0047839 secs]
2020-10-27T20:54:04.866+0800: 9.324: [GC pause (G1 Evacuation Pause) (mixed) 315M->278M(512M), 0.0048433 secs]
2020-10-27T20:54:04.881+0800: 9.339: [GC pause (G1 Evacuation Pause) (mixed) 308M->285M(512M), 0.0020257 secs]
2020-10-27T20:54:04.887+0800: 9.345: [GC pause (G1 Humongous Allocation) (young) (initial-mark) 291M->285M(512M), 0.0010967 secs]
2020-10-27T20:54:04.888+0800: 9.346: [GC concurrent-root-region-scan-start]
2020-10-27T20:54:04.888+0800: 9.346: [GC concurrent-root-region-scan-end, 0.0000802 secs]
2020-10-27T20:54:04.888+0800: 9.346: [GC concurrent-mark-start]
2020-10-27T20:54:04.890+0800: 9.348: [GC concurrent-mark-end, 0.0019893 secs]
2020-10-27T20:54:04.890+0800: 9.348: [GC remark, 0.0008812 secs]
2020-10-27T20:54:04.891+0800: 9.349: [GC cleanup 292M->289M(512M), 0.0002526 secs]
2020-10-27T20:54:04.891+0800: 9.349: [GC concurrent-cleanup-start]
2020-10-27T20:54:04.891+0800: 9.349: [GC concurrent-cleanup-end, 0.0000093 secs]
2020-10-27T20:54:04.912+0800: 9.369: [GC pause (G1 Evacuation Pause) (young) 379M->307M(512M), 0.0042335 secs]
2020-10-27T20:54:04.919+0800: 9.377: [GC pause (G1 Evacuation Pause) (mixed) 324M->266M(512M), 0.0029549 secs]
2020-10-27T20:54:04.930+0800: 9.388: [GC pause (G1 Evacuation Pause) (mixed) 297M->248M(512M), 0.0039454 secs]
2020-10-27T20:54:04.937+0800: 9.395: [GC pause (G1 Humongous Allocation) (young) (initial-mark) 259M->252M(512M), 0.0012400 secs]
2020-10-27T20:54:04.938+0800: 9.396: [GC concurrent-root-region-scan-start]
2020-10-27T20:54:04.939+0800: 9.396: [GC concurrent-root-region-scan-end, 0.0001359 secs]
2020-10-27T20:54:04.939+0800: 9.396: [GC concurrent-mark-start]
2020-10-27T20:54:04.941+0800: 9.398: [GC concurrent-mark-end, 0.0019938 secs]
2020-10-27T20:54:04.941+0800: 9.398: [GC remark, 0.0008772 secs]
2020-10-27T20:54:04.942+0800: 9.399: [GC cleanup 268M->265M(512M), 0.0002564 secs]
2020-10-27T20:54:04.942+0800: 9.400: [GC concurrent-cleanup-start]
2020-10-27T20:54:04.942+0800: 9.400: [GC concurrent-cleanup-end, 0.0000092 secs]
2020-10-27T20:54:04.973+0800: 9.430: [GC pause (G1 Evacuation Pause) (young) 363M->271M(512M), 0.0045479 secs]
2020-10-27T20:54:04.983+0800: 9.440: [GC pause (G1 Evacuation Pause) (mixed) 291M->252M(512M), 0.0036995 secs]
2020-10-27T20:54:04.991+0800: 9.448: [GC pause (G1 Evacuation Pause) (mixed) 277M->245M(512M), 0.0028468 secs]
2020-10-27T20:54:04.994+0800: 9.452: [GC pause (G1 Humongous Allocation) (young) (initial-mark) 250M->247M(512M), 0.0009987 secs]
2020-10-27T20:54:04.995+0800: 9.453: [GC concurrent-root-region-scan-start]
2020-10-27T20:54:04.995+0800: 9.453: [GC concurrent-root-region-scan-end, 0.0000794 secs]
2020-10-27T20:54:04.995+0800: 9.453: [GC concurrent-mark-start]
2020-10-27T20:54:04.998+0800: 9.455: [GC concurrent-mark-end, 0.0020850 secs]
2020-10-27T20:54:04.998+0800: 9.455: [GC remark, 0.0009832 secs]
2020-10-27T20:54:04.999+0800: 9.456: [GC cleanup 259M->258M(512M), 0.0002817 secs]
2020-10-27T20:54:04.999+0800: 9.457: [GC concurrent-cleanup-start]
2020-10-27T20:54:04.999+0800: 9.457: [GC concurrent-cleanup-end, 0.0000078 secs]
2020-10-27T20:54:05.015+0800: 9.472: [GC pause (G1 Evacuation Pause) (young) 311M->258M(512M), 0.0033181 secs]
2020-10-27T20:54:05.026+0800: 9.483: [GC pause (G1 Evacuation Pause) (mixed) 280M->234M(512M), 0.0042627 secs]
2020-10-27T20:54:05.037+0800: 9.495: [GC pause (G1 Evacuation Pause) (mixed) 259M->240M(512M), 0.0019315 secs]
2020-10-27T20:54:05.039+0800: 9.497: [GC pause (G1 Humongous Allocation) (young) (initial-mark) 245M->243M(512M), 0.0009722 secs]
2020-10-27T20:54:05.040+0800: 9.498: [GC concurrent-root-region-scan-start]
2020-10-27T20:54:05.040+0800: 9.498: [GC concurrent-root-region-scan-end, 0.0001012 secs]
2020-10-27T20:54:05.040+0800: 9.498: [GC concurrent-mark-start]
2020-10-27T20:54:05.042+0800: 9.500: [GC concurrent-mark-end, 0.0018067 secs]
2020-10-27T20:54:05.042+0800: 9.500: [GC remark, 0.0009901 secs]
2020-10-27T20:54:05.043+0800: 9.501: [GC cleanup 249M->249M(512M), 0.0002854 secs]
2020-10-27T20:54:05.083+0800: 9.541: [GC pause (G1 Evacuation Pause) (young) 364M->278M(512M), 0.0050437 secs]
2020-10-27T20:54:05.092+0800: 9.550: [GC pause (G1 Evacuation Pause) (mixed) 294M->250M(512M), 0.0043012 secs]
2020-10-27T20:54:05.104+0800: 9.562: [GC pause (G1 Evacuation Pause) (mixed) 276M->252M(512M), 0.0024841 secs]
2020-10-27T20:54:05.107+0800: 9.565: [GC pause (G1 Humongous Allocation) (young) (initial-mark) 252M->251M(512M), 0.0007720 secs]
2020-10-27T20:54:05.108+0800: 9.566: [GC concurrent-root-region-scan-start]
2020-10-27T20:54:05.108+0800: 9.566: [GC concurrent-root-region-scan-end, 0.0000886 secs]
2020-10-27T20:54:05.108+0800: 9.566: [GC concurrent-mark-start]
2020-10-27T20:54:05.110+0800: 9.568: [GC concurrent-mark-end, 0.0020814 secs]
2020-10-27T20:54:05.110+0800: 9.568: [GC remark, 0.0008844 secs]
2020-10-27T20:54:05.111+0800: 9.569: [GC cleanup 263M->262M(512M), 0.0002355 secs]
2020-10-27T20:54:05.111+0800: 9.569: [GC concurrent-cleanup-start]
2020-10-27T20:54:05.111+0800: 9.569: [GC concurrent-cleanup-end, 0.0000076 secs]
2020-10-27T20:54:05.157+0800: 9.615: [GC pause (G1 Evacuation Pause) (young) 416M->287M(512M), 0.0055630 secs]
2020-10-27T20:54:05.171+0800: 9.629: [GC pause (G1 Evacuation Pause) (mixed) 297M->262M(512M), 0.0034205 secs]
2020-10-27T20:54:05.185+0800: 9.643: [GC pause (G1 Evacuation Pause) (mixed) 290M->258M(512M), 0.0033438 secs]
2020-10-27T20:54:05.188+0800: 9.646: [GC pause (G1 Humongous Allocation) (young) (initial-mark) 259M->259M(512M), 0.0009557 secs]
2020-10-27T20:54:05.189+0800: 9.647: [GC concurrent-root-region-scan-start]
2020-10-27T20:54:05.189+0800: 9.647: [GC concurrent-root-region-scan-end, 0.0000578 secs]
2020-10-27T20:54:05.189+0800: 9.647: [GC concurrent-mark-start]
2020-10-27T20:54:05.191+0800: 9.649: [GC concurrent-mark-end, 0.0020573 secs]
2020-10-27T20:54:05.191+0800: 9.649: [GC remark, 0.0010411 secs]
2020-10-27T20:54:05.193+0800: 9.651: [GC cleanup 267M->267M(512M), 0.0003075 secs]
2020-10-27T20:54:05.214+0800: 9.672: [GC pause (G1 Evacuation Pause) (young) 337M->274M(512M), 0.0036175 secs]
2020-10-27T20:54:05.225+0800: 9.683: [GC pause (G1 Evacuation Pause) (mixed) 296M->265M(512M), 0.0028893 secs]
2020-10-27T20:54:05.237+0800: 9.695: [GC pause (G1 Evacuation Pause) (mixed) 291M->258M(512M), 0.0028101 secs]
2020-10-27T20:54:05.254+0800: 9.711: [GC pause (G1 Evacuation Pause) (mixed) 284M->253M(512M), 0.0028838 secs]
2020-10-27T20:54:05.270+0800: 9.728: [GC pause (G1 Evacuation Pause) (mixed) 282M->257M(512M), 0.0027929 secs]
2020-10-27T20:54:05.273+0800: 9.731: [GC pause (G1 Humongous Allocation) (young) (initial-mark) 260M->256M(512M), 0.0008583 secs]
2020-10-27T20:54:05.274+0800: 9.732: [GC concurrent-root-region-scan-start]
2020-10-27T20:54:05.274+0800: 9.732: [GC concurrent-root-region-scan-end, 0.0000621 secs]
2020-10-27T20:54:05.274+0800: 9.732: [GC concurrent-mark-start]
2020-10-27T20:54:05.276+0800: 9.734: [GC concurrent-mark-end, 0.0019848 secs]
2020-10-27T20:54:05.276+0800: 9.734: [GC remark, 0.0010313 secs]
2020-10-27T20:54:05.277+0800: 9.735: [GC cleanup 261M->260M(512M), 0.0002826 secs]
2020-10-27T20:54:05.277+0800: 9.735: [GC concurrent-cleanup-start]
2020-10-27T20:54:05.277+0800: 9.735: [GC concurrent-cleanup-end, 0.0000073 secs]
2020-10-27T20:54:05.300+0800: 9.758: [GC pause (G1 Evacuation Pause) (young) 327M->274M(512M), 0.0030072 secs]
2020-10-27T20:54:05.315+0800: 9.773: [GC pause (G1 Evacuation Pause) (mixed) 297M->255M(512M), 0.0033256 secs]
2020-10-27T20:54:05.326+0800: 9.783: [GC pause (G1 Evacuation Pause) (mixed) 281M->241M(512M), 0.0034030 secs]
2020-10-27T20:54:05.341+0800: 9.798: [GC pause (G1 Evacuation Pause) (mixed) 267M->249M(512M), 0.0025088 secs]
2020-10-27T20:54:05.344+0800: 9.801: [GC pause (G1 Humongous Allocation) (young) (initial-mark) 250M->248M(512M), 0.0007756 secs]
2020-10-27T20:54:05.345+0800: 9.802: [GC concurrent-root-region-scan-start]
2020-10-27T20:54:05.345+0800: 9.802: [GC concurrent-root-region-scan-end, 0.0000862 secs]
2020-10-27T20:54:05.345+0800: 9.802: [GC concurrent-mark-start]
2020-10-27T20:54:05.347+0800: 9.805: [GC concurrent-mark-end, 0.0022100 secs]
2020-10-27T20:54:05.347+0800: 9.805: [GC remark, 0.0012069 secs]
2020-10-27T20:54:05.348+0800: 9.806: [GC cleanup 266M->263M(512M), 0.0003206 secs]
2020-10-27T20:54:05.349+0800: 9.806: [GC concurrent-cleanup-start]
2020-10-27T20:54:05.349+0800: 9.806: [GC concurrent-cleanup-end, 0.0000141 secs]
2020-10-27T20:54:05.430+0800: 9.889: [GC pause (G1 Evacuation Pause) (young)-- 424M->330M(512M), 0.0087042 secs]
2020-10-27T20:54:05.445+0800: 9.904: [GC pause (G1 Evacuation Pause) (mixed) 340M->297M(512M), 0.0045509 secs]
2020-10-27T20:54:05.452+0800: 9.911: [GC pause (G1 Humongous Allocation) (young) (initial-mark) 300M->298M(512M), 0.0016088 secs]
2020-10-27T20:54:05.454+0800: 9.912: [GC concurrent-root-region-scan-start]
2020-10-27T20:54:05.454+0800: 9.913: [GC concurrent-root-region-scan-end, 0.0001181 secs]
2020-10-27T20:54:05.454+0800: 9.913: [GC concurrent-mark-start]
2020-10-27T20:54:05.460+0800: 9.918: [GC concurrent-mark-end, 0.0047447 secs]
2020-10-27T20:54:05.460+0800: 9.919: [GC remark, 0.0011060 secs]
2020-10-27T20:54:05.462+0800: 9.920: [GC cleanup 328M->327M(512M), 0.0003034 secs]
2020-10-27T20:54:05.462+0800: 9.920: [GC concurrent-cleanup-start]
2020-10-27T20:54:05.462+0800: 9.920: [GC concurrent-cleanup-end, 0.0000073 secs]
2020-10-27T20:54:05.501+0800: 9.959: [GC pause (G1 Evacuation Pause) (young)-- 429M->347M(512M), 0.0070700 secs]
2020-10-27T20:54:05.513+0800: 9.972: [GC pause (G1 Evacuation Pause) (mixed) 359M->303M(512M), 0.0031792 secs]
2020-10-27T20:54:05.532+0800: 9.990: [GC pause (G1 Evacuation Pause) (mixed) 330M->278M(512M), 0.0040962 secs]
2020-10-27T20:54:05.561+0800: 10.019: [GC pause (G1 Evacuation Pause) (mixed) 305M->278M(512M), 0.0025581 secs]
2020-10-27T20:54:05.566+0800: 10.024: [GC pause (G1 Humongous Allocation) (young) (initial-mark) 280M->278M(512M), 0.0008637 secs]
2020-10-27T20:54:05.567+0800: 10.025: [GC concurrent-root-region-scan-start]
2020-10-27T20:54:05.567+0800: 10.025: [GC concurrent-root-region-scan-end, 0.0000636 secs]
2020-10-27T20:54:05.567+0800: 10.025: [GC concurrent-mark-start]
2020-10-27T20:54:05.569+0800: 10.027: [GC concurrent-mark-end, 0.0021000 secs]
2020-10-27T20:54:05.569+0800: 10.027: [GC remark, 0.0010683 secs]
2020-10-27T20:54:05.571+0800: 10.029: [GC cleanup 283M->279M(512M), 0.0004087 secs]
2020-10-27T20:54:05.571+0800: 10.029: [GC concurrent-cleanup-start]
2020-10-27T20:54:05.571+0800: 10.029: [GC concurrent-cleanup-end, 0.0000119 secs]
2020-10-27T20:54:05.616+0800: 10.074: [GC pause (G1 Evacuation Pause) (young) 420M->307M(512M), 0.0064065 secs]
2020-10-27T20:54:05.630+0800: 10.088: [GC pause (G1 Evacuation Pause) (mixed) 320M->273M(512M), 0.0039078 secs]
2020-10-27T20:54:05.649+0800: 10.107: [GC pause (G1 Evacuation Pause) (mixed) 303M->265M(512M), 0.0034425 secs]
