Java HotSpot(TM) 64-Bit Server VM (25.211-b12) for windows-amd64 JRE (1.8.0_211-b12), built on Apr  1 2019 20:53:26 by "java_re" with MS VC++ 10.0 (VS2010)
Memory: 4k page, physical 16640612k(9344928k free), swap 16640612k(7545268k free)
CommandLine flags: -XX:InitialHeapSize=4294967296 -XX:MaxGCPauseMillis=10 -XX:MaxHeapSize=4294967296 -XX:+PrintGC -XX:+PrintGCDateStamps -XX:+PrintGCTimeStamps -XX:+UseCompressedClassPointers -XX:+UseCompressedOops -XX:+UseG1GC -XX:-UseLargePagesIndividualAllocation 
2020-10-27T20:55:59.913+0800: 0.301: [GC pause (G1 Evacuation Pause) (young) 204M->71M(4096M), 0.0106971 secs]
2020-10-27T20:55:59.975+0800: 0.362: [GC pause (G1 Evacuation Pause) (young) 249M->117M(4096M), 0.0094144 secs]
2020-10-27T20:56:00.032+0800: 0.419: [GC pause (G1 Evacuation Pause) (young) 295M->158M(4096M), 0.0090763 secs]
2020-10-27T20:56:00.103+0800: 0.491: [GC pause (G1 Evacuation Pause) (young) 336M->217M(4096M), 0.0113066 secs]
2020-10-27T20:56:00.165+0800: 0.553: [GC pause (G1 Evacuation Pause) (young) 395M->263M(4096M), 0.0092244 secs]
2020-10-27T20:56:00.235+0800: 0.623: [GC pause (G1 Evacuation Pause) (young) 441M->314M(4096M), 0.0093581 secs]
2020-10-27T20:56:00.309+0800: 0.696: [GC pause (G1 Evacuation Pause) (young) 492M->365M(4096M), 0.0097371 secs]
2020-10-27T20:56:00.374+0800: 0.761: [GC pause (G1 Evacuation Pause) (young) 543M->409M(4096M), 0.0086801 secs]
2020-10-27T20:56:00.426+0800: 0.813: [GC pause (G1 Evacuation Pause) (young) 587M->461M(4096M), 0.0087831 secs]
2020-10-27T20:56:00.480+0800: 0.868: [GC pause (G1 Evacuation Pause) (young) 639M->518M(4096M), 0.0095054 secs]
2020-10-27T20:56:00.533+0800: 0.921: [GC pause (G1 Evacuation Pause) (young) 696M->563M(4096M), 0.0080762 secs]
2020-10-27T20:56:00.598+0800: 0.985: [GC pause (G1 Evacuation Pause) (young) 741M->625M(4096M), 0.0100916 secs]
2020-10-27T20:56:00.660+0800: 1.047: [GC pause (G1 Evacuation Pause) (young) 803M->691M(4096M), 0.0101168 secs]
2020-10-27T20:56:00.701+0800: 1.088: [GC pause (G1 Evacuation Pause) (young) 869M->746M(4096M), 0.0091787 secs]
2020-10-27T20:56:00.758+0800: 1.145: [GC pause (G1 Evacuation Pause) (young) 924M->801M(4096M), 0.0093468 secs]
2020-10-27T20:56:00.813+0800: 1.201: [GC pause (G1 Evacuation Pause) (young) 979M->859M(4096M), 0.0091624 secs]
2020-10-27T20:56:00.864+0800: 1.252: [GC pause (G1 Evacuation Pause) (young) 1037M->916M(4096M), 0.0095912 secs]
2020-10-27T20:56:00.927+0800: 1.315: [GC pause (G1 Evacuation Pause) (young) 1094M->972M(4096M), 0.0093325 secs]
2020-10-27T20:56:00.991+0800: 1.379: [GC pause (G1 Evacuation Pause) (young) 1150M->1024M(4096M), 0.0094111 secs]
2020-10-27T20:56:01.041+0800: 1.429: [GC pause (G1 Evacuation Pause) (young) 1202M->1082M(4096M), 0.0097004 secs]
2020-10-27T20:56:01.096+0800: 1.484: [GC pause (G1 Evacuation Pause) (young) 1260M->1140M(4096M), 0.0096473 secs]
2020-10-27T20:56:01.150+0800: 1.538: [GC pause (G1 Evacuation Pause) (young) 1318M->1195M(4096M), 0.0089507 secs]
2020-10-27T20:56:01.211+0800: 1.598: [GC pause (G1 Evacuation Pause) (young) 1373M->1252M(4096M), 0.0096641 secs]
2020-10-27T20:56:01.271+0800: 1.658: [GC pause (G1 Evacuation Pause) (young) 1430M->1312M(4096M), 0.0095702 secs]
2020-10-27T20:56:01.321+0800: 1.709: [GC pause (G1 Evacuation Pause) (young) 1490M->1365M(4096M), 0.0091740 secs]
2020-10-27T20:56:01.375+0800: 1.763: [GC pause (G1 Evacuation Pause) (young) 1543M->1417M(4096M), 0.0088399 secs]
2020-10-27T20:56:01.428+0800: 1.815: [GC pause (G1 Evacuation Pause) (young) 1595M->1471M(4096M), 0.0089971 secs]
2020-10-27T20:56:01.483+0800: 1.871: [GC pause (G1 Evacuation Pause) (young) 1649M->1521M(4096M), 0.0088956 secs]
2020-10-27T20:56:01.547+0800: 1.935: [GC pause (G1 Evacuation Pause) (young) 1699M->1581M(4096M), 0.0099447 secs]
2020-10-27T20:56:01.602+0800: 1.989: [GC pause (G1 Evacuation Pause) (young) 1759M->1639M(4096M), 0.0096736 secs]
2020-10-27T20:56:01.656+0800: 2.043: [GC pause (G1 Evacuation Pause) (young) 1817M->1695M(4096M), 0.0096017 secs]
2020-10-27T20:56:01.709+0800: 2.097: [GC pause (G1 Evacuation Pause) (young) 1873M->1751M(4096M), 0.0093033 secs]
2020-10-27T20:56:01.763+0800: 2.151: [GC pause (G1 Evacuation Pause) (young) 1929M->1792M(4096M), 0.0099002 secs]
2020-10-27T20:56:01.825+0800: 2.213: [GC pause (G1 Evacuation Pause) (young) 1970M->1853M(4096M), 0.0101917 secs]
2020-10-27T20:56:01.873+0800: 2.261: [GC pause (G1 Evacuation Pause) (young) 2031M->1906M(4096M), 0.0089444 secs]
2020-10-27T20:56:01.938+0800: 2.325: [GC pause (G1 Evacuation Pause) (young) (initial-mark) 2084M->1965M(4096M), 0.0094929 secs]
2020-10-27T20:56:01.947+0800: 2.335: [GC concurrent-root-region-scan-start]
2020-10-27T20:56:01.947+0800: 2.335: [GC concurrent-root-region-scan-end, 0.0001353 secs]
2020-10-27T20:56:01.947+0800: 2.335: [GC concurrent-mark-start]
2020-10-27T20:56:01.959+0800: 2.346: [GC concurrent-mark-end, 0.0111044 secs]
2020-10-27T20:56:01.959+0800: 2.346: [GC remark, 0.0012225 secs]
2020-10-27T20:56:01.960+0800: 2.348: [GC cleanup 2019M->601M(4096M), 0.0013326 secs]
2020-10-27T20:56:01.962+0800: 2.349: [GC concurrent-cleanup-start]
2020-10-27T20:56:01.962+0800: 2.350: [GC concurrent-cleanup-end, 0.0007473 secs]
2020-10-27T20:56:01.995+0800: 2.382: [GC pause (G1 Evacuation Pause) (young) 725M->597M(4096M), 0.0077959 secs]
2020-10-27T20:56:02.055+0800: 2.443: [GC pause (G1 Evacuation Pause) (mixed) 775M->593M(4096M), 0.0076264 secs]
2020-10-27T20:56:02.115+0800: 2.503: [GC pause (G1 Evacuation Pause) (mixed) 771M->587M(4096M), 0.0070570 secs]
2020-10-27T20:56:02.166+0800: 2.554: [GC pause (G1 Evacuation Pause) (mixed) 765M->602M(4096M), 0.0073147 secs]
2020-10-27T20:56:02.216+0800: 2.604: [GC pause (G1 Evacuation Pause) (young) 780M->661M(4096M), 0.0076453 secs]
2020-10-27T20:56:02.281+0800: 2.669: [GC pause (G1 Evacuation Pause) (young) 847M->719M(4096M), 0.0074683 secs]
2020-10-27T20:56:02.350+0800: 2.737: [GC pause (G1 Evacuation Pause) (young) 933M->781M(4096M), 0.0092632 secs]
2020-10-27T20:56:02.409+0800: 2.796: [GC pause (G1 Evacuation Pause) (young) 979M->837M(4096M), 0.0078540 secs]
2020-10-27T20:56:02.476+0800: 2.864: [GC pause (G1 Evacuation Pause) (young) 1055M->892M(4096M), 0.0081886 secs]
2020-10-27T20:56:02.566+0800: 2.954: [GC pause (G1 Evacuation Pause) (young) 1114M->951M(4096M), 0.0086148 secs]
2020-10-27T20:56:02.640+0800: 3.027: [GC pause (G1 Evacuation Pause) (young) 1195M->1031M(4096M), 0.0109125 secs]
2020-10-27T20:56:02.707+0800: 3.094: [GC pause (G1 Evacuation Pause) (young) 1255M->1101M(4096M), 0.0091977 secs]
2020-10-27T20:56:02.790+0800: 3.178: [GC pause (G1 Evacuation Pause) (young) 1333M->1159M(4096M), 0.0097654 secs]
2020-10-27T20:56:02.866+0800: 3.254: [GC pause (G1 Evacuation Pause) (young) 1391M->1225M(4096M), 0.0094581 secs]
2020-10-27T20:56:02.948+0800: 3.336: [GC pause (G1 Evacuation Pause) (young) 1461M->1285M(4096M), 0.0086867 secs]
2020-10-27T20:56:03.025+0800: 3.413: [GC pause (G1 Evacuation Pause) (young) 1533M->1344M(4096M), 0.0091065 secs]
2020-10-27T20:56:03.091+0800: 3.479: [GC pause (G1 Evacuation Pause) (young) 1590M->1421M(4096M), 0.0099615 secs]
2020-10-27T20:56:03.163+0800: 3.550: [GC pause (G1 Evacuation Pause) (young) 1667M->1486M(4096M), 0.0094500 secs]
2020-10-27T20:56:03.244+0800: 3.633: [GC pause (G1 Evacuation Pause) (young) 1736M->1559M(4096M), 0.0096306 secs]
2020-10-27T20:56:03.313+0800: 3.701: [GC pause (G1 Evacuation Pause) (young) 1817M->1631M(4096M), 0.0099909 secs]
2020-10-27T20:56:03.395+0800: 3.783: [GC pause (G1 Evacuation Pause) (young) 1881M->1693M(4096M), 0.0094991 secs]
2020-10-27T20:56:03.474+0800: 3.862: [GC pause (G1 Evacuation Pause) (young) 1947M->1771M(4096M), 0.0099511 secs]
2020-10-27T20:56:03.544+0800: 3.932: [GC pause (G1 Evacuation Pause) (young) 2025M->1842M(4096M), 0.0099738 secs]
2020-10-27T20:56:03.608+0800: 3.997: [GC pause (G1 Evacuation Pause) (young) 2094M->1923M(4096M), 0.0100333 secs]
2020-10-27T20:56:03.690+0800: 4.078: [GC pause (G1 Evacuation Pause) (young) (initial-mark) 2177M->1989M(4096M), 0.0098471 secs]
2020-10-27T20:56:03.700+0800: 4.088: [GC concurrent-root-region-scan-start]
2020-10-27T20:56:03.700+0800: 4.088: [GC concurrent-root-region-scan-end, 0.0001410 secs]
2020-10-27T20:56:03.700+0800: 4.088: [GC concurrent-mark-start]
2020-10-27T20:56:03.706+0800: 4.094: [GC concurrent-mark-end, 0.0055407 secs]
2020-10-27T20:56:03.706+0800: 4.094: [GC remark, 0.0014089 secs]
2020-10-27T20:56:03.708+0800: 4.096: [GC cleanup 2022M->558M(4096M), 0.0012948 secs]
2020-10-27T20:56:03.709+0800: 4.097: [GC concurrent-cleanup-start]
2020-10-27T20:56:03.710+0800: 4.098: [GC concurrent-cleanup-end, 0.0008821 secs]
2020-10-27T20:56:03.773+0800: 4.160: [GC pause (G1 Evacuation Pause) (young) 775M->593M(4096M), 0.0096417 secs]
2020-10-27T20:56:03.816+0800: 4.203: [GC pause (G1 Evacuation Pause) (mixed) 761M->583M(4096M), 0.0073467 secs]
2020-10-27T20:56:03.878+0800: 4.265: [GC pause (G1 Evacuation Pause) (mixed) 761M->581M(4096M), 0.0074448 secs]
2020-10-27T20:56:03.937+0800: 4.325: [GC pause (G1 Evacuation Pause) (mixed) 759M->629M(4096M), 0.0075407 secs]
2020-10-27T20:56:04.000+0800: 4.388: [GC pause (G1 Evacuation Pause) (young) 845M->693M(4096M), 0.0081605 secs]
2020-10-27T20:56:04.064+0800: 4.452: [GC pause (G1 Evacuation Pause) (young) 915M->765M(4096M), 0.0089809 secs]
2020-10-27T20:56:04.125+0800: 4.513: [GC pause (G1 Evacuation Pause) (young) 997M->828M(4096M), 0.0087173 secs]
2020-10-27T20:56:04.210+0800: 4.597: [GC pause (G1 Evacuation Pause) (young) 1068M->892M(4096M), 0.0089862 secs]
2020-10-27T20:56:04.288+0800: 4.675: [GC pause (G1 Evacuation Pause) (young) 1136M->969M(4096M), 0.0099081 secs]
2020-10-27T20:56:04.356+0800: 4.744: [GC pause (G1 Evacuation Pause) (young) 1211M->1034M(4096M), 0.0089916 secs]
2020-10-27T20:56:04.436+0800: 4.824: [GC pause (G1 Evacuation Pause) (young) 1294M->1109M(4096M), 0.0100658 secs]
2020-10-27T20:56:04.496+0800: 4.884: [GC pause (G1 Evacuation Pause) (young) 1357M->1170M(4096M), 0.0090675 secs]
2020-10-27T20:56:04.569+0800: 4.956: [GC pause (G1 Evacuation Pause) (young) 1432M->1227M(4096M), 0.0088467 secs]
2020-10-27T20:56:04.653+0800: 5.040: [GC pause (G1 Evacuation Pause) (young) 1487M->1297M(4096M), 0.0095954 secs]
2020-10-27T20:56:04.730+0800: 5.118: [GC pause (G1 Evacuation Pause) (young) 1563M->1362M(4096M), 0.0095412 secs]
2020-10-27T20:56:04.817+0800: 5.205: [GC pause (G1 Evacuation Pause) (young) 1630M->1429M(4096M), 0.0096181 secs]
2020-10-27T20:56:04.894+0800: 5.282: [GC pause (G1 Evacuation Pause) (young) 1693M->1508M(4096M), 0.0105565 secs]
2020-10-27T20:56:04.972+0800: 5.360: [GC pause (G1 Evacuation Pause) (young) 1768M->1571M(4096M), 0.0092279 secs]
2020-10-27T20:56:05.069+0800: 5.457: [GC pause (G1 Evacuation Pause) (young) 1837M->1643M(4096M), 0.0098940 secs]
2020-10-27T20:56:05.162+0800: 5.550: [GC pause (G1 Evacuation Pause) (young) 1911M->1719M(4096M), 0.0098113 secs]
2020-10-27T20:56:05.234+0800: 5.622: [GC pause (G1 Evacuation Pause) (young) 1987M->1789M(4096M), 0.0094825 secs]
2020-10-27T20:56:05.323+0800: 5.710: [GC pause (G1 Evacuation Pause) (young) 2063M->1856M(4096M), 0.0102280 secs]
2020-10-27T20:56:05.411+0800: 5.798: [GC pause (G1 Evacuation Pause) (young) 2124M->1929M(4096M), 0.0119478 secs]
2020-10-27T20:56:05.478+0800: 5.866: [GC pause (G1 Evacuation Pause) (young) (initial-mark) 2163M->1996M(4096M), 0.0131670 secs]
2020-10-27T20:56:05.492+0800: 5.880: [GC concurrent-root-region-scan-start]
2020-10-27T20:56:05.492+0800: 5.880: [GC concurrent-root-region-scan-end, 0.0000960 secs]
2020-10-27T20:56:05.492+0800: 5.880: [GC concurrent-mark-start]
2020-10-27T20:56:05.499+0800: 5.887: [GC concurrent-mark-end, 0.0074692 secs]
2020-10-27T20:56:05.499+0800: 5.887: [GC remark, 0.0012615 secs]
2020-10-27T20:56:05.501+0800: 5.889: [GC cleanup 2023M->537M(4096M), 0.0018049 secs]
2020-10-27T20:56:05.503+0800: 5.891: [GC concurrent-cleanup-start]
2020-10-27T20:56:05.505+0800: 5.893: [GC concurrent-cleanup-end, 0.0023322 secs]
2020-10-27T20:56:05.545+0800: 5.933: [GC pause (G1 Evacuation Pause) (young) 708M->571M(4096M), 0.0097689 secs]
2020-10-27T20:56:05.604+0800: 5.992: [GC pause (G1 Evacuation Pause) (mixed) 745M->579M(4096M), 0.0083013 secs]
2020-10-27T20:56:05.652+0800: 6.040: [GC pause (G1 Evacuation Pause) (mixed) 757M->584M(4096M), 0.0076480 secs]
2020-10-27T20:56:05.706+0800: 6.093: [GC pause (G1 Evacuation Pause) (mixed) 762M->637M(4096M), 0.0076471 secs]
2020-10-27T20:56:05.762+0800: 6.149: [GC pause (G1 Evacuation Pause) (young) 831M->700M(4096M), 0.0080444 secs]
2020-10-27T20:56:05.826+0800: 6.214: [GC pause (G1 Evacuation Pause) (young) 904M->761M(4096M), 0.0088375 secs]
2020-10-27T20:56:05.886+0800: 6.274: [GC pause (G1 Evacuation Pause) (young) 965M->827M(4096M), 0.0087651 secs]
2020-10-27T20:56:05.960+0800: 6.348: [GC pause (G1 Evacuation Pause) (young) 1039M->889M(4096M), 0.0082503 secs]
2020-10-27T20:56:06.021+0800: 6.408: [GC pause (G1 Evacuation Pause) (young) 1113M->951M(4096M), 0.0087036 secs]
2020-10-27T20:56:06.105+0800: 6.492: [GC pause (G1 Evacuation Pause) (young) 1185M->1025M(4096M), 0.0091668 secs]
2020-10-27T20:56:06.192+0800: 6.580: [GC pause (G1 Evacuation Pause) (young) 1261M->1087M(4096M), 0.0086440 secs]
2020-10-27T20:56:06.263+0800: 6.651: [GC pause (G1 Evacuation Pause) (young) 1345M->1161M(4096M), 0.0095743 secs]
2020-10-27T20:56:06.345+0800: 6.733: [GC pause (G1 Evacuation Pause) (young) 1417M->1232M(4096M), 0.0100308 secs]
2020-10-27T20:56:06.415+0800: 6.803: [GC pause (G1 Evacuation Pause) (young) 1486M->1293M(4096M), 0.0092991 secs]
2020-10-27T20:56:06.481+0800: 6.868: [GC pause (G1 Evacuation Pause) (young) 1551M->1365M(4096M), 0.0102646 secs]
2020-10-27T20:56:06.550+0800: 6.938: [GC pause (G1 Evacuation Pause) (young) 1619M->1435M(4096M), 0.0097303 secs]
2020-10-27T20:56:06.623+0800: 7.011: [GC pause (G1 Evacuation Pause) (young) 1693M->1513M(4096M), 0.0103992 secs]
2020-10-27T20:56:06.710+0800: 7.098: [GC pause (G1 Evacuation Pause) (young) 1767M->1579M(4096M), 0.0091922 secs]
2020-10-27T20:56:06.809+0800: 7.196: [GC pause (G1 Evacuation Pause) (young) 1841M->1647M(4096M), 0.0096182 secs]
2020-10-27T20:56:06.895+0800: 7.282: [GC pause (G1 Evacuation Pause) (young) 1913M->1720M(4096M), 0.0097591 secs]
2020-10-27T20:56:06.977+0800: 7.365: [GC pause (G1 Evacuation Pause) (young) 1992M->1797M(4096M), 0.0101957 secs]
2020-10-27T20:56:07.077+0800: 7.464: [GC pause (G1 Evacuation Pause) (young) 2065M->1880M(4096M), 0.0111984 secs]
2020-10-27T20:56:07.182+0800: 7.569: [GC pause (G1 Evacuation Pause) (young) 2138M->1957M(4096M), 0.0132387 secs]
2020-10-27T20:56:07.250+0800: 7.637: [GC pause (G1 Evacuation Pause) (young) (initial-mark) 2169M->2015M(4096M), 0.0106300 secs]
2020-10-27T20:56:07.261+0800: 7.648: [GC concurrent-root-region-scan-start]
2020-10-27T20:56:07.261+0800: 7.648: [GC concurrent-root-region-scan-end, 0.0001230 secs]
2020-10-27T20:56:07.261+0800: 7.648: [GC concurrent-mark-start]
2020-10-27T20:56:07.268+0800: 7.655: [GC concurrent-mark-end, 0.0067751 secs]
2020-10-27T20:56:07.268+0800: 7.655: [GC remark, 0.0014272 secs]
2020-10-27T20:56:07.269+0800: 7.657: [GC cleanup 2044M->532M(4096M), 0.0012174 secs]
2020-10-27T20:56:07.271+0800: 7.658: [GC concurrent-cleanup-start]
2020-10-27T20:56:07.271+0800: 7.659: [GC concurrent-cleanup-end, 0.0007336 secs]
2020-10-27T20:56:07.330+0800: 7.718: [GC pause (G1 Evacuation Pause) (young) 715M->566M(4096M), 0.0086273 secs]
2020-10-27T20:56:07.379+0800: 7.767: [GC pause (G1 Evacuation Pause) (mixed) 738M->525M(4096M), 0.0078624 secs]
2020-10-27T20:56:07.420+0800: 7.808: [GC pause (G1 Evacuation Pause) (mixed) 703M->564M(4096M), 0.0079430 secs]
2020-10-27T20:56:07.483+0800: 7.870: [GC pause (G1 Evacuation Pause) (young) 746M->628M(4096M), 0.0081104 secs]
2020-10-27T20:56:07.548+0800: 7.935: [GC pause (G1 Evacuation Pause) (young) 830M->691M(4096M), 0.0082602 secs]
2020-10-27T20:56:07.612+0800: 7.999: [GC pause (G1 Evacuation Pause) (young) 895M->747M(4096M), 0.0080720 secs]
2020-10-27T20:56:07.702+0800: 8.090: [GC pause (G1 Evacuation Pause) (young) 975M->811M(4096M), 0.0109681 secs]
2020-10-27T20:56:07.773+0800: 8.161: [GC pause (G1 Evacuation Pause) (young) 1001M->864M(4096M), 0.0076041 secs]
2020-10-27T20:56:07.840+0800: 8.228: [GC pause (G1 Evacuation Pause) (young) 1114M->944M(4096M), 0.0097378 secs]
2020-10-27T20:56:07.909+0800: 8.297: [GC pause (G1 Evacuation Pause) (young) 1166M->999M(4096M), 0.0083501 secs]
2020-10-27T20:56:07.973+0800: 8.360: [GC pause (G1 Evacuation Pause) (young) 1251M->1061M(4096M), 0.0088813 secs]
2020-10-27T20:56:08.059+0800: 8.447: [GC pause (G1 Evacuation Pause) (young) 1321M->1133M(4096M), 0.0095253 secs]
2020-10-27T20:56:08.120+0800: 8.508: [GC pause (G1 Evacuation Pause) (young) 1391M->1201M(4096M), 0.0095720 secs]
2020-10-27T20:56:08.212+0800: 8.600: [GC pause (G1 Evacuation Pause) (young) 1463M->1275M(4096M), 0.0096755 secs]
2020-10-27T20:56:08.286+0800: 8.673: [GC pause (G1 Evacuation Pause) (young) 1541M->1354M(4096M), 0.0098793 secs]
2020-10-27T20:56:08.355+0800: 8.742: [GC pause (G1 Evacuation Pause) (young) 1622M->1423M(4096M), 0.0098642 secs]
2020-10-27T20:56:08.440+0800: 8.828: [GC pause (G1 Evacuation Pause) (young) 1685M->1501M(4096M), 0.0101127 secs]
2020-10-27T20:56:08.539+0800: 8.926: [GC pause (G1 Evacuation Pause) (young) 1767M->1571M(4096M), 0.0097223 secs]
2020-10-27T20:56:08.605+0800: 8.993: [GC pause (G1 Evacuation Pause) (young) 1837M->1641M(4096M), 0.0101415 secs]
2020-10-27T20:56:08.691+0800: 9.079: [GC pause (G1 Evacuation Pause) (young) 1905M->1717M(4096M), 0.0098459 secs]
2020-10-27T20:56:08.779+0800: 9.166: [GC pause (G1 Evacuation Pause) (young) 1983M->1791M(4096M), 0.0107500 secs]
2020-10-27T20:56:08.867+0800: 9.255: [GC pause (G1 Evacuation Pause) (young) 2041M->1858M(4096M), 0.0131765 secs]
2020-10-27T20:56:08.928+0800: 9.316: [GC pause (G1 Evacuation Pause) (young) 2054M->1927M(4096M), 0.0094067 secs]
2020-10-27T20:56:08.994+0800: 9.381: [GC pause (G1 Evacuation Pause) (young) (initial-mark) 2137M->1992M(4096M), 0.0085067 secs]
2020-10-27T20:56:09.002+0800: 9.390: [GC concurrent-root-region-scan-start]
2020-10-27T20:56:09.002+0800: 9.390: [GC concurrent-root-region-scan-end, 0.0000850 secs]
2020-10-27T20:56:09.002+0800: 9.390: [GC concurrent-mark-start]
2020-10-27T20:56:09.008+0800: 9.395: [GC concurrent-mark-end, 0.0054729 secs]
2020-10-27T20:56:09.008+0800: 9.395: [GC remark, 0.0012132 secs]
2020-10-27T20:56:09.009+0800: 9.397: [GC cleanup 1998M->520M(4096M), 0.0010507 secs]
2020-10-27T20:56:09.010+0800: 9.398: [GC concurrent-cleanup-start]
2020-10-27T20:56:09.011+0800: 9.399: [GC concurrent-cleanup-end, 0.0009422 secs]
2020-10-27T20:56:09.077+0800: 9.464: [GC pause (G1 Evacuation Pause) (young) 738M->574M(4096M), 0.0082459 secs]
2020-10-27T20:56:09.142+0800: 9.529: [GC pause (G1 Evacuation Pause) (mixed) 746M->551M(4096M), 0.0084597 secs]
2020-10-27T20:56:09.199+0800: 9.587: [GC pause (G1 Evacuation Pause) (mixed) 729M->569M(4096M), 0.0103206 secs]
2020-10-27T20:56:09.268+0800: 9.656: [GC pause (G1 Evacuation Pause) (young) 747M->621M(4096M), 0.0072758 secs]
2020-10-27T20:56:09.326+0800: 9.714: [GC pause (G1 Evacuation Pause) (young) 821M->680M(4096M), 0.0077003 secs]
2020-10-27T20:56:09.407+0800: 9.795: [GC pause (G1 Evacuation Pause) (young) 896M->736M(4096M), 0.0091546 secs]
2020-10-27T20:56:09.489+0800: 9.876: [GC pause (G1 Evacuation Pause) (young) 952M->791M(4096M), 0.0084026 secs]
2020-10-27T20:56:09.583+0800: 9.971: [GC pause (G1 Evacuation Pause) (young) 1021M->855M(4096M), 0.0092126 secs]
2020-10-27T20:56:09.659+0800: 10.047: [GC pause (G1 Evacuation Pause) (young) 1087M->918M(4096M), 0.0093369 secs]
2020-10-27T20:56:09.751+0800: 10.139: [GC pause (G1 Evacuation Pause) (young) 1158M->983M(4096M), 0.0118119 secs]
