Java HotSpot(TM) 64-Bit Server VM (25.211-b12) for windows-amd64 JRE (1.8.0_211-b12), built on Apr  1 2019 20:53:26 by "java_re" with MS VC++ 10.0 (VS2010)
Memory: 4k page, physical 16640612k(9351808k free), swap 16640612k(7555396k free)
CommandLine flags: -XX:InitialHeapSize=1073741824 -XX:MaxGCPauseMillis=10 -XX:MaxHeapSize=1073741824 -XX:+PrintGC -XX:+PrintGCDateStamps -XX:+PrintGCTimeStamps -XX:+UseCompressedClassPointers -XX:+UseCompressedOops -XX:+UseG1GC -XX:-UseLargePagesIndividualAllocation 
2020-10-27T20:54:36.915+0800: 0.173: [GC pause (G1 Evacuation Pause) (young) 65M->23M(1024M), 0.0030407 secs]
2020-10-27T20:54:36.938+0800: 0.195: [GC pause (G1 Evacuation Pause) (young) 79M->42M(1024M), 0.0034897 secs]
2020-10-27T20:54:36.963+0800: 0.220: [GC pause (G1 Evacuation Pause) (young) 97M->55M(1024M), 0.0031252 secs]
2020-10-27T20:54:36.976+0800: 0.234: [GC pause (G1 Evacuation Pause) (young) 106M->68M(1024M), 0.0030559 secs]
2020-10-27T20:54:36.992+0800: 0.249: [GC pause (G1 Evacuation Pause) (young) 122M->82M(1024M), 0.0031000 secs]
2020-10-27T20:54:37.012+0800: 0.270: [GC pause (G1 Evacuation Pause) (young) 137M->102M(1024M), 0.0032984 secs]
2020-10-27T20:54:37.033+0800: 0.290: [GC pause (G1 Evacuation Pause) (young) 161M->122M(1024M), 0.0035702 secs]
2020-10-27T20:54:37.051+0800: 0.308: [GC pause (G1 Evacuation Pause) (young) 178M->142M(1024M), 0.0037181 secs]
2020-10-27T20:54:37.074+0800: 0.331: [GC pause (G1 Evacuation Pause) (young) 199M->158M(1024M), 0.0030101 secs]
2020-10-27T20:54:37.094+0800: 0.351: [GC pause (G1 Evacuation Pause) (young) 212M->176M(1024M), 0.0033913 secs]
2020-10-27T20:54:37.118+0800: 0.375: [GC pause (G1 Evacuation Pause) (young) 231M->188M(1024M), 0.0031598 secs]
2020-10-27T20:54:37.142+0800: 0.399: [GC pause (G1 Evacuation Pause) (young) 250M->205M(1024M), 0.0033539 secs]
2020-10-27T20:54:37.162+0800: 0.419: [GC pause (G1 Evacuation Pause) (young) 260M->217M(1024M), 0.0030102 secs]
2020-10-27T20:54:37.178+0800: 0.435: [GC pause (G1 Evacuation Pause) (young) 272M->231M(1024M), 0.0028900 secs]
2020-10-27T20:54:37.199+0800: 0.456: [GC pause (G1 Evacuation Pause) (young) 282M->245M(1024M), 0.0038025 secs]
2020-10-27T20:54:37.221+0800: 0.479: [GC pause (G1 Evacuation Pause) (young) 308M->264M(1024M), 0.0035199 secs]
2020-10-27T20:54:37.238+0800: 0.496: [GC pause (G1 Evacuation Pause) (young) 326M->285M(1024M), 0.0037123 secs]
2020-10-27T20:54:37.253+0800: 0.511: [GC pause (G1 Evacuation Pause) (young) 344M->298M(1024M), 0.0033029 secs]
2020-10-27T20:54:37.271+0800: 0.528: [GC pause (G1 Evacuation Pause) (young) 354M->312M(1024M), 0.0034422 secs]
2020-10-27T20:54:37.286+0800: 0.544: [GC pause (G1 Evacuation Pause) (young) 369M->327M(1024M), 0.0036649 secs]
2020-10-27T20:54:37.302+0800: 0.559: [GC pause (G1 Evacuation Pause) (young) 380M->342M(1024M), 0.0030515 secs]
2020-10-27T20:54:37.325+0800: 0.583: [GC pause (G1 Evacuation Pause) (young) 395M->357M(1024M), 0.0041403 secs]
2020-10-27T20:54:37.348+0800: 0.606: [GC pause (G1 Evacuation Pause) (young) 417M->376M(1024M), 0.0033356 secs]
2020-10-27T20:54:37.366+0800: 0.623: [GC pause (G1 Evacuation Pause) (young) 429M->385M(1024M), 0.0037102 secs]
2020-10-27T20:54:37.383+0800: 0.640: [GC pause (G1 Evacuation Pause) (young) 453M->397M(1024M), 0.0040724 secs]
2020-10-27T20:54:37.403+0800: 0.660: [GC pause (G1 Evacuation Pause) (young) 449M->411M(1024M), 0.0031518 secs]
2020-10-27T20:54:37.427+0800: 0.684: [GC pause (G1 Evacuation Pause) (young) 469M->426M(1024M), 0.0040706 secs]
2020-10-27T20:54:37.446+0800: 0.704: [GC pause (G1 Humongous Allocation) (young) (initial-mark) 466M->437M(1024M), 0.0029505 secs]
2020-10-27T20:54:37.449+0800: 0.707: [GC concurrent-root-region-scan-start]
2020-10-27T20:54:37.449+0800: 0.707: [GC concurrent-root-region-scan-end, 0.0001470 secs]
2020-10-27T20:54:37.449+0800: 0.707: [GC concurrent-mark-start]
2020-10-27T20:54:37.452+0800: 0.710: [GC concurrent-mark-end, 0.0029459 secs]
2020-10-27T20:54:37.453+0800: 0.710: [GC remark, 0.0009801 secs]
2020-10-27T20:54:37.454+0800: 0.711: [GC cleanup 445M->355M(1024M), 0.0004538 secs]
2020-10-27T20:54:37.454+0800: 0.711: [GC concurrent-cleanup-start]
2020-10-27T20:54:37.454+0800: 0.711: [GC concurrent-cleanup-end, 0.0000391 secs]
2020-10-27T20:54:37.475+0800: 0.732: [GC pause (G1 Evacuation Pause) (young) 409M->365M(1024M), 0.0032237 secs]
2020-10-27T20:54:37.489+0800: 0.746: [GC pause (G1 Evacuation Pause) (mixed) 417M->345M(1024M), 0.0033187 secs]
2020-10-27T20:54:37.508+0800: 0.765: [GC pause (G1 Evacuation Pause) (mixed) 402M->327M(1024M), 0.0038526 secs]
2020-10-27T20:54:37.529+0800: 0.786: [GC pause (G1 Evacuation Pause) (mixed) 378M->310M(1024M), 0.0036824 secs]
2020-10-27T20:54:37.556+0800: 0.813: [GC pause (G1 Evacuation Pause) (mixed) 367M->300M(1024M), 0.0043882 secs]
2020-10-27T20:54:37.572+0800: 0.829: [GC pause (G1 Evacuation Pause) (mixed) 358M->310M(1024M), 0.0037991 secs]
2020-10-27T20:54:37.604+0800: 0.862: [GC pause (G1 Evacuation Pause) (young) 380M->325M(1024M), 0.0057282 secs]
2020-10-27T20:54:37.647+0800: 0.905: [GC pause (G1 Evacuation Pause) (young) 395M->345M(1024M), 0.0044113 secs]
2020-10-27T20:54:37.676+0800: 0.934: [GC pause (G1 Evacuation Pause) (young) 423M->369M(1024M), 0.0044517 secs]
2020-10-27T20:54:37.763+0800: 1.020: [GC pause (G1 Humongous Allocation) (young) (initial-mark) 578M->406M(1024M), 0.0094579 secs]
2020-10-27T20:54:37.772+0800: 1.030: [GC concurrent-root-region-scan-start]
2020-10-27T20:54:37.772+0800: 1.030: [GC concurrent-root-region-scan-end, 0.0001174 secs]
2020-10-27T20:54:37.772+0800: 1.030: [GC concurrent-mark-start]
2020-10-27T20:54:37.773+0800: 1.031: [GC pause (G1 Evacuation Pause) (young) 411M->405M(1024M), 0.0060885 secs]
2020-10-27T20:54:37.782+0800: 1.039: [GC concurrent-mark-end, 0.0091498 secs]
2020-10-27T20:54:37.782+0800: 1.039: [GC remark, 0.0011779 secs]
2020-10-27T20:54:37.783+0800: 1.040: [GC cleanup 413M->350M(1024M), 0.0004736 secs]
2020-10-27T20:54:37.784+0800: 1.041: [GC concurrent-cleanup-start]
2020-10-27T20:54:37.784+0800: 1.041: [GC concurrent-cleanup-end, 0.0000377 secs]
2020-10-27T20:54:37.793+0800: 1.050: [GC pause (G1 Evacuation Pause) (young) 405M->356M(1024M), 0.0031945 secs]
2020-10-27T20:54:37.809+0800: 1.066: [GC pause (G1 Evacuation Pause) (mixed) 414M->341M(1024M), 0.0037511 secs]
2020-10-27T20:54:37.833+0800: 1.091: [GC pause (G1 Evacuation Pause) (mixed) 398M->327M(1024M), 0.0038733 secs]
2020-10-27T20:54:37.859+0800: 1.117: [GC pause (G1 Evacuation Pause) (mixed) 387M->321M(1024M), 0.0041799 secs]
2020-10-27T20:54:37.881+0800: 1.138: [GC pause (G1 Evacuation Pause) (mixed) 381M->317M(1024M), 0.0039808 secs]
2020-10-27T20:54:37.902+0800: 1.159: [GC pause (G1 Evacuation Pause) (mixed) 378M->327M(1024M), 0.0033918 secs]
2020-10-27T20:54:37.927+0800: 1.184: [GC pause (G1 Evacuation Pause) (young) 384M->335M(1024M), 0.0032427 secs]
2020-10-27T20:54:37.952+0800: 1.210: [GC pause (G1 Evacuation Pause) (young) 394M->349M(1024M), 0.0033065 secs]
2020-10-27T20:54:37.978+0800: 1.236: [GC pause (G1 Evacuation Pause) (young) 408M->364M(1024M), 0.0034714 secs]
2020-10-27T20:54:38.002+0800: 1.260: [GC pause (G1 Evacuation Pause) (young) 419M->376M(1024M), 0.0035075 secs]
2020-10-27T20:54:38.016+0800: 1.274: [GC pause (G1 Evacuation Pause) (young) 427M->387M(1024M), 0.0034296 secs]
2020-10-27T20:54:38.040+0800: 1.298: [GC pause (G1 Evacuation Pause) (young) 447M->402M(1024M), 0.0035398 secs]
2020-10-27T20:54:38.059+0800: 1.317: [GC pause (G1 Evacuation Pause) (young) 459M->418M(1024M), 0.0039134 secs]
2020-10-27T20:54:38.079+0800: 1.336: [GC pause (G1 Humongous Allocation) (young) (initial-mark) 455M->428M(1024M), 0.0026274 secs]
2020-10-27T20:54:38.081+0800: 1.339: [GC concurrent-root-region-scan-start]
2020-10-27T20:54:38.081+0800: 1.339: [GC concurrent-root-region-scan-end, 0.0001179 secs]
2020-10-27T20:54:38.081+0800: 1.339: [GC concurrent-mark-start]
2020-10-27T20:54:38.084+0800: 1.342: [GC concurrent-mark-end, 0.0026761 secs]
2020-10-27T20:54:38.084+0800: 1.342: [GC remark, 0.0009583 secs]
2020-10-27T20:54:38.085+0800: 1.343: [GC cleanup 440M->376M(1024M), 0.0003949 secs]
2020-10-27T20:54:38.086+0800: 1.343: [GC concurrent-cleanup-start]
2020-10-27T20:54:38.086+0800: 1.343: [GC concurrent-cleanup-end, 0.0000309 secs]
2020-10-27T20:54:38.110+0800: 1.368: [GC pause (G1 Evacuation Pause) (young) 442M->382M(1024M), 0.0041208 secs]
2020-10-27T20:54:38.129+0800: 1.386: [GC pause (G1 Evacuation Pause) (mixed) 431M->361M(1024M), 0.0031408 secs]
2020-10-27T20:54:38.150+0800: 1.407: [GC pause (G1 Evacuation Pause) (mixed) 412M->343M(1024M), 0.0036319 secs]
2020-10-27T20:54:38.177+0800: 1.434: [GC pause (G1 Evacuation Pause) (mixed) 399M->331M(1024M), 0.0041143 secs]
2020-10-27T20:54:38.197+0800: 1.454: [GC pause (G1 Evacuation Pause) (mixed) 389M->317M(1024M), 0.0041393 secs]
2020-10-27T20:54:38.221+0800: 1.478: [GC pause (G1 Evacuation Pause) (mixed) 372M->321M(1024M), 0.0037045 secs]
2020-10-27T20:54:38.254+0800: 1.511: [GC pause (G1 Evacuation Pause) (young) 386M->340M(1024M), 0.0035980 secs]
2020-10-27T20:54:38.275+0800: 1.532: [GC pause (G1 Evacuation Pause) (young) 411M->353M(1024M), 0.0044245 secs]
2020-10-27T20:54:38.297+0800: 1.554: [GC pause (G1 Evacuation Pause) (young) 412M->365M(1024M), 0.0038458 secs]
2020-10-27T20:54:38.321+0800: 1.578: [GC pause (G1 Evacuation Pause) (young) 445M->381M(1024M), 0.0041139 secs]
2020-10-27T20:54:38.343+0800: 1.601: [GC pause (G1 Evacuation Pause) (young) 434M->396M(1024M), 0.0036241 secs]
2020-10-27T20:54:38.362+0800: 1.620: [GC pause (G1 Evacuation Pause) (young) 449M->406M(1024M), 0.0031333 secs]
2020-10-27T20:54:38.378+0800: 1.635: [GC pause (G1 Evacuation Pause) (young) 459M->421M(1024M), 0.0032892 secs]
2020-10-27T20:54:38.386+0800: 1.644: [GC pause (G1 Humongous Allocation) (young) (initial-mark) 454M->428M(1024M), 0.0028263 secs]
2020-10-27T20:54:38.389+0800: 1.646: [GC concurrent-root-region-scan-start]
2020-10-27T20:54:38.389+0800: 1.646: [GC concurrent-root-region-scan-end, 0.0000665 secs]
2020-10-27T20:54:38.389+0800: 1.646: [GC concurrent-mark-start]
2020-10-27T20:54:38.391+0800: 1.649: [GC concurrent-mark-end, 0.0024927 secs]
2020-10-27T20:54:38.391+0800: 1.649: [GC remark, 0.0009516 secs]
2020-10-27T20:54:38.392+0800: 1.650: [GC cleanup 434M->368M(1024M), 0.0004465 secs]
2020-10-27T20:54:38.393+0800: 1.651: [GC concurrent-cleanup-start]
2020-10-27T20:54:38.393+0800: 1.651: [GC concurrent-cleanup-end, 0.0000354 secs]
2020-10-27T20:54:38.406+0800: 1.664: [GC pause (G1 Evacuation Pause) (young) 427M->380M(1024M), 0.0033514 secs]
2020-10-27T20:54:38.425+0800: 1.682: [GC pause (G1 Evacuation Pause) (mixed) 436M->358M(1024M), 0.0035881 secs]
2020-10-27T20:54:38.444+0800: 1.701: [GC pause (G1 Evacuation Pause) (mixed) 418M->345M(1024M), 0.0045573 secs]
2020-10-27T20:54:38.465+0800: 1.722: [GC pause (G1 Evacuation Pause) (mixed) 398M->326M(1024M), 0.0040135 secs]
2020-10-27T20:54:38.480+0800: 1.737: [GC pause (G1 Evacuation Pause) (mixed) 380M->311M(1024M), 0.0040918 secs]
2020-10-27T20:54:38.499+0800: 1.757: [GC pause (G1 Evacuation Pause) (mixed) 364M->313M(1024M), 0.0035367 secs]
2020-10-27T20:54:38.520+0800: 1.777: [GC pause (G1 Evacuation Pause) (young) 398M->333M(1024M), 0.0043059 secs]
2020-10-27T20:54:38.544+0800: 1.801: [GC pause (G1 Evacuation Pause) (young) 390M->344M(1024M), 0.0034915 secs]
2020-10-27T20:54:38.562+0800: 1.820: [GC pause (G1 Evacuation Pause) (young) 406M->362M(1024M), 0.0034108 secs]
2020-10-27T20:54:38.582+0800: 1.839: [GC pause (G1 Evacuation Pause) (young) 437M->378M(1024M), 0.0040994 secs]
2020-10-27T20:54:38.604+0800: 1.861: [GC pause (G1 Evacuation Pause) (young) 435M->391M(1024M), 0.0034697 secs]
2020-10-27T20:54:38.627+0800: 1.884: [GC pause (G1 Evacuation Pause) (young) 476M->416M(1024M), 0.0045485 secs]
2020-10-27T20:54:38.642+0800: 1.899: [GC pause (G1 Humongous Allocation) (young) (initial-mark) 472M->425M(1024M), 0.0032687 secs]
2020-10-27T20:54:38.645+0800: 1.902: [GC concurrent-root-region-scan-start]
2020-10-27T20:54:38.645+0800: 1.902: [GC concurrent-root-region-scan-end, 0.0001186 secs]
2020-10-27T20:54:38.645+0800: 1.902: [GC concurrent-mark-start]
2020-10-27T20:54:38.648+0800: 1.905: [GC concurrent-mark-end, 0.0026702 secs]
2020-10-27T20:54:38.648+0800: 1.905: [GC remark, 0.0011843 secs]
2020-10-27T20:54:38.649+0800: 1.906: [GC cleanup 442M->382M(1024M), 0.0005302 secs]
2020-10-27T20:54:38.650+0800: 1.907: [GC concurrent-cleanup-start]
2020-10-27T20:54:38.650+0800: 1.907: [GC concurrent-cleanup-end, 0.0000305 secs]
2020-10-27T20:54:38.664+0800: 1.921: [GC pause (G1 Evacuation Pause) (young) 447M->383M(1024M), 0.0039866 secs]
2020-10-27T20:54:38.684+0800: 1.941: [GC pause (G1 Evacuation Pause) (mixed) 432M->341M(1024M), 0.0039577 secs]
2020-10-27T20:54:38.707+0800: 1.965: [GC pause (G1 Evacuation Pause) (mixed) 396M->321M(1024M), 0.0037806 secs]
2020-10-27T20:54:38.721+0800: 1.979: [GC pause (G1 Evacuation Pause) (mixed) 376M->309M(1024M), 0.0041128 secs]
2020-10-27T20:54:38.733+0800: 1.991: [GC pause (G1 Evacuation Pause) (mixed) 357M->298M(1024M), 0.0032159 secs]
2020-10-27T20:54:38.752+0800: 2.010: [GC pause (G1 Evacuation Pause) (young) 387M->322M(1024M), 0.0040668 secs]
2020-10-27T20:54:38.771+0800: 2.029: [GC pause (G1 Evacuation Pause) (young) 372M->332M(1024M), 0.0034932 secs]
2020-10-27T20:54:38.799+0800: 2.056: [GC pause (G1 Evacuation Pause) (young) 402M->348M(1024M), 0.0037184 secs]
2020-10-27T20:54:38.823+0800: 2.081: [GC pause (G1 Evacuation Pause) (young) 429M->368M(1024M), 0.0044750 secs]
2020-10-27T20:54:38.846+0800: 2.104: [GC pause (G1 Evacuation Pause) (young) 437M->381M(1024M), 0.0045009 secs]
2020-10-27T20:54:38.868+0800: 2.126: [GC pause (G1 Evacuation Pause) (young) 455M->401M(1024M), 0.0045822 secs]
2020-10-27T20:54:38.899+0800: 2.156: [GC pause (G1 Evacuation Pause) (young) 487M->425M(1024M), 0.0047652 secs]
2020-10-27T20:54:38.918+0800: 2.175: [GC pause (G1 Humongous Allocation) (young) (initial-mark) 471M->440M(1024M), 0.0036194 secs]
2020-10-27T20:54:38.922+0800: 2.179: [GC concurrent-root-region-scan-start]
2020-10-27T20:54:38.922+0800: 2.179: [GC concurrent-root-region-scan-end, 0.0001029 secs]
2020-10-27T20:54:38.922+0800: 2.179: [GC concurrent-mark-start]
2020-10-27T20:54:38.924+0800: 2.182: [GC concurrent-mark-end, 0.0026767 secs]
2020-10-27T20:54:38.924+0800: 2.182: [GC remark, 0.0009911 secs]
2020-10-27T20:54:38.926+0800: 2.183: [GC cleanup 451M->393M(1024M), 0.0007904 secs]
2020-10-27T20:54:38.926+0800: 2.184: [GC concurrent-cleanup-start]
2020-10-27T20:54:38.926+0800: 2.184: [GC concurrent-cleanup-end, 0.0000357 secs]
2020-10-27T20:54:38.949+0800: 2.206: [GC pause (G1 Evacuation Pause) (young) 480M->406M(1024M), 0.0043468 secs]
2020-10-27T20:54:38.968+0800: 2.225: [GC pause (G1 Evacuation Pause) (mixed) 459M->335M(1024M), 0.0041369 secs]
2020-10-27T20:54:38.992+0800: 2.249: [GC pause (G1 Evacuation Pause) (mixed) 388M->303M(1024M), 0.0043947 secs]
2020-10-27T20:54:39.019+0800: 2.276: [GC pause (G1 Evacuation Pause) (mixed) 362M->306M(1024M), 0.0037729 secs]
2020-10-27T20:54:39.048+0800: 2.305: [GC pause (G1 Evacuation Pause) (young) 383M->325M(1024M), 0.0041156 secs]
2020-10-27T20:54:39.075+0800: 2.332: [GC pause (G1 Evacuation Pause) (young) 382M->331M(1024M), 0.0033727 secs]
2020-10-27T20:54:39.089+0800: 2.347: [GC pause (G1 Evacuation Pause) (young) 404M->343M(1024M), 0.0037880 secs]
2020-10-27T20:54:39.124+0800: 2.382: [GC pause (G1 Evacuation Pause) (young) 421M->358M(1024M), 0.0041148 secs]
2020-10-27T20:54:39.162+0800: 2.419: [GC pause (G1 Evacuation Pause) (young) 453M->376M(1024M), 0.0040951 secs]
2020-10-27T20:54:39.187+0800: 2.444: [GC pause (G1 Evacuation Pause) (young) 437M->389M(1024M), 0.0036617 secs]
2020-10-27T20:54:39.207+0800: 2.465: [GC pause (G1 Evacuation Pause) (young) 469M->407M(1024M), 0.0046936 secs]
2020-10-27T20:54:39.231+0800: 2.488: [GC pause (G1 Evacuation Pause) (young) 478M->424M(1024M), 0.0038207 secs]
2020-10-27T20:54:39.250+0800: 2.508: [GC pause (G1 Humongous Allocation) (young) (initial-mark) 466M->428M(1024M), 0.0028459 secs]
2020-10-27T20:54:39.253+0800: 2.511: [GC concurrent-root-region-scan-start]
2020-10-27T20:54:39.253+0800: 2.511: [GC concurrent-root-region-scan-end, 0.0001417 secs]
2020-10-27T20:54:39.253+0800: 2.511: [GC concurrent-mark-start]
2020-10-27T20:54:39.256+0800: 2.513: [GC concurrent-mark-end, 0.0025569 secs]
2020-10-27T20:54:39.256+0800: 2.513: [GC remark, 0.0011544 secs]
2020-10-27T20:54:39.257+0800: 2.515: [GC cleanup 436M->360M(1024M), 0.0007776 secs]
2020-10-27T20:54:39.258+0800: 2.516: [GC concurrent-cleanup-start]
2020-10-27T20:54:39.258+0800: 2.516: [GC concurrent-cleanup-end, 0.0000402 secs]
2020-10-27T20:54:39.283+0800: 2.540: [GC pause (G1 Evacuation Pause) (young) 435M->374M(1024M), 0.0043886 secs]
2020-10-27T20:54:39.301+0800: 2.559: [GC pause (G1 Evacuation Pause) (mixed) 425M->354M(1024M), 0.0035877 secs]
2020-10-27T20:54:39.316+0800: 2.573: [GC pause (G1 Evacuation Pause) (mixed) 411M->331M(1024M), 0.0043024 secs]
2020-10-27T20:54:39.333+0800: 2.590: [GC pause (G1 Evacuation Pause) (mixed) 389M->299M(1024M), 0.0043308 secs]
2020-10-27T20:54:39.353+0800: 2.610: [GC pause (G1 Evacuation Pause) (mixed) 353M->296M(1024M), 0.0036794 secs]
2020-10-27T20:54:39.376+0800: 2.633: [GC pause (G1 Evacuation Pause) (young) 372M->314M(1024M), 0.0039380 secs]
2020-10-27T20:54:39.394+0800: 2.651: [GC pause (G1 Evacuation Pause) (young) 386M->330M(1024M), 0.0038152 secs]
2020-10-27T20:54:39.416+0800: 2.673: [GC pause (G1 Evacuation Pause) (young) 405M->341M(1024M), 0.0036086 secs]
2020-10-27T20:54:39.432+0800: 2.689: [GC pause (G1 Evacuation Pause) (young) 399M->355M(1024M), 0.0038100 secs]
2020-10-27T20:54:39.448+0800: 2.705: [GC pause (G1 Evacuation Pause) (young) 417M->374M(1024M), 0.0036091 secs]
2020-10-27T20:54:39.483+0800: 2.741: [GC pause (G1 Evacuation Pause) (young) 455M->394M(1024M), 0.0041465 secs]
2020-10-27T20:54:39.504+0800: 2.762: [GC pause (G1 Evacuation Pause) (young) 451M->404M(1024M), 0.0032368 secs]
2020-10-27T20:54:39.518+0800: 2.776: [GC pause (G1 Evacuation Pause) (young) 456M->420M(1024M), 0.0033705 secs]
2020-10-27T20:54:39.532+0800: 2.790: [GC pause (G1 Humongous Allocation) (young) (initial-mark) 449M->427M(1024M), 0.0027011 secs]
2020-10-27T20:54:39.535+0800: 2.792: [GC concurrent-root-region-scan-start]
2020-10-27T20:54:39.535+0800: 2.792: [GC concurrent-root-region-scan-end, 0.0001115 secs]
2020-10-27T20:54:39.535+0800: 2.792: [GC concurrent-mark-start]
2020-10-27T20:54:39.537+0800: 2.795: [GC concurrent-mark-end, 0.0025890 secs]
2020-10-27T20:54:39.537+0800: 2.795: [GC remark, 0.0010362 secs]
2020-10-27T20:54:39.539+0800: 2.796: [GC cleanup 440M->381M(1024M), 0.0005809 secs]
2020-10-27T20:54:39.539+0800: 2.797: [GC concurrent-cleanup-start]
2020-10-27T20:54:39.539+0800: 2.797: [GC concurrent-cleanup-end, 0.0000352 secs]
2020-10-27T20:54:39.559+0800: 2.817: [GC pause (G1 Evacuation Pause) (young) 453M->390M(1024M), 0.0043046 secs]
2020-10-27T20:54:39.579+0800: 2.837: [GC pause (G1 Evacuation Pause) (mixed) 436M->315M(1024M), 0.0038936 secs]
2020-10-27T20:54:39.598+0800: 2.856: [GC pause (G1 Evacuation Pause) (mixed) 365M->285M(1024M), 0.0040606 secs]
2020-10-27T20:54:39.619+0800: 2.876: [GC pause (G1 Evacuation Pause) (mixed) 342M->291M(1024M), 0.0041906 secs]
2020-10-27T20:54:39.648+0800: 2.905: [GC pause (G1 Evacuation Pause) (young) 368M->313M(1024M), 0.0040807 secs]
2020-10-27T20:54:39.669+0800: 2.926: [GC pause (G1 Evacuation Pause) (young) 374M->327M(1024M), 0.0040670 secs]
2020-10-27T20:54:39.693+0800: 2.951: [GC pause (G1 Evacuation Pause) (young) 409M->340M(1024M), 0.0043771 secs]
2020-10-27T20:54:39.707+0800: 2.964: [GC pause (G1 Evacuation Pause) (young) 392M->349M(1024M), 0.0037051 secs]
2020-10-27T20:54:39.723+0800: 2.980: [GC pause (G1 Evacuation Pause) (young) 406M->367M(1024M), 0.0033187 secs]
2020-10-27T20:54:39.742+0800: 3.000: [GC pause (G1 Evacuation Pause) (young) 443M->385M(1024M), 0.0040070 secs]
2020-10-27T20:54:39.769+0800: 3.027: [GC pause (G1 Evacuation Pause) (young) 448M->399M(1024M), 0.0039812 secs]
2020-10-27T20:54:39.791+0800: 3.048: [GC pause (G1 Evacuation Pause) (young) 468M->416M(1024M), 0.0033700 secs]
2020-10-27T20:54:39.819+0800: 3.077: [GC pause (G1 Evacuation Pause) (young) 499M->439M(1024M), 0.0038916 secs]
2020-10-27T20:54:39.825+0800: 3.083: [GC pause (G1 Humongous Allocation) (young) (initial-mark) 452M->443M(1024M), 0.0020176 secs]
2020-10-27T20:54:39.827+0800: 3.085: [GC concurrent-root-region-scan-start]
2020-10-27T20:54:39.827+0800: 3.085: [GC concurrent-root-region-scan-end, 0.0000607 secs]
2020-10-27T20:54:39.827+0800: 3.085: [GC concurrent-mark-start]
2020-10-27T20:54:39.829+0800: 3.087: [GC concurrent-mark-end, 0.0026888 secs]
2020-10-27T20:54:39.830+0800: 3.088: [GC remark, 0.0011803 secs]
2020-10-27T20:54:39.831+0800: 3.089: [GC cleanup 450M->379M(1024M), 0.0005371 secs]
2020-10-27T20:54:39.831+0800: 3.089: [GC concurrent-cleanup-start]
2020-10-27T20:54:39.832+0800: 3.089: [GC concurrent-cleanup-end, 0.0000812 secs]
2020-10-27T20:54:39.881+0800: 3.139: [GC pause (G1 Evacuation Pause) (young) 509M->404M(1024M), 0.0047666 secs]
2020-10-27T20:54:39.895+0800: 3.153: [GC pause (G1 Evacuation Pause) (mixed) 444M->379M(1024M), 0.0036849 secs]
2020-10-27T20:54:39.916+0800: 3.174: [GC pause (G1 Evacuation Pause) (mixed) 433M->359M(1024M), 0.0038366 secs]
2020-10-27T20:54:39.937+0800: 3.195: [GC pause (G1 Evacuation Pause) (mixed) 415M->346M(1024M), 0.0041951 secs]
2020-10-27T20:54:39.957+0800: 3.215: [GC pause (G1 Evacuation Pause) (mixed) 403M->331M(1024M), 0.0042033 secs]
2020-10-27T20:54:39.979+0800: 3.237: [GC pause (G1 Evacuation Pause) (mixed) 381M->335M(1024M), 0.0039185 secs]
2020-10-27T20:54:40.010+0800: 3.267: [GC pause (G1 Evacuation Pause) (young) 393M->348M(1024M), 0.0041811 secs]
2020-10-27T20:54:40.032+0800: 3.290: [GC pause (G1 Evacuation Pause) (young) 405M->365M(1024M), 0.0045864 secs]
2020-10-27T20:54:40.067+0800: 3.324: [GC pause (G1 Evacuation Pause) (young) 420M->374M(1024M), 0.0049535 secs]
2020-10-27T20:54:40.134+0800: 3.391: [GC pause (G1 Evacuation Pause) (young) 430M->385M(1024M), 0.0058687 secs]
2020-10-27T20:54:40.162+0800: 3.419: [GC pause (G1 Evacuation Pause) (young) 441M->399M(1024M), 0.0030997 secs]
2020-10-27T20:54:40.195+0800: 3.453: [GC pause (G1 Evacuation Pause) (young) 456M->409M(1024M), 0.0032053 secs]
2020-10-27T20:54:40.229+0800: 3.487: [GC pause (G1 Evacuation Pause) (young) 465M->422M(1024M), 0.0068543 secs]
2020-10-27T20:54:40.253+0800: 3.511: [GC pause (G1 Humongous Allocation) (young) (initial-mark) 461M->427M(1024M), 0.0033747 secs]
2020-10-27T20:54:40.256+0800: 3.514: [GC concurrent-root-region-scan-start]
2020-10-27T20:54:40.256+0800: 3.514: [GC concurrent-root-region-scan-end, 0.0000951 secs]
2020-10-27T20:54:40.256+0800: 3.514: [GC concurrent-mark-start]
2020-10-27T20:54:40.259+0800: 3.517: [GC concurrent-mark-end, 0.0028558 secs]
2020-10-27T20:54:40.259+0800: 3.517: [GC remark, 0.0009039 secs]
2020-10-27T20:54:40.260+0800: 3.518: [GC cleanup 433M->376M(1024M), 0.0004199 secs]
2020-10-27T20:54:40.261+0800: 3.519: [GC concurrent-cleanup-start]
2020-10-27T20:54:40.261+0800: 3.519: [GC concurrent-cleanup-end, 0.0000422 secs]
2020-10-27T20:54:40.278+0800: 3.536: [GC pause (G1 Evacuation Pause) (young) 430M->381M(1024M), 0.0042240 secs]
2020-10-27T20:54:40.300+0800: 3.558: [GC pause (G1 Evacuation Pause) (mixed) 434M->357M(1024M), 0.0055147 secs]
2020-10-27T20:54:40.320+0800: 3.577: [GC pause (G1 Evacuation Pause) (mixed) 410M->341M(1024M), 0.0047838 secs]
2020-10-27T20:54:40.344+0800: 3.601: [GC pause (G1 Evacuation Pause) (mixed) 392M->324M(1024M), 0.0042832 secs]
2020-10-27T20:54:40.365+0800: 3.622: [GC pause (G1 Evacuation Pause) (mixed) 380M->312M(1024M), 0.0045053 secs]
2020-10-27T20:54:40.393+0800: 3.650: [GC pause (G1 Evacuation Pause) (mixed) 369M->314M(1024M), 0.0035648 secs]
2020-10-27T20:54:40.416+0800: 3.673: [GC pause (G1 Evacuation Pause) (young) 369M->326M(1024M), 0.0035960 secs]
2020-10-27T20:54:40.437+0800: 3.694: [GC pause (G1 Evacuation Pause) (young) 381M->337M(1024M), 0.0037500 secs]
2020-10-27T20:54:40.455+0800: 3.712: [GC pause (G1 Evacuation Pause) (young) 402M->352M(1024M), 0.0033423 secs]
2020-10-27T20:54:40.477+0800: 3.734: [GC pause (G1 Evacuation Pause) (young) 429M->372M(1024M), 0.0045572 secs]
2020-10-27T20:54:40.503+0800: 3.760: [GC pause (G1 Evacuation Pause) (young) 443M->391M(1024M), 0.0037648 secs]
2020-10-27T20:54:40.535+0800: 3.792: [GC pause (G1 Evacuation Pause) (young) 478M->413M(1024M), 0.0039835 secs]
2020-10-27T20:54:40.560+0800: 3.817: [GC pause (G1 Humongous Allocation) (young) (initial-mark) 485M->431M(1024M), 0.0041336 secs]
2020-10-27T20:54:40.565+0800: 3.822: [GC concurrent-root-region-scan-start]
2020-10-27T20:54:40.565+0800: 3.822: [GC concurrent-root-region-scan-end, 0.0000896 secs]
2020-10-27T20:54:40.565+0800: 3.822: [GC concurrent-mark-start]
2020-10-27T20:54:40.567+0800: 3.825: [GC concurrent-mark-end, 0.0029356 secs]
2020-10-27T20:54:40.567+0800: 3.825: [GC remark, 0.0012523 secs]
2020-10-27T20:54:40.568+0800: 3.826: [GC cleanup 449M->386M(1024M), 0.0005714 secs]
2020-10-27T20:54:40.569+0800: 3.827: [GC concurrent-cleanup-start]
2020-10-27T20:54:40.569+0800: 3.827: [GC concurrent-cleanup-end, 0.0000389 secs]
2020-10-27T20:54:40.584+0800: 3.842: [GC pause (G1 Evacuation Pause) (young) 452M->387M(1024M), 0.0043184 secs]
2020-10-27T20:54:40.601+0800: 3.859: [GC pause (G1 Evacuation Pause) (mixed) 434M->308M(1024M), 0.0047616 secs]
2020-10-27T20:54:40.622+0800: 3.879: [GC pause (G1 Evacuation Pause) (mixed) 363M->283M(1024M), 0.0060686 secs]
2020-10-27T20:54:40.639+0800: 3.897: [GC pause (G1 Evacuation Pause) (young) 336M->296M(1024M), 0.0037667 secs]
2020-10-27T20:54:40.672+0800: 3.930: [GC pause (G1 Evacuation Pause) (young) 364M->311M(1024M), 0.0046174 secs]
2020-10-27T20:54:40.688+0800: 3.946: [GC pause (G1 Evacuation Pause) (young) 363M->324M(1024M), 0.0043006 secs]
2020-10-27T20:54:40.713+0800: 3.971: [GC pause (G1 Evacuation Pause) (young) 390M->339M(1024M), 0.0060690 secs]
2020-10-27T20:54:40.735+0800: 3.993: [GC pause (G1 Evacuation Pause) (young) 390M->351M(1024M), 0.0031931 secs]
2020-10-27T20:54:40.758+0800: 4.016: [GC pause (G1 Evacuation Pause) (young) 409M->365M(1024M), 0.0037936 secs]
2020-10-27T20:54:40.781+0800: 4.039: [GC pause (G1 Evacuation Pause) (young) 436M->383M(1024M), 0.0041192 secs]
2020-10-27T20:54:40.811+0800: 4.068: [GC pause (G1 Evacuation Pause) (young) 458M->409M(1024M), 0.0040336 secs]
2020-10-27T20:54:40.833+0800: 4.090: [GC pause (G1 Humongous Allocation) (young) (initial-mark) 473M->421M(1024M), 0.0034037 secs]
2020-10-27T20:54:40.836+0800: 4.094: [GC concurrent-root-region-scan-start]
2020-10-27T20:54:40.836+0800: 4.094: [GC concurrent-root-region-scan-end, 0.0001349 secs]
2020-10-27T20:54:40.836+0800: 4.094: [GC concurrent-mark-start]
2020-10-27T20:54:40.839+0800: 4.096: [GC concurrent-mark-end, 0.0026682 secs]
2020-10-27T20:54:40.839+0800: 4.096: [GC remark, 0.0010935 secs]
2020-10-27T20:54:40.840+0800: 4.098: [GC cleanup 436M->376M(1024M), 0.0004816 secs]
2020-10-27T20:54:40.841+0800: 4.098: [GC concurrent-cleanup-start]
2020-10-27T20:54:40.841+0800: 4.098: [GC concurrent-cleanup-end, 0.0000307 secs]
2020-10-27T20:54:40.852+0800: 4.109: [GC pause (G1 Evacuation Pause) (young) 425M->379M(1024M), 0.0041312 secs]
2020-10-27T20:54:40.866+0800: 4.123: [GC pause (G1 Evacuation Pause) (mixed) 426M->303M(1024M), 0.0045612 secs]
2020-10-27T20:54:40.885+0800: 4.143: [GC pause (G1 Evacuation Pause) (mixed) 361M->284M(1024M), 0.0050694 secs]
2020-10-27T20:54:40.905+0800: 4.162: [GC pause (G1 Evacuation Pause) (mixed) 341M->292M(1024M), 0.0038166 secs]
2020-10-27T20:54:40.931+0800: 4.188: [GC pause (G1 Evacuation Pause) (young) 351M->310M(1024M), 0.0033836 secs]
2020-10-27T20:54:40.946+0800: 4.203: [GC pause (G1 Evacuation Pause) (young) 363M->322M(1024M), 0.0033810 secs]
2020-10-27T20:54:40.967+0800: 4.225: [GC pause (G1 Evacuation Pause) (young) 391M->339M(1024M), 0.0039628 secs]
2020-10-27T20:54:40.999+0800: 4.257: [GC pause (G1 Evacuation Pause) (young) 419M->357M(1024M), 0.0041658 secs]
2020-10-27T20:54:41.022+0800: 4.280: [GC pause (G1 Evacuation Pause) (young) 437M->369M(1024M), 0.0051112 secs]
2020-10-27T20:54:41.037+0800: 4.295: [GC pause (G1 Evacuation Pause) (young) 421M->385M(1024M), 0.0050385 secs]
2020-10-27T20:54:41.059+0800: 4.316: [GC pause (G1 Evacuation Pause) (young) 440M->395M(1024M), 0.0038777 secs]
2020-10-27T20:54:41.079+0800: 4.337: [GC pause (G1 Evacuation Pause) (young) 451M->406M(1024M), 0.0049436 secs]
2020-10-27T20:54:41.097+0800: 4.354: [GC pause (G1 Evacuation Pause) (young) 461M->417M(1024M), 0.0037685 secs]
2020-10-27T20:54:41.113+0800: 4.370: [GC pause (G1 Evacuation Pause) (young) 471M->429M(1024M), 0.0032753 secs]
2020-10-27T20:54:41.130+0800: 4.388: [GC pause (G1 Humongous Allocation) (young) (initial-mark) 472M->437M(1024M), 0.0032016 secs]
2020-10-27T20:54:41.133+0800: 4.391: [GC concurrent-root-region-scan-start]
2020-10-27T20:54:41.134+0800: 4.391: [GC concurrent-root-region-scan-end, 0.0001306 secs]
2020-10-27T20:54:41.134+0800: 4.391: [GC concurrent-mark-start]
2020-10-27T20:54:41.136+0800: 4.394: [GC concurrent-mark-end, 0.0025370 secs]
2020-10-27T20:54:41.136+0800: 4.394: [GC remark, 0.0010782 secs]
2020-10-27T20:54:41.137+0800: 4.395: [GC cleanup 446M->377M(1024M), 0.0006169 secs]
2020-10-27T20:54:41.138+0800: 4.396: [GC concurrent-cleanup-start]
2020-10-27T20:54:41.138+0800: 4.396: [GC concurrent-cleanup-end, 0.0000350 secs]
2020-10-27T20:54:41.152+0800: 4.409: [GC pause (G1 Evacuation Pause) (young) 425M->381M(1024M), 0.0032509 secs]
2020-10-27T20:54:41.170+0800: 4.428: [GC pause (G1 Evacuation Pause) (mixed) 435M->360M(1024M), 0.0033405 secs]
2020-10-27T20:54:41.188+0800: 4.445: [GC pause (G1 Evacuation Pause) (mixed) 416M->342M(1024M), 0.0040199 secs]
2020-10-27T20:54:41.206+0800: 4.463: [GC pause (G1 Evacuation Pause) (mixed) 396M->327M(1024M), 0.0042182 secs]
2020-10-27T20:54:41.224+0800: 4.481: [GC pause (G1 Evacuation Pause) (mixed) 380M->312M(1024M), 0.0040017 secs]
2020-10-27T20:54:41.239+0800: 4.496: [GC pause (G1 Evacuation Pause) (mixed) 367M->312M(1024M), 0.0033564 secs]
2020-10-27T20:54:41.257+0800: 4.514: [GC pause (G1 Evacuation Pause) (young) 372M->328M(1024M), 0.0039368 secs]
2020-10-27T20:54:41.274+0800: 4.531: [GC pause (G1 Evacuation Pause) (young) 402M->348M(1024M), 0.0037069 secs]
2020-10-27T20:54:41.301+0800: 4.558: [GC pause (G1 Evacuation Pause) (young) 424M->364M(1024M), 0.0040061 secs]
2020-10-27T20:54:41.339+0800: 4.597: [GC pause (G1 Evacuation Pause) (young) 449M->380M(1024M), 0.0048803 secs]
2020-10-27T20:54:41.359+0800: 4.617: [GC pause (G1 Evacuation Pause) (young) 434M->397M(1024M), 0.0043453 secs]
2020-10-27T20:54:41.382+0800: 4.640: [GC pause (G1 Evacuation Pause) (young) 451M->401M(1024M), 0.0043297 secs]
2020-10-27T20:54:41.401+0800: 4.659: [GC pause (G1 Evacuation Pause) (young) 455M->409M(1024M), 0.0033195 secs]
2020-10-27T20:54:41.420+0800: 4.677: [GC pause (G1 Evacuation Pause) (young) 463M->425M(1024M), 0.0037370 secs]
2020-10-27T20:54:41.434+0800: 4.692: [GC pause (G1 Humongous Allocation) (young) (initial-mark) 458M->432M(1024M), 0.0025080 secs]
2020-10-27T20:54:41.436+0800: 4.694: [GC concurrent-root-region-scan-start]
2020-10-27T20:54:41.437+0800: 4.694: [GC concurrent-root-region-scan-end, 0.0000800 secs]
2020-10-27T20:54:41.437+0800: 4.694: [GC concurrent-mark-start]
2020-10-27T20:54:41.439+0800: 4.697: [GC concurrent-mark-end, 0.0027115 secs]
2020-10-27T20:54:41.439+0800: 4.697: [GC remark, 0.0010676 secs]
2020-10-27T20:54:41.441+0800: 4.698: [GC cleanup 442M->374M(1024M), 0.0005757 secs]
2020-10-27T20:54:41.441+0800: 4.699: [GC concurrent-cleanup-start]
2020-10-27T20:54:41.441+0800: 4.699: [GC concurrent-cleanup-end, 0.0000349 secs]
2020-10-27T20:54:41.455+0800: 4.713: [GC pause (G1 Evacuation Pause) (young) 419M->382M(1024M), 0.0035091 secs]
2020-10-27T20:54:41.483+0800: 4.740: [GC pause (G1 Evacuation Pause) (mixed) 434M->360M(1024M), 0.0034752 secs]
2020-10-27T20:54:41.496+0800: 4.753: [GC pause (G1 Evacuation Pause) (mixed) 412M->337M(1024M), 0.0035370 secs]
2020-10-27T20:54:41.517+0800: 4.774: [GC pause (G1 Evacuation Pause) (mixed) 395M->322M(1024M), 0.0042567 secs]
2020-10-27T20:54:41.547+0800: 4.805: [GC pause (G1 Evacuation Pause) (mixed) 378M->308M(1024M), 0.0043723 secs]
2020-10-27T20:54:41.567+0800: 4.824: [GC pause (G1 Evacuation Pause) (mixed) 365M->312M(1024M), 0.0036600 secs]
2020-10-27T20:54:41.590+0800: 4.847: [GC pause (G1 Evacuation Pause) (young) 370M->324M(1024M), 0.0035138 secs]
2020-10-27T20:54:41.615+0800: 4.872: [GC pause (G1 Evacuation Pause) (young) 381M->340M(1024M), 0.0033469 secs]
2020-10-27T20:54:41.634+0800: 4.891: [GC pause (G1 Evacuation Pause) (young) 416M->355M(1024M), 0.0038201 secs]
2020-10-27T20:54:41.658+0800: 4.915: [GC pause (G1 Evacuation Pause) (young) 407M->367M(1024M), 0.0041876 secs]
2020-10-27T20:54:41.673+0800: 4.930: [GC pause (G1 Evacuation Pause) (young) 422M->377M(1024M), 0.0047391 secs]
2020-10-27T20:54:41.688+0800: 4.946: [GC pause (G1 Evacuation Pause) (young) 433M->387M(1024M), 0.0042757 secs]
2020-10-27T20:54:41.701+0800: 4.959: [GC pause (G1 Evacuation Pause) (young) 444M->400M(1024M), 0.0041778 secs]
2020-10-27T20:54:41.715+0800: 4.973: [GC pause (G1 Evacuation Pause) (young) 454M->413M(1024M), 0.0038019 secs]
2020-10-27T20:54:41.732+0800: 4.990: [GC pause (G1 Evacuation Pause) (young) 466M->424M(1024M), 0.0043257 secs]
2020-10-27T20:54:41.743+0800: 5.001: [GC pause (G1 Humongous Allocation) (young) (initial-mark) 452M->430M(1024M), 0.0027559 secs]
2020-10-27T20:54:41.746+0800: 5.003: [GC concurrent-root-region-scan-start]
2020-10-27T20:54:41.746+0800: 5.004: [GC concurrent-root-region-scan-end, 0.0001313 secs]
2020-10-27T20:54:41.746+0800: 5.004: [GC concurrent-mark-start]
2020-10-27T20:54:41.749+0800: 5.007: [GC concurrent-mark-end, 0.0028660 secs]
2020-10-27T20:54:41.749+0800: 5.007: [GC remark, 0.0011403 secs]
2020-10-27T20:54:41.750+0800: 5.008: [GC cleanup 438M->375M(1024M), 0.0004720 secs]
2020-10-27T20:54:41.751+0800: 5.008: [GC concurrent-cleanup-start]
2020-10-27T20:54:41.751+0800: 5.008: [GC concurrent-cleanup-end, 0.0000345 secs]
2020-10-27T20:54:41.762+0800: 5.020: [GC pause (G1 Evacuation Pause) (young) 427M->387M(1024M), 0.0038193 secs]
2020-10-27T20:54:41.779+0800: 5.037: [GC pause (G1 Evacuation Pause) (mixed) 442M->362M(1024M), 0.0034981 secs]
2020-10-27T20:54:41.798+0800: 5.056: [GC pause (G1 Evacuation Pause) (mixed) 421M->346M(1024M), 0.0036957 secs]
2020-10-27T20:54:41.817+0800: 5.074: [GC pause (G1 Evacuation Pause) (mixed) 403M->330M(1024M), 0.0041130 secs]
2020-10-27T20:54:41.841+0800: 5.099: [GC pause (G1 Evacuation Pause) (mixed) 393M->318M(1024M), 0.0040451 secs]
2020-10-27T20:54:41.868+0800: 5.125: [GC pause (G1 Evacuation Pause) (mixed) 377M->320M(1024M), 0.0037226 secs]
2020-10-27T20:54:41.888+0800: 5.146: [GC pause (G1 Evacuation Pause) (young) 373M->332M(1024M), 0.0032460 secs]
2020-10-27T20:54:41.903+0800: 5.160: [GC pause (G1 Evacuation Pause) (young) 385M->344M(1024M), 0.0031667 secs]
2020-10-27T20:54:41.919+0800: 5.176: [GC pause (G1 Evacuation Pause) (young) 397M->356M(1024M), 0.0033634 secs]
2020-10-27T20:54:41.946+0800: 5.203: [GC pause (G1 Evacuation Pause) (young) 412M->365M(1024M), 0.0039123 secs]
2020-10-27T20:54:41.962+0800: 5.219: [GC pause (G1 Evacuation Pause) (young) 422M->380M(1024M), 0.0038698 secs]
2020-10-27T20:54:41.981+0800: 5.238: [GC pause (G1 Evacuation Pause) (young) 435M->394M(1024M), 0.0036203 secs]
2020-10-27T20:54:42.002+0800: 5.260: [GC pause (G1 Evacuation Pause) (young) 449M->405M(1024M), 0.0033537 secs]
2020-10-27T20:54:42.020+0800: 5.277: [GC pause (G1 Evacuation Pause) (young) 460M->418M(1024M), 0.0036461 secs]
2020-10-27T20:54:42.035+0800: 5.292: [GC pause (G1 Evacuation Pause) (young) 474M->431M(1024M), 0.0041409 secs]
2020-10-27T20:54:42.042+0800: 5.299: [GC pause (G1 Humongous Allocation) (young) (initial-mark) 444M->435M(1024M), 0.0027251 secs]
2020-10-27T20:54:42.045+0800: 5.302: [GC concurrent-root-region-scan-start]
2020-10-27T20:54:42.045+0800: 5.302: [GC concurrent-root-region-scan-end, 0.0001580 secs]
2020-10-27T20:54:42.045+0800: 5.302: [GC concurrent-mark-start]
2020-10-27T20:54:42.048+0800: 5.305: [GC concurrent-mark-end, 0.0028673 secs]
2020-10-27T20:54:42.048+0800: 5.305: [GC remark, 0.0015889 secs]
2020-10-27T20:54:42.049+0800: 5.306: [GC cleanup 448M->363M(1024M), 0.0008025 secs]
2020-10-27T20:54:42.050+0800: 5.307: [GC concurrent-cleanup-start]
2020-10-27T20:54:42.050+0800: 5.307: [GC concurrent-cleanup-end, 0.0001075 secs]
2020-10-27T20:54:42.062+0800: 5.319: [GC pause (G1 Evacuation Pause) (young) 424M->369M(1024M), 0.0036405 secs]
2020-10-27T20:54:42.078+0800: 5.336: [GC pause (G1 Evacuation Pause) (mixed) 421M->344M(1024M), 0.0038699 secs]
2020-10-27T20:54:42.101+0800: 5.358: [GC pause (G1 Evacuation Pause) (mixed) 404M->329M(1024M), 0.0043264 secs]
2020-10-27T20:54:42.119+0800: 5.377: [GC pause (G1 Evacuation Pause) (mixed) 385M->311M(1024M), 0.0040252 secs]
2020-10-27T20:54:42.136+0800: 5.394: [GC pause (G1 Evacuation Pause) (mixed) 364M->297M(1024M), 0.0039630 secs]
2020-10-27T20:54:42.157+0800: 5.415: [GC pause (G1 Evacuation Pause) (mixed) 347M->307M(1024M), 0.0030030 secs]
2020-10-27T20:54:42.184+0800: 5.442: [GC pause (G1 Evacuation Pause) (young) 390M->328M(1024M), 0.0042297 secs]
2020-10-27T20:54:42.209+0800: 5.466: [GC pause (G1 Evacuation Pause) (young) 398M->340M(1024M), 0.0035497 secs]
2020-10-27T20:54:42.237+0800: 5.495: [GC pause (G1 Evacuation Pause) (young) 423M->364M(1024M), 0.0041586 secs]
2020-10-27T20:54:42.265+0800: 5.522: [GC pause (G1 Evacuation Pause) (young) 448M->382M(1024M), 0.0044954 secs]
2020-10-27T20:54:42.293+0800: 5.550: [GC pause (G1 Evacuation Pause) (young) 485M->404M(1024M), 0.0043601 secs]
2020-10-27T20:54:42.308+0800: 5.565: [GC pause (G1 Evacuation Pause) (young) 456M->417M(1024M), 0.0036239 secs]
2020-10-27T20:54:42.326+0800: 5.584: [GC pause (G1 Humongous Allocation) (young) (initial-mark) 468M->426M(1024M), 0.0035046 secs]
2020-10-27T20:54:42.330+0800: 5.587: [GC concurrent-root-region-scan-start]
2020-10-27T20:54:42.330+0800: 5.587: [GC concurrent-root-region-scan-end, 0.0000699 secs]
2020-10-27T20:54:42.330+0800: 5.587: [GC concurrent-mark-start]
2020-10-27T20:54:42.333+0800: 5.590: [GC concurrent-mark-end, 0.0025940 secs]
2020-10-27T20:54:42.333+0800: 5.590: [GC remark, 0.0010449 secs]
2020-10-27T20:54:42.334+0800: 5.591: [GC cleanup 430M->361M(1024M), 0.0006897 secs]
2020-10-27T20:54:42.335+0800: 5.592: [GC concurrent-cleanup-start]
2020-10-27T20:54:42.335+0800: 5.592: [GC concurrent-cleanup-end, 0.0000634 secs]
2020-10-27T20:54:42.348+0800: 5.605: [GC pause (G1 Evacuation Pause) (young) 413M->371M(1024M), 0.0035722 secs]
2020-10-27T20:54:42.361+0800: 5.618: [GC pause (G1 Evacuation Pause) (mixed) 430M->306M(1024M), 0.0044110 secs]
2020-10-27T20:54:42.382+0800: 5.639: [GC pause (G1 Evacuation Pause) (mixed) 361M->279M(1024M), 0.0039620 secs]
2020-10-27T20:54:42.399+0800: 5.656: [GC pause (G1 Evacuation Pause) (mixed) 334M->287M(1024M), 0.0041662 secs]
2020-10-27T20:54:42.418+0800: 5.675: [GC pause (G1 Evacuation Pause) (young) 342M->298M(1024M), 0.0034915 secs]
2020-10-27T20:54:42.430+0800: 5.687: [GC pause (G1 Evacuation Pause) (young) 354M->308M(1024M), 0.0033077 secs]
2020-10-27T20:54:42.452+0800: 5.710: [GC pause (G1 Evacuation Pause) (young) 364M->320M(1024M), 0.0034331 secs]
2020-10-27T20:54:42.468+0800: 5.726: [GC pause (G1 Evacuation Pause) (young) 378M->336M(1024M), 0.0035310 secs]
2020-10-27T20:54:42.494+0800: 5.752: [GC pause (G1 Evacuation Pause) (young) 411M->357M(1024M), 0.0036952 secs]
2020-10-27T20:54:42.518+0800: 5.776: [GC pause (G1 Evacuation Pause) (young) 443M->384M(1024M), 0.0041277 secs]
2020-10-27T20:54:42.546+0800: 5.804: [GC pause (G1 Evacuation Pause) (young) 456M->394M(1024M), 0.0036838 secs]
2020-10-27T20:54:42.571+0800: 5.829: [GC pause (G1 Evacuation Pause) (young) 482M->409M(1024M), 0.0042742 secs]
2020-10-27T20:54:42.600+0800: 5.858: [GC pause (G1 Evacuation Pause) (young) 471M->423M(1024M), 0.0042001 secs]
2020-10-27T20:54:42.617+0800: 5.875: [GC pause (G1 Humongous Allocation) (young) (initial-mark) 482M->436M(1024M), 0.0036694 secs]
2020-10-27T20:54:42.621+0800: 5.879: [GC concurrent-root-region-scan-start]
2020-10-27T20:54:42.621+0800: 5.879: [GC concurrent-root-region-scan-end, 0.0000680 secs]
2020-10-27T20:54:42.621+0800: 5.879: [GC concurrent-mark-start]
2020-10-27T20:54:42.624+0800: 5.881: [GC concurrent-mark-end, 0.0026033 secs]
2020-10-27T20:54:42.624+0800: 5.881: [GC remark, 0.0011300 secs]
2020-10-27T20:54:42.625+0800: 5.883: [GC cleanup 440M->363M(1024M), 0.0007349 secs]
2020-10-27T20:54:42.626+0800: 5.884: [GC concurrent-cleanup-start]
2020-10-27T20:54:42.626+0800: 5.884: [GC concurrent-cleanup-end, 0.0000467 secs]
2020-10-27T20:54:42.653+0800: 5.910: [GC pause (G1 Evacuation Pause) (young) 446M->381M(1024M), 0.0041557 secs]
2020-10-27T20:54:42.673+0800: 5.930: [GC pause (G1 Evacuation Pause) (mixed) 434M->316M(1024M), 0.0042105 secs]
2020-10-27T20:54:42.696+0800: 5.953: [GC pause (G1 Evacuation Pause) (mixed) 373M->290M(1024M), 0.0050504 secs]
2020-10-27T20:54:42.716+0800: 5.973: [GC pause (G1 Evacuation Pause) (mixed) 342M->289M(1024M), 0.0036928 secs]
2020-10-27T20:54:42.741+0800: 5.998: [GC pause (G1 Evacuation Pause) (young) 368M->308M(1024M), 0.0043890 secs]
2020-10-27T20:54:42.761+0800: 6.018: [GC pause (G1 Evacuation Pause) (young) 379M->328M(1024M), 0.0037133 secs]
2020-10-27T20:54:42.782+0800: 6.039: [GC pause (G1 Evacuation Pause) (young) 400M->344M(1024M), 0.0038075 secs]
2020-10-27T20:54:42.797+0800: 6.054: [GC pause (G1 Evacuation Pause) (young) 427M->361M(1024M), 0.0042902 secs]
2020-10-27T20:54:42.818+0800: 6.075: [GC pause (G1 Evacuation Pause) (young) 442M->380M(1024M), 0.0045369 secs]
2020-10-27T20:54:42.842+0800: 6.100: [GC pause (G1 Evacuation Pause) (young) 460M->400M(1024M), 0.0046254 secs]
2020-10-27T20:54:42.871+0800: 6.129: [GC pause (G1 Evacuation Pause) (young) 497M->422M(1024M), 0.0046064 secs]
2020-10-27T20:54:42.886+0800: 6.144: [GC pause (G1 Humongous Allocation) (young) (initial-mark) 465M->432M(1024M), 0.0035612 secs]
2020-10-27T20:54:42.890+0800: 6.148: [GC concurrent-root-region-scan-start]
2020-10-27T20:54:42.890+0800: 6.148: [GC concurrent-root-region-scan-end, 0.0000687 secs]
2020-10-27T20:54:42.890+0800: 6.148: [GC concurrent-mark-start]
2020-10-27T20:54:42.893+0800: 6.150: [GC concurrent-mark-end, 0.0026338 secs]
2020-10-27T20:54:42.893+0800: 6.151: [GC remark, 0.0012518 secs]
2020-10-27T20:54:42.894+0800: 6.152: [GC cleanup 442M->367M(1024M), 0.0008856 secs]
2020-10-27T20:54:42.895+0800: 6.153: [GC concurrent-cleanup-start]
2020-10-27T20:54:42.895+0800: 6.153: [GC concurrent-cleanup-end, 0.0000398 secs]
2020-10-27T20:54:42.924+0800: 6.182: [GC pause (G1 Evacuation Pause) (young) 461M->379M(1024M), 0.0039571 secs]
2020-10-27T20:54:42.935+0800: 6.193: [GC pause (G1 Evacuation Pause) (mixed) 428M->320M(1024M), 0.0047640 secs]
2020-10-27T20:54:42.948+0800: 6.206: [GC pause (G1 Evacuation Pause) (mixed) 374M->282M(1024M), 0.0045578 secs]
2020-10-27T20:54:42.962+0800: 6.220: [GC pause (G1 Evacuation Pause) (mixed) 337M->291M(1024M), 0.0035573 secs]
2020-10-27T20:54:42.994+0800: 6.251: [GC pause (G1 Evacuation Pause) (young) 376M->312M(1024M), 0.0047595 secs]
2020-10-27T20:54:43.016+0800: 6.274: [GC pause (G1 Evacuation Pause) (young) 373M->324M(1024M), 0.0035212 secs]
2020-10-27T20:54:43.033+0800: 6.291: [GC pause (G1 Evacuation Pause) (young) 383M->342M(1024M), 0.0035835 secs]
2020-10-27T20:54:43.049+0800: 6.307: [GC pause (G1 Evacuation Pause) (young) 403M->357M(1024M), 0.0034785 secs]
2020-10-27T20:54:43.070+0800: 6.327: [GC pause (G1 Evacuation Pause) (young) 408M->366M(1024M), 0.0028325 secs]
2020-10-27T20:54:43.098+0800: 6.355: [GC pause (G1 Evacuation Pause) (young) 436M->379M(1024M), 0.0037462 secs]
2020-10-27T20:54:43.112+0800: 6.369: [GC pause (G1 Evacuation Pause) (young) 435M->395M(1024M), 0.0031479 secs]
2020-10-27T20:54:43.127+0800: 6.384: [GC pause (G1 Evacuation Pause) (young) 450M->406M(1024M), 0.0035532 secs]
2020-10-27T20:54:43.158+0800: 6.415: [GC pause (G1 Evacuation Pause) (young) 466M->422M(1024M), 0.0033440 secs]
2020-10-27T20:54:43.174+0800: 6.431: [GC pause (G1 Humongous Allocation) (young) (initial-mark) 466M->431M(1024M), 0.0027725 secs]
2020-10-27T20:54:43.177+0800: 6.434: [GC concurrent-root-region-scan-start]
2020-10-27T20:54:43.177+0800: 6.434: [GC concurrent-root-region-scan-end, 0.0000954 secs]
2020-10-27T20:54:43.177+0800: 6.434: [GC concurrent-mark-start]
2020-10-27T20:54:43.179+0800: 6.436: [GC concurrent-mark-end, 0.0026997 secs]
2020-10-27T20:54:43.180+0800: 6.437: [GC remark, 0.0009684 secs]
2020-10-27T20:54:43.181+0800: 6.438: [GC cleanup 441M->367M(1024M), 0.0004713 secs]
2020-10-27T20:54:43.181+0800: 6.438: [GC concurrent-cleanup-start]
2020-10-27T20:54:43.181+0800: 6.438: [GC concurrent-cleanup-end, 0.0000371 secs]
2020-10-27T20:54:43.208+0800: 6.466: [GC pause (G1 Evacuation Pause) (young) 442M->377M(1024M), 0.0040324 secs]
2020-10-27T20:54:43.242+0800: 6.500: [GC pause (G1 Evacuation Pause) (mixed) 432M->305M(1024M), 0.0045679 secs]
2020-10-27T20:54:43.261+0800: 6.519: [GC pause (G1 Evacuation Pause) (mixed) 363M->288M(1024M), 0.0042059 secs]
2020-10-27T20:54:43.286+0800: 6.544: [GC pause (G1 Evacuation Pause) (mixed) 339M->292M(1024M), 0.0030745 secs]
2020-10-27T20:54:43.323+0800: 6.580: [GC pause (G1 Evacuation Pause) (young) 372M->310M(1024M), 0.0043623 secs]
2020-10-27T20:54:43.350+0800: 6.608: [GC pause (G1 Evacuation Pause) (young) 366M->320M(1024M), 0.0035031 secs]
2020-10-27T20:54:43.381+0800: 6.639: [GC pause (G1 Evacuation Pause) (young) 383M->340M(1024M), 0.0039236 secs]
2020-10-27T20:54:43.403+0800: 6.660: [GC pause (G1 Evacuation Pause) (young) 393M->353M(1024M), 0.0031520 secs]
2020-10-27T20:54:43.424+0800: 6.681: [GC pause (G1 Evacuation Pause) (young) 408M->369M(1024M), 0.0036220 secs]
2020-10-27T20:54:43.446+0800: 6.703: [GC pause (G1 Evacuation Pause) (young) 424M->382M(1024M), 0.0032227 secs]
2020-10-27T20:54:43.465+0800: 6.723: [GC pause (G1 Evacuation Pause) (young) 440M->398M(1024M), 0.0034807 secs]
2020-10-27T20:54:43.480+0800: 6.737: [GC pause (G1 Evacuation Pause) (young) 458M->413M(1024M), 0.0032750 secs]
2020-10-27T20:54:43.492+0800: 6.749: [GC pause (G1 Evacuation Pause) (young) 468M->424M(1024M), 0.0034137 secs]
2020-10-27T20:54:43.497+0800: 6.754: [GC pause (G1 Humongous Allocation) (young) (initial-mark) 446M->429M(1024M), 0.0025446 secs]
2020-10-27T20:54:43.500+0800: 6.757: [GC concurrent-root-region-scan-start]
2020-10-27T20:54:43.500+0800: 6.757: [GC concurrent-root-region-scan-end, 0.0000856 secs]
2020-10-27T20:54:43.500+0800: 6.757: [GC concurrent-mark-start]
2020-10-27T20:54:43.503+0800: 6.760: [GC concurrent-mark-end, 0.0026960 secs]
2020-10-27T20:54:43.503+0800: 6.760: [GC remark, 0.0011600 secs]
2020-10-27T20:54:43.504+0800: 6.761: [GC cleanup 447M->385M(1024M), 0.0005971 secs]
2020-10-27T20:54:43.505+0800: 6.762: [GC concurrent-cleanup-start]
2020-10-27T20:54:43.505+0800: 6.762: [GC concurrent-cleanup-end, 0.0000444 secs]
2020-10-27T20:54:43.524+0800: 6.781: [GC pause (G1 Evacuation Pause) (young) 446M->387M(1024M), 0.0041763 secs]
2020-10-27T20:54:43.538+0800: 6.795: [GC pause (G1 Evacuation Pause) (mixed) 442M->344M(1024M), 0.0040309 secs]
2020-10-27T20:54:43.554+0800: 6.811: [GC pause (G1 Evacuation Pause) (mixed) 399M->327M(1024M), 0.0037767 secs]
2020-10-27T20:54:43.571+0800: 6.828: [GC pause (G1 Evacuation Pause) (mixed) 381M->312M(1024M), 0.0040174 secs]
2020-10-27T20:54:43.590+0800: 6.847: [GC pause (G1 Evacuation Pause) (mixed) 366M->306M(1024M), 0.0040892 secs]
2020-10-27T20:54:43.624+0800: 6.881: [GC pause (G1 Evacuation Pause) (young) 387M->321M(1024M), 0.0034324 secs]
2020-10-27T20:54:43.646+0800: 6.904: [GC pause (G1 Evacuation Pause) (young) 408M->345M(1024M), 0.0050182 secs]
2020-10-27T20:54:43.674+0800: 6.932: [GC pause (G1 Evacuation Pause) (young) 430M->365M(1024M), 0.0042273 secs]
2020-10-27T20:54:43.696+0800: 6.953: [GC pause (G1 Evacuation Pause) (young) 451M->381M(1024M), 0.0041888 secs]
2020-10-27T20:54:43.729+0800: 6.987: [GC pause (G1 Evacuation Pause) (young) 471M->401M(1024M), 0.0043691 secs]
2020-10-27T20:54:43.758+0800: 7.015: [GC pause (G1 Evacuation Pause) (young) 494M->420M(1024M), 0.0044435 secs]
2020-10-27T20:54:43.770+0800: 7.028: [GC pause (G1 Humongous Allocation) (young) (initial-mark) 461M->428M(1024M), 0.0033681 secs]
2020-10-27T20:54:43.774+0800: 7.031: [GC concurrent-root-region-scan-start]
2020-10-27T20:54:43.774+0800: 7.031: [GC concurrent-root-region-scan-end, 0.0000978 secs]
2020-10-27T20:54:43.774+0800: 7.031: [GC concurrent-mark-start]
2020-10-27T20:54:43.776+0800: 7.034: [GC concurrent-mark-end, 0.0025114 secs]
2020-10-27T20:54:43.777+0800: 7.034: [GC remark, 0.0011356 secs]
2020-10-27T20:54:43.778+0800: 7.035: [GC cleanup 439M->369M(1024M), 0.0007261 secs]
2020-10-27T20:54:43.779+0800: 7.036: [GC concurrent-cleanup-start]
2020-10-27T20:54:43.779+0800: 7.036: [GC concurrent-cleanup-end, 0.0000442 secs]
2020-10-27T20:54:43.802+0800: 7.059: [GC pause (G1 Evacuation Pause) (young) 462M->371M(1024M), 0.0041792 secs]
2020-10-27T20:54:43.823+0800: 7.080: [GC pause (G1 Evacuation Pause) (mixed) 429M->355M(1024M), 0.0037578 secs]
2020-10-27T20:54:43.837+0800: 7.094: [GC pause (G1 Evacuation Pause) (mixed) 409M->334M(1024M), 0.0034267 secs]
2020-10-27T20:54:43.851+0800: 7.108: [GC pause (G1 Evacuation Pause) (mixed) 387M->320M(1024M), 0.0035915 secs]
2020-10-27T20:54:43.869+0800: 7.126: [GC pause (G1 Evacuation Pause) (mixed) 375M->308M(1024M), 0.0041060 secs]
2020-10-27T20:54:43.893+0800: 7.150: [GC pause (G1 Evacuation Pause) (mixed) 362M->307M(1024M), 0.0038597 secs]
2020-10-27T20:54:43.906+0800: 7.163: [GC pause (G1 Evacuation Pause) (young) 366M->323M(1024M), 0.0043002 secs]
2020-10-27T20:54:43.933+0800: 7.190: [GC pause (G1 Evacuation Pause) (young) 384M->339M(1024M), 0.0035746 secs]
2020-10-27T20:54:43.951+0800: 7.209: [GC pause (G1 Evacuation Pause) (young) 393M->349M(1024M), 0.0032477 secs]
2020-10-27T20:54:43.979+0800: 7.237: [GC pause (G1 Evacuation Pause) (young) 407M->364M(1024M), 0.0035191 secs]
2020-10-27T20:54:44.000+0800: 7.258: [GC pause (G1 Evacuation Pause) (young) 421M->379M(1024M), 0.0036378 secs]
2020-10-27T20:54:44.019+0800: 7.277: [GC pause (G1 Evacuation Pause) (young) 435M->391M(1024M), 0.0032432 secs]
2020-10-27T20:54:44.039+0800: 7.297: [GC pause (G1 Evacuation Pause) (young) 442M->403M(1024M), 0.0035207 secs]
2020-10-27T20:54:44.058+0800: 7.315: [GC pause (G1 Evacuation Pause) (young) 457M->417M(1024M), 0.0039871 secs]
2020-10-27T20:54:44.081+0800: 7.339: [GC pause (G1 Evacuation Pause) (young) 472M->425M(1024M), 0.0031268 secs]
2020-10-27T20:54:44.097+0800: 7.355: [GC pause (G1 Evacuation Pause) (young) 477M->435M(1024M), 0.0032020 secs]
2020-10-27T20:54:44.104+0800: 7.362: [GC pause (G1 Humongous Allocation) (young) (initial-mark) 450M->438M(1024M), 0.0020783 secs]
2020-10-27T20:54:44.106+0800: 7.364: [GC concurrent-root-region-scan-start]
2020-10-27T20:54:44.106+0800: 7.364: [GC concurrent-root-region-scan-end, 0.0000655 secs]
2020-10-27T20:54:44.106+0800: 7.364: [GC concurrent-mark-start]
2020-10-27T20:54:44.109+0800: 7.366: [GC concurrent-mark-end, 0.0026043 secs]
2020-10-27T20:54:44.109+0800: 7.366: [GC remark, 0.0010870 secs]
2020-10-27T20:54:44.110+0800: 7.368: [GC cleanup 441M->370M(1024M), 0.0008770 secs]
2020-10-27T20:54:44.111+0800: 7.369: [GC concurrent-cleanup-start]
2020-10-27T20:54:44.111+0800: 7.369: [GC concurrent-cleanup-end, 0.0000527 secs]
2020-10-27T20:54:44.132+0800: 7.389: [GC pause (G1 Evacuation Pause) (young) 480M->394M(1024M), 0.0048381 secs]
2020-10-27T20:54:44.152+0800: 7.410: [GC pause (G1 Evacuation Pause) (mixed) 448M->326M(1024M), 0.0044851 secs]
2020-10-27T20:54:44.166+0800: 7.423: [GC pause (G1 Evacuation Pause) (mixed) 380M->286M(1024M), 0.0047927 secs]
2020-10-27T20:54:44.184+0800: 7.441: [GC pause (G1 Evacuation Pause) (mixed) 340M->289M(1024M), 0.0035984 secs]
2020-10-27T20:54:44.201+0800: 7.458: [GC pause (G1 Evacuation Pause) (young) 357M->303M(1024M), 0.0036789 secs]
2020-10-27T20:54:44.219+0800: 7.476: [GC pause (G1 Evacuation Pause) (young) 369M->318M(1024M), 0.0032732 secs]
2020-10-27T20:54:44.244+0800: 7.501: [GC pause (G1 Evacuation Pause) (young) 415M->339M(1024M), 0.0045154 secs]
2020-10-27T20:54:44.262+0800: 7.519: [GC pause (G1 Evacuation Pause) (young) 400M->354M(1024M), 0.0035999 secs]
2020-10-27T20:54:44.296+0800: 7.553: [GC pause (G1 Evacuation Pause) (young) 447M->377M(1024M), 0.0041848 secs]
2020-10-27T20:54:44.319+0800: 7.576: [GC pause (G1 Evacuation Pause) (young) 462M->398M(1024M), 0.0041095 secs]
2020-10-27T20:54:44.340+0800: 7.598: [GC pause (G1 Evacuation Pause) (young) 503M->425M(1024M), 0.0050846 secs]
2020-10-27T20:54:44.377+0800: 7.635: [GC pause (G1 Humongous Allocation) (young) (initial-mark) 485M->438M(1024M), 0.0040843 secs]
2020-10-27T20:54:44.381+0800: 7.639: [GC concurrent-root-region-scan-start]
2020-10-27T20:54:44.381+0800: 7.639: [GC concurrent-root-region-scan-end, 0.0000979 secs]
2020-10-27T20:54:44.381+0800: 7.639: [GC concurrent-mark-start]
2020-10-27T20:54:44.384+0800: 7.641: [GC concurrent-mark-end, 0.0025003 secs]
2020-10-27T20:54:44.384+0800: 7.641: [GC remark, 0.0012591 secs]
2020-10-27T20:54:44.385+0800: 7.643: [GC cleanup 446M->360M(1024M), 0.0007425 secs]
2020-10-27T20:54:44.386+0800: 7.644: [GC concurrent-cleanup-start]
2020-10-27T20:54:44.386+0800: 7.644: [GC concurrent-cleanup-end, 0.0000385 secs]
2020-10-27T20:54:44.415+0800: 7.672: [GC pause (G1 Evacuation Pause) (young) 450M->375M(1024M), 0.0043671 secs]
2020-10-27T20:54:44.430+0800: 7.688: [GC pause (G1 Evacuation Pause) (mixed) 426M->358M(1024M), 0.0042082 secs]
2020-10-27T20:54:44.460+0800: 7.718: [GC pause (G1 Evacuation Pause) (mixed) 414M->331M(1024M), 0.0061370 secs]
2020-10-27T20:54:44.483+0800: 7.740: [GC pause (G1 Evacuation Pause) (mixed) 383M->311M(1024M), 0.0038731 secs]
2020-10-27T20:54:44.500+0800: 7.757: [GC pause (G1 Evacuation Pause) (mixed) 366M->304M(1024M), 0.0039482 secs]
2020-10-27T20:54:44.513+0800: 7.771: [GC pause (G1 Evacuation Pause) (young) 364M->318M(1024M), 0.0035639 secs]
2020-10-27T20:54:44.543+0800: 7.800: [GC pause (G1 Evacuation Pause) (young) 394M->338M(1024M), 0.0033829 secs]
2020-10-27T20:54:44.571+0800: 7.829: [GC pause (G1 Evacuation Pause) (young) 414M->357M(1024M), 0.0040209 secs]
2020-10-27T20:54:44.606+0800: 7.863: [GC pause (G1 Evacuation Pause) (young) 443M->375M(1024M), 0.0038133 secs]
2020-10-27T20:54:44.628+0800: 7.885: [GC pause (G1 Evacuation Pause) (young) 430M->384M(1024M), 0.0035286 secs]
2020-10-27T20:54:44.666+0800: 7.923: [GC pause (G1 Evacuation Pause) (young) 466M->400M(1024M), 0.0059297 secs]
2020-10-27T20:54:44.696+0800: 7.953: [GC pause (G1 Evacuation Pause) (young) 464M->416M(1024M), 0.0041067 secs]
2020-10-27T20:54:44.715+0800: 7.973: [GC pause (G1 Humongous Allocation) (young) (initial-mark) 472M->422M(1024M), 0.0032842 secs]
2020-10-27T20:54:44.719+0800: 7.976: [GC concurrent-root-region-scan-start]
2020-10-27T20:54:44.719+0800: 7.976: [GC concurrent-root-region-scan-end, 0.0000678 secs]
2020-10-27T20:54:44.719+0800: 7.976: [GC concurrent-mark-start]
2020-10-27T20:54:44.721+0800: 7.979: [GC concurrent-mark-end, 0.0027707 secs]
2020-10-27T20:54:44.722+0800: 7.979: [GC remark, 0.0010811 secs]
2020-10-27T20:54:44.723+0800: 7.981: [GC cleanup 434M->367M(1024M), 0.0008268 secs]
2020-10-27T20:54:44.724+0800: 7.981: [GC concurrent-cleanup-start]
2020-10-27T20:54:44.724+0800: 7.982: [GC concurrent-cleanup-end, 0.0000352 secs]
2020-10-27T20:54:44.735+0800: 7.993: [GC pause (G1 Evacuation Pause) (young) 407M->367M(1024M), 0.0033456 secs]
2020-10-27T20:54:44.747+0800: 8.005: [GC pause (G1 Evacuation Pause) (mixed) 424M->350M(1024M), 0.0036410 secs]
2020-10-27T20:54:44.765+0800: 8.023: [GC pause (G1 Evacuation Pause) (mixed) 407M->331M(1024M), 0.0038188 secs]
2020-10-27T20:54:44.786+0800: 8.043: [GC pause (G1 Evacuation Pause) (mixed) 386M->320M(1024M), 0.0040957 secs]
2020-10-27T20:54:44.800+0800: 8.058: [GC pause (G1 Evacuation Pause) (mixed) 379M->311M(1024M), 0.0042892 secs]
2020-10-27T20:54:44.818+0800: 8.076: [GC pause (G1 Evacuation Pause) (mixed) 368M->311M(1024M), 0.0037783 secs]
2020-10-27T20:54:44.840+0800: 8.098: [GC pause (G1 Evacuation Pause) (young) 365M->326M(1024M), 0.0034661 secs]
2020-10-27T20:54:44.859+0800: 8.116: [GC pause (G1 Evacuation Pause) (young) 391M->342M(1024M), 0.0036401 secs]
2020-10-27T20:54:44.880+0800: 8.137: [GC pause (G1 Evacuation Pause) (young) 422M->364M(1024M), 0.0043148 secs]
2020-10-27T20:54:44.906+0800: 8.164: [GC pause (G1 Evacuation Pause) (young) 458M->381M(1024M), 0.0046733 secs]
2020-10-27T20:54:44.922+0800: 8.179: [GC pause (G1 Evacuation Pause) (young) 430M->390M(1024M), 0.0034853 secs]
2020-10-27T20:54:44.950+0800: 8.207: [GC pause (G1 Evacuation Pause) (young) 447M->404M(1024M), 0.0036691 secs]
2020-10-27T20:54:44.971+0800: 8.228: [GC pause (G1 Evacuation Pause) (young) 470M->423M(1024M), 0.0039510 secs]
2020-10-27T20:54:44.982+0800: 8.239: [GC pause (G1 Humongous Allocation) (young) (initial-mark) 448M->431M(1024M), 0.0025630 secs]
2020-10-27T20:54:44.985+0800: 8.242: [GC concurrent-root-region-scan-start]
2020-10-27T20:54:44.985+0800: 8.242: [GC concurrent-root-region-scan-end, 0.0000790 secs]
2020-10-27T20:54:44.985+0800: 8.242: [GC concurrent-mark-start]
2020-10-27T20:54:44.988+0800: 8.245: [GC concurrent-mark-end, 0.0031174 secs]
2020-10-27T20:54:44.988+0800: 8.245: [GC remark, 0.0011626 secs]
2020-10-27T20:54:44.989+0800: 8.247: [GC cleanup 456M->399M(1024M), 0.0003938 secs]
2020-10-27T20:54:44.990+0800: 8.247: [GC concurrent-cleanup-start]
2020-10-27T20:54:44.990+0800: 8.247: [GC concurrent-cleanup-end, 0.0000343 secs]
2020-10-27T20:54:45.006+0800: 8.263: [GC pause (G1 Evacuation Pause) (young) 465M->395M(1024M), 0.0039760 secs]
2020-10-27T20:54:45.023+0800: 8.280: [GC pause (G1 Evacuation Pause) (mixed) 445M->374M(1024M), 0.0036874 secs]
2020-10-27T20:54:45.039+0800: 8.296: [GC pause (G1 Evacuation Pause) (mixed) 425M->355M(1024M), 0.0035174 secs]
2020-10-27T20:54:45.055+0800: 8.312: [GC pause (G1 Evacuation Pause) (mixed) 413M->336M(1024M), 0.0040473 secs]
2020-10-27T20:54:45.072+0800: 8.330: [GC pause (G1 Evacuation Pause) (mixed) 392M->319M(1024M), 0.0041286 secs]
2020-10-27T20:54:45.095+0800: 8.352: [GC pause (G1 Evacuation Pause) (mixed) 375M->312M(1024M), 0.0043089 secs]
2020-10-27T20:54:45.114+0800: 8.372: [GC pause (G1 Evacuation Pause) (young) 365M->323M(1024M), 0.0031144 secs]
2020-10-27T20:54:45.128+0800: 8.386: [GC pause (G1 Evacuation Pause) (young) 374M->332M(1024M), 0.0028272 secs]
2020-10-27T20:54:45.156+0800: 8.413: [GC pause (G1 Evacuation Pause) (young) 407M->351M(1024M), 0.0033956 secs]
2020-10-27T20:54:45.168+0800: 8.425: [GC pause (G1 Evacuation Pause) (young) 407M->364M(1024M), 0.0032165 secs]
2020-10-27T20:54:45.179+0800: 8.437: [GC pause (G1 Evacuation Pause) (young) 419M->377M(1024M), 0.0034404 secs]
2020-10-27T20:54:45.197+0800: 8.455: [GC pause (G1 Evacuation Pause) (young) 449M->396M(1024M), 0.0039878 secs]
2020-10-27T20:54:45.217+0800: 8.474: [GC pause (G1 Evacuation Pause) (young) 460M->415M(1024M), 0.0042002 secs]
2020-10-27T20:54:45.234+0800: 8.492: [GC pause (G1 Humongous Allocation) (young) (initial-mark) 466M->431M(1024M), 0.0031064 secs]
2020-10-27T20:54:45.237+0800: 8.495: [GC concurrent-root-region-scan-start]
2020-10-27T20:54:45.238+0800: 8.495: [GC concurrent-root-region-scan-end, 0.0001253 secs]
2020-10-27T20:54:45.238+0800: 8.495: [GC concurrent-mark-start]
2020-10-27T20:54:45.240+0800: 8.498: [GC concurrent-mark-end, 0.0027075 secs]
2020-10-27T20:54:45.240+0800: 8.498: [GC remark, 0.0011093 secs]
2020-10-27T20:54:45.242+0800: 8.499: [GC cleanup 442M->377M(1024M), 0.0008927 secs]
2020-10-27T20:54:45.243+0800: 8.500: [GC concurrent-cleanup-start]
2020-10-27T20:54:45.243+0800: 8.500: [GC concurrent-cleanup-end, 0.0000299 secs]
2020-10-27T20:54:45.262+0800: 8.519: [GC pause (G1 Evacuation Pause) (young) 470M->396M(1024M), 0.0041378 secs]
2020-10-27T20:54:45.279+0800: 8.536: [GC pause (G1 Evacuation Pause) (mixed) 444M->322M(1024M), 0.0047475 secs]
2020-10-27T20:54:45.299+0800: 8.557: [GC pause (G1 Evacuation Pause) (mixed) 373M->284M(1024M), 0.0042282 secs]
2020-10-27T20:54:45.323+0800: 8.580: [GC pause (G1 Evacuation Pause) (young) 343M->297M(1024M), 0.0038820 secs]
2020-10-27T20:54:45.341+0800: 8.598: [GC pause (G1 Evacuation Pause) (young) 352M->313M(1024M), 0.0032362 secs]
2020-10-27T20:54:45.360+0800: 8.618: [GC pause (G1 Evacuation Pause) (young) 368M->329M(1024M), 0.0033996 secs]
2020-10-27T20:54:45.385+0800: 8.642: [GC pause (G1 Evacuation Pause) (young) 404M->347M(1024M), 0.0040947 secs]
2020-10-27T20:54:45.406+0800: 8.663: [GC pause (G1 Evacuation Pause) (young) 415M->362M(1024M), 0.0041148 secs]
2020-10-27T20:54:45.426+0800: 8.683: [GC pause (G1 Evacuation Pause) (young) 434M->383M(1024M), 0.0044199 secs]
2020-10-27T20:54:45.453+0800: 8.710: [GC pause (G1 Evacuation Pause) (young) 461M->401M(1024M), 0.0041290 secs]
2020-10-27T20:54:45.474+0800: 8.731: [GC pause (G1 Evacuation Pause) (young) 470M->415M(1024M), 0.0039369 secs]
2020-10-27T20:54:45.485+0800: 8.743: [GC pause (G1 Humongous Allocation) (young) (initial-mark) 453M->423M(1024M), 0.0031052 secs]
2020-10-27T20:54:45.488+0800: 8.746: [GC concurrent-root-region-scan-start]
2020-10-27T20:54:45.488+0800: 8.746: [GC concurrent-root-region-scan-end, 0.0000959 secs]
2020-10-27T20:54:45.488+0800: 8.746: [GC concurrent-mark-start]
2020-10-27T20:54:45.491+0800: 8.749: [GC concurrent-mark-end, 0.0025959 secs]
2020-10-27T20:54:45.491+0800: 8.749: [GC remark, 0.0010833 secs]
2020-10-27T20:54:45.492+0800: 8.750: [GC cleanup 437M->380M(1024M), 0.0009114 secs]
2020-10-27T20:54:45.493+0800: 8.751: [GC concurrent-cleanup-start]
2020-10-27T20:54:45.493+0800: 8.751: [GC concurrent-cleanup-end, 0.0000298 secs]
2020-10-27T20:54:45.505+0800: 8.763: [GC pause (G1 Evacuation Pause) (young) 443M->385M(1024M), 0.0040851 secs]
2020-10-27T20:54:45.519+0800: 8.777: [GC pause (G1 Evacuation Pause) (mixed) 444M->307M(1024M), 0.0042487 secs]
2020-10-27T20:54:45.532+0800: 8.790: [GC pause (G1 Evacuation Pause) (mixed) 361M->286M(1024M), 0.0046204 secs]
2020-10-27T20:54:45.550+0800: 8.808: [GC pause (G1 Evacuation Pause) (young) 342M->294M(1024M), 0.0033803 secs]
2020-10-27T20:54:45.568+0800: 8.826: [GC pause (G1 Evacuation Pause) (young) 369M->305M(1024M), 0.0037991 secs]
2020-10-27T20:54:45.615+0800: 8.872: [GC pause (G1 Evacuation Pause) (young) 419M->329M(1024M), 0.0048626 secs]
2020-10-27T20:54:45.632+0800: 8.889: [GC pause (G1 Evacuation Pause) (young) 384M->347M(1024M), 0.0035885 secs]
2020-10-27T20:54:45.653+0800: 8.910: [GC pause (G1 Evacuation Pause) (young) 421M->361M(1024M), 0.0032811 secs]
2020-10-27T20:54:45.675+0800: 8.932: [GC pause (G1 Evacuation Pause) (young) 417M->376M(1024M), 0.0037281 secs]
2020-10-27T20:54:45.690+0800: 8.947: [GC pause (G1 Evacuation Pause) (young) 434M->387M(1024M), 0.0039213 secs]
2020-10-27T20:54:45.712+0800: 8.970: [GC pause (G1 Evacuation Pause) (young) 451M->398M(1024M), 0.0036967 secs]
2020-10-27T20:54:45.729+0800: 8.986: [GC pause (G1 Evacuation Pause) (young) 451M->412M(1024M), 0.0034180 secs]
2020-10-27T20:54:45.742+0800: 9.000: [GC pause (G1 Humongous Allocation) (young) (initial-mark) 465M->428M(1024M), 0.0038287 secs]
2020-10-27T20:54:45.746+0800: 9.003: [GC concurrent-root-region-scan-start]
2020-10-27T20:54:45.746+0800: 9.004: [GC concurrent-root-region-scan-end, 0.0001121 secs]
2020-10-27T20:54:45.746+0800: 9.004: [GC concurrent-mark-start]
2020-10-27T20:54:45.749+0800: 9.006: [GC concurrent-mark-end, 0.0028527 secs]
2020-10-27T20:54:45.749+0800: 9.007: [GC remark, 0.0011920 secs]
2020-10-27T20:54:45.751+0800: 9.008: [GC cleanup 444M->386M(1024M), 0.0006791 secs]
2020-10-27T20:54:45.751+0800: 9.009: [GC concurrent-cleanup-start]
2020-10-27T20:54:45.751+0800: 9.009: [GC concurrent-cleanup-end, 0.0000606 secs]
2020-10-27T20:54:45.759+0800: 9.016: [GC pause (G1 Evacuation Pause) (young) 425M->382M(1024M), 0.0040962 secs]
2020-10-27T20:54:45.789+0800: 9.046: [GC pause (G1 Evacuation Pause) (mixed) 438M->368M(1024M), 0.0040335 secs]
2020-10-27T20:54:45.805+0800: 9.063: [GC pause (G1 Evacuation Pause) (mixed) 422M->347M(1024M), 0.0034322 secs]
2020-10-27T20:54:45.825+0800: 9.082: [GC pause (G1 Evacuation Pause) (mixed) 401M->331M(1024M), 0.0041708 secs]
2020-10-27T20:54:45.848+0800: 9.106: [GC pause (G1 Evacuation Pause) (mixed) 383M->312M(1024M), 0.0044750 secs]
2020-10-27T20:54:45.865+0800: 9.123: [GC pause (G1 Evacuation Pause) (mixed) 371M->320M(1024M), 0.0035983 secs]
2020-10-27T20:54:45.885+0800: 9.142: [GC pause (G1 Evacuation Pause) (young) 376M->333M(1024M), 0.0036292 secs]
2020-10-27T20:54:45.906+0800: 9.164: [GC pause (G1 Evacuation Pause) (young) 391M->343M(1024M), 0.0033034 secs]
2020-10-27T20:54:45.921+0800: 9.179: [GC pause (G1 Evacuation Pause) (young) 400M->353M(1024M), 0.0034241 secs]
2020-10-27T20:54:45.942+0800: 9.199: [GC pause (G1 Evacuation Pause) (young) 404M->358M(1024M), 0.0036717 secs]
2020-10-27T20:54:45.966+0800: 9.224: [GC pause (G1 Evacuation Pause) (young) 408M->370M(1024M), 0.0031901 secs]
2020-10-27T20:54:45.984+0800: 9.241: [GC pause (G1 Evacuation Pause) (young) 425M->383M(1024M), 0.0035735 secs]
2020-10-27T20:54:46.000+0800: 9.257: [GC pause (G1 Evacuation Pause) (young) 441M->402M(1024M), 0.0032769 secs]
2020-10-27T20:54:46.029+0800: 9.286: [GC pause (G1 Evacuation Pause) (young) 477M->413M(1024M), 0.0046063 secs]
2020-10-27T20:54:46.049+0800: 9.306: [GC pause (G1 Evacuation Pause) (young) 464M->425M(1024M), 0.0034060 secs]
2020-10-27T20:54:46.065+0800: 9.323: [GC pause (G1 Humongous Allocation) (young) (initial-mark) 477M->434M(1024M), 0.0029385 secs]
2020-10-27T20:54:46.069+0800: 9.326: [GC concurrent-root-region-scan-start]
2020-10-27T20:54:46.069+0800: 9.326: [GC concurrent-root-region-scan-end, 0.0000798 secs]
2020-10-27T20:54:46.069+0800: 9.326: [GC concurrent-mark-start]
2020-10-27T20:54:46.071+0800: 9.328: [GC concurrent-mark-end, 0.0025818 secs]
2020-10-27T20:54:46.071+0800: 9.329: [GC remark, 0.0010459 secs]
2020-10-27T20:54:46.073+0800: 9.330: [GC cleanup 439M->366M(1024M), 0.0006754 secs]
2020-10-27T20:54:46.073+0800: 9.331: [GC concurrent-cleanup-start]
2020-10-27T20:54:46.073+0800: 9.331: [GC concurrent-cleanup-end, 0.0000346 secs]
2020-10-27T20:54:46.097+0800: 9.354: [GC pause (G1 Evacuation Pause) (young) 448M->375M(1024M), 0.0044847 secs]
2020-10-27T20:54:46.122+0800: 9.379: [GC pause (G1 Evacuation Pause) (mixed) 426M->328M(1024M), 0.0039656 secs]
2020-10-27T20:54:46.141+0800: 9.398: [GC pause (G1 Evacuation Pause) (mixed) 386M->311M(1024M), 0.0041232 secs]
2020-10-27T20:54:46.158+0800: 9.415: [GC pause (G1 Evacuation Pause) (mixed) 365M->297M(1024M), 0.0039566 secs]
2020-10-27T20:54:46.180+0800: 9.438: [GC pause (G1 Evacuation Pause) (mixed) 352M->291M(1024M), 0.0042729 secs]
2020-10-27T20:54:46.208+0800: 9.466: [GC pause (G1 Evacuation Pause) (young) 369M->315M(1024M), 0.0043917 secs]
2020-10-27T20:54:46.244+0800: 9.502: [GC pause (G1 Evacuation Pause) (young) 400M->328M(1024M), 0.0045097 secs]
2020-10-27T20:54:46.266+0800: 9.523: [GC pause (G1 Evacuation Pause) (young) 385M->342M(1024M), 0.0038473 secs]
2020-10-27T20:54:46.288+0800: 9.545: [GC pause (G1 Evacuation Pause) (young) 396M->357M(1024M), 0.0037881 secs]
2020-10-27T20:54:46.321+0800: 9.579: [GC pause (G1 Evacuation Pause) (young) 429M->371M(1024M), 0.0043443 secs]
2020-10-27T20:54:46.335+0800: 9.592: [GC pause (G1 Evacuation Pause) (young) 425M->387M(1024M), 0.0035154 secs]
2020-10-27T20:54:46.351+0800: 9.608: [GC pause (G1 Evacuation Pause) (young) 444M->404M(1024M), 0.0034000 secs]
2020-10-27T20:54:46.372+0800: 9.629: [GC pause (G1 Evacuation Pause) (young) 462M->421M(1024M), 0.0033563 secs]
2020-10-27T20:54:46.387+0800: 9.645: [GC pause (G1 Evacuation Pause) (young) 471M->429M(1024M), 0.0033237 secs]
2020-10-27T20:54:46.400+0800: 9.657: [GC pause (G1 Humongous Allocation) (young) (initial-mark) 451M->435M(1024M), 0.0023248 secs]
2020-10-27T20:54:46.402+0800: 9.660: [GC concurrent-root-region-scan-start]
2020-10-27T20:54:46.402+0800: 9.660: [GC concurrent-root-region-scan-end, 0.0001538 secs]
2020-10-27T20:54:46.402+0800: 9.660: [GC concurrent-mark-start]
2020-10-27T20:54:46.405+0800: 9.662: [GC concurrent-mark-end, 0.0027623 secs]
2020-10-27T20:54:46.405+0800: 9.663: [GC remark, 0.0009611 secs]
2020-10-27T20:54:46.406+0800: 9.664: [GC cleanup 444M->383M(1024M), 0.0004094 secs]
2020-10-27T20:54:46.407+0800: 9.664: [GC concurrent-cleanup-start]
2020-10-27T20:54:46.407+0800: 9.664: [GC concurrent-cleanup-end, 0.0000306 secs]
2020-10-27T20:54:46.420+0800: 9.678: [GC pause (G1 Evacuation Pause) (young) 430M->390M(1024M), 0.0033930 secs]
2020-10-27T20:54:46.437+0800: 9.694: [GC pause (G1 Evacuation Pause) (mixed) 440M->318M(1024M), 0.0042681 secs]
2020-10-27T20:54:46.461+0800: 9.718: [GC pause (G1 Evacuation Pause) (mixed) 372M->301M(1024M), 0.0040846 secs]
2020-10-27T20:54:46.482+0800: 9.739: [GC pause (G1 Evacuation Pause) (mixed) 361M->288M(1024M), 0.0044183 secs]
2020-10-27T20:54:46.507+0800: 9.764: [GC pause (G1 Evacuation Pause) (mixed) 349M->301M(1024M), 0.0035677 secs]
2020-10-27T20:54:46.521+0800: 9.778: [GC pause (G1 Evacuation Pause) (young) 370M->318M(1024M), 0.0036258 secs]
2020-10-27T20:54:46.534+0800: 9.791: [GC pause (G1 Evacuation Pause) (young) 376M->328M(1024M), 0.0039613 secs]
2020-10-27T20:54:46.561+0800: 9.819: [GC pause (G1 Evacuation Pause) (young) 405M->347M(1024M), 0.0037503 secs]
2020-10-27T20:54:46.579+0800: 9.837: [GC pause (G1 Evacuation Pause) (young) 426M->363M(1024M), 0.0033724 secs]
2020-10-27T20:54:46.604+0800: 9.862: [GC pause (G1 Evacuation Pause) (young) 415M->378M(1024M), 0.0037683 secs]
2020-10-27T20:54:46.624+0800: 9.881: [GC pause (G1 Evacuation Pause) (young) 445M->396M(1024M), 0.0037938 secs]
2020-10-27T20:54:46.649+0800: 9.907: [GC pause (G1 Evacuation Pause) (young) 462M->412M(1024M), 0.0038501 secs]
2020-10-27T20:54:46.669+0800: 9.927: [GC pause (G1 Humongous Allocation) (young) (initial-mark) 474M->426M(1024M), 0.0036971 secs]
2020-10-27T20:54:46.673+0800: 9.931: [GC concurrent-root-region-scan-start]
2020-10-27T20:54:46.673+0800: 9.931: [GC concurrent-root-region-scan-end, 0.0000687 secs]
2020-10-27T20:54:46.673+0800: 9.931: [GC concurrent-mark-start]
2020-10-27T20:54:46.676+0800: 9.933: [GC concurrent-mark-end, 0.0026671 secs]
2020-10-27T20:54:46.676+0800: 9.934: [GC remark, 0.0010646 secs]
2020-10-27T20:54:46.677+0800: 9.935: [GC cleanup 442M->382M(1024M), 0.0007175 secs]
2020-10-27T20:54:46.678+0800: 9.936: [GC concurrent-cleanup-start]
2020-10-27T20:54:46.678+0800: 9.936: [GC concurrent-cleanup-end, 0.0000315 secs]
2020-10-27T20:54:46.697+0800: 9.955: [GC pause (G1 Evacuation Pause) (young) 447M->382M(1024M), 0.0039146 secs]
2020-10-27T20:54:46.719+0800: 9.977: [GC pause (G1 Evacuation Pause) (mixed) 430M->319M(1024M), 0.0044553 secs]
2020-10-27T20:54:46.757+0800: 10.014: [GC pause (G1 Evacuation Pause) (mixed) 380M->295M(1024M), 0.0054224 secs]
2020-10-27T20:54:46.792+0800: 10.050: [GC pause (G1 Evacuation Pause) (mixed) 353M->297M(1024M), 0.0047646 secs]
2020-10-27T20:54:46.823+0800: 10.080: [GC pause (G1 Evacuation Pause) (young) 370M->310M(1024M), 0.0045501 secs]
2020-10-27T20:54:46.851+0800: 10.108: [GC pause (G1 Evacuation Pause) (young) 412M->337M(1024M), 0.0046637 secs]
